******************************************************************************
            TI ARM Clang Linker PC v4.0.3                      
******************************************************************************
>> Linked Mon Oct 20 17:16:49 2025

OUTPUT FILE NAME:   <empty_awr294x-evm_r5fss0-0_freertos_ti-arm-clang.out>
ENTRY POINT SYMBOL: "_vectors"  address: 00000000


MEMORY CONFIGURATION

         name            origin    length      used     unused   attr    fill
----------------------  --------  ---------  --------  --------  ----  --------
  R5F_VECS              00000000   00000040  00000040  00000000  RWIX
  R5F_TCMA              00000040   00003fc0  00000000  00003fc0  RWIX
  R5F_TCMB              00080000   00004000  00000000  00004000  RWIX
  MSS_L2                10260000   00040000  00038fe8  00007018  RWIX
  USER_SHM_MEM          102e8000   00004000  00000000  00004000  RWIX
  LOG_SHM_MEM           102ec000   00004000  00000000  00004000  RWIX
  MAILBOX_HSM           44000000   000003ce  00000000  000003ce  RWIX
  MAILBOX_R5F           44000400   000003ce  00000000  000003ce  RWIX
  DSS_L3                88000000   00280000  00000000  00280000  RWIX
  RTOS_NORTOS_IPC_SHM_M c5000200   00001d40  000012c0  00000a80  RWIX


SEGMENT ALLOCATION MAP

run origin  load origin   length   init length attrs members
----------  ----------- ---------- ----------- ----- -------
00000000    00000000    00000040   00000040    r-x
  00000000    00000000    00000040   00000040    r-x .vectors
10260000    10260000    0001b470   0001b470    r-x
  10260000    10260000    00017fc0   00017fc0    r-x .text
  10277fc0    10277fc0    000034b0   000034b0    r-- .rodata
1027b480    1027b480    00018100   00000000    rw-
  1027b480    1027b480    0000c100   00000000    rw- .bss
  10287580    10287580    00008000   00000000    rw- .sysmem
  1028f580    1028f580    00004000   00000000    rw- .stack
10293580    10293580    00002e80   00002e80    rw-
  10293580    10293580    00002e80   00002e80    rw- .data
10296400    10296400    000017f8   000017f8    r-x
  10296400    10296400    00000f20   00000f20    r-x .text.hwi
  10297320    10297320    000004a0   000004a0    r-x .text.cache
  102977c0    102977c0    000002c0   000002c0    r-x .text.mpu
  10297a80    10297a80    00000170   00000170    r-x .text.boot
  10297bf0    10297bf0    00000008   00000008    r-x .text:abort
10297bf8    10297bf8    00001400   00000000    rw-
  10297bf8    10297bf8    00000100   00000000    rw- .irqstack
  10297cf8    10297cf8    00000100   00000000    rw- .fiqstack
  10297df8    10297df8    00001000   00000000    rw- .svcstack
  10298df8    10298df8    00000100   00000000    rw- .abortstack
  10298ef8    10298ef8    00000100   00000000    rw- .undefinedstack


SECTION ALLOCATION MAP

 output                                  attributes/
section   page    origin      length       input sections
--------  ----  ----------  ----------   ----------------
.vectors   0    00000000    00000040     
                  00000000    00000040     freertos.awr294x.r5f.ti-arm-clang.debug.lib : HwiP_armv7r_vectors_freertos_asm.obj (.vectors)

.text      0    10260000    00017fc0     
                  10260000    00000fc0     libc.a : _printfi.c.obj (.text:__TI_printfi)
                  10260fc0    00000a34     freertos.awr294x.r5f.ti-arm-clang.debug.lib : printf.obj (.text._vsnprintf)
                  102619f4    0000000c     libc.a : aeabi_portable.c.obj (.text.__aeabi_errno_addr)
                  10261a00    00000740     drivers.awr294x.r5f.ti-arm-clang.debug.lib : soc_rcm.obj (.text.SOC_rcmGetClkSrcAndDivValue)
                  10262140    00000664     cli_mmwave.o (.text.CLI_MMWaveAdvChirpCfg)
                  102627a4    0000000c     libclang_rt.builtins.a : aeabi_memset.S.obj (.text.__aeabi_memclr)
                  102627b0    0000051e     freertos.awr294x.r5f.ti-arm-clang.debug.lib : printf.obj (.text._ftoa)
                  10262cce    00000002     --HOLE-- [fill = 0]
                  10262cd0    00000518     drivers.awr294x.r5f.ti-arm-clang.debug.lib : ipc_notify_v1.obj (.text.IpcNotify_init)
                  102631e8    000004d4     libc.a : strtod.c.obj (.text.strtod)
                  102636bc    00000004     libclang_rt.builtins.a : aeabi_div0.c.obj (.text.__aeabi_idiv0)
                  102636c0    00000478     freertos.awr294x.r5f.ti-arm-clang.debug.lib : printf.obj (.text._etoa)
                  10263b38    00000008     libsysbm.a : hostexit.c.obj (.text.HOSTexit)
                  10263b40    000003dc     cli_mmwave.o (.text.CLI_MMWaveLUTDataCfg)
                  10263f1c    00000004     libclang_rt.builtins.a : aeabi_div0.c.obj (.text.__aeabi_ldiv0)
                  10263f20    00000390     libc.a : strcmp32.S.obj (.text:strcmp)
                  102642b0    00000370     drivers.awr294x.r5f.ti-arm-clang.debug.lib : soc_rcm.obj (.text.SOC_rcmGetClkSrcAndDivReg)
                  10264620    0000033c                                                : ipc_notify_v1.obj (.text.IpcNotify_isr)
                  1026495c    00000004     libclang_rt.builtins.a : aeabi_memcpy.S.obj (.text.__aeabi_memcpy)
                  10264960    00000336     drivers.awr294x.r5f.ti-arm-clang.debug.lib : edma.obj (.text.EDMA_initialize)
                  10264c96    00000002     --HOLE-- [fill = 0]
                  10264c98    00000008     libc.a : atof.c.obj (.text.atof)
                  10264ca0    000002e8     rl_driver.o (.text.rlDriverCmdInvoke)
                  10264f88    00000004     libc.a : _lock.c.obj (.text._nop)
                  10264f8c    00000004            : fseek.c.obj (.text.fseek)
                  10264f90    000002d2     rl_driver.o (.text.rlDriverMsgRead)
                  10265262    00000002     --HOLE-- [fill = 0]
                  10265264    0000000c     libc.a : memory.c.obj (.text.malloc)
                  10265270    000002ce     drivers.awr294x.r5f.ti-arm-clang.debug.lib : uart_sci_edma.obj (.text.UART_edmaChannelConfig)
                  1026553e    00000002     --HOLE-- [fill = 0]
                  10265540    000002cc     cli_mmwave.o (.text.CLI_MMWaveProfileCfg)
                  1026580c    00000004     libsysbm.a : remove.c.obj (.text.remove)
                  10265810    0000029e     drivers.awr294x.r5f.ti-arm-clang.debug.lib : uart_sci.obj (.text.UART_open)
                  10265aae    00000002     --HOLE-- [fill = 0]
                  10265ab0    00000282                                                : edma.obj (.text.EDMA_open)
                  10265d32    00000006     --HOLE-- [fill = 0]
                  10265d38    00000280     libc.a : _printfi.c.obj (.text._pconv_a)
                  10265fb8    00000008     --HOLE-- [fill = 0]
                  10265fc0    00000250     drivers.awr294x.r5f.ti-arm-clang.debug.lib : edma.obj (.text.Alloc_resource)
                  10266210    0000024a     rl_driver.o (.text.rlDriverRdVerifyMsg)
                  1026645a    00000006     --HOLE-- [fill = 0]
                  10266460    0000023e     drivers.awr294x.r5f.ti-arm-clang.debug.lib : uart_sci.obj (.text.UART_controllerIsr)
                  1026669e    00000002     --HOLE-- [fill = 0]
                  102666a0    0000023e     freertos.awr294x.r5f.ti-arm-clang.debug.lib : printf.obj (.text._ntoa_format)
                  102668de    00000002     --HOLE-- [fill = 0]
                  102668e0    0000023c                                                 : queue.obj (.text.xQueueSemaphoreTake)
                  10266b1c    00000004     --HOLE-- [fill = 0]
                  10266b20    00000238     libc.a : _printfi.c.obj (.text._pconv_g)
                  10266d58    00000008     --HOLE-- [fill = 0]
                  10266d60    00000226     freertos.awr294x.r5f.ti-arm-clang.debug.lib : queue.obj (.text.xQueueGenericSend)
                  10266f86    0000000a     --HOLE-- [fill = 0]
                  10266f90    0000020c     drivers.awr294x.r5f.ti-arm-clang.debug.lib : soc.obj (.text.SOC_controlModuleUnlockMMR)
                  1026719c    00000004     --HOLE-- [fill = 0]
                  102671a0    00000200                                                : ipc_rpmsg.obj (.text.RPMessage_send)
                  102673a0    000001e4     cli_mmwave.o (.text.CLI_MMWaveChirpCfg)
                  10267584    0000000c     freertos.awr294x.r5f.ti-arm-clang.debug.lib : CpuId_armv7r_asm.obj (.text)
                  10267590    000001e0     rl_driver.o (.text.rlDriverMsgWrite)
                  10267770    000001de     freertos.awr294x.r5f.ti-arm-clang.debug.lib : queue.obj (.text.xQueueReceive)
                  1026794e    00000002     --HOLE-- [fill = 0]
                  10267950    000001d6                                                 : TimerP_rti.obj (.text.TimerP_setup)
                  10267b26    0000000a     --HOLE-- [fill = 0]
                  10267b30    000001d4     cli_mmwave.o (.text.CLI_MMWaveVersion)
                  10267d04    000001d0     libclang_rt.builtins.a : udivsi3.S.obj (.text.__udivsi3)
                  10267ed4    0000000c     --HOLE-- [fill = 0]
                  10267ee0    000001c8     drivers.awr294x.r5f.ti-arm-clang.debug.lib : soc.obj (.text.SOC_virtToPhy)
                  102680a8    00000008     --HOLE-- [fill = 0]
                  102680b0    000001c2     freertos.awr294x.r5f.ti-arm-clang.debug.lib : timers.obj (.text.prvProcessReceivedCommands)
                  10268272    0000000e     --HOLE-- [fill = 0]
                  10268280    000001bc     drivers.awr294x.r5f.ti-arm-clang.debug.lib : soc.obj (.text.SOC_controlModuleLockMMR)
                  1026843c    00000004     --HOLE-- [fill = 0]
                  10268440    000001b6     rl_driver.o (.text.rlDriverMsgCmdReply)
                  102685f6    0000000a     --HOLE-- [fill = 0]
                  10268600    000001b4     freertos.awr294x.r5f.ti-arm-clang.debug.lib : HeapP_internal.obj (.text.pvHeapMalloc)
                  102687b4    0000000c     --HOLE-- [fill = 0]
                  102687c0    000001ae     cli.o (.text.CLI_task)
                  1026896e    00000002     --HOLE-- [fill = 0]
                  10268970    000001ae     drivers.awr294x.r5f.ti-arm-clang.debug.lib : ipc_rpmsg.obj (.text.RPMessage_recv)
                  10268b1e    00000002     --HOLE-- [fill = 0]
                  10268b20    000001ac                                                : edma.obj (.text.EDMA_transferCompletionMasterIsrFxn)
                  10268ccc    00000004     --HOLE-- [fill = 0]
                  10268cd0    000001aa                                                : uart_sci.obj (.text.UART_close)
                  10268e7a    00000002     --HOLE-- [fill = 0]
                  10268e7c    000001a8     libc.a : memory.c.obj (.text.free)
                  10269024    0000000c     --HOLE-- [fill = 0]
                  10269030    000001a6     freertos.awr294x.r5f.ti-arm-clang.debug.lib : tasks.obj (.text.xTaskIncrementTick)
                  102691d6    00000002     --HOLE-- [fill = 0]
                  102691d8    000001a4     libc.a : memory.c.obj (.text.aligned_alloc)
                  1026937c    00000004     --HOLE-- [fill = 0]
                  10269380    000001a2     rl_driver.o (.text.rlDriverRxHdrRead)
                  10269522    0000000e     --HOLE-- [fill = 0]
                  10269530    00000198     drivers.awr294x.r5f.ti-arm-clang.debug.lib : uart_sci.obj (.text.UART_configInstance)
                  102696c8    00000008     --HOLE-- [fill = 0]
                  102696d0    00000198     rl_driver.o (.text.rlDriverReceiveSync)
                  10269868    00000008     --HOLE-- [fill = 0]
                  10269870    00000194     drivers.awr294x.r5f.ti-arm-clang.debug.lib : ipc_rpmsg.obj (.text.RPMessage_init)
                  10269a04    0000000c     --HOLE-- [fill = 0]
                  10269a10    00000194                                                : soc_rcm.obj (.text.SOC_rcmGetHSDIVClkOutMuxClkSrc)
                  10269ba4    0000000c     --HOLE-- [fill = 0]
                  10269bb0    0000018e     freertos.awr294x.r5f.ti-arm-clang.debug.lib : ClockP_freertos_r5.obj (.text.ClockP_init)
                  10269d3e    00000002     --HOLE-- [fill = 0]
                  10269d40    0000018c     cli.o (.text.CLI_open)
                  10269ecc    00000004     --HOLE-- [fill = 0]
                  10269ed0    0000018a     rl_driver.o (.text.rlDriverCmdWriter)
                  1026a05a    00000006     --HOLE-- [fill = 0]
                  1026a060    0000018a     freertos.awr294x.r5f.ti-arm-clang.debug.lib : tasks.obj (.text.vTaskSwitchContext)
                  1026a1ea    00000006     --HOLE-- [fill = 0]
                  1026a1f0    00000188                                                 : queue.obj (.text.xQueueGenericSendFromISR)
                  1026a378    00000008     --HOLE-- [fill = 0]
                  1026a380    00000184     cli_mmwave.o (.text.CLI_MMWaveSubFrameCfg)
                  1026a504    0000000c     --HOLE-- [fill = 0]
                  1026a510    00000182     drivers.awr294x.r5f.ti-arm-clang.debug.lib : ipc_rpmsg_vring.obj (.text.RPMessage_vringResetInternal)
                  1026a692    0000000e     --HOLE-- [fill = 0]
                  1026a6a0    0000017e     freertos.awr294x.r5f.ti-arm-clang.debug.lib : tasks.obj (.text.xTaskResumeAll)
                  1026a81e    00000002     --HOLE-- [fill = 0]
                  1026a820    00000178     drivers.awr294x.r5f.ti-arm-clang.debug.lib : edma.obj (.text.EDMA_errorIsrFxn)
                  1026a998    00000008     --HOLE-- [fill = 0]
                  1026a9a0    00000174                                                : ipc_rpmsg.obj (.text.RPMessage_recvHandler)
                  1026ab14    0000000c     --HOLE-- [fill = 0]
                  1026ab20    00000172                                                : uart_sci.obj (.text.UART_write)
                  1026ac92    0000000e     --HOLE-- [fill = 0]
                  1026aca0    00000162     mmwave_fullcfg.o (.text.MMWave_flushCfg)
                  1026ae02    0000000e     --HOLE-- [fill = 0]
                  1026ae10    0000015e     freertos.awr294x.r5f.ti-arm-clang.debug.lib : queue.obj (.text.xQueueGiveFromISR)
                  1026af6e    00000002     --HOLE-- [fill = 0]
                  1026af70    0000015c     cli_mmwave.o (.text.CLI_MMWaveFrameCfg)
                  1026b0cc    00000004     --HOLE-- [fill = 0]
                  1026b0d0    00000156     drivers.awr294x.r5f.ti-arm-clang.debug.lib : ipc_notify_v1.obj (.text.IpcNotify_sendMsg)
                  1026b226    0000000a     --HOLE-- [fill = 0]
                  1026b230    00000156                                                : uart_sci.obj (.text.UART_read)
                  1026b386    0000000a     --HOLE-- [fill = 0]
                  1026b390    00000154                                                : ipc_notify_v1_cfg.obj (.text.IpcNotify_trigInterrupt_ack)
                  1026b4e4    0000000c     --HOLE-- [fill = 0]
                  1026b4f0    00000152     freertos.awr294x.r5f.ti-arm-clang.debug.lib : tasks.obj (.text.vTaskPriorityDisinheritAfterTimeout)
                  1026b642    00000006     --HOLE-- [fill = 0]
                  1026b648    00000150     libc.a : s_scalbn.c.obj (.text.scalbn)
                  1026b798    00000008     --HOLE-- [fill = 0]
                  1026b7a0    0000014a     freertos.awr294x.r5f.ti-arm-clang.debug.lib : tasks.obj (.text.prvInitialiseNewTask)
                  1026b8ea    00000006     --HOLE-- [fill = 0]
                  1026b8f0    0000014a                                                 : queue.obj (.text.xQueueGenericCreateStatic)
                  1026ba3a    00000006     --HOLE-- [fill = 0]
                  1026ba40    00000148     libc.a : _printfi.c.obj (.text.fcvt)
                  1026bb88    00000008     --HOLE-- [fill = 0]
                  1026bb90    00000146     drivers.awr294x.r5f.ti-arm-clang.debug.lib : soc_rcm.obj (.text.SOC_rcmGetDpllHSDivOutFreq)
                  1026bcd6    00000002     --HOLE-- [fill = 0]
                  1026bcd8    00000144     libc.a : setvbuf.c.obj (.text.setvbuf)
                  1026be1c    00000004     --HOLE-- [fill = 0]
                  1026be20    00000140            : _printfi.c.obj (.text._pconv_e)
                  1026bf60    00000140     rl_driver.o (.text.rlDriverWaitForResponse)
                  1026c0a0    0000013c     drivers.awr294x.r5f.ti-arm-clang.debug.lib : ipc_notify_v1_cfg.obj (.text.IpcNotify_trigInterrupt)
                  1026c1dc    00000004     --HOLE-- [fill = 0]
                  1026c1e0    0000013a                                                : uart_sci_edma.obj (.text.UART_readDma)
                  1026c31a    00000006     --HOLE-- [fill = 0]
                  1026c320    0000013a                                                : uart_sci_edma.obj (.text.UART_writeDma)
                  1026c45a    00000006     --HOLE-- [fill = 0]
                  1026c460    0000013a     freertos.awr294x.r5f.ti-arm-clang.debug.lib : queue.obj (.text.xQueueReceiveFromISR)
                  1026c59a    00000006     --HOLE-- [fill = 0]
                  1026c5a0    00000138                                                 : printf.obj (.text._ntoa_long_long)
                  1026c6d8    00000008     --HOLE-- [fill = 0]
                  1026c6e0    00000134     drivers.awr294x.r5f.ti-arm-clang.debug.lib : ipc_rpmsg_vring.obj (.text.RPMessage_vringReset)
                  1026c814    0000000c     --HOLE-- [fill = 0]
                  1026c820    00000132     rl_driver.o (.text.rlDriverMsgReadCmdCtx)
                  1026c952    0000000e     --HOLE-- [fill = 0]
                  1026c960    00000128     freertos.awr294x.r5f.ti-arm-clang.debug.lib : port.obj (.text.pxPortInitialiseStack)
                  1026ca88    00000008     --HOLE-- [fill = 0]
                  1026ca90    00000120                                                 : tasks.obj (.text.eTaskGetState)
                  1026cbb0    0000011e     mmwave_fullcfg.o (.text.MMWave_addChirp)
                  1026ccce    00000002     --HOLE-- [fill = 0]
                  1026ccd0    0000011e     drivers.awr294x.r5f.ti-arm-clang.debug.lib : soc_rcm.obj (.text.SOC_rcmGetApllHSDivOutFreq)
                  1026cdee    00000002     --HOLE-- [fill = 0]
                  1026cdf0    00000118     cli.o (.text.CLI_readLine)
                  1026cf08    00000008     --HOLE-- [fill = 0]
                  1026cf10    00000118     ti_drivers_config.o (.text.System_init)
                  1026d028    00000008     --HOLE-- [fill = 0]
                  1026d030    00000118     freertos.awr294x.r5f.ti-arm-clang.debug.lib : TaskP_freertos.obj (.text.TaskP_loadUpdateAll)
                  1026d148    00000118     libclang_rt.builtins.a : udivmoddi4.S.obj (.text)
                  1026d260    00000114     mmwave_fullcfg.o (.text.MMWave_addProfile)
                  1026d374    0000000c     --HOLE-- [fill = 0]
                  1026d380    00000114     freertos.awr294x.r5f.ti-arm-clang.debug.lib : printf.obj (.text._ntoa_long)
                  1026d494    0000000c     --HOLE-- [fill = 0]
                  1026d4a0    0000010e                                                 : tasks.obj (.text.prvAddNewTaskToReadyList)
                  1026d5ae    00000002     --HOLE-- [fill = 0]
                  1026d5b0    0000010e                                                 : tasks.obj (.text.xTaskPriorityInherit)
                  1026d6be    00000002     --HOLE-- [fill = 0]
                  1026d6c0    0000010a                                                 : tasks.obj (.text.vTaskDelete)
                  1026d7ca    00000006     --HOLE-- [fill = 0]
                  1026d7d0    00000106                                                 : tasks.obj (.text.xTaskPriorityDisinherit)
                  1026d8d6    0000000a     --HOLE-- [fill = 0]
                  1026d8e0    00000102     drivers.awr294x.r5f.ti-arm-clang.debug.lib : soc_rcm.obj (.text.SOC_rcmADPLLJGetFOut)
                  1026d9e2    0000000e     --HOLE-- [fill = 0]
                  1026d9f0    00000102     rl_driver.o (.text.rlDriverAppendDummyByte)
                  1026daf2    0000000e     --HOLE-- [fill = 0]
                  1026db00    000000fa     drivers.awr294x.r5f.ti-arm-clang.debug.lib : edma.obj (.text.EDMA_clearCcErrors)
                  1026dbfa    00000006     --HOLE-- [fill = 0]
                  1026dc00    000000f8     rl_driver.o (.text.rlDriverProcRdMsg)
                  1026dcf8    00000008     --HOLE-- [fill = 0]
                  1026dd00    000000f6     drivers.awr294x.r5f.ti-arm-clang.debug.lib : edma.obj (.text.EDMA_registerIntr)
                  1026ddf6    0000000a     --HOLE-- [fill = 0]
                  1026de00    000000f6     mmwave_fullcfg.o (.text.MMWave_addAdvChirpLUTData)
                  1026def6    0000000a     --HOLE-- [fill = 0]
                  1026df00    000000f6     rl_driver.o (.text.rlDriverMsgReadSpawnCtx)
                  1026dff6    0000000a     --HOLE-- [fill = 0]
                  1026e000    000000f4     cli_mmwave.o (.text.CLI_MMWaveAdvFrameCfg)
                  1026e0f4    0000000c     --HOLE-- [fill = 0]
                  1026e100    000000f2     drivers.awr294x.r5f.ti-arm-clang.debug.lib : ipc_rpmsg_vring.obj (.text.RPMessage_vringPutFullTxBuf)
                  1026e1f2    0000000e     --HOLE-- [fill = 0]
                  1026e200    000000f0     cli_mmwave.o (.text.CLI_MMWaveContModeCfg)
                  1026e2f0    000000f0     libc.a : fputc.c.obj (.text.fputc)
                  1026e3e0    000000ee     freertos.awr294x.r5f.ti-arm-clang.debug.lib : tasks.obj (.text.vTaskStartScheduler)
                  1026e4ce    00000002     --HOLE-- [fill = 0]
                  1026e4d0    000000ee                                                 : tasks.obj (.text.xTaskCreateStatic)
                  1026e5be    00000002     --HOLE-- [fill = 0]
                  1026e5c0    000000ec                                                 : tasks.obj (.text.xTaskCheckForTimeOut)
                  1026e6ac    00000004     --HOLE-- [fill = 0]
                  1026e6b0    000000ea     drivers.awr294x.r5f.ti-arm-clang.debug.lib : uart_sci.obj (.text.UART_readPolling)
                  1026e79a    00000006     --HOLE-- [fill = 0]
                  1026e7a0    000000e6     mmwave_fullcfg.o (.text.MMWave_getAdvChirpHandle)
                  1026e886    0000000a     --HOLE-- [fill = 0]
                  1026e890    000000e4     mmwave_fullcfg.o (.text.MMWave_addBpmChirp)
                  1026e974    0000000c     --HOLE-- [fill = 0]
                  1026e980    000000e4     mmwave_fullcfg.o (.text.MMWave_getProfileHandle)
                  1026ea64    0000000c     --HOLE-- [fill = 0]
                  1026ea70    000000e4     freertos.awr294x.r5f.ti-arm-clang.debug.lib : timers.obj (.text.prvSwitchTimerLists)
                  1026eb54    0000000c     --HOLE-- [fill = 0]
                  1026eb60    000000e2     drivers.awr294x.r5f.ti-arm-clang.debug.lib : edma.obj (.text.EDMA_freeParam)
                  1026ec42    0000000e     --HOLE-- [fill = 0]
                  1026ec50    000000e2     freertos.awr294x.r5f.ti-arm-clang.debug.lib : tasks.obj (.text.vTaskGetInfo)
                  1026ed32    0000000e     --HOLE-- [fill = 0]
                  1026ed40    000000e0     drivers.awr294x.r5f.ti-arm-clang.debug.lib : edma.obj (.text.EDMA_freeDmaChannel)
                  1026ee20    000000e0                                                : edma.obj (.text.EDMA_freeTcc)
                  1026ef00    000000e0                                                : mailbox.obj (.text.Mailbox_init)
                  1026efe0    000000e0                                                : uart_sci.obj (.text.UART_writeInterrupt)
                  1026f0c0    000000de     mmwave_fullcfg.o (.text.MMWave_addAdvChirpParam)
                  1026f19e    00000002     --HOLE-- [fill = 0]
                  1026f1a0    000000de     drivers.awr294x.r5f.ti-arm-clang.debug.lib : uart_sci.obj (.text.UART_flushTxFifo)
                  1026f27e    00000002     --HOLE-- [fill = 0]
                  1026f280    000000de     freertos.awr294x.r5f.ti-arm-clang.debug.lib : tasks.obj (.text.xTaskRemoveFromEventList)
                  1026f35e    00000002     --HOLE-- [fill = 0]
                  1026f360    000000dc     drivers.awr294x.r5f.ti-arm-clang.debug.lib : ipc_rpmsg_vring.obj (.text.RPMessage_vringGetFullRxBuf)
                  1026f43c    00000004     --HOLE-- [fill = 0]
                  1026f440    000000dc                                                : soc_rcm.obj (.text.SOC_rcmGetCoreFout)
                  1026f51c    00000004     --HOLE-- [fill = 0]
                  1026f520    000000dc                                                : soc_rcm.obj (.text.SOC_rcmGetDSSFout)
                  1026f5fc    00000004     --HOLE-- [fill = 0]
                  1026f600    000000dc                                                : soc_rcm.obj (.text.SOC_rcmGetPerFout)
                  1026f6dc    00000004     --HOLE-- [fill = 0]
                  1026f6e0    000000d8                                                : uart_sci.obj (.text.UART_writePolling)
                  1026f7b8    00000008     --HOLE-- [fill = 0]
                  1026f7c0    000000d6     cli_mmwave.o (.text.CLI_MMWaveAdvFrameDataCfg)
                  1026f896    0000000a     --HOLE-- [fill = 0]
                  1026f8a0    000000d4     drivers.awr294x.r5f.ti-arm-clang.debug.lib : ipc_rpmsg.obj (.text.RPMessage_construct)
                  1026f974    0000000c     --HOLE-- [fill = 0]
                  1026f980    000000d4     freertos.awr294x.r5f.ti-arm-clang.debug.lib : tasks.obj (.text.prvAddCurrentTaskToDelayedList)
                  1026fa54    0000000c     --HOLE-- [fill = 0]
                  1026fa60    000000d2     drivers.awr294x.r5f.ti-arm-clang.debug.lib : ipc_rpmsg_vring.obj (.text.RPMessage_vringPutEmptyRxBuf)
                  1026fb32    0000000e     --HOLE-- [fill = 0]
                  1026fb40    000000d2     R5F_0.o (.text.r5f0_main)
                  1026fc12    0000000e     --HOLE-- [fill = 0]
                  1026fc20    000000cc     drivers.awr294x.r5f.ti-arm-clang.debug.lib : edma.obj (.text.EDMA_enableChInShadowRegRegion)
                  1026fcec    00000004     --HOLE-- [fill = 0]
                  1026fcf0    000000cc     freertos.awr294x.r5f.ti-arm-clang.debug.lib : queue.obj (.text.prvCopyDataToQueue)
                  1026fdbc    00000004     --HOLE-- [fill = 0]
                  1026fdc0    000000c8     drivers.awr294x.r5f.ti-arm-clang.debug.lib : ipc_rpmsg_vring.obj (.text.RPMessage_vringGetEmptyTxBuf)
                  1026fe88    000000c8     libc.a : getdevice.c.obj (.text.getdevice)
                  1026ff50    000000c8     rl_driver.o (.text.rlDriverAsyncEventHandler)
                  10270018    00000008     --HOLE-- [fill = 0]
                  10270020    000000c6     drivers.awr294x.r5f.ti-arm-clang.debug.lib : ipc_rpmsg.obj (.text.RPMessage_coreInit)
                  102700e6    0000000a     --HOLE-- [fill = 0]
                  102700f0    000000c4                                                : edma.obj (.text.EDMA_mapChToEvtQ)
                  102701b4    0000000c     --HOLE-- [fill = 0]
                  102701c0    000000c4                                                : ipc_notify_v1.obj (.text.IpcNotify_readAckCallback)
                  10270284    0000000c     --HOLE-- [fill = 0]
                  10270290    000000c4     rl_driver.o (.text.rlDeviceIdentifyCmdDir)
                  10270354    0000000c     --HOLE-- [fill = 0]
                  10270360    000000c2     drivers.awr294x.r5f.ti-arm-clang.debug.lib : edma.obj (.text.EDMA_close)
                  10270422    0000000e     --HOLE-- [fill = 0]
                  10270430    000000c0                                                : edma.obj (.text.EDMA_configureChannelRegion)
                  102704f0    000000c0     freertos.awr294x.r5f.ti-arm-clang.debug.lib : printf.obj (.text._out_rev)
                  102705b0    000000c0                                                 : timers.obj (.text.xTimerGenericCommand)
                  10270670    000000be     cli_mmwave.o (.text.CLI_MMWaveDataOutputMode)
                  1027072e    00000002     --HOLE-- [fill = 0]
                  10270730    000000be     rl_driver.o (.text.rlDriverOriginDirCheck)
                  102707ee    00000002     --HOLE-- [fill = 0]
                  102707f0    000000be     freertos.awr294x.r5f.ti-arm-clang.debug.lib : HeapP_internal.obj (.text.vHeapFree)
                  102708ae    00000002     --HOLE-- [fill = 0]
                  102708b0    000000bc     libc.a : _printfi.c.obj (.text._mcpy)
                  1027096c    00000004     --HOLE-- [fill = 0]
                  10270970    000000b8     R5F_0.o (.text.cmd_mul)
                  10270a28    00000008     --HOLE-- [fill = 0]
                  10270a30    000000b8     R5F_0.o (.text.cmd_sub)
                  10270ae8    00000008     --HOLE-- [fill = 0]
                  10270af0    000000b6     drivers.awr294x.r5f.ti-arm-clang.debug.lib : uart_sci.obj (.text.UART_readInterrupt)
                  10270ba6    0000000a     --HOLE-- [fill = 0]
                  10270bb0    000000b6     freertos.awr294x.r5f.ti-arm-clang.debug.lib : HeapP_internal.obj (.text.prvInsertBlockIntoFreeList)
                  10270c66    0000000a     --HOLE-- [fill = 0]
                  10270c70    000000b6                                                 : queue.obj (.text.xQueueGenericReset)
                  10270d26    00000002     --HOLE-- [fill = 0]
                  10270d28    000000b4     libc.a : fseek.c.obj (.text.fseeko)
                  10270ddc    00000004     --HOLE-- [fill = 0]
                  10270de0    000000b2     cli_mmwave.o (.text.CLI_MMWaveBPMCfgAdvanced)
                  10270e92    0000000e     --HOLE-- [fill = 0]
                  10270ea0    000000b2     drivers.awr294x.r5f.ti-arm-clang.debug.lib : soc_rcm.obj (.text.SOC_rcmGetXTALFrequency)
                  10270f52    0000000e     --HOLE-- [fill = 0]
                  10270f60    000000b0     cli.o (.text.CLI_help)
                  10271010    000000b0     drivers.awr294x.r5f.ti-arm-clang.debug.lib : soc_rcm.obj (.text.SOC_rcmSetPeripheralClock)
                  102710c0    000000b0                                                : uart_sci.obj (.text.UART_init)
                  10271170    000000b0     libc.a : fclose.c.obj (.text.__TI_closefile)
                  10271220    000000ae     cli_mmwave.o (.text.CLI_MMWaveApllSynthBwConfig)
                  102712ce    00000002     --HOLE-- [fill = 0]
                  102712d0    000000ae     ti_drivers_config.o (.text.Drivers_uartInit)
                  1027137e    00000002     --HOLE-- [fill = 0]
                  10271380    000000ae     freertos.awr294x.r5f.ti-arm-clang.debug.lib : queue.obj (.text.prvUnlockQueue)
                  1027142e    00000002     --HOLE-- [fill = 0]
                  10271430    000000ac                                                 : SemaphoreP_freertos.obj (.text.SemaphoreP_constructBinary)
                  102714dc    00000004     --HOLE-- [fill = 0]
                  102714e0    000000aa     ti_drivers_open_close.o (.text.Drivers_uartOpen)
                  1027158a    00000006     --HOLE-- [fill = 0]
                  10271590    000000aa     drivers.awr294x.r5f.ti-arm-clang.debug.lib : soc_rcm.obj (.text.SOC_rcmGetFreqLeafNode)
                  1027163a    00000006     --HOLE-- [fill = 0]
                  10271640    000000a8                                                : soc_rcm.obj (.text.SOC_rcmGetCoreHSDivOut)
                  102716e8    00000008     --HOLE-- [fill = 0]
                  102716f0    000000a8                                                : soc_rcm.obj (.text.SOC_rcmGetDSSHSDivOut)
                  10271798    00000008     --HOLE-- [fill = 0]
                  102717a0    000000a8                                                : soc_rcm.obj (.text.SOC_rcmGetPerHSDivOut)
                  10271848    00000008     --HOLE-- [fill = 0]
                  10271850    000000a8     freertos.awr294x.r5f.ti-arm-clang.debug.lib : PmuP_armv7r.obj (.text.pmu)
                  102718f8    00000008     --HOLE-- [fill = 0]
                  10271900    000000a6     ti_drivers_open_close.o (.text.Drivers_edmaOpen)
                  102719a6    0000000a     --HOLE-- [fill = 0]
                  102719b0    000000a6     drivers.awr294x.r5f.ti-arm-clang.debug.lib : uart_sci_edma.obj (.text.UART_txEdmaIsrFxn)
                  10271a56    00000002     --HOLE-- [fill = 0]
                  10271a58    000000a4     libc.a : memory.c.obj (.text.split)
                  10271afc    00000004     --HOLE-- [fill = 0]
                  10271b00    000000a4     freertos.awr294x.r5f.ti-arm-clang.debug.lib : timers.obj (.text.xTimerCreateTimerTask)
                  10271ba4    0000000c     --HOLE-- [fill = 0]
                  10271bb0    000000a2     drivers.awr294x.r5f.ti-arm-clang.debug.lib : ipc_notify_v1.obj (.text.IpcNotify_mailboxWrite)
                  10271c52    0000000e     --HOLE-- [fill = 0]
                  10271c60    000000a2                                                : uart_sci_edma.obj (.text.UART_rxEdmaIsrFxn)
                  10271d02    0000000e     --HOLE-- [fill = 0]
                  10271d10    000000a2     freertos.awr294x.r5f.ti-arm-clang.debug.lib : timers.obj (.text.prvCheckForValidListAndQueue)
                  10271db2    0000000e     --HOLE-- [fill = 0]
                  10271dc0    000000a2     rl_driver.o (.text.rlDriverExecuteGetApi)
                  10271e62    00000002     --HOLE-- [fill = 0]
                  10271e64    000000a0     libsysbm.a : hostrename.c.obj (.text.HOSTrename)
                  10271f04    0000000c     --HOLE-- [fill = 0]
                  10271f10    000000a0     freertos.awr294x.r5f.ti-arm-clang.debug.lib : HeapP_internal.obj (.text.prvHeapInit)
                  10271fb0    0000009e                                                 : timers.obj (.text.prvProcessExpiredTimer)
                  1027204e    00000002     --HOLE-- [fill = 0]
                  10272050    0000009e     rl_driver.o (.text.rlDriverCalChkSum)
                  102720ee    00000002     --HOLE-- [fill = 0]
                  102720f0    0000009c     libc.a : _io_perm.c.obj (.text.__TI_wrt_ok)
                  1027218c    00000098     libsysbm.a : hostlseek.c.obj (.text.HOSTlseek)
                  10272224    0000000c     --HOLE-- [fill = 0]
                  10272230    00000098     drivers.awr294x.r5f.ti-arm-clang.debug.lib : ipc_notify_v1.obj (.text.IpcNotify_registerClient)
                  102722c8    00000094     libsysbm.a : hostopen.c.obj (.text.HOSTopen)
                  1027235c    00000004     --HOLE-- [fill = 0]
                  10272360    00000094     drivers.awr294x.r5f.ti-arm-clang.debug.lib : ipc_notify_v1.obj (.text.IpcNotify_Params_init)
                  102723f4    0000000c     --HOLE-- [fill = 0]
                  10272400    00000092     freertos.awr294x.r5f.ti-arm-clang.debug.lib : DebugP_freertos.obj (.text._DebugP_logZone)
                  10272492    0000000e     --HOLE-- [fill = 0]
                  102724a0    00000090     drivers.awr294x.r5f.ti-arm-clang.debug.lib : uart_sci.obj (.text.UART_readCancelNoCB)
                  10272530    00000090                                                : uart_sci.obj (.text.UART_writeCancelNoCB)
                  102725c0    0000008e                                                : edma.obj (.text.EDMA_init)
                  1027264e    00000002     --HOLE-- [fill = 0]
                  10272650    0000008e     freertos.awr294x.r5f.ti-arm-clang.debug.lib : tasks.obj (.text.prvInitialiseTaskLists)
                  102726de    00000002     --HOLE-- [fill = 0]
                  102726e0    0000008c     drivers.awr294x.r5f.ti-arm-clang.debug.lib : edma.obj (.text.EDMA_enableTransferRegion)
                  1027276c    0000008c     libsysbm.a : close.c.obj (.text.close)
                  102727f8    00000008     --HOLE-- [fill = 0]
                  10272800    0000008c     main.o (.text.main)
                  1027288c    00000088     libc.a : fflush.c.obj (.text.__TI_doflush)
                  10272914    00000088            : _ltoa.c.obj (.text.__TI_ltoa)
                  1027299c    00000088            : _printfi.c.obj (.text._ecpy)
                  10272a24    0000000c     --HOLE-- [fill = 0]
                  10272a30    00000088     rl_driver.o (.text.rlDriverVerifyCRC)
                  10272ab8    00000008     --HOLE-- [fill = 0]
                  10272ac0    00000086     mmwave_fullcfg.o (.text.MMWave_getAdvChirpParams)
                  10272b46    0000000a     --HOLE-- [fill = 0]
                  10272b50    00000086     drivers.awr294x.r5f.ti-arm-clang.debug.lib : ipc_rpmsg.obj (.text.RPMessage_Params_init)
                  10272bd6    0000000a     --HOLE-- [fill = 0]
                  10272be0    00000086                                                : ipc_rpmsg.obj (.text.RPMessage_getEndPtMsg)
                  10272c66    0000000a     --HOLE-- [fill = 0]
                  10272c70    00000086     freertos.awr294x.r5f.ti-arm-clang.debug.lib : timers.obj (.text.prvInsertTimerInActiveList)
                  10272cf6    0000000a     --HOLE-- [fill = 0]
                  10272d00    00000086                                                 : timers.obj (.text.prvProcessTimerOrBlockTask)
                  10272d86    0000000a     --HOLE-- [fill = 0]
                  10272d90    00000086     rl_controller.o (.text.rlGetSubBlock)
                  10272e16    00000002     --HOLE-- [fill = 0]
                  10272e18    00000084     libsysbm.a : hostread.c.obj (.text.HOSTread)
                  10272e9c    00000084                : hostwrite.c.obj (.text.HOSTwrite)
                  10272f20    00000084     drivers.awr294x.r5f.ti-arm-clang.debug.lib : ipc_rpmsg.obj (.text.RPMessage_notifyCallback)
                  10272fa4    0000000c     --HOLE-- [fill = 0]
                  10272fb0    00000082                                                : edma.obj (.text.EDMA_allocDmaChannel)
                  10273032    0000000e     --HOLE-- [fill = 0]
                  10273040    00000082                                                : edma.obj (.text.EDMA_allocParam)
                  102730c2    0000000e     --HOLE-- [fill = 0]
                  102730d0    00000082                                                : edma.obj (.text.EDMA_allocTcc)
                  10273152    0000000e     --HOLE-- [fill = 0]
                  10273160    00000082                                                : edma.obj (.text.EDMA_enableTccInShadowRegRegion)
                  102731e2    0000000e     --HOLE-- [fill = 0]
                  102731f0    00000082                                                : soc_rcm.obj (.text.SOC_rcmGetFreq)
                  10273272    0000000e     --HOLE-- [fill = 0]
                  10273280    00000082     freertos.awr294x.r5f.ti-arm-clang.debug.lib : SemaphoreP_freertos.obj (.text.SemaphoreP_pend)
                  10273302    0000000e     --HOLE-- [fill = 0]
                  10273310    00000082                                                 : DebugP_log.obj (.text._DebugP_assert)
                  10273392    0000000e     --HOLE-- [fill = 0]
                  102733a0    00000082     rl_controller.o (.text.rlAppendSubBlock)
                  10273422    0000000e     --HOLE-- [fill = 0]
                  10273430    00000080     cli_mmwave.o (.text.CLI_MMWaveExtensionHandler)
                  102734b0    00000080     drivers.awr294x.r5f.ti-arm-clang.debug.lib : soc_rcm.obj (.text.SOC_rcmGetR5InFrequency)
                  10273530    00000080     libc.a : _printfi.c.obj (.text._pconv_f)
                  102735b0    0000007e     freertos.awr294x.r5f.ti-arm-clang.debug.lib : ClockP_freertos.obj (.text.ClockP_getTimeUsec)
                  1027362e    00000002     --HOLE-- [fill = 0]
                  10273630    0000007e     rl_driver.o (.text.rlDriverExecuteSetApi)
                  102736ae    00000002     --HOLE-- [fill = 0]
                  102736b0    0000007e     freertos.awr294x.r5f.ti-arm-clang.debug.lib : queue.obj (.text.xQueueTakeMutexRecursive)
                  1027372e    00000002     --HOLE-- [fill = 0]
                  10273730    0000007c     drivers.awr294x.r5f.ti-arm-clang.debug.lib : ipc_notify_v1.obj (.text.IpcNotify_mailboxReadSwQ)
                  102737ac    00000004     --HOLE-- [fill = 0]
                  102737b0    0000007c     libc.a : s_frexp.c.obj (.text.frexp)
                  1027382c    00000004     --HOLE-- [fill = 0]
                  10273830    0000007c     rl_device.o (.text.rlDeviceGetVersion)
                  102738ac    00000004     --HOLE-- [fill = 0]
                  102738b0    0000007c     freertos.awr294x.r5f.ti-arm-clang.debug.lib : queue.obj (.text.xQueueGiveMutexRecursive)
                  1027392c    00000004     --HOLE-- [fill = 0]
                  10273930    00000078     cli_mmwave.o (.text.CLI_MMWaveChannelCfg)
                  102739a8    00000008     --HOLE-- [fill = 0]
                  102739b0    00000078     cli_mmwave.o (.text.CLI_MMWaveSetLdoBypassConfig)
                  10273a28    00000078     libc.a : snprintf.c.obj (.text.snprintf)
                  10273aa0    00000078            : strtok.c.obj (.text.strtok)
                  10273b18    00000008     --HOLE-- [fill = 0]
                  10273b20    00000076     cli_mmwave.o (.text.CLI_MMWaveADCCfg)
                  10273b96    0000000a     --HOLE-- [fill = 0]
                  10273ba0    00000076     drivers.awr294x.r5f.ti-arm-clang.debug.lib : ipc_rpmsg_vring.obj (.text.RPMessage_vringIsFullRxBuf)
                  10273c16    0000000a     --HOLE-- [fill = 0]
                  10273c20    00000076                                                : uart_sci.obj (.text.UART_checkOpenParams)
                  10273c96    0000000a     --HOLE-- [fill = 0]
                  10273ca0    00000074     cli_mmwave.o (.text.CLI_MMWaveExtensionHelp)
                  10273d14    0000000c     --HOLE-- [fill = 0]
                  10273d20    00000072     drivers.awr294x.r5f.ti-arm-clang.debug.lib : edma.obj (.text.EDMA_clrMissEvtRegion)
                  10273d92    0000000e     --HOLE-- [fill = 0]
                  10273da0    00000072                                                : edma.obj (.text.EDMA_getTcErrorInfo)
                  10273e12    0000000e     --HOLE-- [fill = 0]
                  10273e20    00000072                                                : ipc_notify_v1.obj (.text.IpcNotify_makeMsg)
                  10273e92    0000000e     --HOLE-- [fill = 0]
                  10273ea0    0000006e     freertos.awr294x.r5f.ti-arm-clang.debug.lib : SemaphoreP_freertos.obj (.text.SemaphoreP_constructMutex)
                  10273f0e    00000002     --HOLE-- [fill = 0]
                  10273f10    0000006e                                                 : tasks.obj (.text.prvDeleteTCB)
                  10273f7e    00000002     --HOLE-- [fill = 0]
                  10273f80    0000006c     libsysbm.a : hostunlink.c.obj (.text.HOSTunlink)
                  10273fec    00000004     --HOLE-- [fill = 0]
                  10273ff0    0000006c     mmwave_listlib.o (.text.MMWave_listRemoveNode)
                  1027405c    00000004     --HOLE-- [fill = 0]
                  10274060    0000006c     R5F_0.o (.text.cli_setup)
                  102740cc    00000004     --HOLE-- [fill = 0]
                  102740d0    0000006c     rl_driver.o (.text.rlDriverCmdSendRetry)
                  1027413c    00000004     --HOLE-- [fill = 0]
                  10274140    0000006a     freertos.awr294x.r5f.ti-arm-clang.debug.lib : list.obj (.text.vListInsert)
                  102741aa    00000006     --HOLE-- [fill = 0]
                  102741b0    0000006a                                                 : tasks.obj (.text.vTaskDelay)
                  1027421a    00000006     --HOLE-- [fill = 0]
                  10274220    00000068     drivers.awr294x.r5f.ti-arm-clang.debug.lib : edma.obj (.text.EDMA_getBaseAddr)
                  10274288    00000068     libc.a : atoi.c.obj (.text.atoi)
                  102742f0    00000064     drivers.awr294x.r5f.ti-arm-clang.debug.lib : ipc_rpmsg.obj (.text.RPMessage_controlEndPtHandler)
                  10274354    0000000c     --HOLE-- [fill = 0]
                  10274360    00000064     freertos.awr294x.r5f.ti-arm-clang.debug.lib : TaskP_freertos.obj (.text.vApplicationLoadHook)
                  102743c4    0000000c     --HOLE-- [fill = 0]
                  102743d0    00000064                                                 : queue.obj (.text.vQueueWaitForMessageRestricted)
                  10274434    0000000c     --HOLE-- [fill = 0]
                  10274440    00000062     drivers.awr294x.r5f.ti-arm-clang.debug.lib : soc_rcm.obj (.text.SOC_rcmInsert16)
                  102744a2    0000000e     --HOLE-- [fill = 0]
                  102744b0    00000062     freertos.awr294x.r5f.ti-arm-clang.debug.lib : SemaphoreP_freertos.obj (.text.SemaphoreP_post)
                  10274512    0000000e     --HOLE-- [fill = 0]
                  10274520    00000062                                                 : tasks.obj (.text.vTaskPlaceOnEventListRestricted)
                  10274582    00000002     --HOLE-- [fill = 0]
                  10274584    00000060     libsysbm.a : hostclose.c.obj (.text.HOSTclose)
                  102745e4    00000060     libc.a : _printfi.c.obj (.text._fcpy)
                  10274644    0000000c     --HOLE-- [fill = 0]
                  10274650    00000060     R5F_0.o (.text.cmd_add)
                  102746b0    00000060     libc.a : vsnprintf.c.obj (.text.vsnprintf)
                  10274710    0000005e     drivers.awr294x.r5f.ti-arm-clang.debug.lib : ipc_rpmsg_vring.obj (.text.RPMessage_vringCheckEmptyTxBuf)
                  1027476e    00000002     --HOLE-- [fill = 0]
                  10274770    0000005c     cli.o (.text.CLI_write)
                  102747cc    00000004     --HOLE-- [fill = 0]
                  102747d0    0000005c     ti_power_clock_config.o (.text.Module_clockSetFrequency)
                  1027482c    00000004     --HOLE-- [fill = 0]
                  10274830    0000005a     freertos.awr294x.r5f.ti-arm-clang.debug.lib : tasks.obj (.text.prvCheckTasksWaitingTermination)
                  1027488a    00000002     --HOLE-- [fill = 0]
                  1027488c    00000058     libc.a : fopen.c.obj (.text.__TI_cleanup)
                  102748e4    00000058     libsysbm.a : trgmsg.c.obj (.text.__TI_readmsg)
                  1027493c    00000058                : trgmsg.c.obj (.text.__TI_writemsg)
                  10274994    00000058     libc.a : snprintf.c.obj (.text._outs)
                  102749ec    00000058            : vsnprintf.c.obj (.text._outs)
                  10274a44    0000000c     --HOLE-- [fill = 0]
                  10274a50    00000056     drivers.awr294x.r5f.ti-arm-clang.debug.lib : edma.obj (.text.EDMA_getHandle)
                  10274aa6    0000000a     --HOLE-- [fill = 0]
                  10274ab0    00000056     mmwave_listlib.o (.text.MMWave_listCat)
                  10274b06    0000000a     --HOLE-- [fill = 0]
                  10274b10    00000056     rl_driver.o (.text.rlDriverConstructInMsg)
                  10274b66    0000000a     --HOLE-- [fill = 0]
                  10274b70    00000054     drivers.awr294x.r5f.ti-arm-clang.debug.lib : edma.obj (.text.EDMA_setPaRAM)
                  10274bc4    0000000c     --HOLE-- [fill = 0]
                  10274bd0    00000054                                                : ipc_notify_v1.obj (.text.IpcNotify_getMemoryToWrite)
                  10274c24    0000000c     --HOLE-- [fill = 0]
                  10274c30    00000054                                                : soc_rcm.obj (.text.SOC_rcmGetModuleClkDivVal)
                  10274c84    00000054     libc.a : exit.c.obj (.text.exit)
                  10274cd8    00000054            : getdevice.c.obj (.text.finddevice)
                  10274d2c    00000004     --HOLE-- [fill = 0]
                  10274d30    00000054     freertos.awr294x.r5f.ti-arm-clang.debug.lib : queue.obj (.text.vQueueDelete)
                  10274d84    0000000c     --HOLE-- [fill = 0]
                  10274d90    00000054                                                 : queue.obj (.text.vQueueUnregisterQueue)
                  10274de4    00000054     libc.a : autoinit.c.obj (.text:__TI_auto_init_nobinit_nopinit)
                  10274e38    00000008     --HOLE-- [fill = 0]
                  10274e40    00000052     drivers.awr294x.r5f.ti-arm-clang.debug.lib : edma.obj (.text.EDMA_readIntrStatusRegion)
                  10274e92    0000000e     --HOLE-- [fill = 0]
                  10274ea0    00000052     mmwave.o (.text.MMWave_decodeError)
                  10274ef2    0000000e     --HOLE-- [fill = 0]
                  10274f00    00000052     drivers.awr294x.r5f.ti-arm-clang.debug.lib : pinmux.obj (.text.Pinmux_config)
                  10274f52    0000000e     --HOLE-- [fill = 0]
                  10274f60    00000052                                                : ipc_rpmsg.obj (.text.RPMessage_allocEndPtMsg)
                  10274fb2    0000000e     --HOLE-- [fill = 0]
                  10274fc0    00000052                                                : soc_rcm.obj (.text.SOC_rcmGetClkSrcFromClkSelVal)
                  10275012    0000000e     --HOLE-- [fill = 0]
                  10275020    00000052     freertos.awr294x.r5f.ti-arm-clang.debug.lib : queue.obj (.text.vQueueAddToRegistry)
                  10275072    0000000e     --HOLE-- [fill = 0]
                  10275080    00000052                                                 : tasks.obj (.text.vTaskPlaceOnEventList)
                  102750d2    0000000e     --HOLE-- [fill = 0]
                  102750e0    00000050     cli_mmwave.o (.text.CLI_MMWaveLowPowerCfg)
                  10275130    00000050     ti_drivers_open_close.o (.text.Drivers_edmaClose)
                  10275180    00000050     ti_drivers_open_close.o (.text.Drivers_uartClose)
                  102751d0    0000004e     cli_mmwave.o (.text.CLI_MMWaveFlushCfg)
                  1027521e    00000002     --HOLE-- [fill = 0]
                  10275220    0000004e     drivers.awr294x.r5f.ti-arm-clang.debug.lib : edma.obj (.text.EDMA_clrEvtRegion)
                  1027526e    00000002     --HOLE-- [fill = 0]
                  10275270    0000004e                                                : edma.obj (.text.EDMA_clrIntrRegion)
                  102752be    00000002     --HOLE-- [fill = 0]
                  102752c0    0000004e                                                : edma.obj (.text.EDMA_disableDmaEvtRegion)
                  1027530e    00000002     --HOLE-- [fill = 0]
                  10275310    0000004e                                                : edma.obj (.text.EDMA_disableEvtIntrRegion)
                  1027535e    00000002     --HOLE-- [fill = 0]
                  10275360    0000004e                                                : edma.obj (.text.EDMA_enableDmaEvtRegion)
                  102753ae    00000002     --HOLE-- [fill = 0]
                  102753b0    0000004e                                                : edma.obj (.text.EDMA_enableEvtIntrRegion)
                  102753fe    00000002     --HOLE-- [fill = 0]
                  10275400    0000004e                                                : edma.obj (.text.EDMA_getCcErrorInfo)
                  1027544e    00000002     --HOLE-- [fill = 0]
                  10275450    0000004e                                                : edma.obj (.text.EDMA_setEvtRegion)
                  1027549e    00000002     --HOLE-- [fill = 0]
                  102754a0    0000004e                                                : ipc_notify_v1.obj (.text.IpcNotify_getMemoryToRead)
                  102754ee    00000002     --HOLE-- [fill = 0]
                  102754f0    0000004c     cli_mmwave.o (.text.CLI_MMWaveExtensionInit)
                  1027553c    00000004     --HOLE-- [fill = 0]
                  10275540    0000004c     drivers.awr294x.r5f.ti-arm-clang.debug.lib : edma.obj (.text.EDMA_ccPaRAMEntry_init)
                  1027558c    00000004     --HOLE-- [fill = 0]
                  10275590    0000004c                                                : edma.obj (.text.EDMA_mapQdmaChToPaRAM)
                  102755dc    00000004     --HOLE-- [fill = 0]
                  102755e0    0000004c                                                : ipc_notify_v1.obj (.text.IpcNotify_getWriteMailbox)
                  1027562c    00000004     --HOLE-- [fill = 0]
                  10275630    0000004c                                                : ipc_notify_v1.obj (.text.IpcNotify_unregisterClient)
                  1027567c    00000004     --HOLE-- [fill = 0]
                  10275680    0000004c     ti_power_clock_config.o (.text.Module_clockEnable)
                  102756cc    00000004     --HOLE-- [fill = 0]
                  102756d0    0000004c     drivers.awr294x.r5f.ti-arm-clang.debug.lib : uart_sci.obj (.text.UART_Params_init)
                  1027571c    00000004     --HOLE-- [fill = 0]
                  10275720    0000004c                                                : uart_sci.obj (.text.UART_getHandle)
                  1027576c    0000004c     libc.a : memccpy.c.obj (.text.memccpy)
                  102757b8    00000008     --HOLE-- [fill = 0]
                  102757c0    0000004c     rl_driver.o (.text.rlDriverCalCRC)
                  1027580c    00000004     --HOLE-- [fill = 0]
                  10275810    0000004c     rl_driver.o (.text.rlDriverValidateHdr)
                  1027585c    00000004     --HOLE-- [fill = 0]
                  10275860    00000048     drivers.awr294x.r5f.ti-arm-clang.debug.lib : edma.obj (.text.EDMA_clearTcErrors)
                  102758a8    00000008     --HOLE-- [fill = 0]
                  102758b0    00000048                                                : mailbox.obj (.text.Mailbox_readCallback)
                  102758f8    00000008     --HOLE-- [fill = 0]
                  10275900    00000048                                                : ipc_rpmsg.obj (.text.RPMessage_queueGet)
                  10275948    00000008     --HOLE-- [fill = 0]
                  10275950    00000048     freertos.awr294x.r5f.ti-arm-clang.debug.lib : queue.obj (.text.prvInitialiseNewQueue)
                  10275998    00000008     --HOLE-- [fill = 0]
                  102759a0    00000048     rl_device.o (.text.rlDeviceGetMmWaveLinkVersion)
                  102759e8    00000008     --HOLE-- [fill = 0]
                  102759f0    00000048     rl_device.o (.text.rlDeviceGetMssVersion)
                  10275a38    00000048     libc.a : strcspn.c.obj (.text.strcspn)
                  10275a80    00000048     libsysbm.a : unlink.c.obj (.text.unlink)
                  10275ac8    00000008     --HOLE-- [fill = 0]
                  10275ad0    00000048     freertos.awr294x.r5f.ti-arm-clang.debug.lib : list.obj (.text.uxListRemove)
                  10275b18    00000008     --HOLE-- [fill = 0]
                  10275b20    00000046                                                 : DebugP_uartLogWriter.obj (.text.DebugP_uartLogWriterPutChar)
                  10275b66    0000000a     --HOLE-- [fill = 0]
                  10275b70    00000046     ti_dpl_config.o (.text.Dpl_init)
                  10275bb6    0000000a     --HOLE-- [fill = 0]
                  10275bc0    00000046     mmwave.o (.text.MMWave_encodeError)
                  10275c06    0000000a     --HOLE-- [fill = 0]
                  10275c10    00000046     drivers.awr294x.r5f.ti-arm-clang.debug.lib : mailbox_cfg.obj (.text.Mailbox_getRemoteCoreObj)
                  10275c56    0000000a     --HOLE-- [fill = 0]
                  10275c60    00000046                                                : ipc_rpmsg.obj (.text.RPMessage_freeEndPtMsg)
                  10275ca6    0000000a     --HOLE-- [fill = 0]
                  10275cb0    00000046                                                : ipc_rpmsg_vring.obj (.text.RPMessage_vringGetSize)
                  10275cf6    0000000a     --HOLE-- [fill = 0]
                  10275d00    00000046                                                : soc_rcm.obj (.text.SOC_rcmGetPeripheralClock)
                  10275d46    0000000a     --HOLE-- [fill = 0]
                  10275d50    00000046                                                : uart_sci.obj (.text.UART_rxChar)
                  10275d96    0000000a     --HOLE-- [fill = 0]
                  10275da0    00000046     freertos.awr294x.r5f.ti-arm-clang.debug.lib : tasks.obj (.text.vTaskExitCritical)
                  10275de6    0000000a     --HOLE-- [fill = 0]
                  10275df0    00000044     mmwave_listlib.o (.text.MMWave_listAdd)
                  10275e34    0000000c     --HOLE-- [fill = 0]
                  10275e40    00000044     drivers.awr294x.r5f.ti-arm-clang.debug.lib : soc_rcm.obj (.text.SOC_rcmExtract16)
                  10275e84    0000000c     --HOLE-- [fill = 0]
                  10275e90    00000044                                                : soc_rcm.obj (.text.SOC_rcmExtract8)
                  10275ed4    0000000c     --HOLE-- [fill = 0]
                  10275ee0    00000044                                                : soc_rcm.obj (.text.SOC_rcmMake16)
                  10275f24    0000000c     --HOLE-- [fill = 0]
                  10275f30    00000044                                                : uart_sci.obj (.text.UART_txChar)
                  10275f74    0000000c     --HOLE-- [fill = 0]
                  10275f80    00000044     freertos.awr294x.r5f.ti-arm-clang.debug.lib : printf.obj (.text._strnlen_s)
                  10275fc4    0000000c     --HOLE-- [fill = 0]
                  10275fd0    00000044                                                 : timers.obj (.text.prvSampleTimeNow)
                  10276014    0000000c     --HOLE-- [fill = 0]
                  10276020    00000044     rl_driver.o (.text.rlDriverFillPayload)
                  10276064    00000044     libc.a : strspn.c.obj (.text.strspn)
                  102760a8    00000008     --HOLE-- [fill = 0]
                  102760b0    00000042     drivers.awr294x.r5f.ti-arm-clang.debug.lib : ipc_notify_v1.obj (.text.IpcNotify_getReadDoneAckMailbox)
                  102760f2    0000000e     --HOLE-- [fill = 0]
                  10276100    00000042                                                : ipc_notify_v1.obj (.text.IpcNotify_mailboxWriteCustomIpcConfig)
                  10276142    0000000e     --HOLE-- [fill = 0]
                  10276150    00000042     mmwave_listlib.o (.text.MMWave_listRemove)
                  10276192    0000000e     --HOLE-- [fill = 0]
                  102761a0    00000042     freertos.awr294x.r5f.ti-arm-clang.debug.lib : queue.obj (.text.prvCopyDataFromQueue)
                  102761e2    0000000e     --HOLE-- [fill = 0]
                  102761f0    00000042     rl_sensor.o (.text.rlRfApllSynthBwCtlConfig)
                  10276232    0000000e     --HOLE-- [fill = 0]
                  10276240    00000042     rl_sensor.o (.text.rlRfSetLdoBypassConfig)
                  10276282    0000000e     --HOLE-- [fill = 0]
                  10276290    00000042     R5F_0.o (.text.send_to_core)
                  102762d2    0000000e     --HOLE-- [fill = 0]
                  102762e0    00000042     freertos.awr294x.r5f.ti-arm-clang.debug.lib : tasks.obj (.text.xTaskGetIdleTaskHandle)
                  10276322    0000000e     --HOLE-- [fill = 0]
                  10276330    00000040     ti_drivers_config.o (.text.IpcNotify_allocSwQueue)
                  10276370    00000040     drivers.awr294x.r5f.ti-arm-clang.debug.lib : soc_rcm.obj (.text.SOC_rcmExtract32)
                  102763b0    00000040     libc.a : memory.c.obj (.text.free_list_insert)
                  102763f0    00000040     freertos.awr294x.r5f.ti-arm-clang.debug.lib : timers.obj (.text.prvGetNextExpireTime)
                  10276430    0000003e     drivers.awr294x.r5f.ti-arm-clang.debug.lib : soc_rcm.obj (.text.SOC_rcmIsPadDisableRequired)
                  1027646e    00000002     --HOLE-- [fill = 0]
                  10276470    0000003e                                                : soc_rcm.obj (.text.SOC_rcmIsR5FInLockStepMode)
                  102764ae    00000002     --HOLE-- [fill = 0]
                  102764b0    0000003c     freertos.awr294x.r5f.ti-arm-clang.debug.lib : HeapP_freertos.obj (.text.HeapP_construct)
                  102764ec    00000004     --HOLE-- [fill = 0]
                  102764f0    0000003c     drivers.awr294x.r5f.ti-arm-clang.debug.lib : ipc_rpmsg.obj (.text.RPMessage_isLinuxCore)
                  1027652c    00000004     --HOLE-- [fill = 0]
                  10276530    0000003c                                                : ipc_rpmsg_vring.obj (.text.RPMessage_vringGetRxBufAddr)
                  1027656c    00000004     --HOLE-- [fill = 0]
                  10276570    0000003c                                                : ipc_rpmsg_vring.obj (.text.RPMessage_vringGetTxBufAddr)
                  102765ac    00000004     --HOLE-- [fill = 0]
                  102765b0    0000003c                                                : ipc_rpmsg_vring.obj (.text.RPMessage_vringGetTxBufLen)
                  102765ec    00000004     --HOLE-- [fill = 0]
                  102765f0    0000003c     freertos.awr294x.r5f.ti-arm-clang.debug.lib : tasks.obj (.text.prvResetNextTaskUnblockTime)
                  1027662c    00000004     --HOLE-- [fill = 0]
                  10276630    0000003c     rl_controller.o (.text.rlAppendDummy)
                  1027666c    00000004     --HOLE-- [fill = 0]
                  10276670    0000003a     freertos.awr294x.r5f.ti-arm-clang.debug.lib : printf.obj (.text._atoi)
                  102766aa    00000006     --HOLE-- [fill = 0]
                  102766b0    0000003a     rl_driver.o (.text.rlDriverShiftDWord)
                  102766ea    00000006     --HOLE-- [fill = 0]
                  102766f0    0000003a     freertos.awr294x.r5f.ti-arm-clang.debug.lib : list.obj (.text.vListInsertEnd)
                  1027672a    00000006     --HOLE-- [fill = 0]
                  10276730    00000038     drivers.awr294x.r5f.ti-arm-clang.debug.lib : edma.obj (.text.EDMA_qdmaClrMissEvtRegion)
                  10276768    00000008     --HOLE-- [fill = 0]
                  10276770    00000038                                                : ipc_notify_v1.obj (.text.IpcNotify_getReadSwQ)
                  102767a8    00000008     --HOLE-- [fill = 0]
                  102767b0    00000038     rl_driver.o (.text.rlDriverIsDeviceMapValid)
                  102767e8    00000008     --HOLE-- [fill = 0]
                  102767f0    00000038     freertos.awr294x.r5f.ti-arm-clang.debug.lib : tasks.obj (.text.xTaskGetSchedulerState)
                  10276828    00000008     --HOLE-- [fill = 0]
                  10276830    00000036     drivers.awr294x.r5f.ti-arm-clang.debug.lib : edma.obj (.text.EDMA_getRegionId)
                  10276866    0000000a     --HOLE-- [fill = 0]
                  10276870    00000036                                                : ipc_notify_v1.obj (.text.IpcNotify_syncCallback)
                  102768a6    0000000a     --HOLE-- [fill = 0]
                  102768b0    00000036                                                : ipc_rpmsg.obj (.text.RPMessage_controlEndPtInit)
                  102768e6    0000000a     --HOLE-- [fill = 0]
                  102768f0    00000036                                                : ipc_rpmsg.obj (.text.RPMessage_queuePut)
                  10276926    0000000a     --HOLE-- [fill = 0]
                  10276930    00000036                                                : uart_sci.obj (.text.UART_checkTransaction)
                  10276966    0000000a     --HOLE-- [fill = 0]
                  10276970    00000036     rl_sensor.o (.text.rlGetRfDieId)
                  102769a6    0000000a     --HOLE-- [fill = 0]
                  102769b0    00000034     freertos.awr294x.r5f.ti-arm-clang.debug.lib : TimerP_rti.obj (.text.TimerP_Params_init)
                  102769e4    00000034     libc.a : memory.c.obj (.text.free_list_remove)
                  10276a18    00000034     libsysbm.a : lseek.c.obj (.text.lseek)
                  10276a4c    00000004     --HOLE-- [fill = 0]
                  10276a50    00000034     rl_device.o (.text.rlDeviceGetRfVersion)
                  10276a84    0000000c     --HOLE-- [fill = 0]
                  10276a90    00000034     freertos.awr294x.r5f.ti-arm-clang.debug.lib : port.obj (.text.vPortTimerTickHandler)
                  10276ac4    00000034     libsysbm.a : write.c.obj (.text.write)
                  10276af8    00000008     --HOLE-- [fill = 0]
                  10276b00    00000032     freertos.awr294x.r5f.ti-arm-clang.debug.lib : ClockP_freertos.obj (.text.ClockP_timerTickIsr)
                  10276b32    0000000e     --HOLE-- [fill = 0]
                  10276b40    00000032     drivers.awr294x.r5f.ti-arm-clang.debug.lib : edma.obj (.text.HW_WR_FIELD32_RAW)
                  10276b72    0000000e     --HOLE-- [fill = 0]
                  10276b80    00000032                                                : ipc_notify_v1.obj (.text.IpcNotify_mailboxIsPendingIntr)
                  10276bb2    0000000e     --HOLE-- [fill = 0]
                  10276bc0    00000032                                                : ipc_notify_v1.obj (.text.IpcNotify_mailboxReadCustomIpcConfig)
                  10276bf2    0000000e     --HOLE-- [fill = 0]
                  10276c00    00000032     freertos.awr294x.r5f.ti-arm-clang.debug.lib : TimerP_rti.obj (.text.TimerP_getCount)
                  10276c32    0000000e     --HOLE-- [fill = 0]
                  10276c40    00000032                                                 : port.obj (.text.vApplicationStackOverflowHook)
                  10276c72    0000000e     --HOLE-- [fill = 0]
                  10276c80    00000032                                                 : tasks.obj (.text.vTaskEnterCritical)
                  10276cb2    0000000e     --HOLE-- [fill = 0]
                  10276cc0    00000032                                                 : queue.obj (.text.xQueueCreateMutexStatic)
                  10276cf2    0000000e     --HOLE-- [fill = 0]
                  10276d00    00000030     drivers.awr294x.r5f.ti-arm-clang.debug.lib : ipc_notify_v1.obj (.text.IpcNotify_getReadDoneMailbox)
                  10276d30    00000030                                                : ipc_notify_v1.obj (.text.IpcNotify_getReadMailbox)
                  10276d60    00000030     freertos.awr294x.r5f.ti-arm-clang.debug.lib : PmuP_armv7r_asm.obj (.text.pmu)
                  10276d90    0000002e     drivers.awr294x.r5f.ti-arm-clang.debug.lib : mailbox.obj (.text.Mailbox_isCoreEnabled)
                  10276dbe    00000002     --HOLE-- [fill = 0]
                  10276dc0    0000002e                                                : soc_rcm.obj (.text.SOC_rcmGetPeripheralClockFrequency)
                  10276dee    00000002     --HOLE-- [fill = 0]
                  10276df0    0000002e     freertos.awr294x.r5f.ti-arm-clang.debug.lib : printf.obj (.text._is_digit)
                  10276e1e    00000002     --HOLE-- [fill = 0]
                  10276e20    0000002e                                                 : queue.obj (.text.prvIsQueueFull)
                  10276e4e    00000002     --HOLE-- [fill = 0]
                  10276e50    0000002e                                                 : tasks.obj (.text.prvTaskCheckFreeStackSpace)
                  10276e7e    00000002     --HOLE-- [fill = 0]
                  10276e80    0000002e                                                 : list.obj (.text.vListInitialise)
                  10276eae    00000002     --HOLE-- [fill = 0]
                  10276eb0    0000002c                                                 : DebugP_log.obj (.text.DebugP_logZoneEnable)
                  10276edc    00000004     --HOLE-- [fill = 0]
                  10276ee0    0000002c     mmwave_fullcfg.o (.text.MMWave_internalDelChirp)
                  10276f0c    00000004     --HOLE-- [fill = 0]
                  10276f10    0000002c     ti_pinmux_config.o (.text.Pinmux_init)
                  10276f3c    00000004     --HOLE-- [fill = 0]
                  10276f40    0000002c     drivers.awr294x.r5f.ti-arm-clang.debug.lib : soc_rcm.obj (.text.SOC_rcmGetHSDivClkSrc)
                  10276f6c    00000004     --HOLE-- [fill = 0]
                  10276f70    0000002c                                                : soc_rcm.obj (.text.SOC_rcmGetR5Clock)
                  10276f9c    00000004     --HOLE-- [fill = 0]
                  10276fa0    0000002c     freertos.awr294x.r5f.ti-arm-clang.debug.lib : TaskP_freertos.obj (.text.TaskP_calcCounterDiff)
                  10276fcc    00000004     --HOLE-- [fill = 0]
                  10276fd0    0000002c     libclang_rt.builtins.a : divsi3.S.obj (.text.__divsi3)
                  10276ffc    0000002c     libc.a : snprintf.c.obj (.text._outc)
                  10277028    0000002c            : vsnprintf.c.obj (.text._outc)
                  10277054    0000000c     --HOLE-- [fill = 0]
                  10277060    0000002c     freertos.awr294x.r5f.ti-arm-clang.debug.lib : queue.obj (.text.prvInitialiseMutex)
                  1027708c    00000004     --HOLE-- [fill = 0]
                  10277090    0000002c                                                 : tasks.obj (.text.pvTaskIncrementMutexHeldCount)
                  102770bc    00000004     --HOLE-- [fill = 0]
                  102770c0    0000002c                                                 : port.obj (.text.vApplicationGetIdleTaskMemory)
                  102770ec    00000004     --HOLE-- [fill = 0]
                  102770f0    0000002c                                                 : port.obj (.text.vApplicationGetTimerTaskMemory)
                  1027711c    00000004     --HOLE-- [fill = 0]
                  10277120    0000002a     drivers.awr294x.r5f.ti-arm-clang.debug.lib : ipc_notify_v1.obj (.text.IpcNotify_isCoreEnabled)
                  1027714a    00000006     --HOLE-- [fill = 0]
                  10277150    0000002a                                                : ipc_rpmsg.obj (.text.RPMessage_putEndPtMsg)
                  1027717a    00000006     --HOLE-- [fill = 0]
                  10277180    0000002a     cli.o (.text.UART_Transaction_init)
                  102771aa    00000006     --HOLE-- [fill = 0]
                  102771b0    0000002a     freertos.awr294x.r5f.ti-arm-clang.debug.lib : DebugP_uartLogWriter.obj (.text.UART_Transaction_init)
                  102771da    00000006     --HOLE-- [fill = 0]
                  102771e0    00000028                                                 : CpuId_armv7r.obj (.text.CSL_armR5GetCpuID)
                  10277208    00000008     --HOLE-- [fill = 0]
                  10277210    00000028     drivers.awr294x.r5f.ti-arm-clang.debug.lib : ipc_notify_v1.obj (.text.IpcNotify_syncCustomIpcConfig)
                  10277238    00000008     --HOLE-- [fill = 0]
                  10277240    00000028     freertos.awr294x.r5f.ti-arm-clang.debug.lib : tasks.obj (.text.prvIdleTask)
                  10277268    00000008     --HOLE-- [fill = 0]
                  10277270    00000028                                                 : queue.obj (.text.prvIsQueueEmpty)
                  10277298    00000028     libc.a : _printfi.c.obj (.text.strchr)
                  102772c0    00000028     freertos.awr294x.r5f.ti-arm-clang.debug.lib : printf.obj (.text.vprintf_)
                  102772e8    00000008     --HOLE-- [fill = 0]
                  102772f0    00000026     drivers.awr294x.r5f.ti-arm-clang.debug.lib : edma.obj (.text.EDMA_disableQdmaEvtRegion)
                  10277316    0000000a     --HOLE-- [fill = 0]
                  10277320    00000026                                                : edma.obj (.text.EDMA_enableQdmaEvtRegion)
                  10277346    0000000a     --HOLE-- [fill = 0]
                  10277350    00000026                                                : edma.obj (.text.EDMA_getEnabledIntrHighRegion)
                  10277376    0000000a     --HOLE-- [fill = 0]
                  10277380    00000026                                                : edma.obj (.text.EDMA_getEnabledIntrRegion)
                  102773a6    0000000a     --HOLE-- [fill = 0]
                  102773b0    00000026                                                : edma.obj (.text.EDMA_getIntrStatusRegion)
                  102773d6    0000000a     --HOLE-- [fill = 0]
                  102773e0    00000026                                                : edma.obj (.text.EDMA_intrStatusHighGetRegion)
                  10277406    0000000a     --HOLE-- [fill = 0]
                  10277410    00000026                                                : edma.obj (.text.EDMA_validateIntrObject)
                  10277436    0000000a     --HOLE-- [fill = 0]
                  10277440    00000026     mmwave_fullcfg.o (.text.MMWave_internalDelAdvChirp)
                  10277466    0000000a     --HOLE-- [fill = 0]
                  10277470    00000026     mmwave_fullcfg.o (.text.MMWave_internalDelBpmChirp)
                  10277496    0000000a     --HOLE-- [fill = 0]
                  102774a0    00000026     mmwave_fullcfg.o (.text.MMWave_internalDelPhaseShiftChirp)
                  102774c6    0000000a     --HOLE-- [fill = 0]
                  102774d0    00000026     mmwave_fullcfg.o (.text.MMWave_internalDelProfile)
                  102774f6    0000000a     --HOLE-- [fill = 0]
                  10277500    00000026     freertos.awr294x.r5f.ti-arm-clang.debug.lib : queue.obj (.text.prvGetDisinheritPriorityAfterTimeout)
                  10277526    0000000a     --HOLE-- [fill = 0]
                  10277530    00000026     rl_driver.o (.text.rlDriverConstructOutMsg)
                  10277556    0000000a     --HOLE-- [fill = 0]
                  10277560    00000026     freertos.awr294x.r5f.ti-arm-clang.debug.lib : HeapP_internal.obj (.text.vHeapCreateStatic)
                  10277586    0000000a     --HOLE-- [fill = 0]
                  10277590    00000024     ti_drivers_config.o (.text.IpcNotify_getConfig)
                  102775b4    00000024     libclang_rt.builtins.a : aeabi_uldivmod.S.obj (.text.__aeabi_uldivmod)
                  102775d8    00000008     --HOLE-- [fill = 0]
                  102775e0    00000024     freertos.awr294x.r5f.ti-arm-clang.debug.lib : printf.obj (.text._out_char)
                  10277604    0000000c     --HOLE-- [fill = 0]
                  10277610    00000024                                                 : tasks.obj (.text.vTaskInternalSetTimeOutState)
                  10277634    0000000c     --HOLE-- [fill = 0]
                  10277640    00000022     drivers.awr294x.r5f.ti-arm-clang.debug.lib : edma.obj (.text.EDMA_channelToParamMap)
                  10277662    0000000e     --HOLE-- [fill = 0]
                  10277670    00000022                                                : soc_rcm.obj (.text.SOC_rcmGetFixedRootClkFout)
                  10277692    0000000e     --HOLE-- [fill = 0]
                  102776a0    00000020     freertos.awr294x.r5f.ti-arm-clang.debug.lib : ClockP_freertos.obj (.text.ClockP_usecToTicks)
                  102776c0    00000020                                                 : HeapP_freertos.obj (.text.HeapP_alloc)
                  102776e0    00000020     drivers.awr294x.r5f.ti-arm-clang.debug.lib : ipc_notify_v1_cfg.obj (.text.IpcNotify_wait)
                  10277700    00000020                                                : ipc_rpmsg.obj (.text.RPMessage_CreateParams_init)
                  10277720    00000020     freertos.awr294x.r5f.ti-arm-clang.debug.lib : heap_3.obj (.text.vPortFree)
                  10277740    00000020     libc.a : wcslen.c.obj (.text.wcslen)
                  10277760    0000001e     drivers.awr294x.r5f.ti-arm-clang.debug.lib : soc.obj (.text.SOC_moduleSetClockFrequency)
                  1027777e    00000002     --HOLE-- [fill = 0]
                  10277780    0000001e     freertos.awr294x.r5f.ti-arm-clang.debug.lib : timers.obj (.text.prvTimerTask)
                  1027779e    00000002     --HOLE-- [fill = 0]
                  102777a0    0000001e                                                 : port.obj (.text.xPortStartScheduler)
                  102777be    00000002     --HOLE-- [fill = 0]
                  102777c0    0000001e                                                 : tasks.obj (.text.xTaskGetTickCount)
                  102777de    00000002     --HOLE-- [fill = 0]
                  102777e0    0000001c     drivers.awr294x.r5f.ti-arm-clang.debug.lib : edma.obj (.text.EDMA_errIntrHighStatusGet)
                  102777fc    00000004     --HOLE-- [fill = 0]
                  10277800    0000001c                                                : edma.obj (.text.EDMA_getCCErrStatus)
                  1027781c    00000004     --HOLE-- [fill = 0]
                  10277820    0000001c                                                : edma.obj (.text.EDMA_getErrIntrStatus)
                  1027783c    00000004     --HOLE-- [fill = 0]
                  10277840    0000001c                                                : edma.obj (.text.EDMA_qdmaGetErrIntrStatus)
                  1027785c    00000004     --HOLE-- [fill = 0]
                  10277860    0000001c     freertos.awr294x.r5f.ti-arm-clang.debug.lib : HeapP_freertos.obj (.text.HeapP_free)
                  1027787c    00000004     --HOLE-- [fill = 0]
                  10277880    0000001c     ti_dpl_config.o (.text.putchar_)
                  1027789c    0000001c     libsysbm.a : hostrename.c.obj (.text.strcpy)
                  102778b8    0000001c     libc.a : _printfi.c.obj (.text.strlen)
                  102778d4    0000001c            : strlen.c.obj (.text.strlen)
                  102778f0    0000001c     libsysbm.a : hostrename.c.obj (.text.strlen)
                  1027790c    00000004     --HOLE-- [fill = 0]
                  10277910    0000001c     freertos.awr294x.r5f.ti-arm-clang.debug.lib : port.obj (.text.vPortYeildFromISR)
                  1027792c    0000001c     libc.a : memcpy32.S.obj (.text:TI_memcpy_small)
                  10277948    00000008     --HOLE-- [fill = 0]
                  10277950    00000018     drivers.awr294x.r5f.ti-arm-clang.debug.lib : soc_rcm.obj (.text.CSL_TopCtrl_readXtalFreqScale)
                  10277968    00000008     --HOLE-- [fill = 0]
[...]
10272be1  RPMessage_getEndPtMsg                  
10272d91  rlGetSubBlock                          
10272e18  HOSTread                               
10272e9c  HOSTwrite                              
10272f21  RPMessage_notifyCallback               
10272fb1  EDMA_allocDmaChannel                   
10273041  EDMA_allocParam                        
102730d1  EDMA_allocTcc                          
10273281  SemaphoreP_pend                        
10273311  _DebugP_assert                         
102733a1  rlAppendSubBlock                       
10273431  CLI_MMWaveExtensionHandler             
102735b1  ClockP_getTimeUsec                     
10273631  rlDriverExecuteSetApi                  
102736b1  xQueueTakeMutexRecursive               
102737b0  frexp                                  
102737b0  frexpl                                 
10273831  rlDeviceGetVersion                     
102738b1  xQueueGiveMutexRecursive               
10273a28  snprintf                               
10273aa0  strtok                                 
10273ba1  RPMessage_vringIsFullRxBuf             
10273ca1  CLI_MMWaveExtensionHelp                
10273d21  EDMA_clrMissEvtRegion                  
10273ea1  SemaphoreP_constructMutex              
10273f80  HOSTunlink                             
10273ff1  MMWave_listRemoveNode                  
102740d1  rlDriverCmdSendRetry                   
10274141  vListInsert                            
102741b1  vTaskDelay                             
10274221  EDMA_getBaseAddr                       
10274288  atoi                                   
102742f1  RPMessage_controlEndPtHandler          
10274361  vApplicationLoadHook                   
102743d1  vQueueWaitForMessageRestricted         
102744b1  SemaphoreP_post                        
10274521  vTaskPlaceOnEventListRestricted        
10274584  HOSTclose                              
102746b0  vsnprintf                              
10274711  RPMessage_vringCheckEmptyTxBuf         
10274771  CLI_write                              
102747d1  Module_clockSetFrequency               
1027488c  __TI_cleanup                           
102748e4  __TI_readmsg                           
1027493c  __TI_writemsg                          
10274988  C$$IO$$                                
10274a51  EDMA_getHandle                         
10274ab1  MMWave_listCat                         
10274b11  rlDriverConstructInMsg                 
10274b71  EDMA_setPaRAM                          
10274bd1  IpcNotify_getMemoryToWrite             
10274c84  exit                                   
10274cd8  finddevice                             
10274d31  vQueueDelete                           
10274d91  vQueueUnregisterQueue                  
10274de4  __TI_auto_init_nobinit_nopinit         
10274e41  EDMA_readIntrStatusRegion              
10274ea1  MMWave_decodeError                     
10274f01  Pinmux_config                          
10274f61  RPMessage_allocEndPtMsg                
10275021  vQueueAddToRegistry                    
10275081  vTaskPlaceOnEventList                  
10275131  Drivers_edmaClose                      
10275181  Drivers_uartClose                      
10275221  EDMA_clrEvtRegion                      
10275271  EDMA_clrIntrRegion                     
102752c1  EDMA_disableDmaEvtRegion               
10275311  EDMA_disableEvtIntrRegion              
10275361  EDMA_enableDmaEvtRegion                
102753b1  EDMA_enableEvtIntrRegion               
10275451  EDMA_setEvtRegion                      
102754a1  IpcNotify_getMemoryToRead              
102754f1  CLI_MMWaveExtensionInit                
10275541  EDMA_ccPaRAMEntry_init                 
10275591  EDMA_mapQdmaChToPaRAM                  
10275631  IpcNotify_unregisterClient             
10275681  Module_clockEnable                     
10275721  UART_getHandle                         
1027576c  memccpy                                
102757c1  rlDriverCalCRC                         
10275811  rlDriverValidateHdr                    
102758b1  Mailbox_readCallback                   
102759a1  rlDeviceGetMmWaveLinkVersion           
102759f1  rlDeviceGetMssVersion                  
10275a38  strcspn                                
10275a80  unlink                                 
10275ad1  uxListRemove                           
10275b21  DebugP_uartLogWriterPutChar            
10275b71  Dpl_init                               
10275bc1  MMWave_encodeError                     
10275c11  Mailbox_getRemoteCoreObj               
10275c61  RPMessage_freeEndPtMsg                 
10275cb1  RPMessage_vringGetSize                 
10275d01  SOC_rcmGetPeripheralClock              
10275da1  vTaskExitCritical                      
10275df1  MMWave_listAdd                         
10276021  rlDriverFillPayload                    
10276064  strspn                                 
10276151  MMWave_listRemove                      
102761f1  rlRfApllSynthBwCtlConfig               
10276241  rlRfSetLdoBypassConfig                 
102762e1  xTaskGetIdleTaskHandle                 
10276331  IpcNotify_allocSwQueue                 
10276431  SOC_rcmIsPadDisableRequired            
10276471  SOC_rcmIsR5FInLockStepMode             
102764b1  HeapP_construct                        
102764f1  RPMessage_isLinuxCore                  
10276531  RPMessage_vringGetRxBufAddr            
10276571  RPMessage_vringGetTxBufAddr            
102765b1  RPMessage_vringGetTxBufLen             
10276631  rlAppendDummy                          
102766b1  rlDriverShiftDWord                     
102766f1  vListInsertEnd                         
10276731  EDMA_qdmaClrMissEvtRegion              
102767b1  rlDriverIsDeviceMapValid               
102767f1  xTaskGetSchedulerState                 
10276831  EDMA_getRegionId                       
10276871  IpcNotify_syncCallback                 
102768b1  RPMessage_controlEndPtInit             
10276971  rlGetRfDieId                           
102769b1  TimerP_Params_init                     
10276a18  lseek                                  
10276a51  rlDeviceGetRfVersion                   
10276a91  vPortTimerTickHandler                  
10276ac4  write                                  
10276b01  ClockP_timerTickIsr                    
10276c01  TimerP_getCount                        
10276c41  vApplicationStackOverflowHook          
10276c81  vTaskEnterCritical                     
10276cc1  xQueueCreateMutexStatic                
10276d60  CycleCounterP_getCount32               
10276d68  PmuP_setup                             
10276d70  PmuP_enableCounters                    
10276d78  PmuP_disableCounters                   
10276d80  PmuP_getOverflowStatus                 
10276d88  PmuP_clearOverflowStatus               
10276d91  Mailbox_isCoreEnabled                  
10276e81  vListInitialise                        
10276eb1  DebugP_logZoneEnable                   
10276f11  Pinmux_init                            
10276f71  SOC_rcmGetR5Clock                      
10276fd0  __aeabi_idiv                           
10276fd0  __divsi3                               
10277091  pvTaskIncrementMutexHeldCount          
102770c1  vApplicationGetIdleTaskMemory          
102770f1  vApplicationGetTimerTaskMemory         
10277121  IpcNotify_isCoreEnabled                
10277151  RPMessage_putEndPtMsg                  
102771e1  CSL_armR5GetCpuID                      
10277211  IpcNotify_syncCustomIpcConfig          
102772c1  vprintf_                               
102772f1  EDMA_disableQdmaEvtRegion              
10277321  EDMA_enableQdmaEvtRegion               
10277351  EDMA_getEnabledIntrHighRegion          
10277381  EDMA_getEnabledIntrRegion              
102773b1  EDMA_getIntrStatusRegion               
102773e1  EDMA_intrStatusHighGetRegion           
10277531  rlDriverConstructOutMsg                
10277561  vHeapCreateStatic                      
10277591  IpcNotify_getConfig                    
102775b4  __aeabi_uldivmod                       
10277611  vTaskInternalSetTimeOutState           
10277641  EDMA_channelToParamMap                 
102776a1  ClockP_usecToTicks                     
102776c1  HeapP_alloc                            
102776e1  IpcNotify_wait                         
10277701  RPMessage_CreateParams_init            
10277721  vPortFree                              
10277740  wcslen                                 
10277761  SOC_moduleSetClockFrequency            
102777a1  xPortStartScheduler                    
102777c1  xTaskGetTickCount                      
102777e1  EDMA_errIntrHighStatusGet              
10277801  EDMA_getCCErrStatus                    
10277821  EDMA_getErrIntrStatus                  
10277841  EDMA_qdmaGetErrIntrStatus              
10277861  HeapP_free                             
10277881  putchar_                               
102778d4  strlen                                 
10277911  vPortYeildFromISR                      
1027792c  TI_memcpy_small                        
10277971  EDMA_clrCCErr                          
10277991  EDMA_isInterruptEnabled                
102779f1  TimerP_getReloadCount                  
10277a51  freertos_main                          
10277a68  TI_memset_small                        
10277a81  IpcNotify_registerNonNotifyCallback    
10277ac1  SOC_getSelfCpuClk                      
10277ae1  SemaphoreP_destruct                    
10277b01  TimerP_start                           
10277b21  TimerP_stop                            
10277b41  DebugP_uartSetDrvIndex                 
10277ba1  TimerP_clearOverflowInt                
10277c01  xTaskGetCurrentTaskHandle              
10277c41  rlGetSubBlockId                        
10277c61  rlGetSubBlockLen                       
10277c81  uiPortGetRunTimeCounterValue           
10277ca1  AddrTranslateP_getLocalAddr            
10277cd1  ClockP_getTimerCount                   
10277ce1  ClockP_timerClearOverflowInt           
10277d21  SOC_moduleClockEnable                  
10277db0  __aeabi_memset                         
10277db0  __aeabi_memset4                        
10277db0  __aeabi_memset8                        
10277dd0  putchar                                
10277de1  vTaskSuspendAll                        
10277df1  IpcNotify_isCustomIpcConfigEnabled     
10277e01  Mailbox_Params_init                    
10277e11  rlDriverGetPlatformId                  
10277e21  vListInitialiseItem                    
10277e31  vTaskMissedYield                       
10277e41  Board_driversOpen                      
10277e51  Drivers_open                           
10277e61  IpcNotify_getSelfCoreId                
10277e71  MMWave_listGetHead                     
10277e81  MMWave_listGetNext                     
10277e91  PowerClock_init                        
10277ef1  rlDriverGetHandle                      
10277f01  vApplicationIdleHook                   
10277f31  ClockP_getTicks                        
10277f71  TaskP_yield                            
10277f81  Board_init                             
10277f91  vPortConfigTimerForRunTimeStats        
10277fa1  vPortValidateInterruptPriority         
102782a0  __aeabi_ctype_table_                   
102782a0  __aeabi_ctype_table_C                  
1027890c  gCacheConfig                           
10278914  gMpuConfig                             
10278920  gMpuRegionConfig                       
1027b444  gCacheL1dCacheLineSize                 
1027b448  gCacheL1pCacheLineSize                 
1027b460  uxTopUsedPriority                      
1027b480  __BSS_START                            
1027b480  gCliTskStack                           
1027f480  gMainTaskStack                         
10283480  gHwiCtrl                               
10285488  gIpcRpmsgCtrl                          
1028626c  gCLI                                   
1028696c  _CIOBUF_                               
1028696c  __CIOBUF_                              
10286b8c  xQueueRegistry                         
10286c8c  gCLIMMWaveControlCfg                   
10286ee0  __TI_tmpnams                           
10286f80  gTaskP_ctrl                            
102871d0  gCliTaskObj                            
1028725c  gMainTaskObj                           
102873b8  gRovDummyQueue                         
10287408  gCLIMMWaveOpenCfg                      
10287450  gClockCtrl                             
10287488  gMailbox_ctrl                          
1028752c  virtToPhymap                           
1028753c  parmbuf                                
10287548  gCLI_mmwave_freq_scale_factor          
10287564  gCliTask                               
10287568  gEdmaHandle                            
1028756c  gMainTask                              
10287570  gUartHandle                            
10287580  __BSS_END                              
10287580  _sys_memory                            
1028f580  __stack                                
10293580  __STACK_END                            
1029576c  gIpcNotifyMailboxConfig                
1029592c  rl_rxMsg                               
10295a2c  rl_txMsg                               
10295b2c  gIpcNotifyCtrl                         
10295c28  _ftable                                
10295d18  gCLIMMWaveExtensionTable               
10295dfc  gMailboxRemoteCoreObj_c66ss0_to_rss_r4 
10295ebc  gMailboxRemoteCoreObj_r5ss0_0_to_rss_r4
10296128  _device                                
102961a0  gIpcNotifyInterruptConfig_r5fss0_0     
10296210  _stream                                
10296298  gUartParams                            
102962d0  gClockConfig                           
102962e8  gSocModulesClockFrequency              
10296300  gIpcNotifyCoreIntrBitPos               
10296310  __TI_cleanup_ptr                       
10296314  __TI_dtors_ptr                         
10296318  gEdmaConfig                            
10296320  gEdmaParams                            
10296328  gSocModules                            
10296338  gUartConfig                            
10296350  FreeRTOS_errno                         
10296354  __TI_ft_end                            
10296358  __aeabi_errno                          
1029635c  _lock                                  
10296360  _unlock                                
10296368  gDebugLogZone                          
1029636c  gDebugP_uartDrvIndex                   
10296370  gEdmaConfigNum                         
10296374  gHwiConfig                             
10296378  gIpcNotifyInterruptConfigNum_r5fss0_0  
1029637c  gUartConfigNum                         
10296388  pxCurrentTCB                           
1029638c  ulPortInterruptNesting                 
10296390  ulPortSchedularRunning                 
10296394  ulPortTaskHasFPUContext                
10296398  ulPortYieldRequired                    
102963dd  isMapAvailable                         
10296401  HwiP_irq_handler_c                     
10296541  HwiP_fiq_handler                       
102966b1  HwiP_reserved_handler                  
102966f1  HwiP_user_undefined_handler_c          
10296731  HwiP_undefined_handler_c               
10296771  HwiP_user_prefetch_abort_handler_c     
102967d1  HwiP_prefetch_abort_handler_c          
102968a1  HwiP_user_data_abort_handler_c         
10296911  HwiP_data_abort_handler_c              
102969f1  HwiP_enableInt                         
10296a31  HwiP_disableInt                        
10296a91  HwiP_restoreInt                        
10296ac1  HwiP_clearInt                          
10296b01  HwiP_post                              
10296b41  HwiP_Params_init                       
10296b71  HwiP_construct                         
10296d71  HwiP_destruct                          
10296de1  HwiP_init                              
10296f91  HwiP_inISR                             
10296fb8  vPortRestoreTaskContext                
10296ff0  HwiP_svc_handler                       
10297060  HwiP_irq_handler                       
102971a4  HwiP_data_abort_handler                
102971e8  HwiP_prefetch_abort_handler            
10297218  HwiP_undefined_handler                 
10297260  GET_DFSR                               
10297268  GET_ADFSR                              
10297270  GET_DFAR                               
10297278  GET_IFSR                               
10297280  GET_AIFSR                              
10297288  GET_IFAR                               
10297290  GET_SPSR                               
102972a4  HwiP_disable                           
102972b4  HwiP_disableFIQ                        
102972c4  HwiP_enable                            
102972d4  HwiP_enableFIQ                         
102972e4  HwiP_restore                           
102972ec  HwiP_enableVIC                         
102972fc  HwiP_disableVIC                        
1029730c  HwiP_getCPSR                           
10297320  CacheP_disableL1d                      
10297348  CacheP_disableL1p                      
10297360  CacheP_enableL1d                       
10297378  CacheP_enableL1p                       
10297390  CacheP_invL1d                          
102973c8  CacheP_invL1p                          
10297404  CacheP_invL1dAll                       
1029740c  CacheP_invL1pAll                       
10297414  CacheP_wb                              
10297450  CacheP_wbInv                           
1029748c  CacheP_wbAll                           
10297534  CacheP_wbInvAll                        
1029754c  CacheP_wbInvAllAsm                     
102975ec  CacheP_getEnabled                      
10297624  CacheP_getCacheLevelInfo               
10297630  CacheP_configForceWrThru               
10297650  CacheP_setDLFO                         
10297661  CacheP_init                            
102976f1  CacheP_disable                         
10297741  CacheP_enable                          
10297781  CacheP_inv                             
102977c1  MpuP_RegionAttrs_init                  
102977f1  MpuP_setRegion                         
102978e1  MpuP_isEnable                          
102978f1  MpuP_disable                           
10297931  MpuP_enable                            
10297971  MpuP_init                              
10297a08  MpuP_disableAsm                        
10297a20  MpuP_disableBRAsm                      
10297a30  MpuP_enableAsm                         
10297a48  MpuP_enableBRAsm                       
10297a58  MpuP_isEnableAsm                       
10297a6c  MpuP_setRegionAsm                      
10297a80  _c_int00_sbl                           
10297aa4  _c_int00                               
10297b81  _DebugP_assertNoLog                    
10297bb1  _system_pre_init                       
10297be1  __mpu_init                             
10297bf0  abort                                  
10297bf8  __IRQ_STACK_START                      
10297cf8  __FIQ_STACK_START                      
10297cf8  __IRQ_STACK_END                        
10297df8  __FIQ_STACK_END                        
10297df8  __SVC_STACK_START                      
10298df8  __ABORT_STACK_START                    
10298df8  __SVC_STACK_END                        
10298ef8  __ABORT_STACK_END                      
10298ef8  __UNDEFINED_STACK_START                
10298ff8  __UNDEFINED_STACK_END                  
c5000200  gIpcSharedMem                          
ffffffff  __TI_pprof_out_hndl                    
ffffffff  __TI_prof_data_size                    
ffffffff  __TI_prof_data_start                   
ffffffff  __binit__                              
ffffffff  binit                                  
UNDEFED   __TI_CINIT_Base                        
UNDEFED   __TI_CINIT_Limit                       
UNDEFED   __TI_Handler_Table_Base                
UNDEFED   __TI_Handler_Table_Limit               
UNDEFED   _system_post_cinit                     

[571 symbols]
