******************************************************************************
            TI ARM Clang Linker PC v4.0.3                      
******************************************************************************
>> Linked Mon Oct 20 17:16:55 2025

OUTPUT FILE NAME:   <empty_awr294x-evm_r5fss0-1_freertos_ti-arm-clang.out>
ENTRY POINT SYMBOL: "_vectors"  address: 00000000


MEMORY CONFIGURATION

         name            origin    length      used     unused   attr    fill
----------------------  --------  ---------  --------  --------  ----  --------
  R5F_VECS              00000000   00000040  00000040  00000000  RWIX
  R5F_TCMA              00000040   00003fc0  00000000  00003fc0  RWIX
  R5F_TCMB              00080000   00004000  00000000  00004000  RWIX
  MSS_L2                102a0000   00040000  00026958  000196a8  RWIX
  USER_SHM_MEM          102e8000   00004000  00000000  00004000  RWIX
  LOG_SHM_MEM           102ec000   00004000  00000000  00004000  RWIX
  MAILBOX_HSM           44000000   000003ce  00000000  000003ce  RWIX
  MAILBOX_R5F           44000400   000003ce  00000000  000003ce  RWIX
  DSS_L3                88000000   00280000  00000000  00280000  RWIX
  RTOS_NORTOS_IPC_SHM_M c5000200   00001d40  000012c0  00000a80  RWIX


SEGMENT ALLOCATION MAP

run origin  load origin   length   init length attrs members
----------  ----------- ---------- ----------- ----- -------
00000000    00000000    00000040   00000040    r-x
  00000000    00000000    00000040   00000040    r-x .vectors
102a0000    102a0000    00013760   00000000    rw-
  102a0000    102a0000    00007760   00000000    rw- .bss
  102a7760    102a7760    00008000   00000000    rw- .sysmem
  102af760    102af760    00004000   00000000    rw- .stack
102b3760    102b3760    00011788   00011788    r-x
  102b3760    102b3760    0000e2a0   0000e2a0    r-x .text
  102c1a00    102c1a00    00001cf0   00001cf0    r-- .rodata
  102c36f0    102c36f0    00000f20   00000f20    r-x .text.hwi
  102c4610    102c4610    000004a0   000004a0    r-x .text.cache
  102c4ab0    102c4ab0    000002c0   000002c0    r-x .text.mpu
  102c4d70    102c4d70    00000170   00000170    r-x .text.boot
  102c4ee0    102c4ee0    00000008   00000008    r-x .text:abort
102c4ee8    102c4ee8    00001a70   00000670    rw-
  102c4ee8    102c4ee8    00000670   00000670    rw- .data
  102c5558    102c5558    00000100   00000000    rw- .irqstack
  102c5658    102c5658    00000100   00000000    rw- .fiqstack
  102c5758    102c5758    00001000   00000000    rw- .svcstack
  102c6758    102c6758    00000100   00000000    rw- .abortstack
  102c6858    102c6858    00000100   00000000    rw- .undefinedstack


SECTION ALLOCATION MAP

 output                                  attributes/
section   page    origin      length       input sections
--------  ----  ----------  ----------   ----------------
.vectors   0    00000000    00000040     
                  00000000    00000040     freertos.awr294x.r5f.ti-arm-clang.debug.lib : HwiP_armv7r_vectors_freertos_asm.obj (.vectors)

.bss       0    102a0000    00007760     UNINITIALIZED
                  102a0000    00004000     (.common:gMainTaskStack)
                  102a4000    00001008     (.common:gHwiCtrl)
                  102a5008    00001000     freertos.awr294x.r5f.ti-arm-clang.debug.lib : port.obj (.bss.uxIdleTaskStack)
                  102a6008    00000730     (.common:gIpcRpmsgCtrl)
                  102a6738    00000400                                                 : port.obj (.bss.uxTimerTaskStack)
                  102a6b38    00000280                                                 : tasks.obj (.bss.pxReadyTasksLists)
                  102a6db8    00000120     libsysbm.a : trgmsg.c.obj (.bss:_CIOBUF_)
                  102a6ed8    00000100     freertos.awr294x.r5f.ti-arm-clang.debug.lib : timers.obj (.bss.prvCheckForValidListAndQueue.ucStaticTimerQueueStorage)
                  102a6fd8    00000100     (.common:xQueueRegistry)
                  102a70d8    000000c0     R5F_1.o (.bss.gMsgObj)
                  102a7198    000000c0     R5F_1.o (.bss.gRecvObj)
                  102a7258    000000a0     libc.a : defs.c.obj (.bss.__TI_tmpnams)
                  102a72f8    000000a0     (.common:gTaskP_ctrl)
                  102a7398    00000098     freertos.awr294x.r5f.ti-arm-clang.debug.lib : DebugP_freertos.obj (.bss.gDebugLogLockObj)
                  102a7430    0000008c                                                 : port.obj (.bss.xIdleTaskTCB)
                  102a74bc    0000008c                                                 : port.obj (.bss.xTimerTaskTCB)
                  102a7548    0000008c     (.common:gMainTaskObj)
                  102a75d4    00000050                                                 : timers.obj (.bss.prvCheckForValidListAndQueue.xStaticTimerQueue)
                  102a7624    00000050     (.common:gRovDummyQueue)
                  102a7674    00000004                                                 : HwiP_armv7r_handlers_freertos.obj (.bss.gdummy)
                  102a7678    00000038     (.common:gClockCtrl)
                  102a76b0    00000014                                                 : timers.obj (.bss.xActiveTimerList1)
                  102a76c4    00000014                                                 : timers.obj (.bss.xActiveTimerList2)
                  102a76d8    00000014                                                 : tasks.obj (.bss.xDelayedTaskList1)
                  102a76ec    00000014                                                 : tasks.obj (.bss.xDelayedTaskList2)
                  102a7700    00000014                                                 : tasks.obj (.bss.xPendingReadyList)
                  102a7714    00000014                                                 : tasks.obj (.bss.xSuspendedTaskList)
                  102a7728    00000014                                                 : tasks.obj (.bss.xTasksWaitingTermination)
                  102a773c    00000008     libsysbm.a : hostopen.c.obj (.bss.parmbuf)
                  102a7744    00000004     freertos.awr294x.r5f.ti-arm-clang.debug.lib : HwiP_armv7r_vim.obj (.bss.gdummy)
                  102a7748    00000004                                                 : timers.obj (.bss.pxCurrentTimerList)
                  102a774c    00000004                                                 : tasks.obj (.bss.pxDelayedTaskList)
                  102a7750    00000004                                                 : tasks.obj (.bss.pxOverflowDelayedTaskList)
                  102a7754    00000004                                                 : timers.obj (.bss.pxOverflowTimerList)
                  102a7758    00000004     libc.a : memory.c.obj (.bss.sys_free)
                  102a775c    00000004     (.common:gMainTask)

.sysmem    0    102a7760    00008000     UNINITIALIZED
                  102a7760    00000010     libc.a : memory.c.obj (.sysmem)
                  102a7770    00007ff0     --HOLE--

.stack     0    102af760    00004000     UNINITIALIZED
                  102af760    00000004     freertos.awr294x.r5f.ti-arm-clang.debug.lib : boot_armv7r_asm.obj (.stack)
                  102af764    00003ffc     --HOLE--

.text      0    102b3760    0000e2a0     
                  102b3760    00001328     libc.a : _scanfi.c.obj (.text.__TI_scanfi)
                  102b4a88    00000008     libsysbm.a : hostexit.c.obj (.text.HOSTexit)
                  102b4a90    00000a34     freertos.awr294x.r5f.ti-arm-clang.debug.lib : printf.obj (.text._vsnprintf)
                  102b54c4    0000000c     libc.a : aeabi_portable.c.obj (.text.__aeabi_errno_addr)
                  102b54d0    0000051e     freertos.awr294x.r5f.ti-arm-clang.debug.lib : printf.obj (.text._ftoa)
                  102b59ee    00000002     --HOLE-- [fill = 0]
                  102b59f0    00000518     drivers.awr294x.r5f.ti-arm-clang.debug.lib : ipc_notify_v1.obj (.text.IpcNotify_init)
                  102b5f08    000004d4     libc.a : strtod.c.obj (.text.strtod)
                  102b63dc    00000004     libclang_rt.builtins.a : aeabi_div0.c.obj (.text.__aeabi_idiv0)
                  102b63e0    00000478     freertos.awr294x.r5f.ti-arm-clang.debug.lib : printf.obj (.text._etoa)
                  102b6858    000003dc     libc.a : _printfi.c.obj (.text:__TI_printfi_minimal)
                  102b6c34    0000000c     libclang_rt.builtins.a : aeabi_memset.S.obj (.text.__aeabi_memclr)
                  102b6c40    00000390     libc.a : strcmp32.S.obj (.text:strcmp)
                  102b6fd0    00000370     drivers.awr294x.r5f.ti-arm-clang.debug.lib : soc_rcm.obj (.text.SOC_rcmGetClkSrcAndDivReg)
                  102b7340    0000033c                                                : ipc_notify_v1.obj (.text.IpcNotify_isr)
                  102b767c    0000027c     libc.a : strtoll.c.obj (.text.strtoll)
                  102b78f8    00000248            : strtoull.c.obj (.text.strtoull)
                  102b7b40    0000023e     freertos.awr294x.r5f.ti-arm-clang.debug.lib : printf.obj (.text._ntoa_format)
                  102b7d7e    00000002     --HOLE-- [fill = 0]
                  102b7d80    0000023c                                                 : queue.obj (.text.xQueueSemaphoreTake)
                  102b7fbc    00000004     libclang_rt.builtins.a : aeabi_div0.c.obj (.text.__aeabi_ldiv0)
                  102b7fc0    00000226     freertos.awr294x.r5f.ti-arm-clang.debug.lib : queue.obj (.text.xQueueGenericSend)
                  102b81e6    00000002     --HOLE-- [fill = 0]
                  102b81e8    00000004     libclang_rt.builtins.a : aeabi_memcpy.S.obj (.text.__aeabi_memcpy)
                  102b81ec    00000004     libc.a : _lock.c.obj (.text._nop)
                  102b81f0    0000020c     drivers.awr294x.r5f.ti-arm-clang.debug.lib : soc.obj (.text.SOC_controlModuleUnlockMMR)
                  102b83fc    00000004     libc.a : fseek.c.obj (.text.fseek)
                  102b8400    00000200     drivers.awr294x.r5f.ti-arm-clang.debug.lib : ipc_rpmsg.obj (.text.RPMessage_send)
                  102b8600    000001f8     libc.a : strtol.c.obj (.text.strtol)
                  102b87f8    000001ec            : strtoul.c.obj (.text.strtoul)
                  102b89e4    0000000c            : memory.c.obj (.text.malloc)
                  102b89f0    000001de     freertos.awr294x.r5f.ti-arm-clang.debug.lib : queue.obj (.text.xQueueReceive)
                  102b8bce    00000002     --HOLE-- [fill = 0]
                  102b8bd0    000001d6                                                 : TimerP_rti.obj (.text.TimerP_setup)
                  102b8da6    00000002     --HOLE-- [fill = 0]
                  102b8da8    000001d0     libclang_rt.builtins.a : udivsi3.S.obj (.text.__udivsi3)
                  102b8f78    00000004     libsysbm.a : remove.c.obj (.text.remove)
                  102b8f7c    00000004     --HOLE-- [fill = 0]
                  102b8f80    000001c2     freertos.awr294x.r5f.ti-arm-clang.debug.lib : timers.obj (.text.prvProcessReceivedCommands)
                  102b9142    0000000e     --HOLE-- [fill = 0]
                  102b9150    000001bc     drivers.awr294x.r5f.ti-arm-clang.debug.lib : soc.obj (.text.SOC_controlModuleLockMMR)
                  102b930c    00000004     --HOLE-- [fill = 0]
                  102b9310    000001ae                                                : ipc_rpmsg.obj (.text.RPMessage_recv)
                  102b94be    00000002     --HOLE-- [fill = 0]
                  102b94c0    000001a8     libc.a : memory.c.obj (.text.free)
                  102b9668    00000008     --HOLE-- [fill = 0]
                  102b9670    000001a6     freertos.awr294x.r5f.ti-arm-clang.debug.lib : tasks.obj (.text.xTaskIncrementTick)
                  102b9816    00000002     --HOLE-- [fill = 0]
                  102b9818    000001a4     libc.a : memory.c.obj (.text.aligned_alloc)
                  102b99bc    00000004     --HOLE-- [fill = 0]
                  102b99c0    00000194     drivers.awr294x.r5f.ti-arm-clang.debug.lib : ipc_rpmsg.obj (.text.RPMessage_init)
                  102b9b54    0000000c     --HOLE-- [fill = 0]
                  102b9b60    00000194                                                : soc_rcm.obj (.text.SOC_rcmGetHSDIVClkOutMuxClkSrc)
                  102b9cf4    0000000c     --HOLE-- [fill = 0]
                  102b9d00    0000018e     freertos.awr294x.r5f.ti-arm-clang.debug.lib : ClockP_freertos_r5.obj (.text.ClockP_init)
                  102b9e8e    00000002     --HOLE-- [fill = 0]
                  102b9e90    0000018a                                                 : tasks.obj (.text.vTaskSwitchContext)
                  102ba01a    00000006     --HOLE-- [fill = 0]
                  102ba020    00000188                                                 : queue.obj (.text.xQueueGenericSendFromISR)
                  102ba1a8    00000008     --HOLE-- [fill = 0]
                  102ba1b0    00000182     drivers.awr294x.r5f.ti-arm-clang.debug.lib : ipc_rpmsg_vring.obj (.text.RPMessage_vringResetInternal)
                  102ba332    0000000e     --HOLE-- [fill = 0]
                  102ba340    0000017e     freertos.awr294x.r5f.ti-arm-clang.debug.lib : tasks.obj (.text.xTaskResumeAll)
                  102ba4be    00000002     --HOLE-- [fill = 0]
                  102ba4c0    00000174     drivers.awr294x.r5f.ti-arm-clang.debug.lib : ipc_rpmsg.obj (.text.RPMessage_recvHandler)
                  102ba634    0000000c     --HOLE-- [fill = 0]
                  102ba640    0000015e     freertos.awr294x.r5f.ti-arm-clang.debug.lib : queue.obj (.text.xQueueGiveFromISR)
                  102ba79e    00000002     --HOLE-- [fill = 0]
                  102ba7a0    00000156     drivers.awr294x.r5f.ti-arm-clang.debug.lib : ipc_notify_v1.obj (.text.IpcNotify_sendMsg)
                  102ba8f6    0000000a     --HOLE-- [fill = 0]
                  102ba900    00000154                                                : ipc_notify_v1_cfg.obj (.text.IpcNotify_trigInterrupt_ack)
                  102baa54    0000000c     --HOLE-- [fill = 0]
                  102baa60    00000152     freertos.awr294x.r5f.ti-arm-clang.debug.lib : tasks.obj (.text.vTaskPriorityDisinheritAfterTimeout)
                  102babb2    00000006     --HOLE-- [fill = 0]
                  102babb8    00000150     libc.a : s_scalbn.c.obj (.text.scalbn)
                  102bad08    00000008     --HOLE-- [fill = 0]
                  102bad10    0000014a     freertos.awr294x.r5f.ti-arm-clang.debug.lib : tasks.obj (.text.prvInitialiseNewTask)
                  102bae5a    00000006     --HOLE-- [fill = 0]
                  102bae60    0000014a                                                 : queue.obj (.text.xQueueGenericCreateStatic)
                  102bafaa    00000006     --HOLE-- [fill = 0]
                  102bafb0    00000146     drivers.awr294x.r5f.ti-arm-clang.debug.lib : soc_rcm.obj (.text.SOC_rcmGetDpllHSDivOutFreq)
                  102bb0f6    00000002     --HOLE-- [fill = 0]
                  102bb0f8    00000144     libc.a : setvbuf.c.obj (.text.setvbuf)
                  102bb23c    00000004     --HOLE-- [fill = 0]
                  102bb240    0000013c     drivers.awr294x.r5f.ti-arm-clang.debug.lib : ipc_notify_v1_cfg.obj (.text.IpcNotify_trigInterrupt)
                  102bb37c    00000004     --HOLE-- [fill = 0]
                  102bb380    0000013a     freertos.awr294x.r5f.ti-arm-clang.debug.lib : queue.obj (.text.xQueueReceiveFromISR)
                  102bb4ba    00000006     --HOLE-- [fill = 0]
                  102bb4c0    00000138                                                 : printf.obj (.text._ntoa_long_long)
                  102bb5f8    00000008     --HOLE-- [fill = 0]
                  102bb600    00000134     drivers.awr294x.r5f.ti-arm-clang.debug.lib : ipc_rpmsg_vring.obj (.text.RPMessage_vringReset)
                  102bb734    0000000c     --HOLE-- [fill = 0]
                  102bb740    00000128     freertos.awr294x.r5f.ti-arm-clang.debug.lib : port.obj (.text.pxPortInitialiseStack)
                  102bb868    00000008     --HOLE-- [fill = 0]
                  102bb870    00000120                                                 : tasks.obj (.text.eTaskGetState)
                  102bb990    0000011e     drivers.awr294x.r5f.ti-arm-clang.debug.lib : soc_rcm.obj (.text.SOC_rcmGetApllHSDivOutFreq)
                  102bbaae    00000002     --HOLE-- [fill = 0]
                  102bbab0    00000118     freertos.awr294x.r5f.ti-arm-clang.debug.lib : TaskP_freertos.obj (.text.TaskP_loadUpdateAll)
                  102bbbc8    00000118     libclang_rt.builtins.a : udivmoddi4.S.obj (.text)
                  102bbce0    00000114     freertos.awr294x.r5f.ti-arm-clang.debug.lib : printf.obj (.text._ntoa_long)
                  102bbdf4    0000000c     --HOLE-- [fill = 0]
                  102bbe00    0000010e                                                 : tasks.obj (.text.prvAddNewTaskToReadyList)
                  102bbf0e    00000002     --HOLE-- [fill = 0]
                  102bbf10    0000010e                                                 : tasks.obj (.text.xTaskPriorityInherit)
                  102bc01e    00000002     --HOLE-- [fill = 0]
                  102bc020    0000010a                                                 : tasks.obj (.text.vTaskDelete)
                  102bc12a    00000006     --HOLE-- [fill = 0]
                  102bc130    00000106                                                 : tasks.obj (.text.xTaskPriorityDisinherit)
                  102bc236    0000000a     --HOLE-- [fill = 0]
                  102bc240    00000102     drivers.awr294x.r5f.ti-arm-clang.debug.lib : soc_rcm.obj (.text.SOC_rcmADPLLJGetFOut)
                  102bc342    0000000e     --HOLE-- [fill = 0]
                  102bc350    000000f6     R5F_1.o (.text.r5f1_main)
                  102bc446    0000000a     --HOLE-- [fill = 0]
                  102bc450    000000f2     drivers.awr294x.r5f.ti-arm-clang.debug.lib : ipc_rpmsg_vring.obj (.text.RPMessage_vringPutFullTxBuf)
                  102bc542    00000002     --HOLE-- [fill = 0]
                  102bc544    000000f0     libc.a : fputc.c.obj (.text.fputc)
                  102bc634    0000000c     --HOLE-- [fill = 0]
                  102bc640    000000ee     freertos.awr294x.r5f.ti-arm-clang.debug.lib : tasks.obj (.text.vTaskStartScheduler)
                  102bc72e    00000002     --HOLE-- [fill = 0]
                  102bc730    000000ee                                                 : tasks.obj (.text.xTaskCreateStatic)
                  102bc81e    00000002     --HOLE-- [fill = 0]
                  102bc820    000000ec                                                 : tasks.obj (.text.xTaskCheckForTimeOut)
                  102bc90c    00000004     --HOLE-- [fill = 0]
                  102bc910    000000e4                                                 : timers.obj (.text.prvSwitchTimerLists)
                  102bc9f4    0000000c     --HOLE-- [fill = 0]
                  102bca00    000000e2                                                 : tasks.obj (.text.vTaskGetInfo)
                  102bcae2    0000000e     --HOLE-- [fill = 0]
                  102bcaf0    000000de                                                 : tasks.obj (.text.xTaskRemoveFromEventList)
                  102bcbce    00000002     --HOLE-- [fill = 0]
                  102bcbd0    000000dc     drivers.awr294x.r5f.ti-arm-clang.debug.lib : ipc_rpmsg_vring.obj (.text.RPMessage_vringGetFullRxBuf)
                  102bccac    00000004     --HOLE-- [fill = 0]
                  102bccb0    000000dc                                                : soc_rcm.obj (.text.SOC_rcmGetCoreFout)
                  102bcd8c    00000004     --HOLE-- [fill = 0]
                  102bcd90    000000dc                                                : soc_rcm.obj (.text.SOC_rcmGetDSSFout)
                  102bce6c    00000004     --HOLE-- [fill = 0]
                  102bce70    000000dc                                                : soc_rcm.obj (.text.SOC_rcmGetPerFout)
                  102bcf4c    00000004     --HOLE-- [fill = 0]
                  102bcf50    000000da     ti_drivers_config.o (.text.System_init)
                  102bd02a    00000006     --HOLE-- [fill = 0]
                  102bd030    000000d4     drivers.awr294x.r5f.ti-arm-clang.debug.lib : ipc_rpmsg.obj (.text.RPMessage_construct)
                  102bd104    000000d4     libc.a : sscanf.c.obj (.text._chkmbc)
                  102bd1d8    00000008     --HOLE-- [fill = 0]
                  102bd1e0    000000d4     freertos.awr294x.r5f.ti-arm-clang.debug.lib : tasks.obj (.text.prvAddCurrentTaskToDelayedList)
                  102bd2b4    0000000c     --HOLE-- [fill = 0]
                  102bd2c0    000000d2     drivers.awr294x.r5f.ti-arm-clang.debug.lib : ipc_rpmsg_vring.obj (.text.RPMessage_vringPutEmptyRxBuf)
                  102bd392    0000000e     --HOLE-- [fill = 0]
                  102bd3a0    000000cc     freertos.awr294x.r5f.ti-arm-clang.debug.lib : queue.obj (.text.prvCopyDataToQueue)
                  102bd46c    00000004     --HOLE-- [fill = 0]
                  102bd470    000000c8     drivers.awr294x.r5f.ti-arm-clang.debug.lib : ipc_rpmsg_vring.obj (.text.RPMessage_vringGetEmptyTxBuf)
                  102bd538    000000c8     libc.a : getdevice.c.obj (.text.getdevice)
                  102bd600    000000c6     drivers.awr294x.r5f.ti-arm-clang.debug.lib : ipc_rpmsg.obj (.text.RPMessage_coreInit)
                  102bd6c6    0000000a     --HOLE-- [fill = 0]
                  102bd6d0    000000c4                                                : ipc_notify_v1.obj (.text.IpcNotify_readAckCallback)
                  102bd794    0000000c     --HOLE-- [fill = 0]
                  102bd7a0    000000c0     freertos.awr294x.r5f.ti-arm-clang.debug.lib : printf.obj (.text._out_rev)
                  102bd860    000000c0                                                 : timers.obj (.text.xTimerGenericCommand)
                  102bd920    000000b6                                                 : queue.obj (.text.xQueueGenericReset)
                  102bd9d6    00000002     --HOLE-- [fill = 0]
                  102bd9d8    000000b4     libc.a : fseek.c.obj (.text.fseeko)
                  102bda8c    00000004     --HOLE-- [fill = 0]
                  102bda90    000000b2     drivers.awr294x.r5f.ti-arm-clang.debug.lib : soc_rcm.obj (.text.SOC_rcmGetXTALFrequency)
                  102bdb42    0000000e     --HOLE-- [fill = 0]
                  102bdb50    000000b0                                                : soc_rcm.obj (.text.SOC_rcmSetPeripheralClock)
                  102bdc00    000000b0     libc.a : fclose.c.obj (.text.__TI_closefile)
                  102bdcb0    000000ae     freertos.awr294x.r5f.ti-arm-clang.debug.lib : queue.obj (.text.prvUnlockQueue)
                  102bdd5e    00000002     --HOLE-- [fill = 0]
                  102bdd60    000000ac                                                 : SemaphoreP_freertos.obj (.text.SemaphoreP_constructBinary)
                  102bde0c    00000004     --HOLE-- [fill = 0]
                  102bde10    000000aa     drivers.awr294x.r5f.ti-arm-clang.debug.lib : soc_rcm.obj (.text.SOC_rcmGetFreqLeafNode)
                  102bdeba    00000006     --HOLE-- [fill = 0]
                  102bdec0    000000a8                                                : soc_rcm.obj (.text.SOC_rcmGetCoreHSDivOut)
                  102bdf68    00000008     --HOLE-- [fill = 0]
                  102bdf70    000000a8                                                : soc_rcm.obj (.text.SOC_rcmGetDSSHSDivOut)
                  102be018    00000008     --HOLE-- [fill = 0]
                  102be020    000000a8                                                : soc_rcm.obj (.text.SOC_rcmGetPerHSDivOut)
                  102be0c8    00000008     --HOLE-- [fill = 0]
                  102be0d0    000000a8     freertos.awr294x.r5f.ti-arm-clang.debug.lib : PmuP_armv7r.obj (.text.pmu)
                  102be178    000000a4     libc.a : memory.c.obj (.text.split)
                  102be21c    00000004     --HOLE-- [fill = 0]
                  102be220    000000a4     freertos.awr294x.r5f.ti-arm-clang.debug.lib : timers.obj (.text.xTimerCreateTimerTask)
                  102be2c4    0000000c     --HOLE-- [fill = 0]
                  102be2d0    000000a2     drivers.awr294x.r5f.ti-arm-clang.debug.lib : ipc_notify_v1.obj (.text.IpcNotify_mailboxWrite)
                  102be372    0000000e     --HOLE-- [fill = 0]
                  102be380    000000a2     freertos.awr294x.r5f.ti-arm-clang.debug.lib : timers.obj (.text.prvCheckForValidListAndQueue)
                  102be422    00000002     --HOLE-- [fill = 0]
                  102be424    000000a0     libsysbm.a : hostrename.c.obj (.text.HOSTrename)
                  102be4c4    0000000c     --HOLE-- [fill = 0]
                  102be4d0    0000009e     freertos.awr294x.r5f.ti-arm-clang.debug.lib : timers.obj (.text.prvProcessExpiredTimer)
                  102be56e    00000002     --HOLE-- [fill = 0]
                  102be570    0000009c     libc.a : _io_perm.c.obj (.text.__TI_wrt_ok)
                  102be60c    00000098     libsysbm.a : hostlseek.c.obj (.text.HOSTlseek)
                  102be6a4    0000000c     --HOLE-- [fill = 0]
                  102be6b0    00000098     drivers.awr294x.r5f.ti-arm-clang.debug.lib : ipc_notify_v1.obj (.text.IpcNotify_registerClient)
                  102be748    00000094     libsysbm.a : hostopen.c.obj (.text.HOSTopen)
                  102be7dc    00000004     --HOLE-- [fill = 0]
                  102be7e0    00000094     drivers.awr294x.r5f.ti-arm-clang.debug.lib : ipc_notify_v1.obj (.text.IpcNotify_Params_init)
                  102be874    0000000c     --HOLE-- [fill = 0]
                  102be880    00000092     freertos.awr294x.r5f.ti-arm-clang.debug.lib : DebugP_freertos.obj (.text._DebugP_logZone)
                  102be912    0000000e     --HOLE-- [fill = 0]
                  102be920    0000008e                                                 : tasks.obj (.text.prvInitialiseTaskLists)
                  102be9ae    00000002     --HOLE-- [fill = 0]
                  102be9b0    0000008c     libsysbm.a : close.c.obj (.text.close)
                  102bea3c    00000004     --HOLE-- [fill = 0]
                  102bea40    0000008c     main.o (.text.main)
                  102beacc    00000088     libc.a : fflush.c.obj (.text.__TI_doflush)
                  102beb54    0000000c     --HOLE-- [fill = 0]
                  102beb60    00000086     drivers.awr294x.r5f.ti-arm-clang.debug.lib : ipc_rpmsg.obj (.text.RPMessage_Params_init)
                  102bebe6    0000000a     --HOLE-- [fill = 0]
                  102bebf0    00000086                                                : ipc_rpmsg.obj (.text.RPMessage_getEndPtMsg)
                  102bec76    0000000a     --HOLE-- [fill = 0]
                  102bec80    00000086     freertos.awr294x.r5f.ti-arm-clang.debug.lib : timers.obj (.text.prvInsertTimerInActiveList)
                  102bed06    0000000a     --HOLE-- [fill = 0]
                  102bed10    00000086                                                 : timers.obj (.text.prvProcessTimerOrBlockTask)
                  102bed96    00000002     --HOLE-- [fill = 0]
                  102bed98    00000084     libsysbm.a : hostread.c.obj (.text.HOSTread)
                  102bee1c    00000084                : hostwrite.c.obj (.text.HOSTwrite)
                  102beea0    00000084     drivers.awr294x.r5f.ti-arm-clang.debug.lib : ipc_rpmsg.obj (.text.RPMessage_notifyCallback)
                  102bef24    0000000c     --HOLE-- [fill = 0]
                  102bef30    00000082                                                : soc_rcm.obj (.text.SOC_rcmGetFreq)
                  102befb2    0000000e     --HOLE-- [fill = 0]
                  102befc0    00000082     freertos.awr294x.r5f.ti-arm-clang.debug.lib : SemaphoreP_freertos.obj (.text.SemaphoreP_pend)
                  102bf042    0000000e     --HOLE-- [fill = 0]
                  102bf050    00000082                                                 : DebugP_log.obj (.text._DebugP_assert)
                  102bf0d2    0000000e     --HOLE-- [fill = 0]
                  102bf0e0    00000080     drivers.awr294x.r5f.ti-arm-clang.debug.lib : soc_rcm.obj (.text.SOC_rcmGetR5InFrequency)
                  102bf160    0000007e     freertos.awr294x.r5f.ti-arm-clang.debug.lib : ClockP_freertos.obj (.text.ClockP_getTimeUsec)
                  102bf1de    00000002     --HOLE-- [fill = 0]
                  102bf1e0    0000007e                                                 : queue.obj (.text.xQueueTakeMutexRecursive)
                  102bf25e    00000002     --HOLE-- [fill = 0]
                  102bf260    0000007c     drivers.awr294x.r5f.ti-arm-clang.debug.lib : ipc_notify_v1.obj (.text.IpcNotify_mailboxReadSwQ)
                  102bf2dc    00000004     --HOLE-- [fill = 0]
                  102bf2e0    0000007c     freertos.awr294x.r5f.ti-arm-clang.debug.lib : queue.obj (.text.xQueueGiveMutexRecursive)
                  102bf35c    00000078     libc.a : snprintf.c.obj (.text.snprintf)
                  102bf3d4    0000000c     --HOLE-- [fill = 0]
                  102bf3e0    00000076     drivers.awr294x.r5f.ti-arm-clang.debug.lib : ipc_rpmsg_vring.obj (.text.RPMessage_vringIsFullRxBuf)
                  102bf456    0000000a     --HOLE-- [fill = 0]
                  102bf460    00000072                                                : ipc_notify_v1.obj (.text.IpcNotify_makeMsg)
                  102bf4d2    0000000e     --HOLE-- [fill = 0]
                  102bf4e0    0000006e     freertos.awr294x.r5f.ti-arm-clang.debug.lib : SemaphoreP_freertos.obj (.text.SemaphoreP_constructMutex)
                  102bf54e    00000002     --HOLE-- [fill = 0]
                  102bf550    0000006e                                                 : tasks.obj (.text.prvDeleteTCB)
                  102bf5be    00000002     --HOLE-- [fill = 0]
                  102bf5c0    0000006c     libsysbm.a : hostunlink.c.obj (.text.HOSTunlink)
                  102bf62c    00000004     --HOLE-- [fill = 0]
                  102bf630    0000006a     freertos.awr294x.r5f.ti-arm-clang.debug.lib : list.obj (.text.vListInsert)
                  102bf69a    00000002     --HOLE-- [fill = 0]
                  102bf69c    00000068     libc.a : atoi.c.obj (.text.atoi)
                  102bf704    0000000c     --HOLE-- [fill = 0]
                  102bf710    00000064     drivers.awr294x.r5f.ti-arm-clang.debug.lib : ipc_rpmsg.obj (.text.RPMessage_controlEndPtHandler)
                  102bf774    0000000c     --HOLE-- [fill = 0]
                  102bf780    00000064     freertos.awr294x.r5f.ti-arm-clang.debug.lib : TaskP_freertos.obj (.text.vApplicationLoadHook)
                  102bf7e4    0000000c     --HOLE-- [fill = 0]
                  102bf7f0    00000064                                                 : queue.obj (.text.vQueueWaitForMessageRestricted)
                  102bf854    0000000c     --HOLE-- [fill = 0]
                  102bf860    00000062     drivers.awr294x.r5f.ti-arm-clang.debug.lib : soc_rcm.obj (.text.SOC_rcmInsert16)
                  102bf8c2    0000000e     --HOLE-- [fill = 0]
                  102bf8d0    00000062     freertos.awr294x.r5f.ti-arm-clang.debug.lib : SemaphoreP_freertos.obj (.text.SemaphoreP_post)
                  102bf932    0000000e     --HOLE-- [fill = 0]
                  102bf940    00000062                                                 : tasks.obj (.text.vTaskPlaceOnEventListRestricted)
                  102bf9a2    00000002     --HOLE-- [fill = 0]
                  102bf9a4    00000060     libsysbm.a : hostclose.c.obj (.text.HOSTclose)
                  102bfa04    0000000c     --HOLE-- [fill = 0]
                  102bfa10    0000005e     drivers.awr294x.r5f.ti-arm-clang.debug.lib : ipc_rpmsg_vring.obj (.text.RPMessage_vringCheckEmptyTxBuf)
                  102bfa6e    00000002     --HOLE-- [fill = 0]
                  102bfa70    0000005c     ti_power_clock_config.o (.text.Module_clockSetFrequency)
                  102bfacc    00000004     --HOLE-- [fill = 0]
                  102bfad0    0000005a     freertos.awr294x.r5f.ti-arm-clang.debug.lib : tasks.obj (.text.prvCheckTasksWaitingTermination)
                  102bfb2a    00000002     --HOLE-- [fill = 0]
                  102bfb2c    00000058     libc.a : fopen.c.obj (.text.__TI_cleanup)
                  102bfb84    00000058     libsysbm.a : trgmsg.c.obj (.text.__TI_readmsg)
                  102bfbdc    00000058                : trgmsg.c.obj (.text.__TI_writemsg)
                  102bfc34    00000058     libc.a : snprintf.c.obj (.text._outs)
                  102bfc8c    00000004     --HOLE-- [fill = 0]
                  102bfc90    00000054     drivers.awr294x.r5f.ti-arm-clang.debug.lib : ipc_notify_v1.obj (.text.IpcNotify_getMemoryToWrite)
                  102bfce4    0000000c     --HOLE-- [fill = 0]
                  102bfcf0    00000054                                                : soc_rcm.obj (.text.SOC_rcmGetModuleClkDivVal)
                  102bfd44    00000054     libc.a : exit.c.obj (.text.exit)
                  102bfd98    00000054            : getdevice.c.obj (.text.finddevice)
                  102bfdec    00000054            : autoinit.c.obj (.text:__TI_auto_init_nobinit_nopinit)
                  102bfe40    00000052     drivers.awr294x.r5f.ti-arm-clang.debug.lib : pinmux.obj (.text.Pinmux_config)
                  102bfe92    0000000e     --HOLE-- [fill = 0]
                  102bfea0    00000052                                                : ipc_rpmsg.obj (.text.RPMessage_allocEndPtMsg)
                  102bfef2    0000000e     --HOLE-- [fill = 0]
                  102bff00    00000052                                                : soc_rcm.obj (.text.SOC_rcmGetClkSrcFromClkSelVal)
                  102bff52    0000000e     --HOLE-- [fill = 0]
                  102bff60    00000052     freertos.awr294x.r5f.ti-arm-clang.debug.lib : queue.obj (.text.vQueueAddToRegistry)
                  102bffb2    0000000e     --HOLE-- [fill = 0]
                  102bffc0    00000052                                                 : tasks.obj (.text.vTaskPlaceOnEventList)
                  102c0012    0000000e     --HOLE-- [fill = 0]
                  102c0020    0000004e     drivers.awr294x.r5f.ti-arm-clang.debug.lib : ipc_notify_v1.obj (.text.IpcNotify_getMemoryToRead)
                  102c006e    00000002     --HOLE-- [fill = 0]
                  102c0070    0000004c                                                : ipc_notify_v1.obj (.text.IpcNotify_getWriteMailbox)
                  102c00bc    00000004     --HOLE-- [fill = 0]
                  102c00c0    0000004c                                                : ipc_notify_v1.obj (.text.IpcNotify_unregisterClient)
                  102c010c    00000004     --HOLE-- [fill = 0]
                  102c0110    0000004c     ti_power_clock_config.o (.text.Module_clockEnable)
                  102c015c    0000004c     libc.a : memccpy.c.obj (.text.memccpy)
                  102c01a8    0000004c            : sscanf.c.obj (.text.sscanf)
                  102c01f4    0000000c     --HOLE-- [fill = 0]
                  102c0200    00000048     drivers.awr294x.r5f.ti-arm-clang.debug.lib : ipc_rpmsg.obj (.text.RPMessage_queueGet)
                  102c0248    00000008     --HOLE-- [fill = 0]
                  102c0250    00000048     freertos.awr294x.r5f.ti-arm-clang.debug.lib : queue.obj (.text.prvInitialiseNewQueue)
                  102c0298    00000048     libsysbm.a : unlink.c.obj (.text.unlink)
                  102c02e0    00000048     freertos.awr294x.r5f.ti-arm-clang.debug.lib : list.obj (.text.uxListRemove)
                  102c0328    00000008     --HOLE-- [fill = 0]
                  102c0330    00000046     drivers.awr294x.r5f.ti-arm-clang.debug.lib : ipc_rpmsg.obj (.text.RPMessage_freeEndPtMsg)
                  102c0376    0000000a     --HOLE-- [fill = 0]
                  102c0380    00000046                                                : ipc_rpmsg_vring.obj (.text.RPMessage_vringGetSize)
                  102c03c6    0000000a     --HOLE-- [fill = 0]
                  102c03d0    00000046     freertos.awr294x.r5f.ti-arm-clang.debug.lib : tasks.obj (.text.vTaskExitCritical)
                  102c0416    0000000a     --HOLE-- [fill = 0]
                  102c0420    00000044     drivers.awr294x.r5f.ti-arm-clang.debug.lib : soc_rcm.obj (.text.SOC_rcmExtract16)
                  102c0464    0000000c     --HOLE-- [fill = 0]
                  102c0470    00000044                                                : soc_rcm.obj (.text.SOC_rcmExtract8)
                  102c04b4    0000000c     --HOLE-- [fill = 0]
                  102c04c0    00000044                                                : soc_rcm.obj (.text.SOC_rcmMake16)
                  102c0504    0000000c     --HOLE-- [fill = 0]
                  102c0510    00000044     freertos.awr294x.r5f.ti-arm-clang.debug.lib : printf.obj (.text._strnlen_s)
                  102c0554    0000000c     --HOLE-- [fill = 0]
                  102c0560    00000044                                                 : timers.obj (.text.prvSampleTimeNow)
                  102c05a4    0000000c     --HOLE-- [fill = 0]
                  102c05b0    00000042     ti_drivers_config.o (.text.IpcNotify_allocSwQueue)
                  102c05f2    0000000e     --HOLE-- [fill = 0]
                  102c0600    00000042     drivers.awr294x.r5f.ti-arm-clang.debug.lib : ipc_notify_v1.obj (.text.IpcNotify_getReadDoneAckMailbox)
                  102c0642    0000000e     --HOLE-- [fill = 0]
                  102c0650    00000042                                                : ipc_notify_v1.obj (.text.IpcNotify_mailboxWriteCustomIpcConfig)
                  102c0692    0000000e     --HOLE-- [fill = 0]
                  102c06a0    00000042     freertos.awr294x.r5f.ti-arm-clang.debug.lib : queue.obj (.text.prvCopyDataFromQueue)
                  102c06e2    0000000e     --HOLE-- [fill = 0]
                  102c06f0    00000042     R5F_1.o (.text.send_to_core)
                  102c0732    0000000e     --HOLE-- [fill = 0]
                  102c0740    00000042     freertos.awr294x.r5f.ti-arm-clang.debug.lib : tasks.obj (.text.xTaskGetIdleTaskHandle)
                  102c0782    0000000e     --HOLE-- [fill = 0]
                  102c0790    00000040     ti_dpl_config.o (.text.Dpl_init)
                  102c07d0    00000040     drivers.awr294x.r5f.ti-arm-clang.debug.lib : soc_rcm.obj (.text.SOC_rcmExtract32)
                  102c0810    00000040     libc.a : memory.c.obj (.text.free_list_insert)
                  102c0850    00000040     freertos.awr294x.r5f.ti-arm-clang.debug.lib : timers.obj (.text.prvGetNextExpireTime)
                  102c0890    0000003e     drivers.awr294x.r5f.ti-arm-clang.debug.lib : soc_rcm.obj (.text.SOC_rcmIsPadDisableRequired)
                  102c08ce    00000002     --HOLE-- [fill = 0]
                  102c08d0    0000003c                                                : ipc_rpmsg.obj (.text.RPMessage_isLinuxCore)
                  102c090c    00000004     --HOLE-- [fill = 0]
                  102c0910    0000003c                                                : ipc_rpmsg_vring.obj (.text.RPMessage_vringGetRxBufAddr)
                  102c094c    00000004     --HOLE-- [fill = 0]
                  102c0950    0000003c                                                : ipc_rpmsg_vring.obj (.text.RPMessage_vringGetTxBufAddr)
                  102c098c    00000004     --HOLE-- [fill = 0]
                  102c0990    0000003c                                                : ipc_rpmsg_vring.obj (.text.RPMessage_vringGetTxBufLen)
                  102c09cc    00000004     --HOLE-- [fill = 0]
                  102c09d0    0000003c     freertos.awr294x.r5f.ti-arm-clang.debug.lib : tasks.obj (.text.prvResetNextTaskUnblockTime)
                  102c0a0c    00000004     --HOLE-- [fill = 0]
                  102c0a10    0000003a                                                 : printf.obj (.text._atoi)
                  102c0a4a    00000006     --HOLE-- [fill = 0]
                  102c0a50    0000003a                                                 : list.obj (.text.vListInsertEnd)
                  102c0a8a    00000006     --HOLE-- [fill = 0]
                  102c0a90    00000038     drivers.awr294x.r5f.ti-arm-clang.debug.lib : ipc_notify_v1.obj (.text.IpcNotify_getReadSwQ)
                  102c0ac8    00000008     --HOLE-- [fill = 0]
                  102c0ad0    00000038     freertos.awr294x.r5f.ti-arm-clang.debug.lib : tasks.obj (.text.xTaskGetSchedulerState)
                  102c0b08    00000008     --HOLE-- [fill = 0]
                  102c0b10    00000036     drivers.awr294x.r5f.ti-arm-clang.debug.lib : ipc_notify_v1.obj (.text.IpcNotify_syncCallback)
                  102c0b46    0000000a     --HOLE-- [fill = 0]
                  102c0b50    00000036                                                : ipc_rpmsg.obj (.text.RPMessage_controlEndPtInit)
                  102c0b86    0000000a     --HOLE-- [fill = 0]
                  102c0b90    00000036                                                : ipc_rpmsg.obj (.text.RPMessage_queuePut)
                  102c0bc6    0000000a     --HOLE-- [fill = 0]
                  102c0bd0    00000034     freertos.awr294x.r5f.ti-arm-clang.debug.lib : TimerP_rti.obj (.text.TimerP_Params_init)
                  102c0c04    00000034     libc.a : memory.c.obj (.text.free_list_remove)
                  102c0c38    00000034     libsysbm.a : lseek.c.obj (.text.lseek)
                  102c0c6c    00000004     --HOLE-- [fill = 0]
                  102c0c70    00000034     freertos.awr294x.r5f.ti-arm-clang.debug.lib : port.obj (.text.vPortTimerTickHandler)
                  102c0ca4    00000034     libsysbm.a : write.c.obj (.text.write)
                  102c0cd8    00000008     --HOLE-- [fill = 0]
                  102c0ce0    00000032     freertos.awr294x.r5f.ti-arm-clang.debug.lib : ClockP_freertos.obj (.text.ClockP_timerTickIsr)
                  102c0d12    0000000e     --HOLE-- [fill = 0]
                  102c0d20    00000032     drivers.awr294x.r5f.ti-arm-clang.debug.lib : ipc_notify_v1.obj (.text.IpcNotify_mailboxIsPendingIntr)
                  102c0d52    0000000e     --HOLE-- [fill = 0]
                  102c0d60    00000032                                                : ipc_notify_v1.obj (.text.IpcNotify_mailboxReadCustomIpcConfig)
                  102c0d92    0000000e     --HOLE-- [fill = 0]
                  102c0da0    00000032     freertos.awr294x.r5f.ti-arm-clang.debug.lib : TimerP_rti.obj (.text.TimerP_getCount)
                  102c0dd2    0000000e     --HOLE-- [fill = 0]
                  102c0de0    00000032                                                 : port.obj (.text.vApplicationStackOverflowHook)
                  102c0e12    0000000e     --HOLE-- [fill = 0]
                  102c0e20    00000032                                                 : tasks.obj (.text.vTaskEnterCritical)
                  102c0e52    0000000e     --HOLE-- [fill = 0]
                  102c0e60    00000032                                                 : queue.obj (.text.xQueueCreateMutexStatic)
                  102c0e92    0000000e     --HOLE-- [fill = 0]
                  102c0ea0    00000030     drivers.awr294x.r5f.ti-arm-clang.debug.lib : ipc_notify_v1.obj (.text.IpcNotify_getReadDoneMailbox)
                  102c0ed0    00000030                                                : ipc_notify_v1.obj (.text.IpcNotify_getReadMailbox)
                  102c0f00    00000030     freertos.awr294x.r5f.ti-arm-clang.debug.lib : PmuP_armv7r_asm.obj (.text.pmu)
                  102c0f30    0000002e     drivers.awr294x.r5f.ti-arm-clang.debug.lib : soc_rcm.obj (.text.SOC_rcmGetPeripheralClockFrequency)
                  102c0f5e    00000002     --HOLE-- [fill = 0]
                  102c0f60    0000002e     freertos.awr294x.r5f.ti-arm-clang.debug.lib : printf.obj (.text._is_digit)
                  102c0f8e    00000002     --HOLE-- [fill = 0]
                  102c0f90    0000002e                                                 : queue.obj (.text.prvIsQueueFull)
                  102c0fbe    00000002     --HOLE-- [fill = 0]
                  102c0fc0    0000002e                                                 : tasks.obj (.text.prvTaskCheckFreeStackSpace)
                  102c0fee    00000002     --HOLE-- [fill = 0]
                  102c0ff0    0000002e                                                 : list.obj (.text.vListInitialise)
                  102c101e    00000002     --HOLE-- [fill = 0]
                  102c1020    0000002c                                                 : DebugP_log.obj (.text.DebugP_logZoneEnable)
                  102c104c    00000004     --HOLE-- [fill = 0]
                  102c1050    0000002c     ti_pinmux_config.o (.text.Pinmux_init)
                  102c107c    00000004     --HOLE-- [fill = 0]
                  102c1080    0000002c     drivers.awr294x.r5f.ti-arm-clang.debug.lib : soc_rcm.obj (.text.SOC_rcmGetHSDivClkSrc)
                  102c10ac    00000004     --HOLE-- [fill = 0]
                  102c10b0    0000002c                                                : soc_rcm.obj (.text.SOC_rcmGetR5Clock)
                  102c10dc    00000004     --HOLE-- [fill = 0]
                  102c10e0    0000002c     freertos.awr294x.r5f.ti-arm-clang.debug.lib : TaskP_freertos.obj (.text.TaskP_calcCounterDiff)
                  102c110c    0000002c     libc.a : snprintf.c.obj (.text._outc)
                  102c1138    00000008     --HOLE-- [fill = 0]
                  102c1140    0000002c     freertos.awr294x.r5f.ti-arm-clang.debug.lib : queue.obj (.text.prvInitialiseMutex)
                  102c116c    00000004     --HOLE-- [fill = 0]
                  102c1170    0000002c                                                 : tasks.obj (.text.pvTaskIncrementMutexHeldCount)
                  102c119c    00000004     --HOLE-- [fill = 0]
                  102c11a0    0000002c                                                 : port.obj (.text.vApplicationGetIdleTaskMemory)
                  102c11cc    00000004     --HOLE-- [fill = 0]
                  102c11d0    0000002c                                                 : port.obj (.text.vApplicationGetTimerTaskMemory)
                  102c11fc    00000004     --HOLE-- [fill = 0]
                  102c1200    0000002a     drivers.awr294x.r5f.ti-arm-clang.debug.lib : ipc_notify_v1.obj (.text.IpcNotify_isCoreEnabled)
                  102c122a    00000006     --HOLE-- [fill = 0]
                  102c1230    0000002a                                                : ipc_rpmsg.obj (.text.RPMessage_putEndPtMsg)
                  102c125a    00000006     --HOLE-- [fill = 0]
                  102c1260    00000028                                                : ipc_notify_v1.obj (.text.IpcNotify_syncCustomIpcConfig)
                  102c1288    00000008     --HOLE-- [fill = 0]
                  102c1290    00000028     freertos.awr294x.r5f.ti-arm-clang.debug.lib : tasks.obj (.text.prvIdleTask)
                  102c12b8    00000008     --HOLE-- [fill = 0]
                  102c12c0    00000028                                                 : queue.obj (.text.prvIsQueueEmpty)
                  102c12e8    00000008     --HOLE-- [fill = 0]
                  102c12f0    00000028                                                 : printf.obj (.text.vprintf_)
                  102c1318    00000008     --HOLE-- [fill = 0]
                  102c1320    00000026                                                 : queue.obj (.text.prvGetDisinheritPriorityAfterTimeout)
                  102c1346    0000000a     --HOLE-- [fill = 0]
                  102c1350    00000024     ti_drivers_config.o (.text.IpcNotify_getConfig)
                  102c1374    00000024     libclang_rt.builtins.a : aeabi_uldivmod.S.obj (.text.__aeabi_uldivmod)
                  102c1398    00000008     --HOLE-- [fill = 0]
                  102c13a0    00000024     freertos.awr294x.r5f.ti-arm-clang.debug.lib : printf.obj (.text._out_char)
                  102c13c4    0000000c     --HOLE-- [fill = 0]
                  102c13d0    00000024                                                 : tasks.obj (.text.vTaskInternalSetTimeOutState)
                  102c13f4    0000000c     --HOLE-- [fill = 0]
                  102c1400    00000022     drivers.awr294x.r5f.ti-arm-clang.debug.lib : soc_rcm.obj (.text.SOC_rcmGetFixedRootClkFout)
                  102c1422    0000000e     --HOLE-- [fill = 0]
                  102c1430    00000020     freertos.awr294x.r5f.ti-arm-clang.debug.lib : ClockP_freertos.obj (.text.ClockP_usecToTicks)
                  102c1450    00000020     drivers.awr294x.r5f.ti-arm-clang.debug.lib : ipc_notify_v1_cfg.obj (.text.IpcNotify_wait)
                  102c1470    00000020                                                : ipc_rpmsg.obj (.text.RPMessage_CreateParams_init)
                  102c1490    00000020     freertos.awr294x.r5f.ti-arm-clang.debug.lib : heap_3.obj (.text.vPortFree)
                  102c14b0    0000001e     drivers.awr294x.r5f.ti-arm-clang.debug.lib : soc.obj (.text.SOC_moduleSetClockFrequency)
                  102c14ce    00000002     --HOLE-- [fill = 0]
                  102c14d0    0000001e     freertos.awr294x.r5f.ti-arm-clang.debug.lib : timers.obj (.text.prvTimerTask)
                  102c14ee    00000002     --HOLE-- [fill = 0]
                  102c14f0    0000001e                                                 : port.obj (.text.xPortStartScheduler)
                  102c150e    00000002     --HOLE-- [fill = 0]
                  102c1510    0000001e                                                 : tasks.obj (.text.xTaskGetTickCount)
                  102c152e    00000002     --HOLE-- [fill = 0]
                  102c1530    0000001c     libc.a : sscanf.c.obj (.text._inpchar)
                  102c154c    0000001c     libsysbm.a : hostrename.c.obj (.text.strcpy)
                  102c1568    0000001c     libc.a : _printfi.c.obj (.text.strlen)
                  102c1584    0000001c            : strlen.c.obj (.text.strlen)
                  102c15a0    0000001c     libsysbm.a : hostrename.c.obj (.text.strlen)
                  102c15bc    00000004     --HOLE-- [fill = 0]
                  102c15c0    0000001c     freertos.awr294x.r5f.ti-arm-clang.debug.lib : port.obj (.text.vPortYeildFromISR)
                  102c15dc    0000001c     libc.a : memcpy32.S.obj (.text:TI_memcpy_small)
                  102c15f8    00000008     --HOLE-- [fill = 0]
                  102c1600    00000018     drivers.awr294x.r5f.ti-arm-clang.debug.lib : soc_rcm.obj (.text.CSL_TopCtrl_readXtalFreqScale)
                  102c1618    00000008     --HOLE-- [fill = 0]
                  102c1620    00000018                                                : ipc_notify_v1.obj (.text.IpcNotify_mailboxClearAllInt)
                  102c1638    00000008     --HOLE-- [fill = 0]
                  102c1640    00000018     freertos.awr294x.r5f.ti-arm-clang.debug.lib : TimerP_rti.obj (.text.TimerP_getReloadCount)
                  102c1658    00000008     --HOLE-- [fill = 0]
                  102c1660    00000018     main.o (.text.freertos_main)
                  102c1678    00000018     libc.a : memset32.S.obj (.text:TI_memset_small)
                  102c1690    00000016     drivers.awr294x.r5f.ti-arm-clang.debug.lib : ipc_rpmsg_vring.obj (.text.RPMessage_align)
                  102c16a6    0000000a     --HOLE-- [fill = 0]
                  102c16b0    00000016                                                : soc.obj (.text.SOC_getSelfCpuClk)
                  102c16c6    0000000a     --HOLE-- [fill = 0]
                  102c16d0    00000016     freertos.awr294x.r5f.ti-arm-clang.debug.lib : TimerP_rti.obj (.text.TimerP_start)
                  102c16e6    0000000a     --HOLE-- [fill = 0]
                  102c16f0    00000016                                                 : TimerP_rti.obj (.text.TimerP_stop)
                  102c1706    0000000a     --HOLE-- [fill = 0]
                  102c1710    00000014     drivers.awr294x.r5f.ti-arm-clang.debug.lib : ipc_notify_v1.obj (.text.IpcNotify_mailboxClearPendingIntr)
                  102c1724    0000000c     --HOLE-- [fill = 0]
                  102c1730    00000014                                                : soc_rcm.obj (.text.SOC_rcmGetModuleClkDivFromRegVal)
                  102c1744    0000000c     --HOLE-- [fill = 0]
                  102c1750    00000014     freertos.awr294x.r5f.ti-arm-clang.debug.lib : TimerP_rti.obj (.text.TimerP_clearOverflowInt)
                  102c1764    0000000c     --HOLE-- [fill = 0]
                  102c1770    00000014     ti_dpl_config.o (.text.putchar_)
                  102c1784    0000000c     --HOLE-- [fill = 0]
                  102c1790    00000014     freertos.awr294x.r5f.ti-arm-clang.debug.lib : tasks.obj (.text.xTaskGetCurrentTaskHandle)
                  102c17a4    0000000c     --HOLE-- [fill = 0]
                  102c17b0    00000012     drivers.awr294x.r5f.ti-arm-clang.debug.lib : ipc_rpmsg.obj (.text.RPMessage_queueReset)
                  102c17c2    0000000e     --HOLE-- [fill = 0]
                  102c17d0    00000012     freertos.awr294x.r5f.ti-arm-clang.debug.lib : port.obj (.text.uiPortGetRunTimeCounterValue)
                  102c17e2    0000000e     --HOLE-- [fill = 0]
                  102c17f0    00000010     drivers.awr294x.r5f.ti-arm-clang.debug.lib : pinmux.obj (.text.CSL_REG32_WR_RAW)
                  102c1800    00000010                                                : soc.obj (.text.CSL_REG32_WR_RAW)
                  102c1810    00000010     freertos.awr294x.r5f.ti-arm-clang.debug.lib : ClockP_freertos_r5.obj (.text.ClockP_getTimerCount)
                  102c1820    00000010                                                 : ClockP_freertos_r5.obj (.text.ClockP_timerClearOverflowInt)
                  102c1830    00000010     drivers.awr294x.r5f.ti-arm-clang.debug.lib : ipc_notify_v1.obj (.text.IpcNotify_mailboxGetPendingIntr)
                  102c1840    00000010                                                : soc.obj (.text.SOC_moduleClockEnable)
                  102c1850    00000010     libclang_rt.builtins.a : aeabi_memset.S.obj (.text.__aeabi_memset)
                  102c1860    00000010     freertos.awr294x.r5f.ti-arm-clang.debug.lib : printf.obj (.text._out_null)
                  102c1870    00000010     libc.a : sscanf.c.obj (.text._uninpchar)
                  102c1880    00000010            : fputc.c.obj (.text.putchar)
                  102c1890    00000010     freertos.awr294x.r5f.ti-arm-clang.debug.lib : tasks.obj (.text.vTaskSuspendAll)
                  102c18a0    0000000e     drivers.awr294x.r5f.ti-arm-clang.debug.lib : ipc_notify_v1.obj (.text.IpcNotify_isCustomIpcConfigEnabled)
                  102c18ae    00000002     --HOLE-- [fill = 0]
                  102c18b0    0000000e     freertos.awr294x.r5f.ti-arm-clang.debug.lib : list.obj (.text.vListInitialiseItem)
                  102c18be    00000002     --HOLE-- [fill = 0]
                  102c18c0    0000000e                                                 : tasks.obj (.text.vTaskMissedYield)
                  102c18ce    00000002     --HOLE-- [fill = 0]
                  102c18d0    0000000c     ti_board_open_close.o (.text.Board_driversOpen)
                  102c18dc    00000004     --HOLE-- [fill = 0]
                  102c18e0    0000000c     drivers.awr294x.r5f.ti-arm-clang.debug.lib : ipc_notify_v1.obj (.text.IpcNotify_getSelfCoreId)
                  102c18ec    00000004     --HOLE-- [fill = 0]
                  102c18f0    0000000c     ti_power_clock_config.o (.text.PowerClock_init)
                  102c18fc    00000004     --HOLE-- [fill = 0]
                  102c1900    0000000c     libc.a : strcmp32.S.obj (.text)
                  102c190c    00000004     --HOLE-- [fill = 0]
                  102c1910    0000000a     freertos.awr294x.r5f.ti-arm-clang.debug.lib : HwiP_armv7r_vim.obj (.text.Hwip_dataAndInstructionBarrier)
                  102c191a    00000006     --HOLE-- [fill = 0]
                  102c1920    0000000a     drivers.awr294x.r5f.ti-arm-clang.debug.lib : ipc_notify_v1.obj (.text.IpcNotify_dataAndInstructionBarrier)
                  102c192a    00000006     --HOLE-- [fill = 0]
                  102c1930    0000000a                                                : ipc_rpmsg_vring.obj (.text.IpcRpMsg_dataAndInstructionBarrier)
                  102c193a    00000006     --HOLE-- [fill = 0]
                  102c1940    0000000a     freertos.awr294x.r5f.ti-arm-clang.debug.lib : port.obj (.text.prvTaskExitError)
                  102c194a    00000006     --HOLE-- [fill = 0]
                  102c1950    0000000a                                                 : port.obj (.text.vApplicationIdleHook)
                  102c195a    00000006     --HOLE-- [fill = 0]
                  102c1960    00000008     drivers.awr294x.r5f.ti-arm-clang.debug.lib : soc_rcm.obj (.text.CSL_TopCtrl_getBaseAddress)
                  102c1968    00000008     --HOLE-- [fill = 0]
                  102c1970    00000008     freertos.awr294x.r5f.ti-arm-clang.debug.lib : ClockP_freertos.obj (.text.ClockP_getTicks)
                  102c1978    00000008     --HOLE-- [fill = 0]
                  102c1980    00000006     drivers.awr294x.r5f.ti-arm-clang.debug.lib : soc_rcm.obj (.text.CSL_DSSRCM_getBaseAddress)
                  102c1986    0000000a     --HOLE-- [fill = 0]
                  102c1990    00000006                                                : soc_rcm.obj (.text.CSL_RCM_getBaseAddress)
                  102c1996    0000000a     --HOLE-- [fill = 0]
                  102c19a0    00000006                                                : soc_rcm.obj (.text.CSL_TopRCM_getBaseAddress)
                  102c19a6    0000000a     --HOLE-- [fill = 0]
                  102c19b0    00000002     ti_board_config.o (.text.Board_init)
                  102c19b2    0000000e     --HOLE-- [fill = 0]
                  102c19c0    00000002     ti_drivers_open_close.o (.text.Drivers_open)
                  102c19c2    0000000e     --HOLE-- [fill = 0]
                  102c19d0    00000002     freertos.awr294x.r5f.ti-arm-clang.debug.lib : port.obj (.text.vPortConfigTimerForRunTimeStats)
                  102c19d2    0000000e     --HOLE-- [fill = 0]
                  102c19e0    00000002                                                 : port.obj (.text.vPortValidateInterruptPriority)
                  102c19e2    0000001e     --HOLE-- [fill = 0]

.rodata    0    102c1a00    00001cf0     
                  102c1a00    00000188     drivers.awr294x.r5f.ti-arm-clang.debug.lib : soc_rcm.obj (.rodata.gSocRcmADPLLJConfigTbl)
                  102c1b88    00000008     libc.a : _scanfi.c.obj (.rodata..L__const._sproc_float.special)
                  102c1b90    00000101            : aeabi_ctype.S.obj (.rodata:__aeabi_ctype_table_)
                  102c1c91    00000082     freertos.awr294x.r5f.ti-arm-clang.debug.lib : tasks.obj (.rodata.str1.4565613428165196872.1)
                  102c1d13    00000005     drivers.awr294x.r5f.ti-arm-clang.debug.lib : soc_rcm.obj (.rodata.gSocRcmR5ClkSrcInfoMap)
                  102c1d18    00000080     libc.a : strtod.c.obj (.rodata.digits)
                  102c1d98    0000007f     drivers.awr294x.r5f.ti-arm-clang.debug.lib : ipc_rpmsg.obj (.rodata.str1.7723343948726634474.1)
                  102c1e17    0000007c                                                : ipc_rpmsg.obj (.rodata.str1.882666447729012844.1)
                  102c1e93    00000075                                                : ipc_rpmsg.obj (.rodata.str1.2083685040620277556.1)
                  102c1f08    00000074     ti_dpl_config.o (.rodata.cfg)
                  102c1f7c    00000073     drivers.awr294x.r5f.ti-arm-clang.debug.lib : ipc_rpmsg.obj (.rodata.str1.17585504750102706928.1)
                  102c1fef    0000006f                                                : ipc_rpmsg.obj (.rodata.str1.7933235615949331309.1)
                  102c205e    0000006b     freertos.awr294x.r5f.ti-arm-clang.debug.lib : queue.obj (.rodata.str1.9511296674868437406.1)
                  102c20c9    00000069     drivers.awr294x.r5f.ti-arm-clang.debug.lib : soc_rcm.obj (.rodata.gSocRcmClkSrcInfoMap)
                  102c2132    00000065     freertos.awr294x.r5f.ti-arm-clang.debug.lib : queue.obj (.rodata.str1.6603158521343292237.1)
                  102c2197    00000064     drivers.awr294x.r5f.ti-arm-clang.debug.lib : ipc_rpmsg.obj (.rodata.str1.14097889213147046469.1)
                  102c21fb    00000063                                                : ipc_rpmsg.obj (.rodata.str1.2212735509010662771.1)
                  102c225e    00000062     freertos.awr294x.r5f.ti-arm-clang.debug.lib : queue.obj (.rodata.str1.4808098962482247512.1)
                  102c22c0    0000005f                                                 : queue.obj (.rodata.str1.8056268586134868364.1)
                  102c231f    0000005d                                                 : queue.obj (.rodata.str1.14947700358493181700.1)
                  102c237c    0000005c                                                 : ClockP_freertos_r5.obj (.rodata.str1.17223520836534051513.1)
                  102c23d8    00000059                                                 : queue.obj (.rodata.str1.13478403849926902207.1)
                  102c2431    00000007     libc.a : _scanfi.c.obj (.rodata._sproc_int.flit)
                  102c2438    00000050     freertos.awr294x.r5f.ti-arm-clang.debug.lib : printf.obj (.rodata._ftoa.pow10)
                  102c2488    0000004f                                                 : tasks.obj (.rodata.str1.16921125101802676652.1)
                  102c24d7    0000004a                                                 : queue.obj (.rodata.str1.1958022410542202588.1)
                  102c2521    0000004a                                                 : queue.obj (.rodata.str1.9461746748575326763.1)
                  102c256b    00000005                                                 : tasks.obj (.rodata.str1.17790062339596940786.1)
                  102c2570    00000048     libc.a : strtod.c.obj (.rodata.powerof10)
                  102c25b8    00000040     drivers.awr294x.r5f.ti-arm-clang.debug.lib : ipc_notify_v1.obj (.rodata.str1.10118846006578224169.1)
                  102c25f8    0000003f     freertos.awr294x.r5f.ti-arm-clang.debug.lib : port.obj (.rodata.str1.2008661137458711816.1)
                  102c2637    0000003e                                                 : tasks.obj (.rodata.str1.9787755677095343714.1)
                  102c2675    0000003d                                                 : TimerP_rti.obj (.rodata.str1.8636677665714190513.1)
                  102c26b2    00000039                                                 : queue.obj (.rodata.str1.12742486800848623484.1)
                  102c26eb    00000037                                                 : SemaphoreP_freertos.obj (.rodata.str1.10588615791740875997.1)
                  102c2722    00000035     drivers.awr294x.r5f.ti-arm-clang.debug.lib : ipc_rpmsg.obj (.rodata.str1.12490517295006761435.1)
                  102c2757    00000033     R5F_1.o (.rodata.str1.11666945559213320231.1)
                  102c278a    00000031     freertos.awr294x.r5f.ti-arm-clang.debug.lib : timers.obj (.rodata.str1.4254626211159867211.1)
                  102c27bb    0000002f     drivers.awr294x.r5f.ti-arm-clang.debug.lib : ipc_notify_v1.obj (.rodata.str1.9418228565027791152.1)
                  102c27ea    0000002e     freertos.awr294x.r5f.ti-arm-clang.debug.lib : tasks.obj (.rodata.str1.3110018549871327945.1)
                  102c2818    0000002e                                                 : queue.obj (.rodata.str1.3762774476990514498.1)
                  102c2846    0000002e     drivers.awr294x.r5f.ti-arm-clang.debug.lib : ipc_notify_v1_cfg.obj (.rodata.str1.9333447753637572630.1)
                  102c2874    0000002d                                                : soc_rcm.obj (.rodata.str1.13371245503524111651.1)
                  102c28a1    0000002a     freertos.awr294x.r5f.ti-arm-clang.debug.lib : queue.obj (.rodata.str1.13415653334365632560.1)
                  102c28cb    0000002a                                                 : queue.obj (.rodata.str1.18282543359674176480.1)
                  102c28f5    0000002a                                                 : DebugP_log.obj (.rodata.str1.227947788441500939.1)
                  102c291f    00000029     drivers.awr294x.r5f.ti-arm-clang.debug.lib : soc_rcm.obj (.rodata.str1.5389960437019493790.1)
                  102c2948    00000029     freertos.awr294x.r5f.ti-arm-clang.debug.lib : tasks.obj (.rodata.str1.9328102173130631220.1)
                  102c2971    00000003     R5F_1.o (.rodata.str1.12379124077579876034.1)
                  102c2974    00000028     drivers.awr294x.r5f.ti-arm-clang.debug.lib : soc_rcm.obj (.rodata.gSocRcmFixedClocksTbl)
                  102c299c    00000028     freertos.awr294x.r5f.ti-arm-clang.debug.lib : queue.obj (.rodata.str1.12125964304638706974.1)
                  102c29c4    00000027                                                 : ClockP_freertos_r5.obj (.rodata.str1.4964156252153506440.1)
                  102c29eb    00000027                                                 : queue.obj (.rodata.str1.5896517509531954562.1)
                  102c2a12    00000027                                                 : tasks.obj (.rodata.str1.8086631624469926375.1)
                  102c2a39    00000026                                                 : tasks.obj (.rodata.str1.2823620137245587142.1)
                  102c2a5f    00000025                                                 : queue.obj (.rodata.str1.1299805873427833789.1)
                  102c2a84    00000025                                                 : tasks.obj (.rodata.str1.16123424699167936419.1)
                  102c2aa9    00000024     main.o (.rodata.str1.17100691992556644108.1)
                  102c2acd    00000024     freertos.awr294x.r5f.ti-arm-clang.debug.lib : tasks.obj (.rodata.str1.7264671426540837297.1)
                  102c2af1    00000023                                                 : ClockP_freertos_r5.obj (.rodata.str1.5485111591584040388.1)
                  102c2b14    00000022                                                 : tasks.obj (.rodata.str1.12539733791578942966.1)
                  102c2b36    00000022                                                 : TimerP_rti.obj (.rodata.str1.4081825994417204303.1)
                  102c2b58    00000022                                                 : tasks.obj (.rodata.str1.8073734311353135185.1)
                  102c2b7a    00000021                                                 : SemaphoreP_freertos.obj (.rodata.str1.11155737773773580205.1)
                  102c2b9b    00000021                                                 : tasks.obj (.rodata.str1.1908087408565297158.1)
                  102c2bbc    00000021                                                 : tasks.obj (.rodata.str1.6403908046155279103.1)
                  102c2bdd    00000021                                                 : ClockP_freertos_r5.obj (.rodata.str1.7035350789661265746.1)
                  102c2bfe    00000020     drivers.awr294x.r5f.ti-arm-clang.debug.lib : ipc_notify_v1.obj (.rodata.str1.2046905611612007019.1)
                  102c2c1e    00000020     freertos.awr294x.r5f.ti-arm-clang.debug.lib : tasks.obj (.rodata.str1.2251723265452542394.1)
                  102c2c3e    0000001f     drivers.awr294x.r5f.ti-arm-clang.debug.lib : ipc_rpmsg_vring.obj (.rodata.str1.14997963732428335466.1)
                  102c2c5d    0000001f     freertos.awr294x.r5f.ti-arm-clang.debug.lib : ClockP_freertos_r5.obj (.rodata.str1.17653911837062842281.1)
                  102c2c7c    0000001f     drivers.awr294x.r5f.ti-arm-clang.debug.lib : soc_rcm.obj (.rodata.str1.4312025440500206638.1)
                  102c2c9b    0000001e     freertos.awr294x.r5f.ti-arm-clang.debug.lib : tasks.obj (.rodata.str1.12993397357195243110.1)
                  102c2cb9    0000001e     drivers.awr294x.r5f.ti-arm-clang.debug.lib : ipc_notify_v1.obj (.rodata.str1.16593710740832512674.1)
                  102c2cd7    0000001e     freertos.awr294x.r5f.ti-arm-clang.debug.lib : port.obj (.rodata.str1.8643037410225090959.1)
                  102c2cf5    0000001e     drivers.awr294x.r5f.ti-arm-clang.debug.lib : ipc_notify_v1.obj (.rodata.str1.9050127465416171240.1)
                  102c2d13    0000001d     freertos.awr294x.r5f.ti-arm-clang.debug.lib : TimerP_rti.obj (.rodata.str1.16072626274289208570.1)
                  102c2d30    0000001d                                                 : TimerP_rti.obj (.rodata.str1.3969290967820031423.1)
                  102c2d4d    0000001c     drivers.awr294x.r5f.ti-arm-clang.debug.lib : ipc_notify_v1_cfg.obj (.rodata.str1.264689326032831299.1)
                  102c2d69    0000001c                                                : ipc_rpmsg_vring.obj (.rodata.str1.6129980899926192174.1)
                  102c2d85    0000001c     freertos.awr294x.r5f.ti-arm-clang.debug.lib : ClockP_freertos_r5.obj (.rodata.str1.6936306138937714152.1)
                  102c2da1    0000001b                                                 : SemaphoreP_freertos.obj (.rodata.str1.11544067228989255202.1)
                  102c2dbc    0000001b                                                 : timers.obj (.rodata.str1.16001437261817787019.1)
                  102c2dd7    0000001b                                                 : tasks.obj (.rodata.str1.16487631963213850555.1)
                  102c2df2    0000001b     drivers.awr294x.r5f.ti-arm-clang.debug.lib : soc_rcm.obj (.rodata.str1.16607280105437489952.1)
                  102c2e0d    0000001b     ti_drivers_config.o (.rodata.str1.7767457247551078139.1)
                  102c2e28    0000001a     drivers.awr294x.r5f.ti-arm-clang.debug.lib : soc_rcm.obj (.rodata.gSocRcmCpswClkSrcValMap)
                  102c2e42    0000001a                                                : soc_rcm.obj (.rodata.gSocRcmCptsClkSrcValMap)
                  102c2e5c    0000001a                                                : soc_rcm.obj (.rodata.gSocRcmCsiRxClkSrcValMap)
                  102c2e76    0000001a                                                : soc_rcm.obj (.rodata.gSocRcmDssHwaClkSrcValMap)
                  102c2e90    0000001a                                                : soc_rcm.obj (.rodata.gSocRcmDssRtiClkSrcValMap)
                  102c2eaa    0000001a                                                : soc_rcm.obj (.rodata.gSocRcmDssSciClkSrcValMap)
                  102c2ec4    0000001a                                                : soc_rcm.obj (.rodata.gSocRcmI2CClkSrcValMap)
                  102c2ede    0000001a                                                : soc_rcm.obj (.rodata.gSocRcmMcanClkSrcValMap)
                  102c2ef8    0000001a                                                : soc_rcm.obj (.rodata.gSocRcmQspiClkSrcValMap)
                  102c2f12    0000001a                                                : soc_rcm.obj (.rodata.gSocRcmRtiClkSrcValMap)
                  102c2f2c    0000001a                                                : soc_rcm.obj (.rodata.gSocRcmSciClkSrcValMap)
                  102c2f46    0000001a                                                : soc_rcm.obj (.rodata.gSocRcmSpiClkSrcValMap)
                  102c2f60    0000001a     freertos.awr294x.r5f.ti-arm-clang.debug.lib : tasks.obj (.rodata.str1.10003396352110772215.1)
                  102c2f7a    0000001a                                                 : SemaphoreP_freertos.obj (.rodata.str1.11022221066391817236.1)
                  102c2f94    0000001a                                                 : queue.obj (.rodata.str1.11765322630372331988.1)
                  102c2fae    0000001a     drivers.awr294x.r5f.ti-arm-clang.debug.lib : soc_rcm.obj (.rodata.str1.16907879152045164286.1)
                  102c2fc8    0000001a     freertos.awr294x.r5f.ti-arm-clang.debug.lib : tasks.obj (.rodata.str1.17181842458667904009.1)
                  102c2fe2    00000019                                                 : TimerP_rti.obj (.rodata.str1.12012997325668529457.1)
                  102c2ffb    00000019     drivers.awr294x.r5f.ti-arm-clang.debug.lib : ipc_notify_v1.obj (.rodata.str1.12253177398743541182.1)
                  102c3014    00000019     R5F_1.o (.rodata.str1.14596407196074309605.1)
                  102c302d    00000019     freertos.awr294x.r5f.ti-arm-clang.debug.lib : timers.obj (.rodata.str1.15628002448382055558.1)
                  102c3046    00000019                                                 : queue.obj (.rodata.str1.2068208149952083127.1)
                  102c305f    00000019                                                 : tasks.obj (.rodata.str1.244605201944591920.1)
                  102c3078    00000019                                                 : queue.obj (.rodata.str1.2948272999977107176.1)
                  102c3091    00000019                                                 : queue.obj (.rodata.str1.3468573994310079257.1)
                  102c30aa    00000018                                                 : tasks.obj (.rodata.str1.13344916649340266805.1)
                  102c30c2    00000018     drivers.awr294x.r5f.ti-arm-clang.debug.lib : soc_rcm.obj (.rodata.str1.15698070000904087989.1)
                  102c30da    00000018     freertos.awr294x.r5f.ti-arm-clang.debug.lib : tasks.obj (.rodata.str1.15740406556629270602.1)
                  102c30f2    00000018                                                 : queue.obj (.rodata.str1.18236504432714223226.1)
                  102c310a    00000018     ti_drivers_config.o (.rodata.str1.2211846465855763212.1)
                  102c3122    00000018     freertos.awr294x.r5f.ti-arm-clang.debug.lib : queue.obj (.rodata.str1.4783428148027574403.1)
                  102c313a    00000018                                                 : tasks.obj (.rodata.str1.4810192888527840656.1)
                  102c3152    00000018     drivers.awr294x.r5f.ti-arm-clang.debug.lib : ipc_notify_v1_cfg.obj (.rodata.str1.516174688186082407.1)
                  102c316a    00000018                                                : soc_rcm.obj (.rodata.str1.5644146021439259721.1)
                  102c3182    00000018                                                : soc_rcm.obj (.rodata.str1.8734959275723459859.1)
                  102c319a    00000017                                                : soc_rcm.obj (.rodata.str1.1263028196474875090.1)
                  102c31b1    00000017     freertos.awr294x.r5f.ti-arm-clang.debug.lib : tasks.obj (.rodata.str1.1416243454897364710.1)
                  102c31c8    00000017     drivers.awr294x.r5f.ti-arm-clang.debug.lib : soc_rcm.obj (.rodata.str1.17538818475614418282.1)
                  102c31df    00000017     freertos.awr294x.r5f.ti-arm-clang.debug.lib : timers.obj (.rodata.str1.18265711717753411804.1)
                  102c31f6    00000017                                                 : timers.obj (.rodata.str1.2312973347762327973.1)
                  102c320d    00000001     --HOLE-- [fill = 0]
                  102c320e    00000016     drivers.awr294x.r5f.ti-arm-clang.debug.lib : soc_rcm.obj (.rodata.gSocRcmPllCoreOut2HSDivClkSrcValMap)
                  102c3224    00000016                                                : soc_rcm.obj (.rodata.gSocRcmPllDspOut1HSDivClkSrcValMap)
                  102c323a    00000016                                                : soc_rcm.obj (.rodata.gSocRcmPllDspOut2HSDivClkSrcValMap)
                  102c3250    00000016                                                : soc_rcm.obj (.rodata.gSocRcmPllPerOut1HSDivClkSrcValMap)
                  102c3266    00000016     freertos.awr294x.r5f.ti-arm-clang.debug.lib : tasks.obj (.rodata.str1.12915494234774218437.1)
                  102c327c    00000016     drivers.awr294x.r5f.ti-arm-clang.debug.lib : ipc_rpmsg.obj (.rodata.str1.16486853128403771656.1)
                  102c3292    00000016                                                : soc_rcm.obj (.rodata.str1.18101715471844446405.1)
                  102c32a8    00000016     freertos.awr294x.r5f.ti-arm-clang.debug.lib : timers.obj (.rodata.str1.1863766670952869147.1)
                  102c32be    00000016                                                 : tasks.obj (.rodata.str1.2834791214610268086.1)
                  102c32d4    00000016     drivers.awr294x.r5f.ti-arm-clang.debug.lib : soc_rcm.obj (.rodata.str1.503491203257075565.1)
                  102c32ea    00000016                                                : soc_rcm.obj (.rodata.str1.6958094397977218529.1)
                  102c3300    00000015                                                : ipc_rpmsg_vring.obj (.rodata.str1.10951797515982497648.1)
                  102c3315    00000015     freertos.awr294x.r5f.ti-arm-clang.debug.lib : tasks.obj (.rodata.str1.1179690219950103224.1)
                  102c332a    00000015                                                 : timers.obj (.rodata.str1.1862016452340430421.1)
                  102c333f    00000015     drivers.awr294x.r5f.ti-arm-clang.debug.lib : ipc_notify_v1.obj (.rodata.str1.2749849238461102323.1)
                  102c3354    00000015     freertos.awr294x.r5f.ti-arm-clang.debug.lib : tasks.obj (.rodata.str1.3834493932173273458.1)
                  102c3369    00000015                                                 : queue.obj (.rodata.str1.733373753318541697.1)
                  102c337e    00000014     drivers.awr294x.r5f.ti-arm-clang.debug.lib : soc_rcm.obj (.rodata.str1.11890050604266936394.1)
                  102c3392    00000014     freertos.awr294x.r5f.ti-arm-clang.debug.lib : timers.obj (.rodata.str1.12862578983123979947.1)
                  102c33a6    00000014                                                 : tasks.obj (.rodata.str1.1590280515097235757.1)
                  102c33ba    00000014     drivers.awr294x.r5f.ti-arm-clang.debug.lib : ipc_rpmsg.obj (.rodata.str1.168554633486331424.1)
                  102c33ce    00000014                                                : ipc_notify_v1.obj (.rodata.str1.17722115868992979254.1)
                  102c33e2    00000014     freertos.awr294x.r5f.ti-arm-clang.debug.lib : timers.obj (.rodata.str1.2835172901334304404.1)
                  102c33f6    00000014                                                 : queue.obj (.rodata.str1.3905706667075460799.1)
                  102c340a    00000014     drivers.awr294x.r5f.ti-arm-clang.debug.lib : ipc_notify_v1.obj (.rodata.str1.5235938544388580736.1)
[...]
102bf1e1  xQueueTakeMutexRecursive             
102bc821  xTaskCheckForTimeOut                 
102bc731  xTaskCreateStatic                    
102c1791  xTaskGetCurrentTaskHandle            
102c0741  xTaskGetIdleTaskHandle               
102c0ad1  xTaskGetSchedulerState               
102c1511  xTaskGetTickCount                    
102b9671  xTaskIncrementTick                   
102bc131  xTaskPriorityDisinherit              
102bbf11  xTaskPriorityInherit                 
102bcaf1  xTaskRemoveFromEventList             
102ba341  xTaskResumeAll                       
102be221  xTimerCreateTimerTask                
102bd861  xTimerGenericCommand                 


GLOBAL SYMBOLS: SORTED BY Symbol Address 

address   name                                 
-------   ----                                 
00000000  __TI_ATRegion0_region_sz             
00000000  __TI_ATRegion0_src_addr              
00000000  __TI_ATRegion0_trg_addr              
00000000  __TI_ATRegion1_region_sz             
00000000  __TI_ATRegion1_src_addr              
00000000  __TI_ATRegion1_trg_addr              
00000000  __TI_ATRegion2_region_sz             
00000000  __TI_ATRegion2_src_addr              
00000000  __TI_ATRegion2_trg_addr              
00000000  __TI_static_base__                   
00000000  _vectors                             
00000100  __ABORT_STACK_SIZE                   
00000100  __FIQ_STACK_SIZE                     
00000100  __IRQ_STACK_SIZE                     
00000100  __UNDEFINED_STACK_SIZE               
00001000  __SVC_STACK_SIZE                     
00004000  __STACK_SIZE                         
00008000  __SYSMEM_SIZE                        
102a0000  __BSS_START                          
102a0000  gMainTaskStack                       
102a4000  gHwiCtrl                             
102a6008  gIpcRpmsgCtrl                        
102a6db8  _CIOBUF_                             
102a6db8  __CIOBUF_                            
102a6fd8  xQueueRegistry                       
102a7258  __TI_tmpnams                         
102a72f8  gTaskP_ctrl                          
102a7548  gMainTaskObj                         
102a7624  gRovDummyQueue                       
102a7678  gClockCtrl                           
102a773c  parmbuf                              
102a775c  gMainTask                            
102a7760  __BSS_END                            
102a7760  _sys_memory                          
102af760  __stack                              
102b3760  __STACK_END                          
102b3760  __TI_scanfi                          
102b4a88  C$$EXIT                              
102b4a88  HOSTexit                             
102b54c4  __aeabi_errno_addr                   
102b59f1  IpcNotify_init                       
102b5f08  strtod                               
102b5f08  strtold                              
102b63dc  __aeabi_idiv0                        
102b6858  __TI_printfi_minimal                 
102b6c34  __aeabi_memclr                       
102b6c34  __aeabi_memclr4                      
102b6c34  __aeabi_memclr8                      
102b6c40  strcmp                               
102b7341  IpcNotify_isr                        
102b767c  strtoll                              
102b78f8  strtoull                             
102b7d81  xQueueSemaphoreTake                  
102b7fbc  __aeabi_ldiv0                        
102b7fc1  xQueueGenericSend                    
102b81e8  __aeabi_memcpy                       
102b81e8  __aeabi_memcpy4                      
102b81e8  __aeabi_memcpy8                      
102b81ec  _nop                                 
102b81f1  SOC_controlModuleUnlockMMR           
102b83fc  fseek                                
102b8401  RPMessage_send                       
102b8600  strtol                               
102b87f8  strtoul                              
102b89e4  malloc                               
102b89f1  xQueueReceive                        
102b8bd1  TimerP_setup                         
102b8da8  __aeabi_uidiv                        
102b8da8  __udivsi3                            
102b8f78  remove                               
102b9151  SOC_controlModuleLockMMR             
102b9311  RPMessage_recv                       
102b94c0  free                                 
102b9671  xTaskIncrementTick                   
102b9818  aligned_alloc                        
102b9818  memalign                             
102b99c1  RPMessage_init                       
102b9d01  ClockP_init                          
102b9e91  vTaskSwitchContext                   
102ba021  xQueueGenericSendFromISR             
102ba1b1  RPMessage_vringResetInternal         
102ba341  xTaskResumeAll                       
102ba4c1  RPMessage_recvHandler                
102ba641  xQueueGiveFromISR                    
102ba7a1  IpcNotify_sendMsg                    
102ba901  IpcNotify_trigInterrupt_ack          
102baa61  vTaskPriorityDisinheritAfterTimeout  
102babb8  ldexp                                
102babb8  ldexpl                               
102babb8  scalbn                               
102babb8  scalbnl                              
102bae61  xQueueGenericCreateStatic            
102bb0f8  setvbuf                              
102bb241  IpcNotify_trigInterrupt              
102bb381  xQueueReceiveFromISR                 
102bb601  RPMessage_vringReset                 
102bb741  pxPortInitialiseStack                
102bb871  eTaskGetState                        
102bbab1  TaskP_loadUpdateAll                  
102bbbc8  __udivmoddi4                         
102bbf11  xTaskPriorityInherit                 
102bc021  vTaskDelete                          
102bc131  xTaskPriorityDisinherit              
102bc351  r5f1_main                            
102bc451  RPMessage_vringPutFullTxBuf          
102bc544  fputc                                
102bc641  vTaskStartScheduler                  
102bc731  xTaskCreateStatic                    
102bc821  xTaskCheckForTimeOut                 
102bca01  vTaskGetInfo                         
102bcaf1  xTaskRemoveFromEventList             
102bcbd1  RPMessage_vringGetFullRxBuf          
102bcf51  System_init                          
102bd031  RPMessage_construct                  
102bd2c1  RPMessage_vringPutEmptyRxBuf         
102bd471  RPMessage_vringGetEmptyTxBuf         
102bd538  getdevice                            
102bd601  RPMessage_coreInit                   
102bd6d1  IpcNotify_readAckCallback            
102bd861  xTimerGenericCommand                 
102bd921  xQueueGenericReset                   
102bd9d8  fseeko                               
102bdb51  SOC_rcmSetPeripheralClock            
102bdc00  __TI_closefile                       
102bdd61  SemaphoreP_constructBinary           
102be0d1  CycleCounterP_init                   
102be0f1  CycleCounterP_reset                  
102be141  CycleCounterP_nsToTicks              
102be221  xTimerCreateTimerTask                
102be424  HOSTrename                           
102be570  __TI_wrt_ok                          
102be60c  HOSTlseek                            
102be6b1  IpcNotify_registerClient             
102be748  HOSTopen                             
102be7e1  IpcNotify_Params_init                
102be881  _DebugP_logZone                      
102be9b0  close                                
102bea41  main                                 
102beacc  __TI_doflush                         
102beb61  RPMessage_Params_init                
102bebf1  RPMessage_getEndPtMsg                
102bed98  HOSTread                             
102bee1c  HOSTwrite                            
102beea1  RPMessage_notifyCallback             
102befc1  SemaphoreP_pend                      
102bf051  _DebugP_assert                       
102bf161  ClockP_getTimeUsec                   
102bf1e1  xQueueTakeMutexRecursive             
102bf2e1  xQueueGiveMutexRecursive             
102bf35c  snprintf                             
102bf3e1  RPMessage_vringIsFullRxBuf           
102bf4e1  SemaphoreP_constructMutex            
102bf5c0  HOSTunlink                           
102bf631  vListInsert                          
102bf69c  atoi                                 
102bf711  RPMessage_controlEndPtHandler        
102bf781  vApplicationLoadHook                 
102bf7f1  vQueueWaitForMessageRestricted       
102bf8d1  SemaphoreP_post                      
102bf941  vTaskPlaceOnEventListRestricted      
102bf9a4  HOSTclose                            
102bfa11  RPMessage_vringCheckEmptyTxBuf       
102bfa71  Module_clockSetFrequency             
102bfb2c  __TI_cleanup                         
102bfb84  __TI_readmsg                         
102bfbdc  __TI_writemsg                        
102bfc28  C$$IO$$                              
102bfc91  IpcNotify_getMemoryToWrite           
102bfd44  exit                                 
102bfd98  finddevice                           
102bfdec  __TI_auto_init_nobinit_nopinit       
102bfe41  Pinmux_config                        
102bfea1  RPMessage_allocEndPtMsg              
102bff61  vQueueAddToRegistry                  
102bffc1  vTaskPlaceOnEventList                
102c0021  IpcNotify_getMemoryToRead            
102c00c1  IpcNotify_unregisterClient           
102c0111  Module_clockEnable                   
102c015c  memccpy                              
102c01a8  sscanf                               
102c0298  unlink                               
102c02e1  uxListRemove                         
102c0331  RPMessage_freeEndPtMsg               
102c0381  RPMessage_vringGetSize               
102c03d1  vTaskExitCritical                    
102c05b1  IpcNotify_allocSwQueue               
102c0741  xTaskGetIdleTaskHandle               
102c0791  Dpl_init                             
102c0891  SOC_rcmIsPadDisableRequired          
102c08d1  RPMessage_isLinuxCore                
102c0911  RPMessage_vringGetRxBufAddr          
102c0951  RPMessage_vringGetTxBufAddr          
102c0991  RPMessage_vringGetTxBufLen           
102c0a51  vListInsertEnd                       
102c0ad1  xTaskGetSchedulerState               
102c0b11  IpcNotify_syncCallback               
102c0b51  RPMessage_controlEndPtInit           
102c0bd1  TimerP_Params_init                   
102c0c38  lseek                                
102c0c71  vPortTimerTickHandler                
102c0ca4  write                                
102c0ce1  ClockP_timerTickIsr                  
102c0da1  TimerP_getCount                      
102c0de1  vApplicationStackOverflowHook        
102c0e21  vTaskEnterCritical                   
102c0e61  xQueueCreateMutexStatic              
102c0f00  CycleCounterP_getCount32             
102c0f08  PmuP_setup                           
102c0f10  PmuP_enableCounters                  
102c0f18  PmuP_disableCounters                 
102c0f20  PmuP_getOverflowStatus               
102c0f28  PmuP_clearOverflowStatus             
102c0ff1  vListInitialise                      
102c1021  DebugP_logZoneEnable                 
102c1051  Pinmux_init                          
102c10b1  SOC_rcmGetR5Clock                    
102c1171  pvTaskIncrementMutexHeldCount        
102c11a1  vApplicationGetIdleTaskMemory        
102c11d1  vApplicationGetTimerTaskMemory       
102c1201  IpcNotify_isCoreEnabled              
102c1231  RPMessage_putEndPtMsg                
102c1261  IpcNotify_syncCustomIpcConfig        
102c12f1  vprintf_                             
102c1351  IpcNotify_getConfig                  
102c1374  __aeabi_uldivmod                     
102c13d1  vTaskInternalSetTimeOutState         
102c1431  ClockP_usecToTicks                   
102c1451  IpcNotify_wait                       
102c1471  RPMessage_CreateParams_init          
102c1491  vPortFree                            
102c14b1  SOC_moduleSetClockFrequency          
102c14f1  xPortStartScheduler                  
102c1511  xTaskGetTickCount                    
102c1584  strlen                               
102c15c1  vPortYeildFromISR                    
102c15dc  TI_memcpy_small                      
102c1641  TimerP_getReloadCount                
102c1661  freertos_main                        
102c1678  TI_memset_small                      
102c16b1  SOC_getSelfCpuClk                    
102c16d1  TimerP_start                         
102c16f1  TimerP_stop                          
102c1751  TimerP_clearOverflowInt              
102c1771  putchar_                             
102c1791  xTaskGetCurrentTaskHandle            
102c17d1  uiPortGetRunTimeCounterValue         
102c1811  ClockP_getTimerCount                 
102c1821  ClockP_timerClearOverflowInt         
102c1841  SOC_moduleClockEnable                
102c1850  __aeabi_memset                       
102c1850  __aeabi_memset4                      
102c1850  __aeabi_memset8                      
102c1880  putchar                              
102c1891  vTaskSuspendAll                      
102c18a1  IpcNotify_isCustomIpcConfigEnabled   
102c18b1  vListInitialiseItem                  
102c18c1  vTaskMissedYield                     
102c18d1  Board_driversOpen                    
102c18e1  IpcNotify_getSelfCoreId              
102c18f1  PowerClock_init                      
102c1951  vApplicationIdleHook                 
102c1971  ClockP_getTicks                      
102c19b1  Board_init                           
102c19c1  Drivers_open                         
102c19d1  vPortConfigTimerForRunTimeStats      
102c19e1  vPortValidateInterruptPriority       
102c1b90  __aeabi_ctype_table_                 
102c1b90  __aeabi_ctype_table_C                
102c1f08  gCacheConfig                         
102c1f10  gMpuConfig                           
102c1f1c  gMpuRegionConfig                     
102c36d8  gCacheL1dCacheLineSize               
102c36dc  gCacheL1pCacheLineSize               
102c36ec  uxTopUsedPriority                    
102c36f1  HwiP_irq_handler_c                   
102c3831  HwiP_fiq_handler                     
102c39a1  HwiP_reserved_handler                
102c39e1  HwiP_user_undefined_handler_c        
102c3a21  HwiP_undefined_handler_c             
102c3a61  HwiP_user_prefetch_abort_handler_c   
102c3ac1  HwiP_prefetch_abort_handler_c        
102c3b91  HwiP_user_data_abort_handler_c       
102c3c01  HwiP_data_abort_handler_c            
102c3ce1  HwiP_enableInt                       
102c3d21  HwiP_disableInt                      
102c3d81  HwiP_restoreInt                      
102c3db1  HwiP_clearInt                        
102c3df1  HwiP_post                            
102c3e31  HwiP_Params_init                     
102c3e61  HwiP_construct                       
102c4061  HwiP_destruct                        
102c40d1  HwiP_init                            
102c4281  HwiP_inISR                           
102c42a8  vPortRestoreTaskContext              
102c42e0  HwiP_svc_handler                     
102c4350  HwiP_irq_handler                     
102c4494  HwiP_data_abort_handler              
102c44d8  HwiP_prefetch_abort_handler          
102c4508  HwiP_undefined_handler               
102c4550  GET_DFSR                             
102c4558  GET_ADFSR                            
102c4560  GET_DFAR                             
102c4568  GET_IFSR                             
102c4570  GET_AIFSR                            
102c4578  GET_IFAR                             
102c4580  GET_SPSR                             
102c4594  HwiP_disable                         
102c45a4  HwiP_disableFIQ                      
102c45b4  HwiP_enable                          
102c45c4  HwiP_enableFIQ                       
102c45d4  HwiP_restore                         
102c45dc  HwiP_enableVIC                       
102c45ec  HwiP_disableVIC                      
102c45fc  HwiP_getCPSR                         
102c4610  CacheP_disableL1d                    
102c4638  CacheP_disableL1p                    
102c4650  CacheP_enableL1d                     
102c4668  CacheP_enableL1p                     
102c4680  CacheP_invL1d                        
102c46b8  CacheP_invL1p                        
102c46f4  CacheP_invL1dAll                     
102c46fc  CacheP_invL1pAll                     
102c4704  CacheP_wb                            
102c4740  CacheP_wbInv                         
102c477c  CacheP_wbAll                         
102c4824  CacheP_wbInvAll                      
102c483c  CacheP_wbInvAllAsm                   
102c48dc  CacheP_getEnabled                    
102c4914  CacheP_getCacheLevelInfo             
102c4920  CacheP_configForceWrThru             
102c4940  CacheP_setDLFO                       
102c4951  CacheP_init                          
102c49e1  CacheP_disable                       
102c4a31  CacheP_enable                        
102c4a71  CacheP_inv                           
102c4ab1  MpuP_RegionAttrs_init                
102c4ae1  MpuP_setRegion                       
102c4bd1  MpuP_isEnable                        
102c4be1  MpuP_disable                         
102c4c21  MpuP_enable                          
102c4c61  MpuP_init                            
102c4cf8  MpuP_disableAsm                      
102c4d10  MpuP_disableBRAsm                    
102c4d20  MpuP_enableAsm                       
102c4d38  MpuP_enableBRAsm                     
102c4d48  MpuP_isEnableAsm                     
102c4d5c  MpuP_setRegionAsm                    
102c4d70  _c_int00_sbl                         
102c4d94  _c_int00                             
102c4e71  _DebugP_assertNoLog                  
102c4ea1  _system_pre_init                     
102c4ed1  __mpu_init                           
102c4ee0  abort                                
102c4ee8  gIpcNotifyMailboxConfig              
102c50a8  gIpcNotifyCtrl                       
102c51a4  _ftable                              
102c5314  _device                              
102c538c  gIpcNotifyInterruptConfig_r5fss0_1   
102c53fc  _stream                              
102c5484  gClockConfig                         
102c549c  gIpcNotifyCoreIntrBitPos             
102c54ac  gSocModulesClockFrequency            
102c54b8  __TI_cleanup_ptr                     
102c54bc  __TI_dtors_ptr                       
102c54d0  FreeRTOS_errno                       
102c54d4  __TI_ft_end                          
102c54d8  __aeabi_errno                        
102c54dc  _lock                                
102c54e0  _unlock                              
102c54e8  gDebugLogZone                        
102c54ec  gHwiConfig                           
102c54f0  gIpcNotifyInterruptConfigNum_r5fss0_1
102c54f4  gSocModules                          
102c54fc  pxCurrentTCB                         
102c5500  ulPortInterruptNesting               
102c5504  ulPortSchedularRunning               
102c5508  ulPortTaskHasFPUContext              
102c550c  ulPortYieldRequired                  
102c5558  __IRQ_STACK_START                    
102c5658  __FIQ_STACK_START                    
102c5658  __IRQ_STACK_END                      
102c5758  __FIQ_STACK_END                      
102c5758  __SVC_STACK_START                    
102c6758  __ABORT_STACK_START                  
102c6758  __SVC_STACK_END                      
102c6858  __ABORT_STACK_END                    
102c6858  __UNDEFINED_STACK_START              
102c6958  __UNDEFINED_STACK_END                
c5000200  gIpcSharedMem                        
ffffffff  __TI_pprof_out_hndl                  
ffffffff  __TI_prof_data_size                  
ffffffff  __TI_prof_data_start                 
ffffffff  __binit__                            
ffffffff  binit                                
UNDEFED   __TI_CINIT_Base                      
UNDEFED   __TI_CINIT_Limit                     
UNDEFED   __TI_Handler_Table_Base              
UNDEFED   __TI_Handler_Table_Limit             
UNDEFED   _system_post_cinit                   

[399 symbols]
