<?xml version="1.0" encoding="ISO-8859-1" ?>
<link_info>
   <banner>TI ARM Clang Linker PC v4.0.3.LTS</banner>
   <copyright>Copyright (c) 1996-2018 Texas Instruments Incorporated</copyright>
   <command_line>C:\ti\ccs2030\ccs\tools\compiler\ti-cgt-armllvm_4.0.3.LTS\bin\tiarmlnk -IC:\ti\ccs2030\ccs\tools\compiler\ti-cgt-armllvm_4.0.3.LTS\lib -o empty_awr294x-evm_r5fss0-1_freertos_ti-arm-clang.out -mempty.Debug.map -iC:/ti/mmwave_mcuplus_sdk_04_07_01_04/mcu_plus_sdk_awr294x_10_01_00_04/source/kernel/freertos/lib -iC:/ti/mmwave_mcuplus_sdk_04_07_01_04/mcu_plus_sdk_awr294x_10_01_00_04/source/drivers/lib -iC:/ti/ccs2030/ccs/tools/compiler/ti-cgt-armllvm_4.0.3.LTS/lib --reread_libs --diag_suppress=10063 --diag_wrap=off --display_error_number --warn_sections --xml_link_info=empty_awr294x-evm_r5fss0-1_freertos_ti-arm-clang_linkInfo.xml --ram_model ./R5F_1.o ./syscfg/ti_dpl_config.o ./syscfg/ti_drivers_config.o ./syscfg/ti_drivers_open_close.o ./syscfg/ti_pinmux_config.o ./syscfg/ti_power_clock_config.o ./syscfg/ti_board_config.o ./syscfg/ti_board_open_close.o ./syscfg/ti_enet_config.o ./syscfg/ti_enet_open_close.o ./syscfg/ti_enet_soc.o ./syscfg/ti_enet_lwipif.o ./main.o ../linker.cmd -lfreertos.awr294x.r5f.ti-arm-clang.debug.lib -ldrivers.awr294x.r5f.ti-arm-clang.debug.lib -llibc.a -llibsysbm.a --start-group -llibc++.a -llibc++abi.a -llibc.a -llibsys.a -llibsysbm.a -llibclang_rt.builtins.a -llibclang_rt.profile.a --end-group</command_line>
   <link_time>0x68f6b4d7</link_time>
   <link_errors>0x0</link_errors>
   <output_file>C:\Users\there\Documents\Capstone\RadarFirmware\TestProjects\empty_awr294x-evm_r5fss0-1_freertos_ti-arm-clang\Debug\empty_awr294x-evm_r5fss0-1_freertos_ti-arm-clang.out</output_file>
   <entry_point>
      <name>_vectors</name>
      <address>0x0</address>
   </entry_point>
   <input_file_list>
      <input_file id="fl-1">
         <path>C:\Users\there\Documents\Capstone\RadarFirmware\TestProjects\empty_awr294x-evm_r5fss0-1_freertos_ti-arm-clang\Debug\.\</path>
         <kind>object</kind>
         <file>R5F_1.o</file>
         <name>R5F_1.o</name>
      </input_file>
      <input_file id="fl-2">
         <path>C:\Users\there\Documents\Capstone\RadarFirmware\TestProjects\empty_awr294x-evm_r5fss0-1_freertos_ti-arm-clang\Debug\.\syscfg\</path>
         <kind>object</kind>
         <file>ti_dpl_config.o</file>
         <name>ti_dpl_config.o</name>
      </input_file>
      <input_file id="fl-3">
         <path>C:\Users\there\Documents\Capstone\RadarFirmware\TestProjects\empty_awr294x-evm_r5fss0-1_freertos_ti-arm-clang\Debug\.\syscfg\</path>
         <kind>object</kind>
         <file>ti_drivers_config.o</file>
         <name>ti_drivers_config.o</name>
      </input_file>
      <input_file id="fl-4">
         <path>C:\Users\there\Documents\Capstone\RadarFirmware\TestProjects\empty_awr294x-evm_r5fss0-1_freertos_ti-arm-clang\Debug\.\syscfg\</path>
         <kind>object</kind>
         <file>ti_drivers_open_close.o</file>
         <name>ti_drivers_open_close.o</name>
      </input_file>
      <input_file id="fl-5">
         <path>C:\Users\there\Documents\Capstone\RadarFirmware\TestProjects\empty_awr294x-evm_r5fss0-1_freertos_ti-arm-clang\Debug\.\syscfg\</path>
         <kind>object</kind>
         <file>ti_pinmux_config.o</file>
         <name>ti_pinmux_config.o</name>
      </input_file>
      <input_file id="fl-6">
         <path>C:\Users\there\Documents\Capstone\RadarFirmware\TestProjects\empty_awr294x-evm_r5fss0-1_freertos_ti-arm-clang\Debug\.\syscfg\</path>
         <kind>object</kind>
         <file>ti_power_clock_config.o</file>
         <name>ti_power_clock_config.o</name>
      </input_file>
      <input_file id="fl-7">
         <path>C:\Users\there\Documents\Capstone\RadarFirmware\TestProjects\empty_awr294x-evm_r5fss0-1_freertos_ti-arm-clang\Debug\.\syscfg\</path>
         <kind>object</kind>
         <file>ti_board_config.o</file>
         <name>ti_board_config.o</name>
      </input_file>
      <input_file id="fl-8">
         <path>C:\Users\there\Documents\Capstone\RadarFirmware\TestProjects\empty_awr294x-evm_r5fss0-1_freertos_ti-arm-clang\Debug\.\syscfg\</path>
         <kind>object</kind>
         <file>ti_board_open_close.o</file>
         <name>ti_board_open_close.o</name>
      </input_file>
      <input_file id="fl-9">
         <path>C:\Users\there\Documents\Capstone\RadarFirmware\TestProjects\empty_awr294x-evm_r5fss0-1_freertos_ti-arm-clang\Debug\.\syscfg\</path>
         <kind>object</kind>
         <file>ti_enet_config.o</file>
         <name>ti_enet_config.o</name>
      </input_file>
      <input_file id="fl-a">
         <path>C:\Users\there\Documents\Capstone\RadarFirmware\TestProjects\empty_awr294x-evm_r5fss0-1_freertos_ti-arm-clang\Debug\.\syscfg\</path>
         <kind>object</kind>
         <file>ti_enet_open_close.o</file>
         <name>ti_enet_open_close.o</name>
      </input_file>
      <input_file id="fl-b">
         <path>C:\Users\there\Documents\Capstone\RadarFirmware\TestProjects\empty_awr294x-evm_r5fss0-1_freertos_ti-arm-clang\Debug\.\syscfg\</path>
         <kind>object</kind>
         <file>ti_enet_soc.o</file>
         <name>ti_enet_soc.o</name>
      </input_file>
      <input_file id="fl-c">
         <path>C:\Users\there\Documents\Capstone\RadarFirmware\TestProjects\empty_awr294x-evm_r5fss0-1_freertos_ti-arm-clang\Debug\.\syscfg\</path>
         <kind>object</kind>
         <file>ti_enet_lwipif.o</file>
         <name>ti_enet_lwipif.o</name>
      </input_file>
      <input_file id="fl-d">
         <path>C:\Users\there\Documents\Capstone\RadarFirmware\TestProjects\empty_awr294x-evm_r5fss0-1_freertos_ti-arm-clang\Debug\.\</path>
         <kind>object</kind>
         <file>main.o</file>
         <name>main.o</name>
      </input_file>
      <input_file id="fl-1b">
         <path>C:\Users\there\Documents\Capstone\RadarFirmware\TestProjects\empty_awr294x-evm_r5fss0-1_freertos_ti-arm-clang\Debug\</path>
         <kind>object</kind>
         <file>&lt;internal&gt;</file>
         <name>&lt;internal&gt;</name>
      </input_file>
      <input_file id="fl-1c">
         <path>C:\ti\mmwave_mcuplus_sdk_04_07_01_04\mcu_plus_sdk_awr294x_10_01_00_04\source\kernel\freertos\lib\</path>
         <kind>archive</kind>
         <file>freertos.awr294x.r5f.ti-arm-clang.debug.lib</file>
         <name>DebugP_log.obj</name>
      </input_file>
      <input_file id="fl-1d">
         <path>C:\ti\mmwave_mcuplus_sdk_04_07_01_04\mcu_plus_sdk_awr294x_10_01_00_04\source\kernel\freertos\lib\</path>
         <kind>archive</kind>
         <file>freertos.awr294x.r5f.ti-arm-clang.debug.lib</file>
         <name>HwiP_armv7r_vim.obj</name>
      </input_file>
      <input_file id="fl-1e">
         <path>C:\ti\mmwave_mcuplus_sdk_04_07_01_04\mcu_plus_sdk_awr294x_10_01_00_04\source\kernel\freertos\lib\</path>
         <kind>archive</kind>
         <file>freertos.awr294x.r5f.ti-arm-clang.debug.lib</file>
         <name>MpuP_armv7r.obj</name>
      </input_file>
      <input_file id="fl-1f">
         <path>C:\ti\mmwave_mcuplus_sdk_04_07_01_04\mcu_plus_sdk_awr294x_10_01_00_04\source\kernel\freertos\lib\</path>
         <kind>archive</kind>
         <file>freertos.awr294x.r5f.ti-arm-clang.debug.lib</file>
         <name>CacheP_armv7r.obj</name>
      </input_file>
      <input_file id="fl-20">
         <path>C:\ti\mmwave_mcuplus_sdk_04_07_01_04\mcu_plus_sdk_awr294x_10_01_00_04\source\kernel\freertos\lib\</path>
         <kind>archive</kind>
         <file>freertos.awr294x.r5f.ti-arm-clang.debug.lib</file>
         <name>PmuP_armv7r.obj</name>
      </input_file>
      <input_file id="fl-21">
         <path>C:\ti\mmwave_mcuplus_sdk_04_07_01_04\mcu_plus_sdk_awr294x_10_01_00_04\source\kernel\freertos\lib\</path>
         <kind>archive</kind>
         <file>freertos.awr294x.r5f.ti-arm-clang.debug.lib</file>
         <name>ClockP_freertos.obj</name>
      </input_file>
      <input_file id="fl-22">
         <path>C:\ti\mmwave_mcuplus_sdk_04_07_01_04\mcu_plus_sdk_awr294x_10_01_00_04\source\kernel\freertos\lib\</path>
         <kind>archive</kind>
         <file>freertos.awr294x.r5f.ti-arm-clang.debug.lib</file>
         <name>ClockP_freertos_r5.obj</name>
      </input_file>
      <input_file id="fl-23">
         <path>C:\ti\mmwave_mcuplus_sdk_04_07_01_04\mcu_plus_sdk_awr294x_10_01_00_04\source\kernel\freertos\lib\</path>
         <kind>archive</kind>
         <file>freertos.awr294x.r5f.ti-arm-clang.debug.lib</file>
         <name>DebugP_freertos.obj</name>
      </input_file>
      <input_file id="fl-24">
         <path>C:\ti\mmwave_mcuplus_sdk_04_07_01_04\mcu_plus_sdk_awr294x_10_01_00_04\source\kernel\freertos\lib\</path>
         <kind>archive</kind>
         <file>freertos.awr294x.r5f.ti-arm-clang.debug.lib</file>
         <name>HwiP_armv7r_handlers_freertos.obj</name>
      </input_file>
      <input_file id="fl-25">
         <path>C:\ti\mmwave_mcuplus_sdk_04_07_01_04\mcu_plus_sdk_awr294x_10_01_00_04\source\kernel\freertos\lib\</path>
         <kind>archive</kind>
         <file>freertos.awr294x.r5f.ti-arm-clang.debug.lib</file>
         <name>SemaphoreP_freertos.obj</name>
      </input_file>
      <input_file id="fl-26">
         <path>C:\ti\mmwave_mcuplus_sdk_04_07_01_04\mcu_plus_sdk_awr294x_10_01_00_04\source\kernel\freertos\lib\</path>
         <kind>archive</kind>
         <file>freertos.awr294x.r5f.ti-arm-clang.debug.lib</file>
         <name>tasks.obj</name>
      </input_file>
      <input_file id="fl-27">
         <path>C:\ti\mmwave_mcuplus_sdk_04_07_01_04\mcu_plus_sdk_awr294x_10_01_00_04\source\kernel\freertos\lib\</path>
         <kind>archive</kind>
         <file>freertos.awr294x.r5f.ti-arm-clang.debug.lib</file>
         <name>timers.obj</name>
      </input_file>
      <input_file id="fl-28">
         <path>C:\ti\mmwave_mcuplus_sdk_04_07_01_04\mcu_plus_sdk_awr294x_10_01_00_04\source\kernel\freertos\lib\</path>
         <kind>archive</kind>
         <file>freertos.awr294x.r5f.ti-arm-clang.debug.lib</file>
         <name>queue.obj</name>
      </input_file>
      <input_file id="fl-29">
         <path>C:\ti\mmwave_mcuplus_sdk_04_07_01_04\mcu_plus_sdk_awr294x_10_01_00_04\source\kernel\freertos\lib\</path>
         <kind>archive</kind>
         <file>freertos.awr294x.r5f.ti-arm-clang.debug.lib</file>
         <name>list.obj</name>
      </input_file>
      <input_file id="fl-2a">
         <path>C:\ti\mmwave_mcuplus_sdk_04_07_01_04\mcu_plus_sdk_awr294x_10_01_00_04\source\kernel\freertos\lib\</path>
         <kind>archive</kind>
         <file>freertos.awr294x.r5f.ti-arm-clang.debug.lib</file>
         <name>heap_3.obj</name>
      </input_file>
      <input_file id="fl-2b">
         <path>C:\ti\mmwave_mcuplus_sdk_04_07_01_04\mcu_plus_sdk_awr294x_10_01_00_04\source\kernel\freertos\lib\</path>
         <kind>archive</kind>
         <file>freertos.awr294x.r5f.ti-arm-clang.debug.lib</file>
         <name>port.obj</name>
      </input_file>
      <input_file id="fl-2c">
         <path>C:\ti\mmwave_mcuplus_sdk_04_07_01_04\mcu_plus_sdk_awr294x_10_01_00_04\source\kernel\freertos\lib\</path>
         <kind>archive</kind>
         <file>freertos.awr294x.r5f.ti-arm-clang.debug.lib</file>
         <name>HwiP_armv7r_asm.obj</name>
      </input_file>
      <input_file id="fl-2d">
         <path>C:\ti\mmwave_mcuplus_sdk_04_07_01_04\mcu_plus_sdk_awr294x_10_01_00_04\source\kernel\freertos\lib\</path>
         <kind>archive</kind>
         <file>freertos.awr294x.r5f.ti-arm-clang.debug.lib</file>
         <name>MpuP_armv7r_asm.obj</name>
      </input_file>
      <input_file id="fl-2e">
         <path>C:\ti\mmwave_mcuplus_sdk_04_07_01_04\mcu_plus_sdk_awr294x_10_01_00_04\source\kernel\freertos\lib\</path>
         <kind>archive</kind>
         <file>freertos.awr294x.r5f.ti-arm-clang.debug.lib</file>
         <name>CacheP_armv7r_asm.obj</name>
      </input_file>
      <input_file id="fl-2f">
         <path>C:\ti\mmwave_mcuplus_sdk_04_07_01_04\mcu_plus_sdk_awr294x_10_01_00_04\source\kernel\freertos\lib\</path>
         <kind>archive</kind>
         <file>freertos.awr294x.r5f.ti-arm-clang.debug.lib</file>
         <name>PmuP_armv7r_asm.obj</name>
      </input_file>
      <input_file id="fl-30">
         <path>C:\ti\mmwave_mcuplus_sdk_04_07_01_04\mcu_plus_sdk_awr294x_10_01_00_04\source\kernel\freertos\lib\</path>
         <kind>archive</kind>
         <file>freertos.awr294x.r5f.ti-arm-clang.debug.lib</file>
         <name>HwiP_armv7r_vectors_freertos_asm.obj</name>
      </input_file>
      <input_file id="fl-31">
         <path>C:\ti\mmwave_mcuplus_sdk_04_07_01_04\mcu_plus_sdk_awr294x_10_01_00_04\source\kernel\freertos\lib\</path>
         <kind>archive</kind>
         <file>freertos.awr294x.r5f.ti-arm-clang.debug.lib</file>
         <name>HwiP_armv7r_handlers_freertos_asm.obj</name>
      </input_file>
      <input_file id="fl-32">
         <path>C:\ti\mmwave_mcuplus_sdk_04_07_01_04\mcu_plus_sdk_awr294x_10_01_00_04\source\kernel\freertos\lib\</path>
         <kind>archive</kind>
         <file>freertos.awr294x.r5f.ti-arm-clang.debug.lib</file>
         <name>portASM.obj</name>
      </input_file>
      <input_file id="fl-33">
         <path>C:\ti\mmwave_mcuplus_sdk_04_07_01_04\mcu_plus_sdk_awr294x_10_01_00_04\source\kernel\freertos\lib\</path>
         <kind>archive</kind>
         <file>freertos.awr294x.r5f.ti-arm-clang.debug.lib</file>
         <name>TimerP_rti.obj</name>
      </input_file>
      <input_file id="fl-34">
         <path>C:\ti\mmwave_mcuplus_sdk_04_07_01_04\mcu_plus_sdk_awr294x_10_01_00_04\source\kernel\freertos\lib\</path>
         <kind>archive</kind>
         <file>freertos.awr294x.r5f.ti-arm-clang.debug.lib</file>
         <name>printf.obj</name>
      </input_file>
      <input_file id="fl-35">
         <path>C:\ti\mmwave_mcuplus_sdk_04_07_01_04\mcu_plus_sdk_awr294x_10_01_00_04\source\kernel\freertos\lib\</path>
         <kind>archive</kind>
         <file>freertos.awr294x.r5f.ti-arm-clang.debug.lib</file>
         <name>TaskP_freertos.obj</name>
      </input_file>
      <input_file id="fl-36">
         <path>C:\ti\mmwave_mcuplus_sdk_04_07_01_04\mcu_plus_sdk_awr294x_10_01_00_04\source\kernel\freertos\lib\</path>
         <kind>archive</kind>
         <file>freertos.awr294x.r5f.ti-arm-clang.debug.lib</file>
         <name>boot_armv7r_asm.obj</name>
      </input_file>
      <input_file id="fl-37">
         <path>C:\ti\mmwave_mcuplus_sdk_04_07_01_04\mcu_plus_sdk_awr294x_10_01_00_04\source\kernel\freertos\lib\</path>
         <kind>archive</kind>
         <file>freertos.awr294x.r5f.ti-arm-clang.debug.lib</file>
         <name>boot_armv7r.obj</name>
      </input_file>
      <input_file id="fl-38">
         <path>C:\ti\mmwave_mcuplus_sdk_04_07_01_04\mcu_plus_sdk_awr294x_10_01_00_04\source\drivers\lib\</path>
         <kind>archive</kind>
         <file>drivers.awr294x.r5f.ti-arm-clang.debug.lib</file>
         <name>ipc_notify_v1.obj</name>
      </input_file>
      <input_file id="fl-39">
         <path>C:\ti\mmwave_mcuplus_sdk_04_07_01_04\mcu_plus_sdk_awr294x_10_01_00_04\source\drivers\lib\</path>
         <kind>archive</kind>
         <file>drivers.awr294x.r5f.ti-arm-clang.debug.lib</file>
         <name>ipc_notify_v1_cfg.obj</name>
      </input_file>
      <input_file id="fl-3a">
         <path>C:\ti\mmwave_mcuplus_sdk_04_07_01_04\mcu_plus_sdk_awr294x_10_01_00_04\source\drivers\lib\</path>
         <kind>archive</kind>
         <file>drivers.awr294x.r5f.ti-arm-clang.debug.lib</file>
         <name>ipc_rpmsg.obj</name>
      </input_file>
      <input_file id="fl-3b">
         <path>C:\ti\mmwave_mcuplus_sdk_04_07_01_04\mcu_plus_sdk_awr294x_10_01_00_04\source\drivers\lib\</path>
         <kind>archive</kind>
         <file>drivers.awr294x.r5f.ti-arm-clang.debug.lib</file>
         <name>ipc_rpmsg_vring.obj</name>
      </input_file>
      <input_file id="fl-3c">
         <path>C:\ti\mmwave_mcuplus_sdk_04_07_01_04\mcu_plus_sdk_awr294x_10_01_00_04\source\drivers\lib\</path>
         <kind>archive</kind>
         <file>drivers.awr294x.r5f.ti-arm-clang.debug.lib</file>
         <name>pinmux.obj</name>
      </input_file>
      <input_file id="fl-3d">
         <path>C:\ti\mmwave_mcuplus_sdk_04_07_01_04\mcu_plus_sdk_awr294x_10_01_00_04\source\drivers\lib\</path>
         <kind>archive</kind>
         <file>drivers.awr294x.r5f.ti-arm-clang.debug.lib</file>
         <name>soc.obj</name>
      </input_file>
      <input_file id="fl-3e">
         <path>C:\ti\mmwave_mcuplus_sdk_04_07_01_04\mcu_plus_sdk_awr294x_10_01_00_04\source\drivers\lib\</path>
         <kind>archive</kind>
         <file>drivers.awr294x.r5f.ti-arm-clang.debug.lib</file>
         <name>soc_rcm.obj</name>
      </input_file>
      <input_file id="fl-55">
         <path>C:\ti\ccs2030\ccs\tools\compiler\ti-cgt-armllvm_4.0.3.LTS\lib\armv7r-ti-none-eabihf\c\</path>
         <kind>archive</kind>
         <file>libc.a</file>
         <name>snprintf.c.obj</name>
      </input_file>
      <input_file id="fl-56">
         <path>C:\ti\ccs2030\ccs\tools\compiler\ti-cgt-armllvm_4.0.3.LTS\lib\armv7r-ti-none-eabihf\c\</path>
         <kind>archive</kind>
         <file>libc.a</file>
         <name>sprintf.c.obj</name>
      </input_file>
      <input_file id="fl-57">
         <path>C:\ti\ccs2030\ccs\tools\compiler\ti-cgt-armllvm_4.0.3.LTS\lib\armv7r-ti-none-eabihf\c\</path>
         <kind>archive</kind>
         <file>libc.a</file>
         <name>sscanf.c.obj</name>
      </input_file>
      <input_file id="fl-58">
         <path>C:\ti\ccs2030\ccs\tools\compiler\ti-cgt-armllvm_4.0.3.LTS\lib\armv7r-ti-none-eabihf\c\</path>
         <kind>archive</kind>
         <file>libc.a</file>
         <name>fputc.c.obj</name>
      </input_file>
      <input_file id="fl-59">
         <path>C:\ti\ccs2030\ccs\tools\compiler\ti-cgt-armllvm_4.0.3.LTS\lib\armv7r-ti-none-eabihf\c\</path>
         <kind>archive</kind>
         <file>libc.a</file>
         <name>_io_perm.c.obj</name>
      </input_file>
      <input_file id="fl-5a">
         <path>C:\ti\ccs2030\ccs\tools\compiler\ti-cgt-armllvm_4.0.3.LTS\lib\armv7r-ti-none-eabihf\c\</path>
         <kind>archive</kind>
         <file>libc.a</file>
         <name>setvbuf.c.obj</name>
      </input_file>
      <input_file id="fl-5b">
         <path>C:\ti\ccs2030\ccs\tools\compiler\ti-cgt-armllvm_4.0.3.LTS\lib\armv7r-ti-none-eabihf\c\</path>
         <kind>archive</kind>
         <file>libc.a</file>
         <name>aeabi_ctype.S.obj</name>
      </input_file>
      <input_file id="fl-5c">
         <path>C:\ti\ccs2030\ccs\tools\compiler\ti-cgt-armllvm_4.0.3.LTS\lib\armv7r-ti-none-eabihf\c\</path>
         <kind>archive</kind>
         <file>libc.a</file>
         <name>exit.c.obj</name>
      </input_file>
      <input_file id="fl-5d">
         <path>C:\ti\ccs2030\ccs\tools\compiler\ti-cgt-armllvm_4.0.3.LTS\lib\armv7r-ti-none-eabihf\c\</path>
         <kind>archive</kind>
         <file>libc.a</file>
         <name>_lock.c.obj</name>
      </input_file>
      <input_file id="fl-5e">
         <path>C:\ti\ccs2030\ccs\tools\compiler\ti-cgt-armllvm_4.0.3.LTS\lib\armv7r-ti-none-eabihf\c\</path>
         <kind>archive</kind>
         <file>libc.a</file>
         <name>defs.c.obj</name>
      </input_file>
      <input_file id="fl-5f">
         <path>C:\ti\ccs2030\ccs\tools\compiler\ti-cgt-armllvm_4.0.3.LTS\lib\armv7r-ti-none-eabihf\c\</path>
         <kind>archive</kind>
         <file>libc.a</file>
         <name>memory.c.obj</name>
      </input_file>
      <input_file id="fl-60">
         <path>C:\ti\ccs2030\ccs\tools\compiler\ti-cgt-armllvm_4.0.3.LTS\lib\armv7r-ti-none-eabihf\c\</path>
         <kind>archive</kind>
         <file>libc.a</file>
         <name>strcpy.c.obj</name>
      </input_file>
      <input_file id="fl-61">
         <path>C:\ti\ccs2030\ccs\tools\compiler\ti-cgt-armllvm_4.0.3.LTS\lib\armv7r-ti-none-eabihf\c\</path>
         <kind>archive</kind>
         <file>libc.a</file>
         <name>strlen.c.obj</name>
      </input_file>
      <input_file id="fl-62">
         <path>C:\ti\ccs2030\ccs\tools\compiler\ti-cgt-armllvm_4.0.3.LTS\lib\armv7r-ti-none-eabihf\c\</path>
         <kind>archive</kind>
         <file>libc.a</file>
         <name>strncpy.c.obj</name>
      </input_file>
      <input_file id="fl-63">
         <path>C:\ti\ccs2030\ccs\tools\compiler\ti-cgt-armllvm_4.0.3.LTS\lib\armv7r-ti-none-eabihf\c\</path>
         <kind>archive</kind>
         <file>libc.a</file>
         <name>autoinit.c.obj</name>
      </input_file>
      <input_file id="fl-64">
         <path>C:\ti\ccs2030\ccs\tools\compiler\ti-cgt-armllvm_4.0.3.LTS\lib\armv7r-ti-none-eabihf\c\</path>
         <kind>archive</kind>
         <file>libc.a</file>
         <name>cpy_tbl.c.obj</name>
      </input_file>
      <input_file id="fl-65">
         <path>C:\ti\ccs2030\ccs\tools\compiler\ti-cgt-armllvm_4.0.3.LTS\lib\armv7r-ti-none-eabihf\c\</path>
         <kind>archive</kind>
         <file>libc.a</file>
         <name>_printfi.c.obj</name>
      </input_file>
      <input_file id="fl-66">
         <path>C:\ti\ccs2030\ccs\tools\compiler\ti-cgt-armllvm_4.0.3.LTS\lib\armv7r-ti-none-eabihf\c\</path>
         <kind>archive</kind>
         <file>libc.a</file>
         <name>_scanfi.c.obj</name>
      </input_file>
      <input_file id="fl-67">
         <path>C:\ti\ccs2030\ccs\tools\compiler\ti-cgt-armllvm_4.0.3.LTS\lib\armv7r-ti-none-eabihf\c\</path>
         <kind>archive</kind>
         <file>libc.a</file>
         <name>fflush.c.obj</name>
      </input_file>
      <input_file id="fl-68">
         <path>C:\ti\ccs2030\ccs\tools\compiler\ti-cgt-armllvm_4.0.3.LTS\lib\armv7r-ti-none-eabihf\c\</path>
         <kind>archive</kind>
         <file>libc.a</file>
         <name>fopen.c.obj</name>
      </input_file>
      <input_file id="fl-69">
         <path>C:\ti\ccs2030\ccs\tools\compiler\ti-cgt-armllvm_4.0.3.LTS\lib\armv7r-ti-none-eabihf\c\</path>
         <kind>archive</kind>
         <file>libc.a</file>
         <name>fseek.c.obj</name>
      </input_file>
      <input_file id="fl-6a">
         <path>C:\ti\ccs2030\ccs\tools\compiler\ti-cgt-armllvm_4.0.3.LTS\lib\armv7r-ti-none-eabihf\c\</path>
         <kind>archive</kind>
         <file>libc.a</file>
         <name>s_frexp.c.obj</name>
      </input_file>
      <input_file id="fl-6b">
         <path>C:\ti\ccs2030\ccs\tools\compiler\ti-cgt-armllvm_4.0.3.LTS\lib\armv7r-ti-none-eabihf\c\</path>
         <kind>archive</kind>
         <file>libc.a</file>
         <name>s_scalbn.c.obj</name>
      </input_file>
      <input_file id="fl-6c">
         <path>C:\ti\ccs2030\ccs\tools\compiler\ti-cgt-armllvm_4.0.3.LTS\lib\armv7r-ti-none-eabihf\c\</path>
         <kind>archive</kind>
         <file>libc.a</file>
         <name>wcslen.c.obj</name>
      </input_file>
      <input_file id="fl-6d">
         <path>C:\ti\ccs2030\ccs\tools\compiler\ti-cgt-armllvm_4.0.3.LTS\lib\armv7r-ti-none-eabihf\c\</path>
         <kind>archive</kind>
         <file>libc.a</file>
         <name>aeabi_portable.c.obj</name>
      </input_file>
      <input_file id="fl-6e">
         <path>C:\ti\ccs2030\ccs\tools\compiler\ti-cgt-armllvm_4.0.3.LTS\lib\armv7r-ti-none-eabihf\c\</path>
         <kind>archive</kind>
         <file>libc.a</file>
         <name>_ltoa.c.obj</name>
      </input_file>
      <input_file id="fl-6f">
         <path>C:\ti\ccs2030\ccs\tools\compiler\ti-cgt-armllvm_4.0.3.LTS\lib\armv7r-ti-none-eabihf\c\</path>
         <kind>archive</kind>
         <file>libc.a</file>
         <name>assert.c.obj</name>
      </input_file>
      <input_file id="fl-70">
         <path>C:\ti\ccs2030\ccs\tools\compiler\ti-cgt-armllvm_4.0.3.LTS\lib\armv7r-ti-none-eabihf\c\</path>
         <kind>archive</kind>
         <file>libc.a</file>
         <name>atoi.c.obj</name>
      </input_file>
      <input_file id="fl-71">
         <path>C:\ti\ccs2030\ccs\tools\compiler\ti-cgt-armllvm_4.0.3.LTS\lib\armv7r-ti-none-eabihf\c\</path>
         <kind>archive</kind>
         <file>libc.a</file>
         <name>memccpy.c.obj</name>
      </input_file>
      <input_file id="fl-72">
         <path>C:\ti\ccs2030\ccs\tools\compiler\ti-cgt-armllvm_4.0.3.LTS\lib\armv7r-ti-none-eabihf\c\</path>
         <kind>archive</kind>
         <file>libc.a</file>
         <name>strtod.c.obj</name>
      </input_file>
      <input_file id="fl-73">
         <path>C:\ti\ccs2030\ccs\tools\compiler\ti-cgt-armllvm_4.0.3.LTS\lib\armv7r-ti-none-eabihf\c\</path>
         <kind>archive</kind>
         <file>libc.a</file>
         <name>strtol.c.obj</name>
      </input_file>
      <input_file id="fl-74">
         <path>C:\ti\ccs2030\ccs\tools\compiler\ti-cgt-armllvm_4.0.3.LTS\lib\armv7r-ti-none-eabihf\c\</path>
         <kind>archive</kind>
         <file>libc.a</file>
         <name>strtoll.c.obj</name>
      </input_file>
      <input_file id="fl-75">
         <path>C:\ti\ccs2030\ccs\tools\compiler\ti-cgt-armllvm_4.0.3.LTS\lib\armv7r-ti-none-eabihf\c\</path>
         <kind>archive</kind>
         <file>libc.a</file>
         <name>strtoul.c.obj</name>
      </input_file>
      <input_file id="fl-76">
         <path>C:\ti\ccs2030\ccs\tools\compiler\ti-cgt-armllvm_4.0.3.LTS\lib\armv7r-ti-none-eabihf\c\</path>
         <kind>archive</kind>
         <file>libc.a</file>
         <name>strtoull.c.obj</name>
      </input_file>
      <input_file id="fl-77">
         <path>C:\ti\ccs2030\ccs\tools\compiler\ti-cgt-armllvm_4.0.3.LTS\lib\armv7r-ti-none-eabihf\c\</path>
         <kind>archive</kind>
         <file>libc.a</file>
         <name>fclose.c.obj</name>
      </input_file>
      <input_file id="fl-78">
         <path>C:\ti\ccs2030\ccs\tools\compiler\ti-cgt-armllvm_4.0.3.LTS\lib\armv7r-ti-none-eabihf\c\</path>
         <kind>archive</kind>
         <file>libc.a</file>
         <name>fputs.c.obj</name>
      </input_file>
      <input_file id="fl-8f">
         <path>C:\ti\ccs2030\ccs\tools\compiler\ti-cgt-armllvm_4.0.3.LTS\lib\armv7r-ti-none-eabihf\c\</path>
         <kind>archive</kind>
         <file>libsysbm.a</file>
         <name>hostexit.c.obj</name>
      </input_file>
      <input_file id="fl-90">
         <path>C:\ti\ccs2030\ccs\tools\compiler\ti-cgt-armllvm_4.0.3.LTS\lib\armv7r-ti-none-eabihf\c\</path>
         <kind>archive</kind>
         <file>libsysbm.a</file>
         <name>write.c.obj</name>
      </input_file>
      <input_file id="fl-91">
         <path>C:\ti\ccs2030\ccs\tools\compiler\ti-cgt-armllvm_4.0.3.LTS\lib\armv7r-ti-none-eabihf\c\</path>
         <kind>archive</kind>
         <file>libsysbm.a</file>
         <name>host_device.c.obj</name>
      </input_file>
      <input_file id="fl-92">
         <path>C:\ti\ccs2030\ccs\tools\compiler\ti-cgt-armllvm_4.0.3.LTS\lib\armv7r-ti-none-eabihf\c\</path>
         <kind>archive</kind>
         <file>libsysbm.a</file>
         <name>remove.c.obj</name>
      </input_file>
      <input_file id="fl-93">
         <path>C:\ti\ccs2030\ccs\tools\compiler\ti-cgt-armllvm_4.0.3.LTS\lib\armv7r-ti-none-eabihf\c\</path>
         <kind>archive</kind>
         <file>libsysbm.a</file>
         <name>open.c.obj</name>
      </input_file>
      <input_file id="fl-94">
         <path>C:\ti\ccs2030\ccs\tools\compiler\ti-cgt-armllvm_4.0.3.LTS\lib\armv7r-ti-none-eabihf\c\</path>
         <kind>archive</kind>
         <file>libsysbm.a</file>
         <name>lseek.c.obj</name>
      </input_file>
      <input_file id="fl-95">
         <path>C:\ti\ccs2030\ccs\tools\compiler\ti-cgt-armllvm_4.0.3.LTS\lib\armv7r-ti-none-eabihf\c\</path>
         <kind>archive</kind>
         <file>libsysbm.a</file>
         <name>close.c.obj</name>
      </input_file>
      <input_file id="fl-96">
         <path>C:\ti\ccs2030\ccs\tools\compiler\ti-cgt-armllvm_4.0.3.LTS\lib\armv7r-ti-none-eabihf\c\</path>
         <kind>archive</kind>
         <file>libsysbm.a</file>
         <name>unlink.c.obj</name>
      </input_file>
      <input_file id="fl-97">
         <path>C:\ti\ccs2030\ccs\tools\compiler\ti-cgt-armllvm_4.0.3.LTS\lib\armv7r-ti-none-eabihf\c\</path>
         <kind>archive</kind>
         <file>libsysbm.a</file>
         <name>hostclose.c.obj</name>
      </input_file>
      <input_file id="fl-98">
         <path>C:\ti\ccs2030\ccs\tools\compiler\ti-cgt-armllvm_4.0.3.LTS\lib\armv7r-ti-none-eabihf\c\</path>
         <kind>archive</kind>
         <file>libsysbm.a</file>
         <name>hostlseek.c.obj</name>
      </input_file>
      <input_file id="fl-99">
         <path>C:\ti\ccs2030\ccs\tools\compiler\ti-cgt-armllvm_4.0.3.LTS\lib\armv7r-ti-none-eabihf\c\</path>
         <kind>archive</kind>
         <file>libsysbm.a</file>
         <name>hostopen.c.obj</name>
      </input_file>
      <input_file id="fl-9a">
         <path>C:\ti\ccs2030\ccs\tools\compiler\ti-cgt-armllvm_4.0.3.LTS\lib\armv7r-ti-none-eabihf\c\</path>
         <kind>archive</kind>
         <file>libsysbm.a</file>
         <name>hostread.c.obj</name>
      </input_file>
      <input_file id="fl-9b">
         <path>C:\ti\ccs2030\ccs\tools\compiler\ti-cgt-armllvm_4.0.3.LTS\lib\armv7r-ti-none-eabihf\c\</path>
         <kind>archive</kind>
         <file>libsysbm.a</file>
         <name>hostrename.c.obj</name>
      </input_file>
      <input_file id="fl-9c">
         <path>C:\ti\ccs2030\ccs\tools\compiler\ti-cgt-armllvm_4.0.3.LTS\lib\armv7r-ti-none-eabihf\c\</path>
         <kind>archive</kind>
         <file>libsysbm.a</file>
         <name>hostunlink.c.obj</name>
      </input_file>
      <input_file id="fl-9d">
         <path>C:\ti\ccs2030\ccs\tools\compiler\ti-cgt-armllvm_4.0.3.LTS\lib\armv7r-ti-none-eabihf\c\</path>
         <kind>archive</kind>
         <file>libsysbm.a</file>
         <name>hostwrite.c.obj</name>
      </input_file>
      <input_file id="fl-9e">
         <path>C:\ti\ccs2030\ccs\tools\compiler\ti-cgt-armllvm_4.0.3.LTS\lib\armv7r-ti-none-eabihf\c\</path>
         <kind>archive</kind>
         <file>libsysbm.a</file>
         <name>trgmsg.c.obj</name>
      </input_file>
      <input_file id="fl-128">
         <path>C:\ti\ccs2030\ccs\tools\compiler\ti-cgt-armllvm_4.0.3.LTS\lib\armv7r-ti-none-eabihf\c\</path>
         <kind>archive</kind>
         <file>libc.a</file>
         <name>getdevice.c.obj</name>
      </input_file>
      <input_file id="fl-129">
         <path>C:\ti\ccs2030\ccs\tools\compiler\ti-cgt-armllvm_4.0.3.LTS\lib\armv7r-ti-none-eabihf\c\</path>
         <kind>archive</kind>
         <file>libc.a</file>
         <name>strcmp32.S.obj</name>
      </input_file>
      <input_file id="fl-12a">
         <path>C:\ti\ccs2030\ccs\tools\compiler\ti-cgt-armllvm_4.0.3.LTS\lib\armv7r-ti-none-eabihf\</path>
         <kind>archive</kind>
         <file>libclang_rt.builtins.a</file>
         <name>divsi3.S.obj</name>
      </input_file>
      <input_file id="fl-12b">
         <path>C:\ti\ccs2030\ccs\tools\compiler\ti-cgt-armllvm_4.0.3.LTS\lib\armv7r-ti-none-eabihf\</path>
         <kind>archive</kind>
         <file>libclang_rt.builtins.a</file>
         <name>udivsi3.S.obj</name>
      </input_file>
      <input_file id="fl-12c">
         <path>C:\ti\ccs2030\ccs\tools\compiler\ti-cgt-armllvm_4.0.3.LTS\lib\armv7r-ti-none-eabihf\</path>
         <kind>archive</kind>
         <file>libclang_rt.builtins.a</file>
         <name>aeabi_div0.c.obj</name>
      </input_file>
      <input_file id="fl-12d">
         <path>C:\ti\ccs2030\ccs\tools\compiler\ti-cgt-armllvm_4.0.3.LTS\lib\armv7r-ti-none-eabihf\</path>
         <kind>archive</kind>
         <file>libclang_rt.builtins.a</file>
         <name>aeabi_memcpy.S.obj</name>
      </input_file>
      <input_file id="fl-12e">
         <path>C:\ti\ccs2030\ccs\tools\compiler\ti-cgt-armllvm_4.0.3.LTS\lib\armv7r-ti-none-eabihf\</path>
         <kind>archive</kind>
         <file>libclang_rt.builtins.a</file>
         <name>aeabi_memset.S.obj</name>
      </input_file>
      <input_file id="fl-12f">
         <path>C:\ti\ccs2030\ccs\tools\compiler\ti-cgt-armllvm_4.0.3.LTS\lib\armv7r-ti-none-eabihf\</path>
         <kind>archive</kind>
         <file>libclang_rt.builtins.a</file>
         <name>aeabi_uldivmod.S.obj</name>
      </input_file>
      <input_file id="fl-130">
         <path>C:\ti\ccs2030\ccs\tools\compiler\ti-cgt-armllvm_4.0.3.LTS\lib\armv7r-ti-none-eabihf\</path>
         <kind>archive</kind>
         <file>libclang_rt.builtins.a</file>
         <name>udivmoddi4.S.obj</name>
      </input_file>
      <input_file id="fl-131">
         <path>C:\ti\ccs2030\ccs\tools\compiler\ti-cgt-armllvm_4.0.3.LTS\lib\armv7r-ti-none-eabihf\c\</path>
         <kind>archive</kind>
         <file>libc.a</file>
         <name>memcpy32.S.obj</name>
      </input_file>
      <input_file id="fl-132">
         <path>C:\ti\ccs2030\ccs\tools\compiler\ti-cgt-armllvm_4.0.3.LTS\lib\armv7r-ti-none-eabihf\c\</path>
         <kind>archive</kind>
         <file>libc.a</file>
         <name>memset32.S.obj</name>
      </input_file>
      <input_file id="fl-133">
         <path>C:\ti\mmwave_mcuplus_sdk_04_07_01_04\mcu_plus_sdk_awr294x_10_01_00_04\source\kernel\freertos\lib\</path>
         <kind>archive</kind>
         <file>freertos.awr294x.r5f.ti-arm-clang.debug.lib</file>
         <name>CpuId_armv7r.obj</name>
      </input_file>
      <input_file id="fl-134">
         <path>C:\ti\mmwave_mcuplus_sdk_04_07_01_04\mcu_plus_sdk_awr294x_10_01_00_04\source\kernel\freertos\lib\</path>
         <kind>archive</kind>
         <file>freertos.awr294x.r5f.ti-arm-clang.debug.lib</file>
         <name>CpuId_armv7r_asm.obj</name>
      </input_file>
   </input_file_list>
   <object_component_list>
      <object_component id="oc-2e">
         <name>.vectors</name>
         <load_address>0x0</load_address>
         <readonly>true</readonly>
         <executable>true</executable>
         <run_address>0x0</run_address>
         <size>0x40</size>
         <alignment>0x4</alignment>
         <input_file_ref idref="fl-30"/>
      </object_component>
      <object_component id="oc-5f">
         <name>.text.hwi</name>
         <load_address>0x102c36f0</load_address>
         <readonly>true</readonly>
         <executable>true</executable>
         <run_address>0x102c36f0</run_address>
         <size>0x5ee</size>
         <alignment>0x10</alignment>
         <input_file_ref idref="fl-24"/>
      </object_component>
      <object_component id="oc-86">
         <name>.text.hwi</name>
         <load_address>0x102c3ce0</load_address>
         <readonly>true</readonly>
         <executable>true</executable>
         <run_address>0x102c3ce0</run_address>
         <size>0x5c6</size>
         <alignment>0x10</alignment>
         <input_file_ref idref="fl-1d"/>
      </object_component>
      <object_component id="oc-5b">
         <name>.text.hwi</name>
         <load_address>0x102c42a8</load_address>
         <readonly>true</readonly>
         <executable>true</executable>
         <run_address>0x102c42a8</run_address>
         <size>0x1ec</size>
         <alignment>0x4</alignment>
         <input_file_ref idref="fl-32"/>
      </object_component>
      <object_component id="oc-57">
         <name>.text.hwi</name>
         <load_address>0x102c4494</load_address>
         <readonly>true</readonly>
         <executable>true</executable>
         <run_address>0x102c4494</run_address>
         <size>0x100</size>
         <alignment>0x4</alignment>
         <input_file_ref idref="fl-31"/>
      </object_component>
      <object_component id="oc-8c">
         <name>.text.hwi</name>
         <load_address>0x102c4594</load_address>
         <readonly>true</readonly>
         <executable>true</executable>
         <run_address>0x102c4594</run_address>
         <size>0x70</size>
         <alignment>0x4</alignment>
         <input_file_ref idref="fl-2c"/>
      </object_component>
      <object_component id="oc-f1">
         <name>.text.cache</name>
         <load_address>0x102c4610</load_address>
         <readonly>true</readonly>
         <executable>true</executable>
         <run_address>0x102c4610</run_address>
         <size>0x340</size>
         <alignment>0x4</alignment>
         <input_file_ref idref="fl-2e"/>
      </object_component>
      <object_component id="oc-98">
         <name>.text.cache</name>
         <load_address>0x102c4950</load_address>
         <readonly>true</readonly>
         <executable>true</executable>
         <run_address>0x102c4950</run_address>
         <size>0x158</size>
         <alignment>0x10</alignment>
         <input_file_ref idref="fl-1f"/>
      </object_component>
      <object_component id="oc-94">
         <name>.text.mpu</name>
         <load_address>0x102c4ab0</load_address>
         <readonly>true</readonly>
         <executable>true</executable>
         <run_address>0x102c4ab0</run_address>
         <size>0x246</size>
         <alignment>0x10</alignment>
         <input_file_ref idref="fl-1e"/>
      </object_component>
      <object_component id="oc-ed">
         <name>.text.mpu</name>
         <load_address>0x102c4cf8</load_address>
         <readonly>true</readonly>
         <executable>true</executable>
         <run_address>0x102c4cf8</run_address>
         <size>0x78</size>
         <alignment>0x4</alignment>
         <input_file_ref idref="fl-2d"/>
      </object_component>
      <object_component id="oc-53">
         <name>.text.boot</name>
         <load_address>0x102c4d70</load_address>
         <readonly>true</readonly>
         <executable>true</executable>
         <run_address>0x102c4d70</run_address>
         <size>0xfc</size>
         <alignment>0x4</alignment>
         <input_file_ref idref="fl-36"/>
      </object_component>
      <object_component id="oc-cb">
         <name>.text.boot</name>
         <load_address>0x102c4e70</load_address>
         <readonly>true</readonly>
         <executable>true</executable>
         <run_address>0x102c4e70</run_address>
         <size>0x2a</size>
         <alignment>0x10</alignment>
         <input_file_ref idref="fl-1c"/>
      </object_component>
      <object_component id="oc-6e">
         <name>.text.boot</name>
         <load_address>0x102c4ea0</load_address>
         <readonly>true</readonly>
         <executable>true</executable>
         <run_address>0x102c4ea0</run_address>
         <size>0x24</size>
         <alignment>0x10</alignment>
         <input_file_ref idref="fl-37"/>
      </object_component>
      <object_component id="oc-69">
         <name>.text.boot</name>
         <load_address>0x102c4ed0</load_address>
         <readonly>true</readonly>
         <executable>true</executable>
         <run_address>0x102c4ed0</run_address>
         <size>0xc</size>
         <alignment>0x10</alignment>
         <input_file_ref idref="fl-2"/>
      </object_component>
      <object_component id="oc-ce">
         <name>.text:abort</name>
         <load_address>0x102c4ee0</load_address>
         <readonly>true</readonly>
         <executable>true</executable>
         <run_address>0x102c4ee0</run_address>
         <size>0x8</size>
         <alignment>0x4</alignment>
         <input_file_ref idref="fl-5c"/>
      </object_component>
      <object_component id="oc-269">
         <name>.text.__TI_scanfi</name>
         <load_address>0x102b3760</load_address>
         <readonly>true</readonly>
         <executable>true</executable>
         <run_address>0x102b3760</run_address>
         <size>0x1328</size>
         <alignment>0x4</alignment>
         <input_file_ref idref="fl-66"/>
      </object_component>
      <object_component id="oc-157">
         <name>.text.HOSTexit</name>
         <load_address>0x102b4a88</load_address>
         <readonly>true</readonly>
         <executable>true</executable>
         <run_address>0x102b4a88</run_address>
         <size>0x8</size>
         <alignment>0x4</alignment>
         <input_file_ref idref="fl-8f"/>
      </object_component>
      <object_component id="oc-2a4">
         <name>.text._vsnprintf</name>
         <load_address>0x102b4a90</load_address>
         <readonly>true</readonly>
         <executable>true</executable>
         <run_address>0x102b4a90</run_address>
         <size>0xa34</size>
         <alignment>0x10</alignment>
         <input_file_ref idref="fl-34"/>
      </object_component>
      <object_component id="oc-38c">
         <name>.text.__aeabi_errno_addr</name>
         <load_address>0x102b54c4</load_address>
         <readonly>true</readonly>
         <executable>true</executable>
         <run_address>0x102b54c4</run_address>
         <size>0xc</size>
         <alignment>0x4</alignment>
         <input_file_ref idref="fl-6d"/>
      </object_component>
      <object_component id="oc-34a">
         <name>.text._ftoa</name>
         <load_address>0x102b54d0</load_address>
         <readonly>true</readonly>
         <executable>true</executable>
         <run_address>0x102b54d0</run_address>
         <size>0x51e</size>
         <alignment>0x10</alignment>
         <input_file_ref idref="fl-34"/>
      </object_component>
      <object_component id="oc-11a">
         <name>.text.IpcNotify_init</name>
         <load_address>0x102b59f0</load_address>
         <readonly>true</readonly>
         <executable>true</executable>
         <run_address>0x102b59f0</run_address>
         <size>0x518</size>
         <alignment>0x10</alignment>
         <input_file_ref idref="fl-38"/>
      </object_component>
      <object_component id="oc-2f3">
         <name>.text.strtod</name>
         <load_address>0x102b5f08</load_address>
         <readonly>true</readonly>
         <executable>true</executable>
         <run_address>0x102b5f08</run_address>
         <size>0x4d4</size>
         <alignment>0x8</alignment>
         <input_file_ref idref="fl-72"/>
      </object_component>
      <object_component id="oc-414">
         <name>.text.__aeabi_idiv0</name>
         <load_address>0x102b63dc</load_address>
         <readonly>true</readonly>
         <executable>true</executable>
         <run_address>0x102b63dc</run_address>
         <size>0x4</size>
         <alignment>0x4</alignment>
         <input_file_ref idref="fl-12c"/>
      </object_component>
      <object_component id="oc-34b">
         <name>.text._etoa</name>
         <load_address>0x102b63e0</load_address>
         <readonly>true</readonly>
         <executable>true</executable>
         <run_address>0x102b63e0</run_address>
         <size>0x478</size>
         <alignment>0x10</alignment>
         <input_file_ref idref="fl-34"/>
      </object_component>
      <object_component id="oc-30a">
         <name>.text:__TI_printfi_minimal</name>
         <load_address>0x102b6858</load_address>
         <readonly>true</readonly>
         <executable>true</executable>
         <run_address>0x102b6858</run_address>
         <size>0x3dc</size>
         <alignment>0x4</alignment>
         <input_file_ref idref="fl-65"/>
      </object_component>
      <object_component id="oc-9e">
         <name>.text.__aeabi_memclr</name>
         <load_address>0x102b6c34</load_address>
         <readonly>true</readonly>
         <executable>true</executable>
         <run_address>0x102b6c34</run_address>
         <size>0xc</size>
         <alignment>0x4</alignment>
         <input_file_ref idref="fl-12e"/>
      </object_component>
      <object_component id="oc-514">
         <name>.text:strcmp</name>
         <load_address>0x102b6c40</load_address>
         <readonly>true</readonly>
         <executable>true</executable>
         <run_address>0x102b6c40</run_address>
         <size>0x390</size>
         <alignment>0x20</alignment>
         <input_file_ref idref="fl-129"/>
      </object_component>
      <object_component id="oc-372">
         <name>.text.SOC_rcmGetClkSrcAndDivReg</name>
         <load_address>0x102b6fd0</load_address>
         <readonly>true</readonly>
         <executable>true</executable>
         <run_address>0x102b6fd0</run_address>
         <size>0x370</size>
         <alignment>0x10</alignment>
         <input_file_ref idref="fl-3e"/>
      </object_component>
      <object_component id="oc-2d8">
         <name>.text.IpcNotify_isr</name>
         <load_address>0x102b7340</load_address>
         <readonly>true</readonly>
         <executable>true</executable>
         <run_address>0x102b7340</run_address>
         <size>0x33c</size>
         <alignment>0x10</alignment>
         <input_file_ref idref="fl-38"/>
      </object_component>
      <object_component id="oc-2ff">
         <name>.text.strtoll</name>
         <load_address>0x102b767c</load_address>
         <readonly>true</readonly>
         <executable>true</executable>
         <run_address>0x102b767c</run_address>
         <size>0x27c</size>
         <alignment>0x4</alignment>
         <input_file_ref idref="fl-74"/>
      </object_component>
      <object_component id="oc-2fb">
         <name>.text.strtoull</name>
         <load_address>0x102b78f8</load_address>
         <readonly>true</readonly>
         <executable>true</executable>
         <run_address>0x102b78f8</run_address>
         <size>0x248</size>
         <alignment>0x4</alignment>
         <input_file_ref idref="fl-76"/>
      </object_component>
      <object_component id="oc-3d8">
         <name>.text._ntoa_format</name>
         <load_address>0x102b7b40</load_address>
         <readonly>true</readonly>
         <executable>true</executable>
         <run_address>0x102b7b40</run_address>
         <size>0x23e</size>
         <alignment>0x10</alignment>
         <input_file_ref idref="fl-34"/>
      </object_component>
      <object_component id="oc-2a2">
         <name>.text.xQueueSemaphoreTake</name>
         <load_address>0x102b7d80</load_address>
         <readonly>true</readonly>
         <executable>true</executable>
         <run_address>0x102b7d80</run_address>
         <size>0x23c</size>
         <alignment>0x10</alignment>
         <input_file_ref idref="fl-28"/>
      </object_component>
      <object_component id="oc-28e">
         <name>.text.__aeabi_ldiv0</name>
         <load_address>0x102b7fbc</load_address>
         <readonly>true</readonly>
         <executable>true</executable>
         <run_address>0x102b7fbc</run_address>
         <size>0x4</size>
         <alignment>0x4</alignment>
         <input_file_ref idref="fl-12c"/>
      </object_component>
      <object_component id="oc-2a9">
         <name>.text.xQueueGenericSend</name>
         <load_address>0x102b7fc0</load_address>
         <readonly>true</readonly>
         <executable>true</executable>
         <run_address>0x102b7fc0</run_address>
         <size>0x226</size>
         <alignment>0x10</alignment>
         <input_file_ref idref="fl-28"/>
      </object_component>
      <object_component id="oc-16d">
         <name>.text.__aeabi_memcpy</name>
         <load_address>0x102b81e8</load_address>
         <readonly>true</readonly>
         <executable>true</executable>
         <run_address>0x102b81e8</run_address>
         <size>0x4</size>
         <alignment>0x4</alignment>
         <input_file_ref idref="fl-12d"/>
      </object_component>
      <object_component id="oc-219">
         <name>.text._nop</name>
         <load_address>0x102b81ec</load_address>
         <readonly>true</readonly>
         <executable>true</executable>
         <run_address>0x102b81ec</run_address>
         <size>0x4</size>
         <alignment>0x4</alignment>
         <input_file_ref idref="fl-5d"/>
      </object_component>
      <object_component id="oc-175">
         <name>.text.SOC_controlModuleUnlockMMR</name>
         <load_address>0x102b81f0</load_address>
         <readonly>true</readonly>
         <executable>true</executable>
         <run_address>0x102b81f0</run_address>
         <size>0x20c</size>
         <alignment>0x10</alignment>
         <input_file_ref idref="fl-3d"/>
      </object_component>
      <object_component id="oc-47d">
         <name>.text.fseek</name>
         <load_address>0x102b83fc</load_address>
         <readonly>true</readonly>
         <executable>true</executable>
         <run_address>0x102b83fc</run_address>
         <size>0x4</size>
         <alignment>0x4</alignment>
         <input_file_ref idref="fl-69"/>
      </object_component>
      <object_component id="oc-27b">
         <name>.text.RPMessage_send</name>
         <load_address>0x102b8400</load_address>
         <readonly>true</readonly>
         <executable>true</executable>
         <run_address>0x102b8400</run_address>
         <size>0x200</size>
         <alignment>0x10</alignment>
         <input_file_ref idref="fl-3a"/>
      </object_component>
      <object_component id="oc-2f7">
         <name>.text.strtol</name>
         <load_address>0x102b8600</load_address>
         <readonly>true</readonly>
         <executable>true</executable>
         <run_address>0x102b8600</run_address>
         <size>0x1f8</size>
         <alignment>0x4</alignment>
         <input_file_ref idref="fl-73"/>
      </object_component>
      <object_component id="oc-2ee">
         <name>.text.strtoul</name>
         <load_address>0x102b87f8</load_address>
         <readonly>true</readonly>
         <executable>true</executable>
         <run_address>0x102b87f8</run_address>
         <size>0x1ec</size>
         <alignment>0x4</alignment>
         <input_file_ref idref="fl-75"/>
      </object_component>
      <object_component id="oc-494">
         <name>.text.malloc</name>
         <load_address>0x102b89e4</load_address>
         <readonly>true</readonly>
         <executable>true</executable>
         <run_address>0x102b89e4</run_address>
         <size>0xc</size>
         <alignment>0x4</alignment>
         <input_file_ref idref="fl-5f"/>
      </object_component>
      <object_component id="oc-364">
         <name>.text.xQueueReceive</name>
         <load_address>0x102b89f0</load_address>
         <readonly>true</readonly>
         <executable>true</executable>
         <run_address>0x102b89f0</run_address>
         <size>0x1de</size>
         <alignment>0x10</alignment>
         <input_file_ref idref="fl-28"/>
      </object_component>
      <object_component id="oc-231">
         <name>.text.TimerP_setup</name>
         <load_address>0x102b8bd0</load_address>
         <readonly>true</readonly>
         <executable>true</executable>
         <run_address>0x102b8bd0</run_address>
         <size>0x1d6</size>
         <alignment>0x10</alignment>
         <input_file_ref idref="fl-33"/>
      </object_component>
      <object_component id="oc-388">
         <name>.text.__udivsi3</name>
         <load_address>0x102b8da8</load_address>
         <readonly>true</readonly>
         <executable>true</executable>
         <run_address>0x102b8da8</run_address>
         <size>0x1d0</size>
         <alignment>0x4</alignment>
         <input_file_ref idref="fl-12b"/>
      </object_component>
      <object_component id="oc-4d7">
         <name>.text.remove</name>
         <load_address>0x102b8f78</load_address>
         <readonly>true</readonly>
         <executable>true</executable>
         <run_address>0x102b8f78</run_address>
         <size>0x4</size>
         <alignment>0x4</alignment>
         <input_file_ref idref="fl-92"/>
      </object_component>
      <object_component id="oc-2bb">
         <name>.text.prvProcessReceivedCommands</name>
         <load_address>0x102b8f80</load_address>
         <readonly>true</readonly>
         <executable>true</executable>
         <run_address>0x102b8f80</run_address>
         <size>0x1c2</size>
         <alignment>0x10</alignment>
         <input_file_ref idref="fl-27"/>
      </object_component>
      <object_component id="oc-176">
         <name>.text.SOC_controlModuleLockMMR</name>
         <load_address>0x102b9150</load_address>
         <readonly>true</readonly>
         <executable>true</executable>
         <run_address>0x102b9150</run_address>
         <size>0x1bc</size>
         <alignment>0x10</alignment>
         <input_file_ref idref="fl-3d"/>
      </object_component>
      <object_component id="oc-1c6">
         <name>.text.RPMessage_recv</name>
         <load_address>0x102b9310</load_address>
         <readonly>true</readonly>
         <executable>true</executable>
         <run_address>0x102b9310</run_address>
         <size>0x1ae</size>
         <alignment>0x10</alignment>
         <input_file_ref idref="fl-3a"/>
      </object_component>
      <object_component id="oc-31f">
         <name>.text.free</name>
         <load_address>0x102b94c0</load_address>
         <readonly>true</readonly>
         <executable>true</executable>
         <run_address>0x102b94c0</run_address>
         <size>0x1a8</size>
         <alignment>0x4</alignment>
         <input_file_ref idref="fl-5f"/>
      </object_component>
      <object_component id="oc-36c">
         <name>.text.xTaskIncrementTick</name>
         <load_address>0x102b9670</load_address>
         <readonly>true</readonly>
         <executable>true</executable>
         <run_address>0x102b9670</run_address>
         <size>0x1a6</size>
         <alignment>0x10</alignment>
         <input_file_ref idref="fl-26"/>
      </object_component>
      <object_component id="oc-4a6">
         <name>.text.aligned_alloc</name>
         <load_address>0x102b9818</load_address>
         <readonly>true</readonly>
         <executable>true</executable>
         <run_address>0x102b9818</run_address>
         <size>0x1a4</size>
         <alignment>0x4</alignment>
         <input_file_ref idref="fl-5f"/>
      </object_component>
      <object_component id="oc-124">
         <name>.text.RPMessage_init</name>
         <load_address>0x102b99c0</load_address>
         <readonly>true</readonly>
         <executable>true</executable>
         <run_address>0x102b99c0</run_address>
         <size>0x194</size>
         <alignment>0x10</alignment>
         <input_file_ref idref="fl-3a"/>
      </object_component>
      <object_component id="oc-3f1">
         <name>.text.SOC_rcmGetHSDIVClkOutMuxClkSrc</name>
         <load_address>0x102b9b60</load_address>
         <readonly>true</readonly>
         <executable>true</executable>
         <run_address>0x102b9b60</run_address>
         <size>0x194</size>
         <alignment>0x10</alignment>
         <input_file_ref idref="fl-3e"/>
      </object_component>
      <object_component id="oc-177">
         <name>.text.ClockP_init</name>
         <load_address>0x102b9d00</load_address>
         <readonly>true</readonly>
         <executable>true</executable>
         <run_address>0x102b9d00</run_address>
         <size>0x18e</size>
         <alignment>0x10</alignment>
         <input_file_ref idref="fl-22"/>
      </object_component>
      <object_component id="oc-7f">
         <name>.text.vTaskSwitchContext</name>
         <load_address>0x102b9e90</load_address>
         <readonly>true</readonly>
         <executable>true</executable>
         <run_address>0x102b9e90</run_address>
         <size>0x18a</size>
         <alignment>0x10</alignment>
         <input_file_ref idref="fl-26"/>
      </object_component>
      <object_component id="oc-3ee">
         <name>.text.xQueueGenericSendFromISR</name>
         <load_address>0x102ba020</load_address>
         <readonly>true</readonly>
         <executable>true</executable>
         <run_address>0x102ba020</run_address>
         <size>0x188</size>
         <alignment>0x10</alignment>
         <input_file_ref idref="fl-28"/>
      </object_component>
      <object_component id="oc-2e1">
         <name>.text.RPMessage_vringResetInternal</name>
         <load_address>0x102ba1b0</load_address>
         <readonly>true</readonly>
         <executable>true</executable>
         <run_address>0x102ba1b0</run_address>
         <size>0x182</size>
         <alignment>0x10</alignment>
         <input_file_ref idref="fl-3b"/>
      </object_component>
      <object_component id="oc-321">
         <name>.text.xTaskResumeAll</name>
         <load_address>0x102ba340</load_address>
         <readonly>true</readonly>
         <executable>true</executable>
         <run_address>0x102ba340</run_address>
         <size>0x17e</size>
         <alignment>0x10</alignment>
         <input_file_ref idref="fl-26"/>
      </object_component>
      <object_component id="oc-258">
         <name>.text.RPMessage_recvHandler</name>
         <load_address>0x102ba4c0</load_address>
         <readonly>true</readonly>
         <executable>true</executable>
         <run_address>0x102ba4c0</run_address>
         <size>0x174</size>
         <alignment>0x10</alignment>
         <input_file_ref idref="fl-3a"/>
      </object_component>
      <object_component id="oc-2a8">
         <name>.text.xQueueGiveFromISR</name>
         <load_address>0x102ba640</load_address>
         <readonly>true</readonly>
         <executable>true</executable>
         <run_address>0x102ba640</run_address>
         <size>0x15e</size>
         <alignment>0x10</alignment>
         <input_file_ref idref="fl-28"/>
      </object_component>
      <object_component id="oc-2e9">
         <name>.text.IpcNotify_sendMsg</name>
         <load_address>0x102ba7a0</load_address>
         <readonly>true</readonly>
         <executable>true</executable>
         <run_address>0x102ba7a0</run_address>
         <size>0x156</size>
         <alignment>0x10</alignment>
         <input_file_ref idref="fl-38"/>
      </object_component>
      <object_component id="oc-37e">
         <name>.text.IpcNotify_trigInterrupt_ack</name>
         <load_address>0x102ba900</load_address>
         <readonly>true</readonly>
         <executable>true</executable>
         <run_address>0x102ba900</run_address>
         <size>0x154</size>
         <alignment>0x10</alignment>
         <input_file_ref idref="fl-39"/>
      </object_component>
      <object_component id="oc-343">
         <name>.text.vTaskPriorityDisinheritAfterTimeout</name>
         <load_address>0x102baa60</load_address>
         <readonly>true</readonly>
         <executable>true</executable>
         <run_address>0x102baa60</run_address>
         <size>0x152</size>
         <alignment>0x10</alignment>
         <input_file_ref idref="fl-26"/>
      </object_component>
      <object_component id="oc-395">
         <name>.text.scalbn</name>
         <load_address>0x102babb8</load_address>
         <readonly>true</readonly>
         <executable>true</executable>
         <run_address>0x102babb8</run_address>
         <size>0x150</size>
         <alignment>0x8</alignment>
         <input_file_ref idref="fl-6b"/>
      </object_component>
      <object_component id="oc-133">
         <name>.text.prvInitialiseNewTask</name>
         <load_address>0x102bad10</load_address>
         <readonly>true</readonly>
         <executable>true</executable>
         <run_address>0x102bad10</run_address>
         <size>0x14a</size>
         <alignment>0x10</alignment>
         <input_file_ref idref="fl-26"/>
      </object_component>
      <object_component id="oc-2b5">
         <name>.text.xQueueGenericCreateStatic</name>
         <load_address>0x102bae60</load_address>
         <readonly>true</readonly>
         <executable>true</executable>
         <run_address>0x102bae60</run_address>
         <size>0x14a</size>
         <alignment>0x10</alignment>
         <input_file_ref idref="fl-28"/>
      </object_component>
      <object_component id="oc-3f7">
         <name>.text.SOC_rcmGetDpllHSDivOutFreq</name>
         <load_address>0x102bafb0</load_address>
         <readonly>true</readonly>
         <executable>true</executable>
         <run_address>0x102bafb0</run_address>
         <size>0x146</size>
         <alignment>0x10</alignment>
         <input_file_ref idref="fl-3e"/>
      </object_component>
      <object_component id="oc-482">
         <name>.text.setvbuf</name>
         <load_address>0x102bb0f8</load_address>
         <readonly>true</readonly>
         <executable>true</executable>
         <run_address>0x102bb0f8</run_address>
         <size>0x144</size>
         <alignment>0x4</alignment>
         <input_file_ref idref="fl-5a"/>
      </object_component>
      <object_component id="oc-413">
         <name>.text.IpcNotify_trigInterrupt</name>
         <load_address>0x102bb240</load_address>
         <readonly>true</readonly>
         <executable>true</executable>
         <run_address>0x102bb240</run_address>
         <size>0x13c</size>
         <alignment>0x10</alignment>
         <input_file_ref idref="fl-39"/>
      </object_component>
      <object_component id="oc-2a0">
         <name>.text.xQueueReceiveFromISR</name>
         <load_address>0x102bb380</load_address>
         <readonly>true</readonly>
         <executable>true</executable>
         <run_address>0x102bb380</run_address>
         <size>0x13a</size>
         <alignment>0x10</alignment>
         <input_file_ref idref="fl-28"/>
      </object_component>
      <object_component id="oc-348">
         <name>.text._ntoa_long_long</name>
         <load_address>0x102bb4c0</load_address>
         <readonly>true</readonly>
         <executable>true</executable>
         <run_address>0x102bb4c0</run_address>
         <size>0x138</size>
         <alignment>0x10</alignment>
         <input_file_ref idref="fl-34"/>
      </object_component>
      <object_component id="oc-251">
         <name>.text.RPMessage_vringReset</name>
         <load_address>0x102bb600</load_address>
         <readonly>true</readonly>
         <executable>true</executable>
         <run_address>0x102bb600</run_address>
         <size>0x134</size>
         <alignment>0x10</alignment>
         <input_file_ref idref="fl-3b"/>
      </object_component>
      <object_component id="oc-1ee">
         <name>.text.pxPortInitialiseStack</name>
         <load_address>0x102bb740</load_address>
         <readonly>true</readonly>
         <executable>true</executable>
         <run_address>0x102bb740</run_address>
         <size>0x128</size>
         <alignment>0x10</alignment>
         <input_file_ref idref="fl-2b"/>
      </object_component>
      <object_component id="oc-438">
         <name>.text.eTaskGetState</name>
         <load_address>0x102bb870</load_address>
         <readonly>true</readonly>
         <executable>true</executable>
         <run_address>0x102bb870</run_address>
         <size>0x120</size>
         <alignment>0x10</alignment>
         <input_file_ref idref="fl-26"/>
      </object_component>
      <object_component id="oc-3f6">
         <name>.text.SOC_rcmGetApllHSDivOutFreq</name>
         <load_address>0x102bb990</load_address>
         <readonly>true</readonly>
         <executable>true</executable>
         <run_address>0x102bb990</run_address>
         <size>0x11e</size>
         <alignment>0x10</alignment>
         <input_file_ref idref="fl-3e"/>
      </object_component>
      <object_component id="oc-357">
         <name>.text.TaskP_loadUpdateAll</name>
         <load_address>0x102bbab0</load_address>
         <readonly>true</readonly>
         <executable>true</executable>
         <run_address>0x102bbab0</run_address>
         <size>0x118</size>
         <alignment>0x10</alignment>
         <input_file_ref idref="fl-35"/>
      </object_component>
      <object_component id="oc-1f4">
         <name>.text</name>
         <load_address>0x102bbbc8</load_address>
         <readonly>true</readonly>
         <executable>true</executable>
         <run_address>0x102bbbc8</run_address>
         <size>0x118</size>
         <alignment>0x4</alignment>
         <input_file_ref idref="fl-130"/>
      </object_component>
      <object_component id="oc-349">
         <name>.text._ntoa_long</name>
         <load_address>0x102bbce0</load_address>
         <readonly>true</readonly>
         <executable>true</executable>
         <run_address>0x102bbce0</run_address>
         <size>0x114</size>
         <alignment>0x10</alignment>
         <input_file_ref idref="fl-34"/>
      </object_component>
      <object_component id="oc-134">
         <name>.text.prvAddNewTaskToReadyList</name>
         <load_address>0x102bbe00</load_address>
         <readonly>true</readonly>
         <executable>true</executable>
         <run_address>0x102bbe00</run_address>
         <size>0x10e</size>
         <alignment>0x10</alignment>
         <input_file_ref idref="fl-26"/>
      </object_component>
      <object_component id="oc-33f">
         <name>.text.xTaskPriorityInherit</name>
         <load_address>0x102bbf10</load_address>
         <readonly>true</readonly>
         <executable>true</executable>
         <run_address>0x102bbf10</run_address>
         <size>0x10e</size>
         <alignment>0x10</alignment>
         <input_file_ref idref="fl-26"/>
      </object_component>
      <object_component id="oc-12e">
         <name>.text.vTaskDelete</name>
         <load_address>0x102bc020</load_address>
         <readonly>true</readonly>
         <executable>true</executable>
         <run_address>0x102bc020</run_address>
         <size>0x10a</size>
         <alignment>0x10</alignment>
         <input_file_ref idref="fl-26"/>
      </object_component>
      <object_component id="oc-3df">
         <name>.text.xTaskPriorityDisinherit</name>
         <load_address>0x102bc130</load_address>
         <readonly>true</readonly>
         <executable>true</executable>
         <run_address>0x102bc130</run_address>
         <size>0x106</size>
         <alignment>0x10</alignment>
         <input_file_ref idref="fl-26"/>
      </object_component>
      <object_component id="oc-475">
         <name>.text.SOC_rcmADPLLJGetFOut</name>
         <load_address>0x102bc240</load_address>
         <readonly>true</readonly>
         <executable>true</executable>
         <run_address>0x102bc240</run_address>
         <size>0x102</size>
         <alignment>0x10</alignment>
         <input_file_ref idref="fl-3e"/>
      </object_component>
      <object_component id="oc-129">
         <name>.text.r5f1_main</name>
         <load_address>0x102bc350</load_address>
         <readonly>true</readonly>
         <executable>true</executable>
         <run_address>0x102bc350</run_address>
         <size>0xf6</size>
         <alignment>0x10</alignment>
         <input_file_ref idref="fl-1"/>
      </object_component>
      <object_component id="oc-31a">
         <name>.text.RPMessage_vringPutFullTxBuf</name>
         <load_address>0x102bc450</load_address>
         <readonly>true</readonly>
         <executable>true</executable>
         <run_address>0x102bc450</run_address>
         <size>0xf2</size>
         <alignment>0x10</alignment>
         <input_file_ref idref="fl-3b"/>
      </object_component>
      <object_component id="oc-431">
         <name>.text.fputc</name>
         <load_address>0x102bc544</load_address>
         <readonly>true</readonly>
         <executable>true</executable>
         <run_address>0x102bc544</run_address>
         <size>0xf0</size>
         <alignment>0x4</alignment>
         <input_file_ref idref="fl-58"/>
      </object_component>
      <object_component id="oc-ca">
         <name>.text.vTaskStartScheduler</name>
         <load_address>0x102bc640</load_address>
         <readonly>true</readonly>
         <executable>true</executable>
         <run_address>0x102bc640</run_address>
         <size>0xee</size>
         <alignment>0x10</alignment>
         <input_file_ref idref="fl-26"/>
      </object_component>
      <object_component id="oc-c0">
         <name>.text.xTaskCreateStatic</name>
         <load_address>0x102bc730</load_address>
         <readonly>true</readonly>
         <executable>true</executable>
         <run_address>0x102bc730</run_address>
         <size>0xee</size>
         <alignment>0x10</alignment>
         <input_file_ref idref="fl-26"/>
      </object_component>
      <object_component id="oc-33d">
         <name>.text.xTaskCheckForTimeOut</name>
         <load_address>0x102bc820</load_address>
         <readonly>true</readonly>
         <executable>true</executable>
         <run_address>0x102bc820</run_address>
         <size>0xec</size>
         <alignment>0x10</alignment>
         <input_file_ref idref="fl-26"/>
      </object_component>
      <object_component id="oc-3e7">
         <name>.text.prvSwitchTimerLists</name>
         <load_address>0x102bc910</load_address>
         <readonly>true</readonly>
         <executable>true</executable>
         <run_address>0x102bc910</run_address>
         <size>0xe4</size>
         <alignment>0x10</alignment>
         <input_file_ref idref="fl-27"/>
      </object_component>
      <object_component id="oc-3e1">
         <name>.text.vTaskGetInfo</name>
         <load_address>0x102bca00</load_address>
         <readonly>true</readonly>
         <executable>true</executable>
         <run_address>0x102bca00</run_address>
         <size>0xe2</size>
         <alignment>0x10</alignment>
         <input_file_ref idref="fl-26"/>
      </object_component>
      <object_component id="oc-333">
         <name>.text.xTaskRemoveFromEventList</name>
         <load_address>0x102bcaf0</load_address>
         <readonly>true</readonly>
         <executable>true</executable>
         <run_address>0x102bcaf0</run_address>
         <size>0xde</size>
         <alignment>0x10</alignment>
         <input_file_ref idref="fl-26"/>
      </object_component>
      <object_component id="oc-2e5">
         <name>.text.RPMessage_vringGetFullRxBuf</name>
         <load_address>0x102bcbd0</load_address>
         <readonly>true</readonly>
         <executable>true</executable>
         <run_address>0x102bcbd0</run_address>
         <size>0xdc</size>
         <alignment>0x10</alignment>
         <input_file_ref idref="fl-3b"/>
      </object_component>
      <object_component id="oc-44f">
         <name>.text.SOC_rcmGetCoreFout</name>
         <load_address>0x102bccb0</load_address>
         <readonly>true</readonly>
         <executable>true</executable>
         <run_address>0x102bccb0</run_address>
         <size>0xdc</size>
         <alignment>0x10</alignment>
         <input_file_ref idref="fl-3e"/>
      </object_component>
      <object_component id="oc-453">
         <name>.text.SOC_rcmGetDSSFout</name>
         <load_address>0x102bcd90</load_address>
         <readonly>true</readonly>
         <executable>true</executable>
         <run_address>0x102bcd90</run_address>
         <size>0xdc</size>
         <alignment>0x10</alignment>
         <input_file_ref idref="fl-3e"/>
      </object_component>
      <object_component id="oc-451">
         <name>.text.SOC_rcmGetPerFout</name>
         <load_address>0x102bce70</load_address>
         <readonly>true</readonly>
         <executable>true</executable>
         <run_address>0x102bce70</run_address>
         <size>0xdc</size>
         <alignment>0x10</alignment>
         <input_file_ref idref="fl-3e"/>
      </object_component>
      <object_component id="oc-b2">
         <name>.text.System_init</name>
         <load_address>0x102bcf50</load_address>
         <readonly>true</readonly>
         <executable>true</executable>
         <run_address>0x102bcf50</run_address>
         <size>0xda</size>
         <alignment>0x10</alignment>
         <input_file_ref idref="fl-3"/>
      </object_component>
      <object_component id="oc-1c4">
         <name>.text.RPMessage_construct</name>
         <load_address>0x102bd030</load_address>
         <readonly>true</readonly>
         <executable>true</executable>
         <run_address>0x102bd030</run_address>
         <size>0xd4</size>
         <alignment>0x10</alignment>
         <input_file_ref idref="fl-3a"/>
      </object_component>
      <object_component id="oc-26f">
         <name>.text._chkmbc</name>
         <load_address>0x102bd104</load_address>
         <readonly>true</readonly>
         <executable>true</executable>
         <run_address>0x102bd104</run_address>
         <size>0xd4</size>
         <alignment>0x4</alignment>
         <input_file_ref idref="fl-57"/>
      </object_component>
      <object_component id="oc-3cd">
         <name>.text.prvAddCurrentTaskToDelayedList</name>
         <load_address>0x102bd1e0</load_address>
         <readonly>true</readonly>
         <executable>true</executable>
         <run_address>0x102bd1e0</run_address>
         <size>0xd4</size>
         <alignment>0x10</alignment>
         <input_file_ref idref="fl-26"/>
      </object_component>
      <object_component id="oc-265">
         <name>.text.RPMessage_vringPutEmptyRxBuf</name>
         <load_address>0x102bd2c0</load_address>
         <readonly>true</readonly>
         <executable>true</executable>
         <run_address>0x102bd2c0</run_address>
         <size>0xd2</size>
         <alignment>0x10</alignment>
         <input_file_ref idref="fl-3b"/>
      </object_component>
      <object_component id="oc-354">
         <name>.text.prvCopyDataToQueue</name>
         <load_address>0x102bd3a0</load_address>
         <readonly>true</readonly>
         <executable>true</executable>
         <run_address>0x102bd3a0</run_address>
         <size>0xcc</size>
         <alignment>0x10</alignment>
         <input_file_ref idref="fl-28"/>
      </object_component>
      <object_component id="oc-315">
         <name>.text.RPMessage_vringGetEmptyTxBuf</name>
         <load_address>0x102bd470</load_address>
         <readonly>true</readonly>
         <executable>true</executable>
         <run_address>0x102bd470</run_address>
         <size>0xc8</size>
         <alignment>0x10</alignment>
         <input_file_ref idref="fl-3b"/>
      </object_component>
      <object_component id="oc-508">
         <name>.text.getdevice</name>
         <load_address>0x102bd538</load_address>
         <readonly>true</readonly>
         <executable>true</executable>
         <run_address>0x102bd538</run_address>
         <size>0xc8</size>
         <alignment>0x4</alignment>
         <input_file_ref idref="fl-128"/>
      </object_component>
      <object_component id="oc-1b5">
         <name>.text.RPMessage_coreInit</name>
         <load_address>0x102bd600</load_address>
         <readonly>true</readonly>
         <executable>true</executable>
         <run_address>0x102bd600</run_address>
         <size>0xc6</size>
         <alignment>0x10</alignment>
         <input_file_ref idref="fl-3a"/>
      </object_component>
      <object_component id="oc-2d9">
         <name>.text.IpcNotify_readAckCallback</name>
         <load_address>0x102bd6d0</load_address>
         <readonly>true</readonly>
         <executable>true</executable>
         <run_address>0x102bd6d0</run_address>
         <size>0xc4</size>
         <alignment>0x10</alignment>
         <input_file_ref idref="fl-38"/>
      </object_component>
      <object_component id="oc-3da">
         <name>.text._out_rev</name>
         <load_address>0x102bd7a0</load_address>
         <readonly>true</readonly>
         <executable>true</executable>
         <run_address>0x102bd7a0</run_address>
         <size>0xc0</size>
         <alignment>0x10</alignment>
         <input_file_ref idref="fl-34"/>
      </object_component>
      <object_component id="oc-368">
         <name>.text.xTimerGenericCommand</name>
         <load_address>0x102bd860</load_address>
         <readonly>true</readonly>
         <executable>true</executable>
         <run_address>0x102bd860</run_address>
         <size>0xc0</size>
         <alignment>0x10</alignment>
         <input_file_ref idref="fl-27"/>
      </object_component>
      <object_component id="oc-3e4">
         <name>.text.xQueueGenericReset</name>
         <load_address>0x102bd920</load_address>
         <readonly>true</readonly>
         <executable>true</executable>
         <run_address>0x102bd920</run_address>
         <size>0xb6</size>
         <alignment>0x10</alignment>
         <input_file_ref idref="fl-28"/>
      </object_component>
      <object_component id="oc-490">
         <name>.text.fseeko</name>
         <load_address>0x102bd9d8</load_address>
         <readonly>true</readonly>
         <executable>true</executable>
         <run_address>0x102bd9d8</run_address>
         <size>0xb4</size>
         <alignment>0x4</alignment>
         <input_file_ref idref="fl-69"/>
      </object_component>
      <object_component id="oc-3f3">
         <name>.text.SOC_rcmGetXTALFrequency</name>
         <load_address>0x102bda90</load_address>
         <readonly>true</readonly>
         <executable>true</executable>
         <run_address>0x102bda90</run_address>
         <size>0xb2</size>
         <alignment>0x10</alignment>
         <input_file_ref idref="fl-3e"/>
      </object_component>
      <object_component id="oc-2d7">
         <name>.text.SOC_rcmSetPeripheralClock</name>
         <load_address>0x102bdb50</load_address>
         <readonly>true</readonly>
         <executable>true</executable>
         <run_address>0x102bdb50</run_address>
         <size>0xb0</size>
         <alignment>0x10</alignment>
         <input_file_ref idref="fl-3e"/>
      </object_component>
      <object_component id="oc-4a7">
         <name>.text.__TI_closefile</name>
         <load_address>0x102bdc00</load_address>
         <readonly>true</readonly>
         <executable>true</executable>
         <run_address>0x102bdc00</run_address>
         <size>0xb0</size>
         <alignment>0x4</alignment>
         <input_file_ref idref="fl-77"/>
      </object_component>
      <object_component id="oc-341">
         <name>.text.prvUnlockQueue</name>
         <load_address>0x102bdcb0</load_address>
         <readonly>true</readonly>
         <executable>true</executable>
         <run_address>0x102bdcb0</run_address>
         <size>0xae</size>
         <alignment>0x10</alignment>
         <input_file_ref idref="fl-28"/>
      </object_component>
      <object_component id="oc-24e">
         <name>.text.SemaphoreP_constructBinary</name>
         <load_address>0x102bdd60</load_address>
         <readonly>true</readonly>
         <executable>true</executable>
         <run_address>0x102bdd60</run_address>
         <size>0xac</size>
         <alignment>0x10</alignment>
         <input_file_ref idref="fl-25"/>
      </object_component>
      <object_component id="oc-36f">
         <name>.text.SOC_rcmGetFreqLeafNode</name>
         <load_address>0x102bde10</load_address>
         <readonly>true</readonly>
         <executable>true</executable>
         <run_address>0x102bde10</run_address>
         <size>0xaa</size>
         <alignment>0x10</alignment>
         <input_file_ref idref="fl-3e"/>
      </object_component>
      <object_component id="oc-44e">
         <name>.text.SOC_rcmGetCoreHSDivOut</name>
         <load_address>0x102bdec0</load_address>
         <readonly>true</readonly>
         <executable>true</executable>
         <run_address>0x102bdec0</run_address>
         <size>0xa8</size>
         <alignment>0x10</alignment>
         <input_file_ref idref="fl-3e"/>
      </object_component>
      <object_component id="oc-452">
         <name>.text.SOC_rcmGetDSSHSDivOut</name>
         <load_address>0x102bdf70</load_address>
         <readonly>true</readonly>
         <executable>true</executable>
         <run_address>0x102bdf70</run_address>
         <size>0xa8</size>
         <alignment>0x10</alignment>
         <input_file_ref idref="fl-3e"/>
      </object_component>
      <object_component id="oc-450">
         <name>.text.SOC_rcmGetPerHSDivOut</name>
         <load_address>0x102be020</load_address>
         <readonly>true</readonly>
         <executable>true</executable>
         <run_address>0x102be020</run_address>
         <size>0xa8</size>
         <alignment>0x10</alignment>
         <input_file_ref idref="fl-3e"/>
      </object_component>
      <object_component id="oc-108">
         <name>.text.pmu</name>
         <load_address>0x102be0d0</load_address>
         <readonly>true</readonly>
         <executable>true</executable>
[...]
      </symbol>
      <symbol id="sm-5c3">
         <name>RPMessage_isLinuxCore</name>
         <value>0x102c08d1</value>
         <object_component_ref idref="oc-1b4"/>
      </symbol>
      <symbol id="sm-5c4">
         <name>RPMessage_send</name>
         <value>0x102b8401</value>
         <object_component_ref idref="oc-27b"/>
      </symbol>
      <symbol id="sm-5c5">
         <name>RPMessage_recv</name>
         <value>0x102b9311</value>
         <object_component_ref idref="oc-1c6"/>
      </symbol>
      <symbol id="sm-5c6">
         <name>RPMessage_construct</name>
         <value>0x102bd031</value>
         <object_component_ref idref="oc-1c4"/>
      </symbol>
      <symbol id="sm-5c7">
         <name>RPMessage_CreateParams_init</name>
         <value>0x102c1471</value>
         <object_component_ref idref="oc-1c2"/>
      </symbol>
      <symbol id="sm-5c8">
         <name>RPMessage_Params_init</name>
         <value>0x102beb61</value>
         <object_component_ref idref="oc-11e"/>
      </symbol>
      <symbol id="sm-5c9">
         <name>RPMessage_coreInit</name>
         <value>0x102bd601</value>
         <object_component_ref idref="oc-1b5"/>
      </symbol>
      <symbol id="sm-5ca">
         <name>RPMessage_controlEndPtHandler</name>
         <value>0x102bf711</value>
         <object_component_ref idref="oc-256"/>
      </symbol>
      <symbol id="sm-5cb">
         <name>RPMessage_controlEndPtInit</name>
         <value>0x102c0b51</value>
         <object_component_ref idref="oc-1b6"/>
      </symbol>
      <symbol id="sm-5cc">
         <name>RPMessage_init</name>
         <value>0x102b99c1</value>
         <object_component_ref idref="oc-124"/>
      </symbol>
      <symbol id="sm-5f7">
         <name>RPMessage_vringGetEmptyTxBuf</name>
         <value>0x102bd471</value>
         <object_component_ref idref="oc-315"/>
      </symbol>
      <symbol id="sm-5f8">
         <name>RPMessage_vringPutFullTxBuf</name>
         <value>0x102bc451</value>
         <object_component_ref idref="oc-31a"/>
      </symbol>
      <symbol id="sm-5f9">
         <name>RPMessage_vringCheckEmptyTxBuf</name>
         <value>0x102bfa11</value>
         <object_component_ref idref="oc-259"/>
      </symbol>
      <symbol id="sm-5fa">
         <name>RPMessage_vringGetTxBufAddr</name>
         <value>0x102c0951</value>
         <object_component_ref idref="oc-316"/>
      </symbol>
      <symbol id="sm-5fb">
         <name>RPMessage_vringGetTxBufLen</name>
         <value>0x102c0991</value>
         <object_component_ref idref="oc-317"/>
      </symbol>
      <symbol id="sm-5fc">
         <name>RPMessage_vringGetFullRxBuf</name>
         <value>0x102bcbd1</value>
         <object_component_ref idref="oc-2e5"/>
      </symbol>
      <symbol id="sm-5fd">
         <name>RPMessage_vringPutEmptyRxBuf</name>
         <value>0x102bd2c1</value>
         <object_component_ref idref="oc-265"/>
      </symbol>
      <symbol id="sm-5fe">
         <name>RPMessage_vringIsFullRxBuf</name>
         <value>0x102bf3e1</value>
         <object_component_ref idref="oc-257"/>
      </symbol>
      <symbol id="sm-5ff">
         <name>RPMessage_vringGetRxBufAddr</name>
         <value>0x102c0911</value>
         <object_component_ref idref="oc-262"/>
      </symbol>
      <symbol id="sm-600">
         <name>RPMessage_vringGetSize</name>
         <value>0x102c0381</value>
         <object_component_ref idref="oc-2dc"/>
      </symbol>
      <symbol id="sm-601">
         <name>RPMessage_vringResetInternal</name>
         <value>0x102ba1b1</value>
         <object_component_ref idref="oc-2e1"/>
      </symbol>
      <symbol id="sm-602">
         <name>RPMessage_vringReset</name>
         <value>0x102bb601</value>
         <object_component_ref idref="oc-251"/>
      </symbol>
      <symbol id="sm-60e">
         <name>Pinmux_config</name>
         <value>0x102bfe41</value>
         <object_component_ref idref="oc-18f"/>
      </symbol>
      <symbol id="sm-622">
         <name>SOC_moduleClockEnable</name>
         <value>0x102c1841</value>
         <object_component_ref idref="oc-23e"/>
      </symbol>
      <symbol id="sm-623">
         <name>SOC_moduleSetClockFrequency</name>
         <value>0x102c14b1</value>
         <object_component_ref idref="oc-240"/>
      </symbol>
      <symbol id="sm-624">
         <name>SOC_getSelfCpuClk</name>
         <value>0x102c16b1</value>
         <object_component_ref idref="oc-103"/>
      </symbol>
      <symbol id="sm-625">
         <name>SOC_controlModuleLockMMR</name>
         <value>0x102b9151</value>
         <object_component_ref idref="oc-176"/>
      </symbol>
      <symbol id="sm-626">
         <name>SOC_controlModuleUnlockMMR</name>
         <value>0x102b81f1</value>
         <object_component_ref idref="oc-175"/>
      </symbol>
      <symbol id="sm-6f8">
         <name>SOC_rcmGetR5Clock</name>
         <value>0x102c10b1</value>
         <object_component_ref idref="oc-17c"/>
      </symbol>
      <symbol id="sm-6f9">
         <name>SOC_rcmSetPeripheralClock</name>
         <value>0x102bdb51</value>
         <object_component_ref idref="oc-2d7"/>
      </symbol>
      <symbol id="sm-6fa">
         <name>SOC_rcmIsPadDisableRequired</name>
         <value>0x102c0891</value>
         <object_component_ref idref="oc-194"/>
      </symbol>
      <symbol id="sm-70b">
         <name>snprintf</name>
         <value>0x102bf35c</value>
         <object_component_ref idref="oc-1d0"/>
      </symbol>
      <symbol id="sm-721">
         <name>sscanf</name>
         <value>0x102c01a8</value>
         <object_component_ref idref="oc-1c9"/>
      </symbol>
      <symbol id="sm-72f">
         <name>fputc</name>
         <value>0x102bc544</value>
         <object_component_ref idref="oc-431"/>
      </symbol>
      <symbol id="sm-730">
         <name>putchar</name>
         <value>0x102c1880</value>
         <object_component_ref idref="oc-3d2"/>
      </symbol>
      <symbol id="sm-73a">
         <name>__TI_wrt_ok</name>
         <value>0x102be570</value>
         <object_component_ref idref="oc-45f"/>
      </symbol>
      <symbol id="sm-744">
         <name>setvbuf</name>
         <value>0x102bb0f8</value>
         <object_component_ref idref="oc-482"/>
      </symbol>
      <symbol id="sm-745">
         <name>__aeabi_ctype_table_</name>
         <value>0x102c1b90</value>
         <object_component_ref idref="oc-2f2"/>
      </symbol>
      <symbol id="sm-746">
         <name>__aeabi_ctype_table_C</name>
         <value>0x102c1b90</value>
         <object_component_ref idref="oc-2f2"/>
      </symbol>
      <symbol id="sm-754">
         <name>abort</name>
         <value>0x102c4ee0</value>
         <object_component_ref idref="oc-ce"/>
      </symbol>
      <symbol id="sm-755">
         <name>__TI_cleanup_ptr</name>
         <value>0x102c54b8</value>
         <object_component_ref idref="oc-15f"/>
      </symbol>
      <symbol id="sm-756">
         <name>__TI_dtors_ptr</name>
         <value>0x102c54bc</value>
         <object_component_ref idref="oc-15f"/>
      </symbol>
      <symbol id="sm-757">
         <name>exit</name>
         <value>0x102bfd44</value>
         <object_component_ref idref="oc-d3"/>
      </symbol>
      <symbol id="sm-760">
         <name>_nop</name>
         <value>0x102b81ec</value>
         <object_component_ref idref="oc-219"/>
      </symbol>
      <symbol id="sm-761">
         <name>_lock</name>
         <value>0x102c54dc</value>
         <object_component_ref idref="oc-15d"/>
      </symbol>
      <symbol id="sm-762">
         <name>_unlock</name>
         <value>0x102c54e0</value>
         <object_component_ref idref="oc-160"/>
      </symbol>
      <symbol id="sm-767">
         <name>_ftable</name>
         <value>0x102c51a4</value>
         <object_component_ref idref="oc-432"/>
      </symbol>
      <symbol id="sm-768">
         <name>__TI_ft_end</name>
         <value>0x102c54d4</value>
         <object_component_ref idref="oc-4ad"/>
      </symbol>
      <symbol id="sm-769">
         <name>__TI_tmpnams</name>
         <value>0x102a7258</value>
         <object_component_ref idref="oc-4db"/>
      </symbol>
      <symbol id="sm-789">
         <name>malloc</name>
         <value>0x102b89e4</value>
         <object_component_ref idref="oc-494"/>
      </symbol>
      <symbol id="sm-78a">
         <name>aligned_alloc</name>
         <value>0x102b9818</value>
         <object_component_ref idref="oc-4a6"/>
      </symbol>
      <symbol id="sm-78b">
         <name>free</name>
         <value>0x102b94c0</value>
         <object_component_ref idref="oc-31f"/>
      </symbol>
      <symbol id="sm-78c">
         <name>_sys_memory</name>
         <value>0x102a7760</value>
         <object_component_ref idref="oc-4d"/>
      </symbol>
      <symbol id="sm-78d">
         <name>memalign</name>
         <value>0x102b9818</value>
         <object_component_ref idref="oc-4a6"/>
      </symbol>
      <symbol id="sm-797">
         <name>strlen</name>
         <value>0x102c1584</value>
         <object_component_ref idref="oc-277"/>
      </symbol>
      <symbol id="sm-7a3">
         <name>__TI_auto_init_nobinit_nopinit</name>
         <value>0x102bfdec</value>
         <object_component_ref idref="oc-a5"/>
      </symbol>
      <symbol id="sm-7ba">
         <name>__TI_printfi_minimal</name>
         <value>0x102b6858</value>
         <object_component_ref idref="oc-30a"/>
      </symbol>
      <symbol id="sm-7d6">
         <name>__TI_scanfi</name>
         <value>0x102b3760</value>
         <object_component_ref idref="oc-269"/>
      </symbol>
      <symbol id="sm-7e0">
         <name>__TI_doflush</name>
         <value>0x102beacc</value>
         <object_component_ref idref="oc-469"/>
      </symbol>
      <symbol id="sm-7eb">
         <name>__TI_cleanup</name>
         <value>0x102bfb2c</value>
         <object_component_ref idref="oc-495"/>
      </symbol>
      <symbol id="sm-7f8">
         <name>fseek</name>
         <value>0x102b83fc</value>
         <object_component_ref idref="oc-47d"/>
      </symbol>
      <symbol id="sm-7f9">
         <name>fseeko</name>
         <value>0x102bd9d8</value>
         <object_component_ref idref="oc-490"/>
      </symbol>
      <symbol id="sm-804">
         <name>scalbn</name>
         <value>0x102babb8</value>
         <object_component_ref idref="oc-395"/>
      </symbol>
      <symbol id="sm-805">
         <name>ldexp</name>
         <value>0x102babb8</value>
         <object_component_ref idref="oc-395"/>
      </symbol>
      <symbol id="sm-806">
         <name>scalbnl</name>
         <value>0x102babb8</value>
         <object_component_ref idref="oc-395"/>
      </symbol>
      <symbol id="sm-807">
         <name>ldexpl</name>
         <value>0x102babb8</value>
         <object_component_ref idref="oc-395"/>
      </symbol>
      <symbol id="sm-813">
         <name>__aeabi_errno_addr</name>
         <value>0x102b54c4</value>
         <object_component_ref idref="oc-38c"/>
      </symbol>
      <symbol id="sm-814">
         <name>__aeabi_errno</name>
         <value>0x102c54d8</value>
         <object_component_ref idref="oc-416"/>
      </symbol>
      <symbol id="sm-820">
         <name>atoi</name>
         <value>0x102bf69c</value>
         <object_component_ref idref="oc-2ea"/>
      </symbol>
      <symbol id="sm-829">
         <name>memccpy</name>
         <value>0x102c015c</value>
         <object_component_ref idref="oc-3ae"/>
      </symbol>
      <symbol id="sm-838">
         <name>strtod</name>
         <value>0x102b5f08</value>
         <object_component_ref idref="oc-2f3"/>
      </symbol>
      <symbol id="sm-839">
         <name>strtold</name>
         <value>0x102b5f08</value>
         <object_component_ref idref="oc-2f3"/>
      </symbol>
      <symbol id="sm-844">
         <name>strtol</name>
         <value>0x102b8600</value>
         <object_component_ref idref="oc-2f7"/>
      </symbol>
      <symbol id="sm-84f">
         <name>strtoll</name>
         <value>0x102b767c</value>
         <object_component_ref idref="oc-2ff"/>
      </symbol>
      <symbol id="sm-85a">
         <name>strtoul</name>
         <value>0x102b87f8</value>
         <object_component_ref idref="oc-2ee"/>
      </symbol>
      <symbol id="sm-865">
         <name>strtoull</name>
         <value>0x102b78f8</value>
         <object_component_ref idref="oc-2fb"/>
      </symbol>
      <symbol id="sm-870">
         <name>__TI_closefile</name>
         <value>0x102bdc00</value>
         <object_component_ref idref="oc-4a7"/>
      </symbol>
      <symbol id="sm-879">
         <name>HOSTexit</name>
         <value>0x102b4a88</value>
         <object_component_ref idref="oc-157"/>
      </symbol>
      <symbol id="sm-87a">
         <name>C$$EXIT</name>
         <value>0x102b4a88</value>
         <object_component_ref idref="oc-157"/>
      </symbol>
      <symbol id="sm-884">
         <name>write</name>
         <value>0x102c0ca4</value>
         <object_component_ref idref="oc-465"/>
      </symbol>
      <symbol id="sm-889">
         <name>_device</name>
         <value>0x102c5314</value>
         <object_component_ref idref="oc-49e"/>
      </symbol>
      <symbol id="sm-88a">
         <name>_stream</name>
         <value>0x102c53fc</value>
         <object_component_ref idref="oc-488"/>
      </symbol>
      <symbol id="sm-892">
         <name>remove</name>
         <value>0x102b8f78</value>
         <object_component_ref idref="oc-4d7"/>
      </symbol>
      <symbol id="sm-89d">
         <name>lseek</name>
         <value>0x102c0c38</value>
         <object_component_ref idref="oc-4a2"/>
      </symbol>
      <symbol id="sm-8a7">
         <name>close</name>
         <value>0x102be9b0</value>
         <object_component_ref idref="oc-4d3"/>
      </symbol>
      <symbol id="sm-8b1">
         <name>unlink</name>
         <value>0x102c0298</value>
         <object_component_ref idref="oc-4ff"/>
      </symbol>
      <symbol id="sm-8bb">
         <name>HOSTclose</name>
         <value>0x102bf9a4</value>
         <object_component_ref idref="oc-4b4"/>
      </symbol>
      <symbol id="sm-8c5">
         <name>HOSTlseek</name>
         <value>0x102be60c</value>
         <object_component_ref idref="oc-4c0"/>
      </symbol>
      <symbol id="sm-8cf">
         <name>HOSTopen</name>
         <value>0x102be748</value>
         <object_component_ref idref="oc-4b0"/>
      </symbol>
      <symbol id="sm-8d0">
         <name>parmbuf</name>
         <value>0x102a773c</value>
         <object_component_ref idref="oc-4e5"/>
      </symbol>
      <symbol id="sm-8da">
         <name>HOSTread</name>
         <value>0x102bed98</value>
         <object_component_ref idref="oc-4b8"/>
      </symbol>
      <symbol id="sm-8eb">
         <name>HOSTrename</name>
         <value>0x102be424</value>
         <object_component_ref idref="oc-4c8"/>
      </symbol>
      <symbol id="sm-8f5">
         <name>HOSTunlink</name>
         <value>0x102bf5c0</value>
         <object_component_ref idref="oc-4c4"/>
      </symbol>
      <symbol id="sm-8ff">
         <name>HOSTwrite</name>
         <value>0x102bee1c</value>
         <object_component_ref idref="oc-4bc"/>
      </symbol>
      <symbol id="sm-90d">
         <name>C$$IO$$</name>
         <value>0x102bfc28</value>
         <object_component_ref idref="oc-4de"/>
      </symbol>
      <symbol id="sm-90e">
         <name>__TI_writemsg</name>
         <value>0x102bfbdc</value>
         <object_component_ref idref="oc-4de"/>
      </symbol>
      <symbol id="sm-90f">
         <name>__CIOBUF_</name>
         <value>0x102a6db8</value>
         <object_component_ref idref="oc-505"/>
      </symbol>
      <symbol id="sm-910">
         <name>__TI_readmsg</name>
         <value>0x102bfb84</value>
         <object_component_ref idref="oc-4e4"/>
      </symbol>
      <symbol id="sm-911">
         <name>_CIOBUF_</name>
         <value>0x102a6db8</value>
         <object_component_ref idref="oc-505"/>
      </symbol>
      <symbol id="sm-91f">
         <name>finddevice</name>
         <value>0x102bfd98</value>
         <object_component_ref idref="oc-511"/>
      </symbol>
      <symbol id="sm-920">
         <name>getdevice</name>
         <value>0x102bd538</value>
         <object_component_ref idref="oc-508"/>
      </symbol>
      <symbol id="sm-92b">
         <name>strcmp</name>
         <value>0x102b6c40</value>
         <object_component_ref idref="oc-514"/>
      </symbol>
      <symbol id="sm-931">
         <name>__aeabi_uidiv</name>
         <value>0x102b8da8</value>
         <object_component_ref idref="oc-388"/>
      </symbol>
      <symbol id="sm-932">
         <name>__udivsi3</name>
         <value>0x102b8da8</value>
         <object_component_ref idref="oc-388"/>
      </symbol>
      <symbol id="sm-93e">
         <name>__aeabi_idiv0</name>
         <value>0x102b63dc</value>
         <object_component_ref idref="oc-414"/>
      </symbol>
      <symbol id="sm-93f">
         <name>__aeabi_ldiv0</name>
         <value>0x102b7fbc</value>
         <object_component_ref idref="oc-28e"/>
      </symbol>
      <symbol id="sm-945">
         <name>__aeabi_memcpy</name>
         <value>0x102b81e8</value>
         <object_component_ref idref="oc-16d"/>
      </symbol>
      <symbol id="sm-946">
         <name>__aeabi_memcpy4</name>
         <value>0x102b81e8</value>
         <object_component_ref idref="oc-16d"/>
      </symbol>
      <symbol id="sm-947">
         <name>__aeabi_memcpy8</name>
         <value>0x102b81e8</value>
         <object_component_ref idref="oc-16d"/>
      </symbol>
      <symbol id="sm-950">
         <name>__aeabi_memset</name>
         <value>0x102c1850</value>
         <object_component_ref idref="oc-1ea"/>
      </symbol>
      <symbol id="sm-951">
         <name>__aeabi_memset4</name>
         <value>0x102c1850</value>
         <object_component_ref idref="oc-1ea"/>
      </symbol>
      <symbol id="sm-952">
         <name>__aeabi_memset8</name>
         <value>0x102c1850</value>
         <object_component_ref idref="oc-1ea"/>
      </symbol>
      <symbol id="sm-953">
         <name>__aeabi_memclr</name>
         <value>0x102b6c34</value>
         <object_component_ref idref="oc-9e"/>
      </symbol>
      <symbol id="sm-954">
         <name>__aeabi_memclr4</name>
         <value>0x102b6c34</value>
         <object_component_ref idref="oc-9e"/>
      </symbol>
      <symbol id="sm-955">
         <name>__aeabi_memclr8</name>
         <value>0x102b6c34</value>
         <object_component_ref idref="oc-9e"/>
      </symbol>
      <symbol id="sm-95b">
         <name>__aeabi_uldivmod</name>
         <value>0x102c1374</value>
         <object_component_ref idref="oc-13a"/>
      </symbol>
      <symbol id="sm-961">
         <name>__udivmoddi4</name>
         <value>0x102bbbc8</value>
         <object_component_ref idref="oc-1f4"/>
      </symbol>
      <symbol id="sm-969">
         <name>TI_memcpy_small</name>
         <value>0x102c15dc</value>
         <object_component_ref idref="oc-2bc"/>
      </symbol>
      <symbol id="sm-971">
         <name>TI_memset_small</name>
         <value>0x102c1678</value>
         <object_component_ref idref="oc-167"/>
      </symbol>
      <symbol id="sm-973">
         <name>_system_post_cinit</name>
         <value>0x0</value>
      </symbol>
      <symbol id="sm-974">
         <name>__TI_Handler_Table_Limit</name>
         <value>0x0</value>
      </symbol>
      <symbol id="sm-975">
         <name>__TI_Handler_Table_Base</name>
         <value>0x0</value>
      </symbol>
      <symbol id="sm-976">
         <name>__TI_CINIT_Base</name>
         <value>0x0</value>
      </symbol>
      <symbol id="sm-977">
         <name>__TI_CINIT_Limit</name>
         <value>0x0</value>
      </symbol>
   </symbol_table>
   <title>Link successful</title>
</link_info>
