<?xml version="1.0" encoding="ISO-8859-1" ?>
<link_info>
   <banner>TI ARM Clang Linker PC v4.0.3.LTS</banner>
   <copyright>Copyright (c) 1996-2018 Texas Instruments Incorporated</copyright>
   <command_line>C:\ti\ccs2030\ccs\tools\compiler\ti-cgt-armllvm_4.0.3.LTS\bin\tiarmlnk -IC:\ti\ccs2030\ccs\tools\compiler\ti-cgt-armllvm_4.0.3.LTS\lib -o ipc_rpmsg_echo_awr294x-evm_r5fss0-0_freertos_ti-arm-clang.out -mipc_rpmsg_echo.Debug.map -iC:/ti/mmwave_mcuplus_sdk_04_07_01_04/mcu_plus_sdk_awr294x_10_01_00_04/source/kernel/freertos/lib -iC:/ti/mmwave_mcuplus_sdk_04_07_01_04/mcu_plus_sdk_awr294x_10_01_00_04/source/drivers/lib -iC:/ti/mmwave_mcuplus_sdk_04_07_01_04/mcu_plus_sdk_awr294x_10_01_00_04/source/board/lib -iC:/ti/ccs2030/ccs/tools/compiler/ti-cgt-armllvm_4.0.3.LTS/lib --reread_libs --diag_suppress=10063 --diag_wrap=off --display_error_number --warn_sections --xml_link_info=ipc_rpmsg_echo_awr294x-evm_r5fss0-0_freertos_ti-arm-clang_linkInfo.xml --ram_model ./syscfg/ti_dpl_config.o ./syscfg/ti_drivers_config.o ./syscfg/ti_drivers_open_close.o ./syscfg/ti_pinmux_config.o ./syscfg/ti_power_clock_config.o ./syscfg/ti_board_config.o ./syscfg/ti_board_open_close.o ./syscfg/ti_enet_config.o ./syscfg/ti_enet_open_close.o ./syscfg/ti_enet_soc.o ./syscfg/ti_enet_lwipif.o ./ipc_rpmsg_echo.o ./main.o ../linker.cmd -lfreertos.awr294x.r5f.ti-arm-clang.debug.lib -ldrivers.awr294x.r5f.ti-arm-clang.debug.lib -lboard.awr294x.r5f.ti-arm-clang.debug.lib -llibc.a -llibsysbm.a --start-group -llibc++.a -llibc++abi.a -llibc.a -llibsys.a -llibsysbm.a -llibclang_rt.builtins.a -llibclang_rt.profile.a --end-group</command_line>
   <link_time>0x68def4bb</link_time>
   <link_errors>0x0</link_errors>
   <output_file>C:\Users\there\Documents\Capstone\RadarFirmware\ExampleProjects\ipc_rpmsg_echo_awr294x-evm_r5fss0-0_freertos_ti-arm-clang\Debug\ipc_rpmsg_echo_awr294x-evm_r5fss0-0_freertos_ti-arm-clang.out</output_file>
   <entry_point>
      <name>_vectors</name>
      <address>0x0</address>
   </entry_point>
   <input_file_list>
      <input_file id="fl-1">
         <path>C:\Users\there\Documents\Capstone\RadarFirmware\ExampleProjects\ipc_rpmsg_echo_awr294x-evm_r5fss0-0_freertos_ti-arm-clang\Debug\.\syscfg\</path>
         <kind>object</kind>
         <file>ti_dpl_config.o</file>
         <name>ti_dpl_config.o</name>
      </input_file>
      <input_file id="fl-2">
         <path>C:\Users\there\Documents\Capstone\RadarFirmware\ExampleProjects\ipc_rpmsg_echo_awr294x-evm_r5fss0-0_freertos_ti-arm-clang\Debug\.\syscfg\</path>
         <kind>object</kind>
         <file>ti_drivers_config.o</file>
         <name>ti_drivers_config.o</name>
      </input_file>
      <input_file id="fl-3">
         <path>C:\Users\there\Documents\Capstone\RadarFirmware\ExampleProjects\ipc_rpmsg_echo_awr294x-evm_r5fss0-0_freertos_ti-arm-clang\Debug\.\syscfg\</path>
         <kind>object</kind>
         <file>ti_drivers_open_close.o</file>
         <name>ti_drivers_open_close.o</name>
      </input_file>
      <input_file id="fl-4">
         <path>C:\Users\there\Documents\Capstone\RadarFirmware\ExampleProjects\ipc_rpmsg_echo_awr294x-evm_r5fss0-0_freertos_ti-arm-clang\Debug\.\syscfg\</path>
         <kind>object</kind>
         <file>ti_pinmux_config.o</file>
         <name>ti_pinmux_config.o</name>
      </input_file>
      <input_file id="fl-5">
         <path>C:\Users\there\Documents\Capstone\RadarFirmware\ExampleProjects\ipc_rpmsg_echo_awr294x-evm_r5fss0-0_freertos_ti-arm-clang\Debug\.\syscfg\</path>
         <kind>object</kind>
         <file>ti_power_clock_config.o</file>
         <name>ti_power_clock_config.o</name>
      </input_file>
      <input_file id="fl-6">
         <path>C:\Users\there\Documents\Capstone\RadarFirmware\ExampleProjects\ipc_rpmsg_echo_awr294x-evm_r5fss0-0_freertos_ti-arm-clang\Debug\.\syscfg\</path>
         <kind>object</kind>
         <file>ti_board_config.o</file>
         <name>ti_board_config.o</name>
      </input_file>
      <input_file id="fl-7">
         <path>C:\Users\there\Documents\Capstone\RadarFirmware\ExampleProjects\ipc_rpmsg_echo_awr294x-evm_r5fss0-0_freertos_ti-arm-clang\Debug\.\syscfg\</path>
         <kind>object</kind>
         <file>ti_board_open_close.o</file>
         <name>ti_board_open_close.o</name>
      </input_file>
      <input_file id="fl-8">
         <path>C:\Users\there\Documents\Capstone\RadarFirmware\ExampleProjects\ipc_rpmsg_echo_awr294x-evm_r5fss0-0_freertos_ti-arm-clang\Debug\.\syscfg\</path>
         <kind>object</kind>
         <file>ti_enet_config.o</file>
         <name>ti_enet_config.o</name>
      </input_file>
      <input_file id="fl-9">
         <path>C:\Users\there\Documents\Capstone\RadarFirmware\ExampleProjects\ipc_rpmsg_echo_awr294x-evm_r5fss0-0_freertos_ti-arm-clang\Debug\.\syscfg\</path>
         <kind>object</kind>
         <file>ti_enet_open_close.o</file>
         <name>ti_enet_open_close.o</name>
      </input_file>
      <input_file id="fl-a">
         <path>C:\Users\there\Documents\Capstone\RadarFirmware\ExampleProjects\ipc_rpmsg_echo_awr294x-evm_r5fss0-0_freertos_ti-arm-clang\Debug\.\syscfg\</path>
         <kind>object</kind>
         <file>ti_enet_soc.o</file>
         <name>ti_enet_soc.o</name>
      </input_file>
      <input_file id="fl-b">
         <path>C:\Users\there\Documents\Capstone\RadarFirmware\ExampleProjects\ipc_rpmsg_echo_awr294x-evm_r5fss0-0_freertos_ti-arm-clang\Debug\.\syscfg\</path>
         <kind>object</kind>
         <file>ti_enet_lwipif.o</file>
         <name>ti_enet_lwipif.o</name>
      </input_file>
      <input_file id="fl-c">
         <path>C:\Users\there\Documents\Capstone\RadarFirmware\ExampleProjects\ipc_rpmsg_echo_awr294x-evm_r5fss0-0_freertos_ti-arm-clang\Debug\.\</path>
         <kind>object</kind>
         <file>ipc_rpmsg_echo.o</file>
         <name>ipc_rpmsg_echo.o</name>
      </input_file>
      <input_file id="fl-d">
         <path>C:\Users\there\Documents\Capstone\RadarFirmware\ExampleProjects\ipc_rpmsg_echo_awr294x-evm_r5fss0-0_freertos_ti-arm-clang\Debug\.\</path>
         <kind>object</kind>
         <file>main.o</file>
         <name>main.o</name>
      </input_file>
      <input_file id="fl-1c">
         <path>C:\Users\there\Documents\Capstone\RadarFirmware\ExampleProjects\ipc_rpmsg_echo_awr294x-evm_r5fss0-0_freertos_ti-arm-clang\Debug\</path>
         <kind>object</kind>
         <file>&lt;internal&gt;</file>
         <name>&lt;internal&gt;</name>
      </input_file>
      <input_file id="fl-1d">
         <path>C:\ti\mmwave_mcuplus_sdk_04_07_01_04\mcu_plus_sdk_awr294x_10_01_00_04\source\kernel\freertos\lib\</path>
         <kind>archive</kind>
         <file>freertos.awr294x.r5f.ti-arm-clang.debug.lib</file>
         <name>DebugP_uartLogWriter.obj</name>
      </input_file>
      <input_file id="fl-1e">
         <path>C:\ti\mmwave_mcuplus_sdk_04_07_01_04\mcu_plus_sdk_awr294x_10_01_00_04\source\kernel\freertos\lib\</path>
         <kind>archive</kind>
         <file>freertos.awr294x.r5f.ti-arm-clang.debug.lib</file>
         <name>DebugP_log.obj</name>
      </input_file>
      <input_file id="fl-1f">
         <path>C:\ti\mmwave_mcuplus_sdk_04_07_01_04\mcu_plus_sdk_awr294x_10_01_00_04\source\kernel\freertos\lib\</path>
         <kind>archive</kind>
         <file>freertos.awr294x.r5f.ti-arm-clang.debug.lib</file>
         <name>HwiP_armv7r_vim.obj</name>
      </input_file>
      <input_file id="fl-20">
         <path>C:\ti\mmwave_mcuplus_sdk_04_07_01_04\mcu_plus_sdk_awr294x_10_01_00_04\source\kernel\freertos\lib\</path>
         <kind>archive</kind>
         <file>freertos.awr294x.r5f.ti-arm-clang.debug.lib</file>
         <name>MpuP_armv7r.obj</name>
      </input_file>
      <input_file id="fl-21">
         <path>C:\ti\mmwave_mcuplus_sdk_04_07_01_04\mcu_plus_sdk_awr294x_10_01_00_04\source\kernel\freertos\lib\</path>
         <kind>archive</kind>
         <file>freertos.awr294x.r5f.ti-arm-clang.debug.lib</file>
         <name>CacheP_armv7r.obj</name>
      </input_file>
      <input_file id="fl-22">
         <path>C:\ti\mmwave_mcuplus_sdk_04_07_01_04\mcu_plus_sdk_awr294x_10_01_00_04\source\kernel\freertos\lib\</path>
         <kind>archive</kind>
         <file>freertos.awr294x.r5f.ti-arm-clang.debug.lib</file>
         <name>PmuP_armv7r.obj</name>
      </input_file>
      <input_file id="fl-23">
         <path>C:\ti\mmwave_mcuplus_sdk_04_07_01_04\mcu_plus_sdk_awr294x_10_01_00_04\source\kernel\freertos\lib\</path>
         <kind>archive</kind>
         <file>freertos.awr294x.r5f.ti-arm-clang.debug.lib</file>
         <name>ClockP_freertos.obj</name>
      </input_file>
      <input_file id="fl-24">
         <path>C:\ti\mmwave_mcuplus_sdk_04_07_01_04\mcu_plus_sdk_awr294x_10_01_00_04\source\kernel\freertos\lib\</path>
         <kind>archive</kind>
         <file>freertos.awr294x.r5f.ti-arm-clang.debug.lib</file>
         <name>ClockP_freertos_r5.obj</name>
      </input_file>
      <input_file id="fl-25">
         <path>C:\ti\mmwave_mcuplus_sdk_04_07_01_04\mcu_plus_sdk_awr294x_10_01_00_04\source\kernel\freertos\lib\</path>
         <kind>archive</kind>
         <file>freertos.awr294x.r5f.ti-arm-clang.debug.lib</file>
         <name>DebugP_freertos.obj</name>
      </input_file>
      <input_file id="fl-26">
         <path>C:\ti\mmwave_mcuplus_sdk_04_07_01_04\mcu_plus_sdk_awr294x_10_01_00_04\source\kernel\freertos\lib\</path>
         <kind>archive</kind>
         <file>freertos.awr294x.r5f.ti-arm-clang.debug.lib</file>
         <name>HwiP_armv7r_handlers_freertos.obj</name>
      </input_file>
      <input_file id="fl-27">
         <path>C:\ti\mmwave_mcuplus_sdk_04_07_01_04\mcu_plus_sdk_awr294x_10_01_00_04\source\kernel\freertos\lib\</path>
         <kind>archive</kind>
         <file>freertos.awr294x.r5f.ti-arm-clang.debug.lib</file>
         <name>SemaphoreP_freertos.obj</name>
      </input_file>
      <input_file id="fl-28">
         <path>C:\ti\mmwave_mcuplus_sdk_04_07_01_04\mcu_plus_sdk_awr294x_10_01_00_04\source\kernel\freertos\lib\</path>
         <kind>archive</kind>
         <file>freertos.awr294x.r5f.ti-arm-clang.debug.lib</file>
         <name>tasks.obj</name>
      </input_file>
      <input_file id="fl-29">
         <path>C:\ti\mmwave_mcuplus_sdk_04_07_01_04\mcu_plus_sdk_awr294x_10_01_00_04\source\kernel\freertos\lib\</path>
         <kind>archive</kind>
         <file>freertos.awr294x.r5f.ti-arm-clang.debug.lib</file>
         <name>timers.obj</name>
      </input_file>
      <input_file id="fl-2a">
         <path>C:\ti\mmwave_mcuplus_sdk_04_07_01_04\mcu_plus_sdk_awr294x_10_01_00_04\source\kernel\freertos\lib\</path>
         <kind>archive</kind>
         <file>freertos.awr294x.r5f.ti-arm-clang.debug.lib</file>
         <name>queue.obj</name>
      </input_file>
      <input_file id="fl-2b">
         <path>C:\ti\mmwave_mcuplus_sdk_04_07_01_04\mcu_plus_sdk_awr294x_10_01_00_04\source\kernel\freertos\lib\</path>
         <kind>archive</kind>
         <file>freertos.awr294x.r5f.ti-arm-clang.debug.lib</file>
         <name>list.obj</name>
      </input_file>
      <input_file id="fl-2c">
         <path>C:\ti\mmwave_mcuplus_sdk_04_07_01_04\mcu_plus_sdk_awr294x_10_01_00_04\source\kernel\freertos\lib\</path>
         <kind>archive</kind>
         <file>freertos.awr294x.r5f.ti-arm-clang.debug.lib</file>
         <name>heap_3.obj</name>
      </input_file>
      <input_file id="fl-2d">
         <path>C:\ti\mmwave_mcuplus_sdk_04_07_01_04\mcu_plus_sdk_awr294x_10_01_00_04\source\kernel\freertos\lib\</path>
         <kind>archive</kind>
         <file>freertos.awr294x.r5f.ti-arm-clang.debug.lib</file>
         <name>port.obj</name>
      </input_file>
      <input_file id="fl-2e">
         <path>C:\ti\mmwave_mcuplus_sdk_04_07_01_04\mcu_plus_sdk_awr294x_10_01_00_04\source\kernel\freertos\lib\</path>
         <kind>archive</kind>
         <file>freertos.awr294x.r5f.ti-arm-clang.debug.lib</file>
         <name>HwiP_armv7r_asm.obj</name>
      </input_file>
      <input_file id="fl-2f">
         <path>C:\ti\mmwave_mcuplus_sdk_04_07_01_04\mcu_plus_sdk_awr294x_10_01_00_04\source\kernel\freertos\lib\</path>
         <kind>archive</kind>
         <file>freertos.awr294x.r5f.ti-arm-clang.debug.lib</file>
         <name>MpuP_armv7r_asm.obj</name>
      </input_file>
      <input_file id="fl-30">
         <path>C:\ti\mmwave_mcuplus_sdk_04_07_01_04\mcu_plus_sdk_awr294x_10_01_00_04\source\kernel\freertos\lib\</path>
         <kind>archive</kind>
         <file>freertos.awr294x.r5f.ti-arm-clang.debug.lib</file>
         <name>CacheP_armv7r_asm.obj</name>
      </input_file>
      <input_file id="fl-31">
         <path>C:\ti\mmwave_mcuplus_sdk_04_07_01_04\mcu_plus_sdk_awr294x_10_01_00_04\source\kernel\freertos\lib\</path>
         <kind>archive</kind>
         <file>freertos.awr294x.r5f.ti-arm-clang.debug.lib</file>
         <name>PmuP_armv7r_asm.obj</name>
      </input_file>
      <input_file id="fl-32">
         <path>C:\ti\mmwave_mcuplus_sdk_04_07_01_04\mcu_plus_sdk_awr294x_10_01_00_04\source\kernel\freertos\lib\</path>
         <kind>archive</kind>
         <file>freertos.awr294x.r5f.ti-arm-clang.debug.lib</file>
         <name>HwiP_armv7r_vectors_freertos_asm.obj</name>
      </input_file>
      <input_file id="fl-33">
         <path>C:\ti\mmwave_mcuplus_sdk_04_07_01_04\mcu_plus_sdk_awr294x_10_01_00_04\source\kernel\freertos\lib\</path>
         <kind>archive</kind>
         <file>freertos.awr294x.r5f.ti-arm-clang.debug.lib</file>
         <name>HwiP_armv7r_handlers_freertos_asm.obj</name>
      </input_file>
      <input_file id="fl-34">
         <path>C:\ti\mmwave_mcuplus_sdk_04_07_01_04\mcu_plus_sdk_awr294x_10_01_00_04\source\kernel\freertos\lib\</path>
         <kind>archive</kind>
         <file>freertos.awr294x.r5f.ti-arm-clang.debug.lib</file>
         <name>portASM.obj</name>
      </input_file>
      <input_file id="fl-35">
         <path>C:\ti\mmwave_mcuplus_sdk_04_07_01_04\mcu_plus_sdk_awr294x_10_01_00_04\source\kernel\freertos\lib\</path>
         <kind>archive</kind>
         <file>freertos.awr294x.r5f.ti-arm-clang.debug.lib</file>
         <name>TimerP_rti.obj</name>
      </input_file>
      <input_file id="fl-36">
         <path>C:\ti\mmwave_mcuplus_sdk_04_07_01_04\mcu_plus_sdk_awr294x_10_01_00_04\source\kernel\freertos\lib\</path>
         <kind>archive</kind>
         <file>freertos.awr294x.r5f.ti-arm-clang.debug.lib</file>
         <name>printf.obj</name>
      </input_file>
      <input_file id="fl-37">
         <path>C:\ti\mmwave_mcuplus_sdk_04_07_01_04\mcu_plus_sdk_awr294x_10_01_00_04\source\kernel\freertos\lib\</path>
         <kind>archive</kind>
         <file>freertos.awr294x.r5f.ti-arm-clang.debug.lib</file>
         <name>TaskP_freertos.obj</name>
      </input_file>
      <input_file id="fl-38">
         <path>C:\ti\mmwave_mcuplus_sdk_04_07_01_04\mcu_plus_sdk_awr294x_10_01_00_04\source\kernel\freertos\lib\</path>
         <kind>archive</kind>
         <file>freertos.awr294x.r5f.ti-arm-clang.debug.lib</file>
         <name>boot_armv7r_asm.obj</name>
      </input_file>
      <input_file id="fl-39">
         <path>C:\ti\mmwave_mcuplus_sdk_04_07_01_04\mcu_plus_sdk_awr294x_10_01_00_04\source\kernel\freertos\lib\</path>
         <kind>archive</kind>
         <file>freertos.awr294x.r5f.ti-arm-clang.debug.lib</file>
         <name>boot_armv7r.obj</name>
      </input_file>
      <input_file id="fl-3a">
         <path>C:\ti\mmwave_mcuplus_sdk_04_07_01_04\mcu_plus_sdk_awr294x_10_01_00_04\source\drivers\lib\</path>
         <kind>archive</kind>
         <file>drivers.awr294x.r5f.ti-arm-clang.debug.lib</file>
         <name>edma.obj</name>
      </input_file>
      <input_file id="fl-3b">
         <path>C:\ti\mmwave_mcuplus_sdk_04_07_01_04\mcu_plus_sdk_awr294x_10_01_00_04\source\drivers\lib\</path>
         <kind>archive</kind>
         <file>drivers.awr294x.r5f.ti-arm-clang.debug.lib</file>
         <name>ipc_notify_v1.obj</name>
      </input_file>
      <input_file id="fl-3c">
         <path>C:\ti\mmwave_mcuplus_sdk_04_07_01_04\mcu_plus_sdk_awr294x_10_01_00_04\source\drivers\lib\</path>
         <kind>archive</kind>
         <file>drivers.awr294x.r5f.ti-arm-clang.debug.lib</file>
         <name>ipc_notify_v1_cfg.obj</name>
      </input_file>
      <input_file id="fl-3d">
         <path>C:\ti\mmwave_mcuplus_sdk_04_07_01_04\mcu_plus_sdk_awr294x_10_01_00_04\source\drivers\lib\</path>
         <kind>archive</kind>
         <file>drivers.awr294x.r5f.ti-arm-clang.debug.lib</file>
         <name>ipc_rpmsg.obj</name>
      </input_file>
      <input_file id="fl-3e">
         <path>C:\ti\mmwave_mcuplus_sdk_04_07_01_04\mcu_plus_sdk_awr294x_10_01_00_04\source\drivers\lib\</path>
         <kind>archive</kind>
         <file>drivers.awr294x.r5f.ti-arm-clang.debug.lib</file>
         <name>ipc_rpmsg_vring.obj</name>
      </input_file>
      <input_file id="fl-3f">
         <path>C:\ti\mmwave_mcuplus_sdk_04_07_01_04\mcu_plus_sdk_awr294x_10_01_00_04\source\drivers\lib\</path>
         <kind>archive</kind>
         <file>drivers.awr294x.r5f.ti-arm-clang.debug.lib</file>
         <name>mailbox.obj</name>
      </input_file>
      <input_file id="fl-40">
         <path>C:\ti\mmwave_mcuplus_sdk_04_07_01_04\mcu_plus_sdk_awr294x_10_01_00_04\source\drivers\lib\</path>
         <kind>archive</kind>
         <file>drivers.awr294x.r5f.ti-arm-clang.debug.lib</file>
         <name>mailbox_cfg.obj</name>
      </input_file>
      <input_file id="fl-41">
         <path>C:\ti\mmwave_mcuplus_sdk_04_07_01_04\mcu_plus_sdk_awr294x_10_01_00_04\source\drivers\lib\</path>
         <kind>archive</kind>
         <file>drivers.awr294x.r5f.ti-arm-clang.debug.lib</file>
         <name>pinmux.obj</name>
      </input_file>
      <input_file id="fl-42">
         <path>C:\ti\mmwave_mcuplus_sdk_04_07_01_04\mcu_plus_sdk_awr294x_10_01_00_04\source\drivers\lib\</path>
         <kind>archive</kind>
         <file>drivers.awr294x.r5f.ti-arm-clang.debug.lib</file>
         <name>soc.obj</name>
      </input_file>
      <input_file id="fl-43">
         <path>C:\ti\mmwave_mcuplus_sdk_04_07_01_04\mcu_plus_sdk_awr294x_10_01_00_04\source\drivers\lib\</path>
         <kind>archive</kind>
         <file>drivers.awr294x.r5f.ti-arm-clang.debug.lib</file>
         <name>soc_rcm.obj</name>
      </input_file>
      <input_file id="fl-44">
         <path>C:\ti\mmwave_mcuplus_sdk_04_07_01_04\mcu_plus_sdk_awr294x_10_01_00_04\source\drivers\lib\</path>
         <kind>archive</kind>
         <file>drivers.awr294x.r5f.ti-arm-clang.debug.lib</file>
         <name>uart_sci.obj</name>
      </input_file>
      <input_file id="fl-45">
         <path>C:\ti\mmwave_mcuplus_sdk_04_07_01_04\mcu_plus_sdk_awr294x_10_01_00_04\source\drivers\lib\</path>
         <kind>archive</kind>
         <file>drivers.awr294x.r5f.ti-arm-clang.debug.lib</file>
         <name>uart_sci_edma.obj</name>
      </input_file>
      <input_file id="fl-5c">
         <path>C:\ti\ccs2030\ccs\tools\compiler\ti-cgt-armllvm_4.0.3.LTS\lib\armv7r-ti-none-eabihf\c\</path>
         <kind>archive</kind>
         <file>libc.a</file>
         <name>snprintf.c.obj</name>
      </input_file>
      <input_file id="fl-5d">
         <path>C:\ti\ccs2030\ccs\tools\compiler\ti-cgt-armllvm_4.0.3.LTS\lib\armv7r-ti-none-eabihf\c\</path>
         <kind>archive</kind>
         <file>libc.a</file>
         <name>sprintf.c.obj</name>
      </input_file>
      <input_file id="fl-5e">
         <path>C:\ti\ccs2030\ccs\tools\compiler\ti-cgt-armllvm_4.0.3.LTS\lib\armv7r-ti-none-eabihf\c\</path>
         <kind>archive</kind>
         <file>libc.a</file>
         <name>fputc.c.obj</name>
      </input_file>
      <input_file id="fl-5f">
         <path>C:\ti\ccs2030\ccs\tools\compiler\ti-cgt-armllvm_4.0.3.LTS\lib\armv7r-ti-none-eabihf\c\</path>
         <kind>archive</kind>
         <file>libc.a</file>
         <name>_io_perm.c.obj</name>
      </input_file>
      <input_file id="fl-60">
         <path>C:\ti\ccs2030\ccs\tools\compiler\ti-cgt-armllvm_4.0.3.LTS\lib\armv7r-ti-none-eabihf\c\</path>
         <kind>archive</kind>
         <file>libc.a</file>
         <name>setvbuf.c.obj</name>
      </input_file>
      <input_file id="fl-61">
         <path>C:\ti\ccs2030\ccs\tools\compiler\ti-cgt-armllvm_4.0.3.LTS\lib\armv7r-ti-none-eabihf\c\</path>
         <kind>archive</kind>
         <file>libc.a</file>
         <name>exit.c.obj</name>
      </input_file>
      <input_file id="fl-62">
         <path>C:\ti\ccs2030\ccs\tools\compiler\ti-cgt-armllvm_4.0.3.LTS\lib\armv7r-ti-none-eabihf\c\</path>
         <kind>archive</kind>
         <file>libc.a</file>
         <name>_lock.c.obj</name>
      </input_file>
      <input_file id="fl-63">
         <path>C:\ti\ccs2030\ccs\tools\compiler\ti-cgt-armllvm_4.0.3.LTS\lib\armv7r-ti-none-eabihf\c\</path>
         <kind>archive</kind>
         <file>libc.a</file>
         <name>defs.c.obj</name>
      </input_file>
      <input_file id="fl-64">
         <path>C:\ti\ccs2030\ccs\tools\compiler\ti-cgt-armllvm_4.0.3.LTS\lib\armv7r-ti-none-eabihf\c\</path>
         <kind>archive</kind>
         <file>libc.a</file>
         <name>memory.c.obj</name>
      </input_file>
      <input_file id="fl-65">
         <path>C:\ti\ccs2030\ccs\tools\compiler\ti-cgt-armllvm_4.0.3.LTS\lib\armv7r-ti-none-eabihf\c\</path>
         <kind>archive</kind>
         <file>libc.a</file>
         <name>strcpy.c.obj</name>
      </input_file>
      <input_file id="fl-66">
         <path>C:\ti\ccs2030\ccs\tools\compiler\ti-cgt-armllvm_4.0.3.LTS\lib\armv7r-ti-none-eabihf\c\</path>
         <kind>archive</kind>
         <file>libc.a</file>
         <name>strlen.c.obj</name>
      </input_file>
      <input_file id="fl-67">
         <path>C:\ti\ccs2030\ccs\tools\compiler\ti-cgt-armllvm_4.0.3.LTS\lib\armv7r-ti-none-eabihf\c\</path>
         <kind>archive</kind>
         <file>libc.a</file>
         <name>strncpy.c.obj</name>
      </input_file>
      <input_file id="fl-68">
         <path>C:\ti\ccs2030\ccs\tools\compiler\ti-cgt-armllvm_4.0.3.LTS\lib\armv7r-ti-none-eabihf\c\</path>
         <kind>archive</kind>
         <file>libc.a</file>
         <name>autoinit.c.obj</name>
      </input_file>
      <input_file id="fl-69">
         <path>C:\ti\ccs2030\ccs\tools\compiler\ti-cgt-armllvm_4.0.3.LTS\lib\armv7r-ti-none-eabihf\c\</path>
         <kind>archive</kind>
         <file>libc.a</file>
         <name>cpy_tbl.c.obj</name>
      </input_file>
      <input_file id="fl-6a">
         <path>C:\ti\ccs2030\ccs\tools\compiler\ti-cgt-armllvm_4.0.3.LTS\lib\armv7r-ti-none-eabihf\c\</path>
         <kind>archive</kind>
         <file>libc.a</file>
         <name>_printfi.c.obj</name>
      </input_file>
      <input_file id="fl-6b">
         <path>C:\ti\ccs2030\ccs\tools\compiler\ti-cgt-armllvm_4.0.3.LTS\lib\armv7r-ti-none-eabihf\c\</path>
         <kind>archive</kind>
         <file>libc.a</file>
         <name>fflush.c.obj</name>
      </input_file>
      <input_file id="fl-6c">
         <path>C:\ti\ccs2030\ccs\tools\compiler\ti-cgt-armllvm_4.0.3.LTS\lib\armv7r-ti-none-eabihf\c\</path>
         <kind>archive</kind>
         <file>libc.a</file>
         <name>fopen.c.obj</name>
      </input_file>
      <input_file id="fl-6d">
         <path>C:\ti\ccs2030\ccs\tools\compiler\ti-cgt-armllvm_4.0.3.LTS\lib\armv7r-ti-none-eabihf\c\</path>
         <kind>archive</kind>
         <file>libc.a</file>
         <name>fseek.c.obj</name>
      </input_file>
      <input_file id="fl-6e">
         <path>C:\ti\ccs2030\ccs\tools\compiler\ti-cgt-armllvm_4.0.3.LTS\lib\armv7r-ti-none-eabihf\c\</path>
         <kind>archive</kind>
         <file>libc.a</file>
         <name>s_frexp.c.obj</name>
      </input_file>
      <input_file id="fl-6f">
         <path>C:\ti\ccs2030\ccs\tools\compiler\ti-cgt-armllvm_4.0.3.LTS\lib\armv7r-ti-none-eabihf\c\</path>
         <kind>archive</kind>
         <file>libc.a</file>
         <name>s_scalbn.c.obj</name>
      </input_file>
      <input_file id="fl-70">
         <path>C:\ti\ccs2030\ccs\tools\compiler\ti-cgt-armllvm_4.0.3.LTS\lib\armv7r-ti-none-eabihf\c\</path>
         <kind>archive</kind>
         <file>libc.a</file>
         <name>wcslen.c.obj</name>
      </input_file>
      <input_file id="fl-71">
         <path>C:\ti\ccs2030\ccs\tools\compiler\ti-cgt-armllvm_4.0.3.LTS\lib\armv7r-ti-none-eabihf\c\</path>
         <kind>archive</kind>
         <file>libc.a</file>
         <name>aeabi_portable.c.obj</name>
      </input_file>
      <input_file id="fl-72">
         <path>C:\ti\ccs2030\ccs\tools\compiler\ti-cgt-armllvm_4.0.3.LTS\lib\armv7r-ti-none-eabihf\c\</path>
         <kind>archive</kind>
         <file>libc.a</file>
         <name>_ltoa.c.obj</name>
      </input_file>
      <input_file id="fl-73">
         <path>C:\ti\ccs2030\ccs\tools\compiler\ti-cgt-armllvm_4.0.3.LTS\lib\armv7r-ti-none-eabihf\c\</path>
         <kind>archive</kind>
         <file>libc.a</file>
         <name>assert.c.obj</name>
      </input_file>
      <input_file id="fl-74">
         <path>C:\ti\ccs2030\ccs\tools\compiler\ti-cgt-armllvm_4.0.3.LTS\lib\armv7r-ti-none-eabihf\c\</path>
         <kind>archive</kind>
         <file>libc.a</file>
         <name>atoi.c.obj</name>
      </input_file>
      <input_file id="fl-75">
         <path>C:\ti\ccs2030\ccs\tools\compiler\ti-cgt-armllvm_4.0.3.LTS\lib\armv7r-ti-none-eabihf\c\</path>
         <kind>archive</kind>
         <file>libc.a</file>
         <name>memccpy.c.obj</name>
      </input_file>
      <input_file id="fl-76">
         <path>C:\ti\ccs2030\ccs\tools\compiler\ti-cgt-armllvm_4.0.3.LTS\lib\armv7r-ti-none-eabihf\c\</path>
         <kind>archive</kind>
         <file>libc.a</file>
         <name>fclose.c.obj</name>
      </input_file>
      <input_file id="fl-77">
         <path>C:\ti\ccs2030\ccs\tools\compiler\ti-cgt-armllvm_4.0.3.LTS\lib\armv7r-ti-none-eabihf\c\</path>
         <kind>archive</kind>
         <file>libc.a</file>
         <name>fputs.c.obj</name>
      </input_file>
      <input_file id="fl-78">
         <path>C:\ti\ccs2030\ccs\tools\compiler\ti-cgt-armllvm_4.0.3.LTS\lib\armv7r-ti-none-eabihf\c\</path>
         <kind>archive</kind>
         <file>libc.a</file>
         <name>aeabi_ctype.S.obj</name>
      </input_file>
      <input_file id="fl-8f">
         <path>C:\ti\ccs2030\ccs\tools\compiler\ti-cgt-armllvm_4.0.3.LTS\lib\armv7r-ti-none-eabihf\c\</path>
         <kind>archive</kind>
         <file>libsysbm.a</file>
         <name>hostexit.c.obj</name>
      </input_file>
      <input_file id="fl-90">
         <path>C:\ti\ccs2030\ccs\tools\compiler\ti-cgt-armllvm_4.0.3.LTS\lib\armv7r-ti-none-eabihf\c\</path>
         <kind>archive</kind>
         <file>libsysbm.a</file>
         <name>write.c.obj</name>
      </input_file>
      <input_file id="fl-91">
         <path>C:\ti\ccs2030\ccs\tools\compiler\ti-cgt-armllvm_4.0.3.LTS\lib\armv7r-ti-none-eabihf\c\</path>
         <kind>archive</kind>
         <file>libsysbm.a</file>
         <name>host_device.c.obj</name>
      </input_file>
      <input_file id="fl-92">
         <path>C:\ti\ccs2030\ccs\tools\compiler\ti-cgt-armllvm_4.0.3.LTS\lib\armv7r-ti-none-eabihf\c\</path>
         <kind>archive</kind>
         <file>libsysbm.a</file>
         <name>remove.c.obj</name>
      </input_file>
      <input_file id="fl-93">
         <path>C:\ti\ccs2030\ccs\tools\compiler\ti-cgt-armllvm_4.0.3.LTS\lib\armv7r-ti-none-eabihf\c\</path>
         <kind>archive</kind>
         <file>libsysbm.a</file>
         <name>open.c.obj</name>
      </input_file>
      <input_file id="fl-94">
         <path>C:\ti\ccs2030\ccs\tools\compiler\ti-cgt-armllvm_4.0.3.LTS\lib\armv7r-ti-none-eabihf\c\</path>
         <kind>archive</kind>
         <file>libsysbm.a</file>
         <name>lseek.c.obj</name>
      </input_file>
      <input_file id="fl-95">
         <path>C:\ti\ccs2030\ccs\tools\compiler\ti-cgt-armllvm_4.0.3.LTS\lib\armv7r-ti-none-eabihf\c\</path>
         <kind>archive</kind>
         <file>libsysbm.a</file>
         <name>close.c.obj</name>
      </input_file>
      <input_file id="fl-96">
         <path>C:\ti\ccs2030\ccs\tools\compiler\ti-cgt-armllvm_4.0.3.LTS\lib\armv7r-ti-none-eabihf\c\</path>
         <kind>archive</kind>
         <file>libsysbm.a</file>
         <name>unlink.c.obj</name>
      </input_file>
      <input_file id="fl-97">
         <path>C:\ti\ccs2030\ccs\tools\compiler\ti-cgt-armllvm_4.0.3.LTS\lib\armv7r-ti-none-eabihf\c\</path>
         <kind>archive</kind>
         <file>libsysbm.a</file>
         <name>hostclose.c.obj</name>
      </input_file>
      <input_file id="fl-98">
         <path>C:\ti\ccs2030\ccs\tools\compiler\ti-cgt-armllvm_4.0.3.LTS\lib\armv7r-ti-none-eabihf\c\</path>
         <kind>archive</kind>
         <file>libsysbm.a</file>
         <name>hostlseek.c.obj</name>
      </input_file>
      <input_file id="fl-99">
         <path>C:\ti\ccs2030\ccs\tools\compiler\ti-cgt-armllvm_4.0.3.LTS\lib\armv7r-ti-none-eabihf\c\</path>
         <kind>archive</kind>
         <file>libsysbm.a</file>
         <name>hostopen.c.obj</name>
      </input_file>
      <input_file id="fl-9a">
         <path>C:\ti\ccs2030\ccs\tools\compiler\ti-cgt-armllvm_4.0.3.LTS\lib\armv7r-ti-none-eabihf\c\</path>
         <kind>archive</kind>
         <file>libsysbm.a</file>
         <name>hostread.c.obj</name>
      </input_file>
      <input_file id="fl-9b">
         <path>C:\ti\ccs2030\ccs\tools\compiler\ti-cgt-armllvm_4.0.3.LTS\lib\armv7r-ti-none-eabihf\c\</path>
         <kind>archive</kind>
         <file>libsysbm.a</file>
         <name>hostrename.c.obj</name>
      </input_file>
      <input_file id="fl-9c">
         <path>C:\ti\ccs2030\ccs\tools\compiler\ti-cgt-armllvm_4.0.3.LTS\lib\armv7r-ti-none-eabihf\c\</path>
         <kind>archive</kind>
         <file>libsysbm.a</file>
         <name>hostunlink.c.obj</name>
      </input_file>
      <input_file id="fl-9d">
         <path>C:\ti\ccs2030\ccs\tools\compiler\ti-cgt-armllvm_4.0.3.LTS\lib\armv7r-ti-none-eabihf\c\</path>
         <kind>archive</kind>
         <file>libsysbm.a</file>
         <name>hostwrite.c.obj</name>
      </input_file>
      <input_file id="fl-9e">
         <path>C:\ti\ccs2030\ccs\tools\compiler\ti-cgt-armllvm_4.0.3.LTS\lib\armv7r-ti-none-eabihf\c\</path>
         <kind>archive</kind>
         <file>libsysbm.a</file>
         <name>trgmsg.c.obj</name>
      </input_file>
      <input_file id="fl-128">
         <path>C:\ti\ccs2030\ccs\tools\compiler\ti-cgt-armllvm_4.0.3.LTS\lib\armv7r-ti-none-eabihf\c\</path>
         <kind>archive</kind>
         <file>libc.a</file>
         <name>getdevice.c.obj</name>
      </input_file>
      <input_file id="fl-129">
         <path>C:\ti\ccs2030\ccs\tools\compiler\ti-cgt-armllvm_4.0.3.LTS\lib\armv7r-ti-none-eabihf\c\</path>
         <kind>archive</kind>
         <file>libc.a</file>
         <name>strcmp32.S.obj</name>
      </input_file>
      <input_file id="fl-12a">
         <path>C:\ti\ccs2030\ccs\tools\compiler\ti-cgt-armllvm_4.0.3.LTS\lib\armv7r-ti-none-eabihf\</path>
         <kind>archive</kind>
         <file>libclang_rt.builtins.a</file>
         <name>divsi3.S.obj</name>
      </input_file>
      <input_file id="fl-12b">
         <path>C:\ti\ccs2030\ccs\tools\compiler\ti-cgt-armllvm_4.0.3.LTS\lib\armv7r-ti-none-eabihf\</path>
         <kind>archive</kind>
         <file>libclang_rt.builtins.a</file>
         <name>udivsi3.S.obj</name>
      </input_file>
      <input_file id="fl-12c">
         <path>C:\ti\ccs2030\ccs\tools\compiler\ti-cgt-armllvm_4.0.3.LTS\lib\armv7r-ti-none-eabihf\</path>
         <kind>archive</kind>
         <file>libclang_rt.builtins.a</file>
         <name>aeabi_div0.c.obj</name>
      </input_file>
      <input_file id="fl-12d">
         <path>C:\ti\ccs2030\ccs\tools\compiler\ti-cgt-armllvm_4.0.3.LTS\lib\armv7r-ti-none-eabihf\</path>
         <kind>archive</kind>
         <file>libclang_rt.builtins.a</file>
         <name>aeabi_memcpy.S.obj</name>
      </input_file>
      <input_file id="fl-12e">
         <path>C:\ti\ccs2030\ccs\tools\compiler\ti-cgt-armllvm_4.0.3.LTS\lib\armv7r-ti-none-eabihf\</path>
         <kind>archive</kind>
         <file>libclang_rt.builtins.a</file>
         <name>aeabi_memset.S.obj</name>
      </input_file>
      <input_file id="fl-12f">
         <path>C:\ti\ccs2030\ccs\tools\compiler\ti-cgt-armllvm_4.0.3.LTS\lib\armv7r-ti-none-eabihf\</path>
         <kind>archive</kind>
         <file>libclang_rt.builtins.a</file>
         <name>aeabi_uldivmod.S.obj</name>
      </input_file>
      <input_file id="fl-130">
         <path>C:\ti\ccs2030\ccs\tools\compiler\ti-cgt-armllvm_4.0.3.LTS\lib\armv7r-ti-none-eabihf\</path>
         <kind>archive</kind>
         <file>libclang_rt.builtins.a</file>
         <name>udivmoddi4.S.obj</name>
      </input_file>
      <input_file id="fl-131">
         <path>C:\ti\ccs2030\ccs\tools\compiler\ti-cgt-armllvm_4.0.3.LTS\lib\armv7r-ti-none-eabihf\c\</path>
         <kind>archive</kind>
         <file>libc.a</file>
         <name>memcpy32.S.obj</name>
      </input_file>
      <input_file id="fl-132">
         <path>C:\ti\ccs2030\ccs\tools\compiler\ti-cgt-armllvm_4.0.3.LTS\lib\armv7r-ti-none-eabihf\c\</path>
         <kind>archive</kind>
         <file>libc.a</file>
         <name>memset32.S.obj</name>
      </input_file>
      <input_file id="fl-133">
         <path>C:\ti\mmwave_mcuplus_sdk_04_07_01_04\mcu_plus_sdk_awr294x_10_01_00_04\source\kernel\freertos\lib\</path>
         <kind>archive</kind>
         <file>freertos.awr294x.r5f.ti-arm-clang.debug.lib</file>
         <name>AddrTranslateP_null.obj</name>
      </input_file>
      <input_file id="fl-134">
         <path>C:\ti\mmwave_mcuplus_sdk_04_07_01_04\mcu_plus_sdk_awr294x_10_01_00_04\source\kernel\freertos\lib\</path>
         <kind>archive</kind>
         <file>freertos.awr294x.r5f.ti-arm-clang.debug.lib</file>
         <name>CpuId_armv7r.obj</name>
      </input_file>
      <input_file id="fl-135">
         <path>C:\ti\mmwave_mcuplus_sdk_04_07_01_04\mcu_plus_sdk_awr294x_10_01_00_04\source\kernel\freertos\lib\</path>
         <kind>archive</kind>
         <file>freertos.awr294x.r5f.ti-arm-clang.debug.lib</file>
         <name>CpuId_armv7r_asm.obj</name>
      </input_file>
   </input_file_list>
   <object_component_list>
      <object_component id="oc-2d">
         <name>.vectors</name>
         <load_address>0x0</load_address>
         <readonly>true</readonly>
         <executable>true</executable>
         <run_address>0x0</run_address>
         <size>0x40</size>
         <alignment>0x4</alignment>
         <input_file_ref idref="fl-32"/>
      </object_component>
      <object_component id="oc-5e">
         <name>.text.hwi</name>
         <load_address>0x10287370</load_address>
         <readonly>true</readonly>
         <executable>true</executable>
         <run_address>0x10287370</run_address>
         <size>0x5ee</size>
         <alignment>0x10</alignment>
         <input_file_ref idref="fl-26"/>
      </object_component>
      <object_component id="oc-85">
         <name>.text.hwi</name>
         <load_address>0x10287960</load_address>
         <readonly>true</readonly>
         <executable>true</executable>
         <run_address>0x10287960</run_address>
         <size>0x5c6</size>
         <alignment>0x10</alignment>
         <input_file_ref idref="fl-1f"/>
      </object_component>
      <object_component id="oc-5a">
         <name>.text.hwi</name>
         <load_address>0x10287f28</load_address>
         <readonly>true</readonly>
         <executable>true</executable>
         <run_address>0x10287f28</run_address>
         <size>0x1ec</size>
         <alignment>0x4</alignment>
         <input_file_ref idref="fl-34"/>
      </object_component>
      <object_component id="oc-56">
         <name>.text.hwi</name>
         <load_address>0x10288114</load_address>
         <readonly>true</readonly>
         <executable>true</executable>
         <run_address>0x10288114</run_address>
         <size>0x100</size>
         <alignment>0x4</alignment>
         <input_file_ref idref="fl-33"/>
      </object_component>
      <object_component id="oc-8b">
         <name>.text.hwi</name>
         <load_address>0x10288214</load_address>
         <readonly>true</readonly>
         <executable>true</executable>
         <run_address>0x10288214</run_address>
         <size>0x70</size>
         <alignment>0x4</alignment>
         <input_file_ref idref="fl-2e"/>
      </object_component>
      <object_component id="oc-f0">
         <name>.text.cache</name>
         <load_address>0x10288290</load_address>
         <readonly>true</readonly>
         <executable>true</executable>
         <run_address>0x10288290</run_address>
         <size>0x340</size>
         <alignment>0x4</alignment>
         <input_file_ref idref="fl-30"/>
      </object_component>
      <object_component id="oc-97">
         <name>.text.cache</name>
         <load_address>0x102885d0</load_address>
         <readonly>true</readonly>
         <executable>true</executable>
         <run_address>0x102885d0</run_address>
         <size>0x158</size>
         <alignment>0x10</alignment>
         <input_file_ref idref="fl-21"/>
      </object_component>
      <object_component id="oc-93">
         <name>.text.mpu</name>
         <load_address>0x10288730</load_address>
         <readonly>true</readonly>
         <executable>true</executable>
         <run_address>0x10288730</run_address>
         <size>0x246</size>
         <alignment>0x10</alignment>
         <input_file_ref idref="fl-20"/>
      </object_component>
      <object_component id="oc-ec">
         <name>.text.mpu</name>
         <load_address>0x10288978</load_address>
         <readonly>true</readonly>
         <executable>true</executable>
         <run_address>0x10288978</run_address>
         <size>0x78</size>
         <alignment>0x4</alignment>
         <input_file_ref idref="fl-2f"/>
      </object_component>
      <object_component id="oc-52">
         <name>.text.boot</name>
         <load_address>0x102889f0</load_address>
         <readonly>true</readonly>
         <executable>true</executable>
         <run_address>0x102889f0</run_address>
         <size>0xfc</size>
         <alignment>0x4</alignment>
         <input_file_ref idref="fl-38"/>
      </object_component>
      <object_component id="oc-ca">
         <name>.text.boot</name>
         <load_address>0x10288af0</load_address>
         <readonly>true</readonly>
         <executable>true</executable>
         <run_address>0x10288af0</run_address>
         <size>0x2a</size>
         <alignment>0x10</alignment>
         <input_file_ref idref="fl-1e"/>
      </object_component>
      <object_component id="oc-6d">
         <name>.text.boot</name>
         <load_address>0x10288b20</load_address>
         <readonly>true</readonly>
         <executable>true</executable>
         <run_address>0x10288b20</run_address>
         <size>0x24</size>
         <alignment>0x10</alignment>
         <input_file_ref idref="fl-39"/>
      </object_component>
      <object_component id="oc-68">
         <name>.text.boot</name>
         <load_address>0x10288b50</load_address>
         <readonly>true</readonly>
         <executable>true</executable>
         <run_address>0x10288b50</run_address>
         <size>0xc</size>
         <alignment>0x10</alignment>
         <input_file_ref idref="fl-1"/>
      </object_component>
      <object_component id="oc-cd">
         <name>.text:abort</name>
         <load_address>0x10288b60</load_address>
         <readonly>true</readonly>
         <executable>true</executable>
         <run_address>0x10288b60</run_address>
         <size>0x8</size>
         <alignment>0x4</alignment>
         <input_file_ref idref="fl-61"/>
      </object_component>
      <object_component id="oc-400">
         <name>.text:__TI_printfi_nofloat</name>
         <load_address>0x10273c40</load_address>
         <readonly>true</readonly>
         <executable>true</executable>
         <run_address>0x10273c40</run_address>
         <size>0xddc</size>
         <alignment>0x4</alignment>
         <input_file_ref idref="fl-6a"/>
      </object_component>
      <object_component id="oc-4cf">
         <name>.text.__aeabi_idiv0</name>
         <load_address>0x10274a1c</load_address>
         <readonly>true</readonly>
         <executable>true</executable>
         <run_address>0x10274a1c</run_address>
         <size>0x4</size>
         <alignment>0x4</alignment>
         <input_file_ref idref="fl-12c"/>
      </object_component>
      <object_component id="oc-2ee">
         <name>.text._vsnprintf</name>
         <load_address>0x10274a20</load_address>
         <readonly>true</readonly>
         <executable>true</executable>
         <run_address>0x10274a20</run_address>
         <size>0xa34</size>
         <alignment>0x10</alignment>
         <input_file_ref idref="fl-36"/>
      </object_component>
      <object_component id="oc-47e">
         <name>.text.__aeabi_errno_addr</name>
         <load_address>0x10275454</load_address>
         <readonly>true</readonly>
         <executable>true</executable>
         <run_address>0x10275454</run_address>
         <size>0xc</size>
         <alignment>0x4</alignment>
         <input_file_ref idref="fl-71"/>
      </object_component>
      <object_component id="oc-289">
         <name>.text.SOC_rcmGetClkSrcAndDivValue</name>
         <load_address>0x10275460</load_address>
         <readonly>true</readonly>
         <executable>true</executable>
         <run_address>0x10275460</run_address>
         <size>0x740</size>
         <alignment>0x10</alignment>
         <input_file_ref idref="fl-43"/>
      </object_component>
      <object_component id="oc-3a7">
         <name>.text._ftoa</name>
         <load_address>0x10275ba0</load_address>
         <readonly>true</readonly>
         <executable>true</executable>
         <run_address>0x10275ba0</run_address>
         <size>0x51e</size>
         <alignment>0x10</alignment>
         <input_file_ref idref="fl-36"/>
      </object_component>
      <object_component id="oc-119">
         <name>.text.IpcNotify_init</name>
         <load_address>0x102760c0</load_address>
         <readonly>true</readonly>
         <executable>true</executable>
         <run_address>0x102760c0</run_address>
         <size>0x518</size>
         <alignment>0x10</alignment>
         <input_file_ref idref="fl-3b"/>
      </object_component>
      <object_component id="oc-163">
         <name>.text.HOSTexit</name>
         <load_address>0x102765d8</load_address>
         <readonly>true</readonly>
         <executable>true</executable>
         <run_address>0x102765d8</run_address>
         <size>0x8</size>
         <alignment>0x4</alignment>
         <input_file_ref idref="fl-8f"/>
      </object_component>
      <object_component id="oc-3a8">
         <name>.text._etoa</name>
         <load_address>0x102765e0</load_address>
         <readonly>true</readonly>
         <executable>true</executable>
         <run_address>0x102765e0</run_address>
         <size>0x478</size>
         <alignment>0x10</alignment>
         <input_file_ref idref="fl-36"/>
      </object_component>
      <object_component id="oc-2df">
         <name>.text.__aeabi_ldiv0</name>
         <load_address>0x10276a58</load_address>
         <readonly>true</readonly>
         <executable>true</executable>
         <run_address>0x10276a58</run_address>
         <size>0x4</size>
         <alignment>0x4</alignment>
         <input_file_ref idref="fl-12c"/>
      </object_component>
      <object_component id="oc-179">
         <name>.text.__aeabi_memcpy</name>
         <load_address>0x10276a5c</load_address>
         <readonly>true</readonly>
         <executable>true</executable>
         <run_address>0x10276a5c</run_address>
         <size>0x4</size>
         <alignment>0x4</alignment>
         <input_file_ref idref="fl-12d"/>
      </object_component>
      <object_component id="oc-5d3">
         <name>.text:strcmp</name>
         <load_address>0x10276a60</load_address>
         <readonly>true</readonly>
         <executable>true</executable>
         <run_address>0x10276a60</run_address>
         <size>0x390</size>
         <alignment>0x20</alignment>
         <input_file_ref idref="fl-129"/>
      </object_component>
      <object_component id="oc-3c2">
         <name>.text.SOC_rcmGetClkSrcAndDivReg</name>
         <load_address>0x10276df0</load_address>
         <readonly>true</readonly>
         <executable>true</executable>
         <run_address>0x10276df0</run_address>
         <size>0x370</size>
         <alignment>0x10</alignment>
         <input_file_ref idref="fl-43"/>
      </object_component>
      <object_component id="oc-320">
         <name>.text.IpcNotify_isr</name>
         <load_address>0x10277160</load_address>
         <readonly>true</readonly>
         <executable>true</executable>
         <run_address>0x10277160</run_address>
         <size>0x33c</size>
         <alignment>0x10</alignment>
         <input_file_ref idref="fl-3b"/>
      </object_component>
      <object_component id="oc-234">
         <name>.text._nop</name>
         <load_address>0x1027749c</load_address>
         <readonly>true</readonly>
         <executable>true</executable>
         <run_address>0x1027749c</run_address>
         <size>0x4</size>
         <alignment>0x4</alignment>
         <input_file_ref idref="fl-62"/>
      </object_component>
      <object_component id="oc-1e3">
         <name>.text.EDMA_initialize</name>
         <load_address>0x102774a0</load_address>
         <readonly>true</readonly>
         <executable>true</executable>
         <run_address>0x102774a0</run_address>
         <size>0x336</size>
         <alignment>0x10</alignment>
         <input_file_ref idref="fl-3a"/>
      </object_component>
      <object_component id="oc-51d">
         <name>.text.fseek</name>
         <load_address>0x102777d8</load_address>
         <readonly>true</readonly>
         <executable>true</executable>
         <run_address>0x102777d8</run_address>
         <size>0x4</size>
         <alignment>0x4</alignment>
         <input_file_ref idref="fl-6d"/>
      </object_component>
      <object_component id="oc-595">
         <name>.text.remove</name>
         <load_address>0x102777dc</load_address>
         <readonly>true</readonly>
         <executable>true</executable>
         <run_address>0x102777dc</run_address>
         <size>0x4</size>
         <alignment>0x4</alignment>
         <input_file_ref idref="fl-92"/>
      </object_component>
      <object_component id="oc-3f0">
         <name>.text.UART_edmaChannelConfig</name>
         <load_address>0x102777e0</load_address>
         <readonly>true</readonly>
         <executable>true</executable>
         <run_address>0x102777e0</run_address>
         <size>0x2ce</size>
         <alignment>0x10</alignment>
         <input_file_ref idref="fl-45"/>
      </object_component>
      <object_component id="oc-1f1">
         <name>.text.ipc_rpmsg_echo_main_core_start</name>
         <load_address>0x10277ab0</load_address>
         <readonly>true</readonly>
         <executable>true</executable>
         <run_address>0x10277ab0</run_address>
         <size>0x2b2</size>
         <alignment>0x10</alignment>
         <input_file_ref idref="fl-c"/>
      </object_component>
      <object_component id="oc-9d">
         <name>.text.__aeabi_memclr</name>
         <load_address>0x10277d64</load_address>
         <readonly>true</readonly>
         <executable>true</executable>
         <run_address>0x10277d64</run_address>
         <size>0xc</size>
         <alignment>0x4</alignment>
         <input_file_ref idref="fl-12e"/>
      </object_component>
      <object_component id="oc-369">
         <name>.text.UART_open</name>
         <load_address>0x10277d70</load_address>
         <readonly>true</readonly>
         <executable>true</executable>
         <run_address>0x10277d70</run_address>
         <size>0x29e</size>
         <alignment>0x10</alignment>
         <input_file_ref idref="fl-44"/>
      </object_component>
      <object_component id="oc-363">
         <name>.text.EDMA_open</name>
         <load_address>0x10278010</load_address>
         <readonly>true</readonly>
         <executable>true</executable>
         <run_address>0x10278010</run_address>
         <size>0x282</size>
         <alignment>0x10</alignment>
         <input_file_ref idref="fl-3a"/>
      </object_component>
      <object_component id="oc-53f">
         <name>.text.malloc</name>
         <load_address>0x10278294</load_address>
         <readonly>true</readonly>
         <executable>true</executable>
         <run_address>0x10278294</run_address>
         <size>0xc</size>
         <alignment>0x4</alignment>
         <input_file_ref idref="fl-64"/>
      </object_component>
      <object_component id="oc-4b6">
         <name>.text.Alloc_resource</name>
         <load_address>0x102782a0</load_address>
         <readonly>true</readonly>
         <executable>true</executable>
         <run_address>0x102782a0</run_address>
         <size>0x250</size>
         <alignment>0x10</alignment>
         <input_file_ref idref="fl-3a"/>
      </object_component>
      <object_component id="oc-3ef">
         <name>.text.UART_controllerIsr</name>
         <load_address>0x102784f0</load_address>
         <readonly>true</readonly>
         <executable>true</executable>
         <run_address>0x102784f0</run_address>
         <size>0x23e</size>
         <alignment>0x10</alignment>
         <input_file_ref idref="fl-44"/>
      </object_component>
      <object_component id="oc-40f">
         <name>.text._ntoa_format</name>
         <load_address>0x10278730</load_address>
         <readonly>true</readonly>
         <executable>true</executable>
         <run_address>0x10278730</run_address>
         <size>0x23e</size>
         <alignment>0x10</alignment>
         <input_file_ref idref="fl-36"/>
      </object_component>
      <object_component id="oc-2ec">
         <name>.text.xQueueSemaphoreTake</name>
         <load_address>0x10278970</load_address>
         <readonly>true</readonly>
         <executable>true</executable>
         <run_address>0x10278970</run_address>
         <size>0x23c</size>
         <alignment>0x10</alignment>
         <input_file_ref idref="fl-2a"/>
      </object_component>
      <object_component id="oc-27a">
         <name>.text.xQueueGenericSend</name>
         <load_address>0x10278bb0</load_address>
         <readonly>true</readonly>
         <executable>true</executable>
         <run_address>0x10278bb0</run_address>
         <size>0x226</size>
         <alignment>0x10</alignment>
         <input_file_ref idref="fl-2a"/>
      </object_component>
      <object_component id="oc-186">
         <name>.text.SOC_controlModuleUnlockMMR</name>
         <load_address>0x10278de0</load_address>
         <readonly>true</readonly>
         <executable>true</executable>
         <run_address>0x10278de0</run_address>
         <size>0x20c</size>
         <alignment>0x10</alignment>
         <input_file_ref idref="fl-42"/>
      </object_component>
      <object_component id="oc-2c1">
         <name>.text.RPMessage_send</name>
         <load_address>0x10278ff0</load_address>
         <readonly>true</readonly>
         <executable>true</executable>
         <run_address>0x10278ff0</run_address>
         <size>0x200</size>
         <alignment>0x10</alignment>
         <input_file_ref idref="fl-3d"/>
      </object_component>
      <object_component id="oc-3b5">
         <name>.text.xQueueReceive</name>
         <load_address>0x102791f0</load_address>
         <readonly>true</readonly>
         <executable>true</executable>
         <run_address>0x102791f0</run_address>
         <size>0x1de</size>
         <alignment>0x10</alignment>
         <input_file_ref idref="fl-2a"/>
      </object_component>
      <object_component id="oc-24f">
         <name>.text.TimerP_setup</name>
         <load_address>0x102793d0</load_address>
         <readonly>true</readonly>
         <executable>true</executable>
         <run_address>0x102793d0</run_address>
         <size>0x1d6</size>
         <alignment>0x10</alignment>
         <input_file_ref idref="fl-35"/>
      </object_component>
      <object_component id="oc-470">
         <name>.text.__udivsi3</name>
         <load_address>0x102795a8</load_address>
         <readonly>true</readonly>
         <executable>true</executable>
         <run_address>0x102795a8</run_address>
         <size>0x1d0</size>
         <alignment>0x4</alignment>
         <input_file_ref idref="fl-12b"/>
      </object_component>
      <object_component id="oc-535">
         <name>.text.SOC_virtToPhy</name>
         <load_address>0x10279780</load_address>
         <readonly>true</readonly>
         <executable>true</executable>
         <run_address>0x10279780</run_address>
         <size>0x1c8</size>
         <alignment>0x10</alignment>
         <input_file_ref idref="fl-42"/>
      </object_component>
      <object_component id="oc-303">
         <name>.text.prvProcessReceivedCommands</name>
         <load_address>0x10279950</load_address>
         <readonly>true</readonly>
         <executable>true</executable>
         <run_address>0x10279950</run_address>
         <size>0x1c2</size>
         <alignment>0x10</alignment>
         <input_file_ref idref="fl-29"/>
      </object_component>
      <object_component id="oc-585">
         <name>.text</name>
         <load_address>0x10279b14</load_address>
         <readonly>true</readonly>
         <executable>true</executable>
         <run_address>0x10279b14</run_address>
         <size>0xc</size>
         <alignment>0x4</alignment>
         <input_file_ref idref="fl-135"/>
      </object_component>
      <object_component id="oc-187">
         <name>.text.SOC_controlModuleLockMMR</name>
         <load_address>0x10279b20</load_address>
         <readonly>true</readonly>
         <executable>true</executable>
         <run_address>0x10279b20</run_address>
         <size>0x1bc</size>
         <alignment>0x10</alignment>
         <input_file_ref idref="fl-42"/>
      </object_component>
      <object_component id="oc-2c2">
         <name>.text.RPMessage_recv</name>
         <load_address>0x10279ce0</load_address>
         <readonly>true</readonly>
         <executable>true</executable>
         <run_address>0x10279ce0</run_address>
         <size>0x1ae</size>
         <alignment>0x10</alignment>
         <input_file_ref idref="fl-3d"/>
      </object_component>
      <object_component id="oc-3e2">
         <name>.text.EDMA_transferCompletionMasterIsrFxn</name>
         <load_address>0x10279e90</load_address>
         <readonly>true</readonly>
         <executable>true</executable>
         <run_address>0x10279e90</run_address>
         <size>0x1ac</size>
         <alignment>0x10</alignment>
         <input_file_ref idref="fl-3a"/>
      </object_component>
      <object_component id="oc-3f6">
         <name>.text.UART_close</name>
         <load_address>0x1027a040</load_address>
         <readonly>true</readonly>
         <executable>true</executable>
         <run_address>0x1027a040</run_address>
         <size>0x1aa</size>
         <alignment>0x10</alignment>
         <input_file_ref idref="fl-44"/>
      </object_component>
      <object_component id="oc-389">
         <name>.text.free</name>
         <load_address>0x1027a1ec</load_address>
         <readonly>true</readonly>
         <executable>true</executable>
         <run_address>0x1027a1ec</run_address>
         <size>0x1a8</size>
         <alignment>0x4</alignment>
         <input_file_ref idref="fl-64"/>
      </object_component>
      <object_component id="oc-3bd">
         <name>.text.xTaskIncrementTick</name>
         <load_address>0x1027a3a0</load_address>
         <readonly>true</readonly>
         <executable>true</executable>
         <run_address>0x1027a3a0</run_address>
         <size>0x1a6</size>
         <alignment>0x10</alignment>
         <input_file_ref idref="fl-28"/>
      </object_component>
      <object_component id="oc-55d">
         <name>.text.aligned_alloc</name>
         <load_address>0x1027a548</load_address>
         <readonly>true</readonly>
         <executable>true</executable>
         <run_address>0x1027a548</run_address>
         <size>0x1a4</size>
         <alignment>0x4</alignment>
         <input_file_ref idref="fl-64"/>
      </object_component>
      <object_component id="oc-3ee">
         <name>.text.UART_configInstance</name>
         <load_address>0x1027a6f0</load_address>
         <readonly>true</readonly>
         <executable>true</executable>
         <run_address>0x1027a6f0</run_address>
         <size>0x198</size>
         <alignment>0x10</alignment>
         <input_file_ref idref="fl-44"/>
      </object_component>
      <object_component id="oc-12a">
         <name>.text.RPMessage_init</name>
         <load_address>0x1027a890</load_address>
         <readonly>true</readonly>
         <executable>true</executable>
         <run_address>0x1027a890</run_address>
         <size>0x194</size>
         <alignment>0x10</alignment>
         <input_file_ref idref="fl-3d"/>
      </object_component>
      <object_component id="oc-426">
         <name>.text.SOC_rcmGetHSDIVClkOutMuxClkSrc</name>
         <load_address>0x1027aa30</load_address>
         <readonly>true</readonly>
         <executable>true</executable>
         <run_address>0x1027aa30</run_address>
         <size>0x194</size>
         <alignment>0x10</alignment>
         <input_file_ref idref="fl-43"/>
      </object_component>
      <object_component id="oc-188">
         <name>.text.ClockP_init</name>
         <load_address>0x1027abd0</load_address>
         <readonly>true</readonly>
         <executable>true</executable>
         <run_address>0x1027abd0</run_address>
         <size>0x18e</size>
         <alignment>0x10</alignment>
         <input_file_ref idref="fl-24"/>
      </object_component>
      <object_component id="oc-7e">
         <name>.text.vTaskSwitchContext</name>
         <load_address>0x1027ad60</load_address>
         <readonly>true</readonly>
         <executable>true</executable>
         <run_address>0x1027ad60</run_address>
         <size>0x18a</size>
         <alignment>0x10</alignment>
         <input_file_ref idref="fl-28"/>
      </object_component>
      <object_component id="oc-423">
         <name>.text.xQueueGenericSendFromISR</name>
         <load_address>0x1027aef0</load_address>
         <readonly>true</readonly>
         <executable>true</executable>
         <run_address>0x1027aef0</run_address>
         <size>0x188</size>
         <alignment>0x10</alignment>
         <input_file_ref idref="fl-2a"/>
      </object_component>
      <object_component id="oc-341">
         <name>.text.RPMessage_vringResetInternal</name>
         <load_address>0x1027b080</load_address>
         <readonly>true</readonly>
         <executable>true</executable>
         <run_address>0x1027b080</run_address>
         <size>0x182</size>
         <alignment>0x10</alignment>
         <input_file_ref idref="fl-3e"/>
      </object_component>
      <object_component id="oc-33b">
         <name>.text.xTaskResumeAll</name>
         <load_address>0x1027b210</load_address>
         <readonly>true</readonly>
         <executable>true</executable>
         <run_address>0x1027b210</run_address>
         <size>0x17e</size>
         <alignment>0x10</alignment>
         <input_file_ref idref="fl-28"/>
      </object_component>
      <object_component id="oc-3e5">
         <name>.text.EDMA_errorIsrFxn</name>
         <load_address>0x1027b390</load_address>
         <readonly>true</readonly>
         <executable>true</executable>
         <run_address>0x1027b390</run_address>
         <size>0x178</size>
         <alignment>0x10</alignment>
         <input_file_ref idref="fl-3a"/>
      </object_component>
      <object_component id="oc-287">
         <name>.text.RPMessage_recvHandler</name>
         <load_address>0x1027b510</load_address>
         <readonly>true</readonly>
         <executable>true</executable>
         <run_address>0x1027b510</run_address>
         <size>0x174</size>
         <alignment>0x10</alignment>
         <input_file_ref idref="fl-3d"/>
      </object_component>
      <object_component id="oc-492">
         <name>.text.UART_write</name>
         <load_address>0x1027b690</load_address>
         <readonly>true</readonly>
         <executable>true</executable>
         <run_address>0x1027b690</run_address>
         <size>0x172</size>
         <alignment>0x10</alignment>
         <input_file_ref idref="fl-44"/>
      </object_component>
      <object_component id="oc-2f2">
         <name>.text.xQueueGiveFromISR</name>
         <load_address>0x1027b810</load_address>
         <readonly>true</readonly>
         <executable>true</executable>
         <run_address>0x1027b810</run_address>
         <size>0x15e</size>
         <alignment>0x10</alignment>
         <input_file_ref idref="fl-2a"/>
      </object_component>
      <object_component id="oc-3e1">
         <name>.text.IpcNotify_sendMsg</name>
         <load_address>0x1027b970</load_address>
         <readonly>true</readonly>
         <executable>true</executable>
         <run_address>0x1027b970</run_address>
         <size>0x156</size>
         <alignment>0x10</alignment>
         <input_file_ref idref="fl-3b"/>
      </object_component>
      <object_component id="oc-3ce">
         <name>.text.IpcNotify_trigInterrupt_ack</name>
         <load_address>0x1027bad0</load_address>
         <readonly>true</readonly>
         <executable>true</executable>
         <run_address>0x1027bad0</run_address>
         <size>0x154</size>
         <alignment>0x10</alignment>
         <input_file_ref idref="fl-3c"/>
      </object_component>
      <object_component id="oc-3a0">
         <name>.text.vTaskPriorityDisinheritAfterTimeout</name>
         <load_address>0x1027bc30</load_address>
         <readonly>true</readonly>
         <executable>true</executable>
         <run_address>0x1027bc30</run_address>
         <size>0x152</size>
         <alignment>0x10</alignment>
         <input_file_ref idref="fl-28"/>
      </object_component>
      <object_component id="oc-13f">
         <name>.text.prvInitialiseNewTask</name>
         <load_address>0x1027bd90</load_address>
         <readonly>true</readonly>
         <executable>true</executable>
         <run_address>0x1027bd90</run_address>
         <size>0x14a</size>
         <alignment>0x10</alignment>
         <input_file_ref idref="fl-28"/>
      </object_component>
      <object_component id="oc-273">
         <name>.text.xQueueGenericCreateStatic</name>
         <load_address>0x1027bee0</load_address>
         <readonly>true</readonly>
         <executable>true</executable>
         <run_address>0x1027bee0</run_address>
         <size>0x14a</size>
         <alignment>0x10</alignment>
         <input_file_ref idref="fl-2a"/>
      </object_component>
      <object_component id="oc-42c">
         <name>.text.SOC_rcmGetDpllHSDivOutFreq</name>
         <load_address>0x1027c030</load_address>
         <readonly>true</readonly>
         <executable>true</executable>
         <run_address>0x1027c030</run_address>
         <size>0x146</size>
         <alignment>0x10</alignment>
         <input_file_ref idref="fl-43"/>
      </object_component>
      <object_component id="oc-522">
         <name>.text.setvbuf</name>
         <load_address>0x1027c178</load_address>
         <readonly>true</readonly>
         <executable>true</executable>
         <run_address>0x1027c178</run_address>
         <size>0x144</size>
         <alignment>0x4</alignment>
         <input_file_ref idref="fl-60"/>
      </object_component>
      <object_component id="oc-4ae">
         <name>.text.IpcNotify_trigInterrupt</name>
         <load_address>0x1027c2c0</load_address>
         <readonly>true</readonly>
         <executable>true</executable>
         <run_address>0x1027c2c0</run_address>
         <size>0x13c</size>
         <alignment>0x10</alignment>
         <input_file_ref idref="fl-3c"/>
      </object_component>
      <object_component id="oc-504">
         <name>.text.UART_writeDma</name>
         <load_address>0x1027c400</load_address>
         <readonly>true</readonly>
         <executable>true</executable>
         <run_address>0x1027c400</run_address>
         <size>0x13a</size>
         <alignment>0x10</alignment>
         <input_file_ref idref="fl-45"/>
      </object_component>
      <object_component id="oc-2ea">
         <name>.text.xQueueReceiveFromISR</name>
         <load_address>0x1027c540</load_address>
         <readonly>true</readonly>
         <executable>true</executable>
         <run_address>0x1027c540</run_address>
         <size>0x13a</size>
         <alignment>0x10</alignment>
         <input_file_ref idref="fl-2a"/>
      </object_component>
      <object_component id="oc-3a5">
         <name>.text._ntoa_long_long</name>
         <load_address>0x1027c680</load_address>
         <readonly>true</readonly>
         <executable>true</executable>
         <run_address>0x1027c680</run_address>
         <size>0x138</size>
         <alignment>0x10</alignment>
         <input_file_ref idref="fl-36"/>
      </object_component>
      <object_component id="oc-27e">
         <name>.text.RPMessage_vringReset</name>
         <load_address>0x1027c7c0</load_address>
         <readonly>true</readonly>
         <executable>true</executable>
         <run_address>0x1027c7c0</run_address>
         <size>0x134</size>
         <alignment>0x10</alignment>
         <input_file_ref idref="fl-3e"/>
      </object_component>
      <object_component id="oc-20a">
         <name>.text.pxPortInitialiseStack</name>
         <load_address>0x1027c900</load_address>
         <readonly>true</readonly>
         <executable>true</executable>
         <run_address>0x1027c900</run_address>
         <size>0x128</size>
         <alignment>0x10</alignment>
         <input_file_ref idref="fl-2d"/>
      </object_component>
      <object_component id="oc-b1">
         <name>.text.System_init</name>
         <load_address>0x1027ca30</load_address>
         <readonly>true</readonly>
         <executable>true</executable>
         <run_address>0x1027ca30</run_address>
         <size>0x120</size>
         <alignment>0x10</alignment>
         <input_file_ref idref="fl-2"/>
      </object_component>
      <object_component id="oc-493">
         <name>.text.eTaskGetState</name>
         <load_address>0x1027cb50</load_address>
         <readonly>true</readonly>
         <executable>true</executable>
         <run_address>0x1027cb50</run_address>
         <size>0x120</size>
         <alignment>0x10</alignment>
         <input_file_ref idref="fl-28"/>
      </object_component>
      <object_component id="oc-42b">
         <name>.text.SOC_rcmGetApllHSDivOutFreq</name>
         <load_address>0x1027cc70</load_address>
         <readonly>true</readonly>
         <executable>true</executable>
         <run_address>0x1027cc70</run_address>
         <size>0x11e</size>
         <alignment>0x10</alignment>
         <input_file_ref idref="fl-43"/>
      </object_component>
      <object_component id="oc-1f2">
         <name>.text.ipc_rpmsg_echo_remote_core_start</name>
         <load_address>0x1027cd90</load_address>
         <readonly>true</readonly>
         <executable>true</executable>
         <run_address>0x1027cd90</run_address>
         <size>0x11c</size>
         <alignment>0x10</alignment>
         <input_file_ref idref="fl-c"/>
      </object_component>
      <object_component id="oc-3af">
         <name>.text.TaskP_loadUpdateAll</name>
         <load_address>0x1027ceb0</load_address>
         <readonly>true</readonly>
         <executable>true</executable>
         <run_address>0x1027ceb0</run_address>
         <size>0x118</size>
         <alignment>0x10</alignment>
         <input_file_ref idref="fl-37"/>
      </object_component>
      <object_component id="oc-210">
         <name>.text</name>
         <load_address>0x1027cfc8</load_address>
         <readonly>true</readonly>
         <executable>true</executable>
         <run_address>0x1027cfc8</run_address>
         <size>0x118</size>
         <alignment>0x4</alignment>
         <input_file_ref idref="fl-130"/>
      </object_component>
      <object_component id="oc-3a6">
         <name>.text._ntoa_long</name>
         <load_address>0x1027d0e0</load_address>
         <readonly>true</readonly>
         <executable>true</executable>
         <run_address>0x1027d0e0</run_address>
         <size>0x114</size>
         <alignment>0x10</alignment>
         <input_file_ref idref="fl-36"/>
      </object_component>
      <object_component id="oc-140">
         <name>.text.prvAddNewTaskToReadyList</name>
         <load_address>0x1027d200</load_address>
         <readonly>true</readonly>
         <executable>true</executable>
         <run_address>0x1027d200</run_address>
         <size>0x10e</size>
         <alignment>0x10</alignment>
         <input_file_ref idref="fl-28"/>
      </object_component>
      <object_component id="oc-39e">
         <name>.text.xTaskPriorityInherit</name>
         <load_address>0x1027d310</load_address>
         <readonly>true</readonly>
         <executable>true</executable>
         <run_address>0x1027d310</run_address>
         <size>0x10e</size>
         <alignment>0x10</alignment>
         <input_file_ref idref="fl-28"/>
      </object_component>
      <object_component id="oc-13a">
         <name>.text.vTaskDelete</name>
         <load_address>0x1027d420</load_address>
         <readonly>true</readonly>
         <executable>true</executable>
         <run_address>0x1027d420</run_address>
         <size>0x10a</size>
         <alignment>0x10</alignment>
         <input_file_ref idref="fl-28"/>
      </object_component>
      <object_component id="oc-3d0">
         <name>.text.xTaskPriorityDisinherit</name>
         <load_address>0x1027d530</load_address>
         <readonly>true</readonly>
         <executable>true</executable>
         <run_address>0x1027d530</run_address>
         <size>0x106</size>
         <alignment>0x10</alignment>
         <input_file_ref idref="fl-28"/>
      </object_component>
      <object_component id="oc-508">
         <name>.text.SOC_rcmADPLLJGetFOut</name>
         <load_address>0x1027d640</load_address>
         <readonly>true</readonly>
         <executable>true</executable>
         <run_address>0x1027d640</run_address>
         <size>0x102</size>
         <alignment>0x10</alignment>
         <input_file_ref idref="fl-43"/>
      </object_component>
      <object_component id="oc-44a">
         <name>.text.EDMA_clearCcErrors</name>
         <load_address>0x1027d750</load_address>
         <readonly>true</readonly>
         <executable>true</executable>
         <run_address>0x1027d750</run_address>
         <size>0xfa</size>
         <alignment>0x10</alignment>
         <input_file_ref idref="fl-3a"/>
      </object_component>
      <object_component id="oc-45f">
         <name>.text.EDMA_registerIntr</name>
         <load_address>0x1027d850</load_address>
         <readonly>true</readonly>
         <executable>true</executable>
         <run_address>0x1027d850</run_address>
         <size>0xf6</size>
         <alignment>0x10</alignment>
         <input_file_ref idref="fl-3a"/>
      </object_component>
      <object_component id="oc-37f">
         <name>.text.RPMessage_vringPutFullTxBuf</name>
         <load_address>0x1027d950</load_address>
         <readonly>true</readonly>
         <executable>true</executable>
         <run_address>0x1027d950</run_address>
         <size>0xf2</size>
         <alignment>0x10</alignment>
         <input_file_ref idref="fl-3e"/>
      </object_component>
      <object_component id="oc-48b">
         <name>.text.fputc</name>
         <load_address>0x1027da44</load_address>
         <readonly>true</readonly>
         <executable>true</executable>
         <run_address>0x1027da44</run_address>
         <size>0xf0</size>
         <alignment>0x4</alignment>
         <input_file_ref idref="fl-5e"/>
      </object_component>
      <object_component id="oc-c9">
         <name>.text.vTaskStartScheduler</name>
         <load_address>0x1027db40</load_address>
         <readonly>true</readonly>
         <executable>true</executable>
         <run_address>0x1027db40</run_address>
         <size>0xee</size>
         <alignment>0x10</alignment>
         <input_file_ref idref="fl-28"/>
      </object_component>
      <object_component id="oc-bf">
         <name>.text.xTaskCreateStatic</name>
         <load_address>0x1027dc30</load_address>
         <readonly>true</readonly>
         <executable>true</executable>
         <run_address>0x1027dc30</run_address>
         <size>0xee</size>
         <alignment>0x10</alignment>
         <input_file_ref idref="fl-28"/>
      </object_component>
      <object_component id="oc-337">
         <name>.text.xTaskCheckForTimeOut</name>
         <load_address>0x1027dd20</load_address>
         <readonly>true</readonly>
         <executable>true</executable>
         <run_address>0x1027dd20</run_address>
         <size>0xec</size>
         <alignment>0x10</alignment>
         <input_file_ref idref="fl-28"/>
      </object_component>
      <object_component id="oc-41c">
         <name>.text.prvSwitchTimerLists</name>
         <load_address>0x1027de10</load_address>
         <readonly>true</readonly>
         <executable>true</executable>
         <run_address>0x1027de10</run_address>
         <size>0xe4</size>
         <alignment>0x10</alignment>
         <input_file_ref idref="fl-29"/>
      </object_component>
      <object_component id="oc-462">
         <name>.text.EDMA_freeParam</name>
         <load_address>0x1027df00</load_address>
         <readonly>true</readonly>
         <executable>true</executable>
         <run_address>0x1027df00</run_address>
         <size>0xe2</size>
         <alignment>0x10</alignment>
         <input_file_ref idref="fl-3a"/>
      </object_component>
      <object_component id="oc-417">
         <name>.text.vTaskGetInfo</name>
         <load_address>0x1027dff0</load_address>
         <readonly>true</readonly>
         <executable>true</executable>
         <run_address>0x1027dff0</run_address>
         <size>0xe2</size>
         <alignment>0x10</alignment>
         <input_file_ref idref="fl-28"/>
      </object_component>
      <object_component id="oc-460">
         <name>.text.EDMA_freeDmaChannel</name>
         <load_address>0x1027e0e0</load_address>
         <readonly>true</readonly>
         <executable>true</executable>
         <run_address>0x1027e0e0</run_address>
         <size>0xe0</size>
         <alignment>0x10</alignment>
         <input_file_ref idref="fl-3a"/>
      </object_component>
      <object_component id="oc-461">
         <name>.text.EDMA_freeTcc</name>
         <load_address>0x1027e1c0</load_address>
         <readonly>true</readonly>
         <executable>true</executable>
         <run_address>0x1027e1c0</run_address>
         <size>0xe0</size>
         <alignment>0x10</alignment>
         <input_file_ref idref="fl-3a"/>
      </object_component>
      <object_component id="oc-122">
         <name>.text.Mailbox_init</name>
         <load_address>0x1027e2a0</load_address>
         <readonly>true</readonly>
         <executable>true</executable>
         <run_address>0x1027e2a0</run_address>
         <size>0xe0</size>
         <alignment>0x10</alignment>
         <input_file_ref idref="fl-3f"/>
      </object_component>
      <object_component id="oc-502">
         <name>.text.UART_writeInterrupt</name>
         <load_address>0x1027e380</load_address>
         <readonly>true</readonly>
         <executable>true</executable>
         <run_address>0x1027e380</run_address>
         <size>0xe0</size>
         <alignment>0x10</alignment>
         <input_file_ref idref="fl-44"/>
      </object_component>
      <object_component id="oc-468">
         <name>.text.UART_flushTxFifo</name>
         <load_address>0x1027e460</load_address>
         <readonly>true</readonly>
         <executable>true</executable>
         <run_address>0x1027e460</run_address>
         <size>0xde</size>
         <alignment>0x10</alignment>
         <input_file_ref idref="fl-44"/>
      </object_component>
      <object_component id="oc-334">
         <name>.text.xTaskRemoveFromEventList</name>
         <load_address>0x1027e540</load_address>
         <readonly>true</readonly>
         <executable>true</executable>
         <run_address>0x1027e540</run_address>
         <size>0xde</size>
         <alignment>0x10</alignment>
         <input_file_ref idref="fl-28"/>
      </object_component>
      <object_component id="oc-348">
         <name>.text.RPMessage_vringGetFullRxBuf</name>
         <load_address>0x1027e620</load_address>
         <readonly>true</readonly>
         <executable>true</executable>
         <run_address>0x1027e620</run_address>
         <size>0xdc</size>
         <alignment>0x10</alignment>
         <input_file_ref idref="fl-3e"/>
      </object_component>
      <object_component id="oc-4a8">
         <name>.text.SOC_rcmGetCoreFout</name>
         <load_address>0x1027e700</load_address>
         <readonly>true</readonly>
         <executable>true</executable>
         <run_address>0x1027e700</run_address>
         <size>0xdc</size>
         <alignment>0x10</alignment>
         <input_file_ref idref="fl-43"/>
      </object_component>
      <object_component id="oc-4ac">
         <name>.text.SOC_rcmGetDSSFout</name>
         <load_address>0x1027e7e0</load_address>
         <readonly>true</readonly>
         <executable>true</executable>
         <run_address>0x1027e7e0</run_address>
         <size>0xdc</size>
         <alignment>0x10</alignment>
         <input_file_ref idref="fl-43"/>
      </object_component>
      <object_component id="oc-4aa">
         <name>.text.SOC_rcmGetPerFout</name>
         <load_address>0x1027e8c0</load_address>
         <readonly>true</readonly>
         <executable>true</executable>
         <run_address>0x1027e8c0</run_address>
         <size>0xdc</size>
         <alignment>0x10</alignment>
         <input_file_ref idref="fl-43"/>
      </object_component>
      <object_component id="oc-503">
         <name>.text.UART_writePolling</name>
         <load_address>0x1027e9a0</load_address>
         <readonly>true</readonly>
         <executable>true</executable>
         <run_address>0x1027e9a0</run_address>
         <size>0xd8</size>
         <alignment>0x10</alignment>
         <input_file_ref idref="fl-44"/>
      </object_component>
      <object_component id="oc-285">
         <name>.text.RPMessage_construct</name>
         <load_address>0x1027ea80</load_address>
         <readonly>true</readonly>
         <executable>true</executable>
         <run_address>0x1027ea80</run_address>
         <size>0xd4</size>
         <alignment>0x10</alignment>
         <input_file_ref idref="fl-3d"/>
      </object_component>
      <object_component id="oc-3da">
         <name>.text.prvAddCurrentTaskToDelayedList</name>
         <load_address>0x1027eb60</load_address>
         <readonly>true</readonly>
         <executable>true</executable>
         <run_address>0x1027eb60</run_address>
         <size>0xd4</size>
         <alignment>0x10</alignment>
         <input_file_ref idref="fl-28"/>
      </object_component>
      <object_component id="oc-34b">
         <name>.text.RPMessage_vringPutEmptyRxBuf</name>
         <load_address>0x1027ec40</load_address>
         <readonly>true</readonly>
         <executable>true</executable>
[...]
         <object_component_ref idref="oc-288"/>
      </symbol>
      <symbol id="sm-753">
         <name>RPMessage_vringGetTxBufAddr</name>
         <value>0x10283b11</value>
         <object_component_ref idref="oc-37b"/>
      </symbol>
      <symbol id="sm-754">
         <name>RPMessage_vringGetTxBufLen</name>
         <value>0x10283b51</value>
         <object_component_ref idref="oc-37c"/>
      </symbol>
      <symbol id="sm-755">
         <name>RPMessage_vringGetFullRxBuf</name>
         <value>0x1027e621</value>
         <object_component_ref idref="oc-348"/>
      </symbol>
      <symbol id="sm-756">
         <name>RPMessage_vringPutEmptyRxBuf</name>
         <value>0x1027ec41</value>
         <object_component_ref idref="oc-34b"/>
      </symbol>
      <symbol id="sm-757">
         <name>RPMessage_vringIsFullRxBuf</name>
         <value>0x10281a01</value>
         <object_component_ref idref="oc-286"/>
      </symbol>
      <symbol id="sm-758">
         <name>RPMessage_vringGetRxBufAddr</name>
         <value>0x10283ad1</value>
         <object_component_ref idref="oc-349"/>
      </symbol>
      <symbol id="sm-759">
         <name>RPMessage_vringGetSize</name>
         <value>0x10283471</value>
         <object_component_ref idref="oc-33c"/>
      </symbol>
      <symbol id="sm-75a">
         <name>RPMessage_vringResetInternal</name>
         <value>0x1027b081</value>
         <object_component_ref idref="oc-341"/>
      </symbol>
      <symbol id="sm-75b">
         <name>RPMessage_vringReset</name>
         <value>0x1027c7c1</value>
         <object_component_ref idref="oc-27e"/>
      </symbol>
      <symbol id="sm-770">
         <name>Mailbox_readCallback</name>
         <value>0x102831b1</value>
         <object_component_ref idref="oc-1ce"/>
      </symbol>
      <symbol id="sm-771">
         <name>Mailbox_isCoreEnabled</name>
         <value>0x10284231</value>
         <object_component_ref idref="oc-27b"/>
      </symbol>
      <symbol id="sm-772">
         <name>gMailbox_ctrl</name>
         <value>0x10267b48</value>
      </symbol>
      <symbol id="sm-773">
         <name>Mailbox_Params_init</name>
         <value>0x10284fe1</value>
         <object_component_ref idref="oc-11d"/>
      </symbol>
      <symbol id="sm-774">
         <name>Mailbox_init</name>
         <value>0x1027e2a1</value>
         <object_component_ref idref="oc-122"/>
      </symbol>
      <symbol id="sm-77c">
         <name>Mailbox_getRemoteCoreObj</name>
         <value>0x102833d1</value>
         <object_component_ref idref="oc-1c5"/>
      </symbol>
      <symbol id="sm-77d">
         <name>gMailboxRemoteCoreObj_r5ss0_0_to_rss_r4</name>
         <value>0x10288fd4</value>
         <object_component_ref idref="oc-26c"/>
      </symbol>
      <symbol id="sm-77e">
         <name>gMailboxRemoteCoreObj_c66ss0_to_rss_r4</name>
         <value>0x10288f14</value>
         <object_component_ref idref="oc-26d"/>
      </symbol>
      <symbol id="sm-78a">
         <name>Pinmux_config</name>
         <value>0x10282991</value>
         <object_component_ref idref="oc-1a0"/>
      </symbol>
      <symbol id="sm-7a0">
         <name>SOC_moduleClockEnable</name>
         <value>0x10284f11</value>
         <object_component_ref idref="oc-25c"/>
      </symbol>
      <symbol id="sm-7a1">
         <name>SOC_moduleSetClockFrequency</name>
         <value>0x102849e1</value>
         <object_component_ref idref="oc-25e"/>
      </symbol>
      <symbol id="sm-7a2">
         <name>SOC_getSelfCpuClk</name>
         <value>0x10284d01</value>
         <object_component_ref idref="oc-102"/>
      </symbol>
      <symbol id="sm-7a3">
         <name>SOC_controlModuleLockMMR</name>
         <value>0x10279b21</value>
         <object_component_ref idref="oc-187"/>
      </symbol>
      <symbol id="sm-7a4">
         <name>SOC_controlModuleUnlockMMR</name>
         <value>0x10278de1</value>
         <object_component_ref idref="oc-186"/>
      </symbol>
      <symbol id="sm-7a5">
         <name>SOC_virtToPhy</name>
         <value>0x10279781</value>
         <object_component_ref idref="oc-535"/>
      </symbol>
      <symbol id="sm-7a6">
         <name>isMapAvailable</name>
         <value>0x10289506</value>
         <object_component_ref idref="oc-54e"/>
      </symbol>
      <symbol id="sm-7a7">
         <name>virtToPhymap</name>
         <value>0x10267bec</value>
      </symbol>
      <symbol id="sm-887">
         <name>SOC_rcmIsR5FInLockStepMode</name>
         <value>0x10283a51</value>
         <object_component_ref idref="oc-555"/>
      </symbol>
      <symbol id="sm-888">
         <name>SOC_rcmGetR5Clock</name>
         <value>0x102843e1</value>
         <object_component_ref idref="oc-18d"/>
      </symbol>
      <symbol id="sm-889">
         <name>SOC_rcmSetPeripheralClock</name>
         <value>0x1027f8c1</value>
         <object_component_ref idref="oc-31f"/>
      </symbol>
      <symbol id="sm-88a">
         <name>SOC_rcmGetPeripheralClock</name>
         <value>0x102834c1</value>
         <object_component_ref idref="oc-1d8"/>
      </symbol>
      <symbol id="sm-88b">
         <name>SOC_rcmIsPadDisableRequired</name>
         <value>0x10283a11</value>
         <object_component_ref idref="oc-1a5"/>
      </symbol>
      <symbol id="sm-8f4">
         <name>UART_init</name>
         <value>0x1027f971</value>
         <object_component_ref idref="oc-1d9"/>
      </symbol>
      <symbol id="sm-8f5">
         <name>UART_open</name>
         <value>0x10277d71</value>
         <object_component_ref idref="oc-369"/>
      </symbol>
      <symbol id="sm-8f6">
         <name>UART_close</name>
         <value>0x1027a041</value>
         <object_component_ref idref="oc-3f6"/>
      </symbol>
      <symbol id="sm-8f7">
         <name>UART_flushTxFifo</name>
         <value>0x1027e461</value>
         <object_component_ref idref="oc-468"/>
      </symbol>
      <symbol id="sm-8f8">
         <name>UART_getHandle</name>
         <value>0x102830c1</value>
         <object_component_ref idref="oc-490"/>
      </symbol>
      <symbol id="sm-8f9">
         <name>UART_write</name>
         <value>0x1027b691</value>
         <object_component_ref idref="oc-492"/>
      </symbol>
      <symbol id="sm-91a">
         <name>UART_edmaChannelConfig</name>
         <value>0x102777e1</value>
         <object_component_ref idref="oc-3f0"/>
      </symbol>
      <symbol id="sm-91b">
         <name>UART_writeDma</name>
         <value>0x1027c401</value>
         <object_component_ref idref="oc-504"/>
      </symbol>
      <symbol id="sm-92c">
         <name>snprintf</name>
         <value>0x1028197c</value>
         <object_component_ref idref="oc-2b5"/>
      </symbol>
      <symbol id="sm-93b">
         <name>fputc</name>
         <value>0x1027da44</value>
         <object_component_ref idref="oc-48b"/>
      </symbol>
      <symbol id="sm-93c">
         <name>putchar</name>
         <value>0x10284fb0</value>
         <object_component_ref idref="oc-408"/>
      </symbol>
      <symbol id="sm-946">
         <name>__TI_wrt_ok</name>
         <value>0x10280700</value>
         <object_component_ref idref="oc-4ed"/>
      </symbol>
      <symbol id="sm-950">
         <name>setvbuf</name>
         <value>0x1027c178</value>
         <object_component_ref idref="oc-522"/>
      </symbol>
      <symbol id="sm-95e">
         <name>abort</name>
         <value>0x10288b60</value>
         <object_component_ref idref="oc-cd"/>
      </symbol>
      <symbol id="sm-95f">
         <name>__TI_cleanup_ptr</name>
         <value>0x10289434</value>
         <object_component_ref idref="oc-16b"/>
      </symbol>
      <symbol id="sm-960">
         <name>__TI_dtors_ptr</name>
         <value>0x10289438</value>
         <object_component_ref idref="oc-16b"/>
      </symbol>
      <symbol id="sm-961">
         <name>exit</name>
         <value>0x10282774</value>
         <object_component_ref idref="oc-d2"/>
      </symbol>
      <symbol id="sm-96a">
         <name>_nop</name>
         <value>0x1027749c</value>
         <object_component_ref idref="oc-234"/>
      </symbol>
      <symbol id="sm-96b">
         <name>_lock</name>
         <value>0x10289480</value>
         <object_component_ref idref="oc-169"/>
      </symbol>
      <symbol id="sm-96c">
         <name>_unlock</name>
         <value>0x10289484</value>
         <object_component_ref idref="oc-16c"/>
      </symbol>
      <symbol id="sm-971">
         <name>_ftable</name>
         <value>0x10288e24</value>
         <object_component_ref idref="oc-48c"/>
      </symbol>
      <symbol id="sm-972">
         <name>__TI_ft_end</name>
         <value>0x10289478</value>
         <object_component_ref idref="oc-564"/>
      </symbol>
      <symbol id="sm-973">
         <name>__TI_tmpnams</name>
         <value>0x102676f0</value>
         <object_component_ref idref="oc-599"/>
      </symbol>
      <symbol id="sm-993">
         <name>malloc</name>
         <value>0x10278294</value>
         <object_component_ref idref="oc-53f"/>
      </symbol>
      <symbol id="sm-994">
         <name>aligned_alloc</name>
         <value>0x1027a548</value>
         <object_component_ref idref="oc-55d"/>
      </symbol>
      <symbol id="sm-995">
         <name>free</name>
         <value>0x1027a1ec</value>
         <object_component_ref idref="oc-389"/>
      </symbol>
      <symbol id="sm-996">
         <name>_sys_memory</name>
         <value>0x10267c40</value>
         <object_component_ref idref="oc-4c"/>
      </symbol>
      <symbol id="sm-997">
         <name>memalign</name>
         <value>0x1027a548</value>
         <object_component_ref idref="oc-55d"/>
      </symbol>
      <symbol id="sm-9a1">
         <name>strlen</name>
         <value>0x10284b34</value>
         <object_component_ref idref="oc-2bb"/>
      </symbol>
      <symbol id="sm-9ad">
         <name>__TI_auto_init_nobinit_nopinit</name>
         <value>0x102828d4</value>
         <object_component_ref idref="oc-a4"/>
      </symbol>
      <symbol id="sm-9cc">
         <name>__TI_printfi_nofloat</name>
         <value>0x10273c40</value>
         <object_component_ref idref="oc-400"/>
      </symbol>
      <symbol id="sm-9d6">
         <name>__TI_doflush</name>
         <value>0x10280eac</value>
         <object_component_ref idref="oc-4f7"/>
      </symbol>
      <symbol id="sm-9e1">
         <name>__TI_cleanup</name>
         <value>0x1028249c</value>
         <object_component_ref idref="oc-540"/>
      </symbol>
      <symbol id="sm-9ee">
         <name>fseek</name>
         <value>0x102777d8</value>
         <object_component_ref idref="oc-51d"/>
      </symbol>
      <symbol id="sm-9ef">
         <name>fseeko</name>
         <value>0x1027f748</value>
         <object_component_ref idref="oc-53b"/>
      </symbol>
      <symbol id="sm-9fa">
         <name>wcslen</name>
         <value>0x102849c0</value>
         <object_component_ref idref="oc-47a"/>
      </symbol>
      <symbol id="sm-a05">
         <name>__aeabi_errno_addr</name>
         <value>0x10275454</value>
         <object_component_ref idref="oc-47e"/>
      </symbol>
      <symbol id="sm-a06">
         <name>__aeabi_errno</name>
         <value>0x1028947c</value>
         <object_component_ref idref="oc-4d8"/>
      </symbol>
      <symbol id="sm-a12">
         <name>atoi</name>
         <value>0x10282018</value>
         <object_component_ref idref="oc-476"/>
      </symbol>
      <symbol id="sm-a1b">
         <name>memccpy</name>
         <value>0x1028310c</value>
         <object_component_ref idref="oc-46b"/>
      </symbol>
      <symbol id="sm-a26">
         <name>__TI_closefile</name>
         <value>0x1027fa20</value>
         <object_component_ref idref="oc-55e"/>
      </symbol>
      <symbol id="sm-a28">
         <name>__aeabi_ctype_table_</name>
         <value>0x102852f0</value>
         <object_component_ref idref="oc-4d1"/>
      </symbol>
      <symbol id="sm-a29">
         <name>__aeabi_ctype_table_C</name>
         <value>0x102852f0</value>
         <object_component_ref idref="oc-4d1"/>
      </symbol>
      <symbol id="sm-a31">
         <name>HOSTexit</name>
         <value>0x102765d8</value>
         <object_component_ref idref="oc-163"/>
      </symbol>
      <symbol id="sm-a32">
         <name>C$$EXIT</name>
         <value>0x102765d8</value>
         <object_component_ref idref="oc-163"/>
      </symbol>
      <symbol id="sm-a3c">
         <name>write</name>
         <value>0x10283f64</value>
         <object_component_ref idref="oc-4f3"/>
      </symbol>
      <symbol id="sm-a41">
         <name>_device</name>
         <value>0x10289240</value>
         <object_component_ref idref="oc-549"/>
      </symbol>
      <symbol id="sm-a42">
         <name>_stream</name>
         <value>0x10289328</value>
         <object_component_ref idref="oc-528"/>
      </symbol>
      <symbol id="sm-a4a">
         <name>remove</name>
         <value>0x102777dc</value>
         <object_component_ref idref="oc-595"/>
      </symbol>
      <symbol id="sm-a55">
         <name>lseek</name>
         <value>0x10283ef8</value>
         <object_component_ref idref="oc-559"/>
      </symbol>
      <symbol id="sm-a5f">
         <name>close</name>
         <value>0x10280d8c</value>
         <object_component_ref idref="oc-591"/>
      </symbol>
      <symbol id="sm-a69">
         <name>unlink</name>
         <value>0x10283298</value>
         <object_component_ref idref="oc-5be"/>
      </symbol>
      <symbol id="sm-a73">
         <name>HOSTclose</name>
         <value>0x10282314</value>
         <object_component_ref idref="oc-56b"/>
      </symbol>
      <symbol id="sm-a7d">
         <name>HOSTlseek</name>
         <value>0x1028079c</value>
         <object_component_ref idref="oc-577"/>
      </symbol>
      <symbol id="sm-a87">
         <name>HOSTopen</name>
         <value>0x10280978</value>
         <object_component_ref idref="oc-567"/>
      </symbol>
      <symbol id="sm-a88">
         <name>parmbuf</name>
         <value>0x10267bfc</value>
         <object_component_ref idref="oc-5a3"/>
      </symbol>
      <symbol id="sm-a92">
         <name>HOSTread</name>
         <value>0x10281178</value>
         <object_component_ref idref="oc-56f"/>
      </symbol>
      <symbol id="sm-aa3">
         <name>HOSTrename</name>
         <value>0x102805b4</value>
         <object_component_ref idref="oc-57f"/>
      </symbol>
      <symbol id="sm-aad">
         <name>HOSTunlink</name>
         <value>0x10281e60</value>
         <object_component_ref idref="oc-57b"/>
      </symbol>
      <symbol id="sm-ab7">
         <name>HOSTwrite</name>
         <value>0x102811fc</value>
         <object_component_ref idref="oc-573"/>
      </symbol>
      <symbol id="sm-ac5">
         <name>C$$IO$$</name>
         <value>0x10282598</value>
         <object_component_ref idref="oc-59c"/>
      </symbol>
      <symbol id="sm-ac6">
         <name>__TI_writemsg</name>
         <value>0x1028254c</value>
         <object_component_ref idref="oc-59c"/>
      </symbol>
      <symbol id="sm-ac7">
         <name>__CIOBUF_</name>
         <value>0x10267250</value>
         <object_component_ref idref="oc-5c4"/>
      </symbol>
      <symbol id="sm-ac8">
         <name>__TI_readmsg</name>
         <value>0x102824f4</value>
         <object_component_ref idref="oc-5a2"/>
      </symbol>
      <symbol id="sm-ac9">
         <name>_CIOBUF_</name>
         <value>0x10267250</value>
         <object_component_ref idref="oc-5c4"/>
      </symbol>
      <symbol id="sm-ad7">
         <name>finddevice</name>
         <value>0x102827c8</value>
         <object_component_ref idref="oc-5d0"/>
      </symbol>
      <symbol id="sm-ad8">
         <name>getdevice</name>
         <value>0x1027ef88</value>
         <object_component_ref idref="oc-5c7"/>
      </symbol>
      <symbol id="sm-ae3">
         <name>strcmp</name>
         <value>0x10276a60</value>
         <object_component_ref idref="oc-5d3"/>
      </symbol>
      <symbol id="sm-ae9">
         <name>__aeabi_uidiv</name>
         <value>0x102795a8</value>
         <object_component_ref idref="oc-470"/>
      </symbol>
      <symbol id="sm-aea">
         <name>__udivsi3</name>
         <value>0x102795a8</value>
         <object_component_ref idref="oc-470"/>
      </symbol>
      <symbol id="sm-af6">
         <name>__aeabi_idiv0</name>
         <value>0x10274a1c</value>
         <object_component_ref idref="oc-4cf"/>
      </symbol>
      <symbol id="sm-af7">
         <name>__aeabi_ldiv0</name>
         <value>0x10276a58</value>
         <object_component_ref idref="oc-2df"/>
      </symbol>
      <symbol id="sm-afd">
         <name>__aeabi_memcpy</name>
         <value>0x10276a5c</value>
         <object_component_ref idref="oc-179"/>
      </symbol>
      <symbol id="sm-afe">
         <name>__aeabi_memcpy4</name>
         <value>0x10276a5c</value>
         <object_component_ref idref="oc-179"/>
      </symbol>
      <symbol id="sm-aff">
         <name>__aeabi_memcpy8</name>
         <value>0x10276a5c</value>
         <object_component_ref idref="oc-179"/>
      </symbol>
      <symbol id="sm-b08">
         <name>__aeabi_memset</name>
         <value>0x10284f90</value>
         <object_component_ref idref="oc-206"/>
      </symbol>
      <symbol id="sm-b09">
         <name>__aeabi_memset4</name>
         <value>0x10284f90</value>
         <object_component_ref idref="oc-206"/>
      </symbol>
      <symbol id="sm-b0a">
         <name>__aeabi_memset8</name>
         <value>0x10284f90</value>
         <object_component_ref idref="oc-206"/>
      </symbol>
      <symbol id="sm-b0b">
         <name>__aeabi_memclr</name>
         <value>0x10277d64</value>
         <object_component_ref idref="oc-9d"/>
      </symbol>
      <symbol id="sm-b0c">
         <name>__aeabi_memclr4</name>
         <value>0x10277d64</value>
         <object_component_ref idref="oc-9d"/>
      </symbol>
      <symbol id="sm-b0d">
         <name>__aeabi_memclr8</name>
         <value>0x10277d64</value>
         <object_component_ref idref="oc-9d"/>
      </symbol>
      <symbol id="sm-b13">
         <name>__aeabi_uldivmod</name>
         <value>0x10284854</value>
         <object_component_ref idref="oc-146"/>
      </symbol>
      <symbol id="sm-b19">
         <name>__udivmoddi4</name>
         <value>0x1027cfc8</value>
         <object_component_ref idref="oc-210"/>
      </symbol>
      <symbol id="sm-b21">
         <name>TI_memcpy_small</name>
         <value>0x10284b8c</value>
         <object_component_ref idref="oc-304"/>
      </symbol>
      <symbol id="sm-b29">
         <name>TI_memset_small</name>
         <value>0x10284c88</value>
         <object_component_ref idref="oc-173"/>
      </symbol>
      <symbol id="sm-b32">
         <name>AddrTranslateP_getLocalAddr</name>
         <value>0x10284e81</value>
         <object_component_ref idref="oc-290"/>
      </symbol>
      <symbol id="sm-b3b">
         <name>CSL_armR5GetCpuID</name>
         <value>0x102845c1</value>
         <object_component_ref idref="oc-550"/>
      </symbol>
      <symbol id="sm-b41">
         <name>CSL_armR5ReadMpidrReg</name>
         <value>0x10279b14</value>
         <object_component_ref idref="oc-585"/>
      </symbol>
      <symbol id="sm-b42">
         <name>_system_post_cinit</name>
         <value>0x0</value>
      </symbol>
      <symbol id="sm-b43">
         <name>__TI_Handler_Table_Limit</name>
         <value>0x0</value>
      </symbol>
      <symbol id="sm-b44">
         <name>__TI_Handler_Table_Base</name>
         <value>0x0</value>
      </symbol>
      <symbol id="sm-b45">
         <name>__TI_CINIT_Base</name>
         <value>0x0</value>
      </symbol>
      <symbol id="sm-b46">
         <name>__TI_CINIT_Limit</name>
         <value>0x0</value>
      </symbol>
   </symbol_table>
   <title>Link successful</title>
</link_info>
