<?xml version="1.0" encoding="ISO-8859-1" ?>
<link_info>
   <banner>TI ARM Clang Linker PC v4.0.3.LTS</banner>
   <copyright>Copyright (c) 1996-2018 Texas Instruments Incorporated</copyright>
   <command_line>C:\ti\ccs2030\ccs\tools\compiler\ti-cgt-armllvm_4.0.3.LTS\bin\tiarmlnk -IC:\ti\ccs2030\ccs\tools\compiler\ti-cgt-armllvm_4.0.3.LTS\lib -o sbl_null_awr294x-evm_r5fss0-0_nortos_ti-arm-clang.out -msbl_null.Debug.map -iC:/ti/mmwave_mcuplus_sdk_04_07_01_04/mcu_plus_sdk_awr294x_10_01_00_04/source/kernel/nortos/lib -iC:/ti/mmwave_mcuplus_sdk_04_07_01_04/mcu_plus_sdk_awr294x_10_01_00_04/source/drivers/lib -iC:/ti/mmwave_mcuplus_sdk_04_07_01_04/mcu_plus_sdk_awr294x_10_01_00_04/source/board/lib -iC:/ti/ccs2030/ccs/tools/compiler/ti-cgt-armllvm_4.0.3.LTS/lib --reread_libs --diag_suppress=10063 --diag_wrap=off --display_error_number --warn_sections --xml_link_info=sbl_null_awr294x-evm_r5fss0-0_nortos_ti-arm-clang_linkInfo.xml --ram_model ./syscfg/ti_dpl_config.o ./syscfg/ti_drivers_config.o ./syscfg/ti_drivers_open_close.o ./syscfg/ti_pinmux_config.o ./syscfg/ti_power_clock_config.o ./syscfg/ti_board_config.o ./syscfg/ti_board_open_close.o ./syscfg/ti_enet_config.o ./syscfg/ti_enet_open_close.o ./syscfg/ti_enet_soc.o ./syscfg/ti_enet_lwipif.o ./main.o ../linker.cmd -lnortos.awr294x.r5f.ti-arm-clang.debug.lib -ldrivers.awr294x.r5f.ti-arm-clang.debug.lib -lboard.awr294x.r5f.ti-arm-clang.debug.lib -llibc.a -llibsysbm.a --start-group -llibc++.a -llibc++abi.a -llibc.a -llibsys.a -llibsysbm.a -llibclang_rt.builtins.a -llibclang_rt.profile.a --end-group</command_line>
   <link_time>0x68def4b3</link_time>
   <link_errors>0x0</link_errors>
   <output_file>C:\Users\there\Documents\Capstone\RadarFirmware\ExampleProjects\sbl_null_awr294x-evm_r5fss0-0_nortos_ti-arm-clang\Debug\sbl_null_awr294x-evm_r5fss0-0_nortos_ti-arm-clang.out</output_file>
   <entry_point>
      <name>_vectors</name>
      <address>0x0</address>
   </entry_point>
   <input_file_list>
      <input_file id="fl-1">
         <path>C:\Users\there\Documents\Capstone\RadarFirmware\ExampleProjects\sbl_null_awr294x-evm_r5fss0-0_nortos_ti-arm-clang\Debug\.\syscfg\</path>
         <kind>object</kind>
         <file>ti_dpl_config.o</file>
         <name>ti_dpl_config.o</name>
      </input_file>
      <input_file id="fl-2">
         <path>C:\Users\there\Documents\Capstone\RadarFirmware\ExampleProjects\sbl_null_awr294x-evm_r5fss0-0_nortos_ti-arm-clang\Debug\.\syscfg\</path>
         <kind>object</kind>
         <file>ti_drivers_config.o</file>
         <name>ti_drivers_config.o</name>
      </input_file>
      <input_file id="fl-3">
         <path>C:\Users\there\Documents\Capstone\RadarFirmware\ExampleProjects\sbl_null_awr294x-evm_r5fss0-0_nortos_ti-arm-clang\Debug\.\syscfg\</path>
         <kind>object</kind>
         <file>ti_drivers_open_close.o</file>
         <name>ti_drivers_open_close.o</name>
      </input_file>
      <input_file id="fl-4">
         <path>C:\Users\there\Documents\Capstone\RadarFirmware\ExampleProjects\sbl_null_awr294x-evm_r5fss0-0_nortos_ti-arm-clang\Debug\.\syscfg\</path>
         <kind>object</kind>
         <file>ti_pinmux_config.o</file>
         <name>ti_pinmux_config.o</name>
      </input_file>
      <input_file id="fl-5">
         <path>C:\Users\there\Documents\Capstone\RadarFirmware\ExampleProjects\sbl_null_awr294x-evm_r5fss0-0_nortos_ti-arm-clang\Debug\.\syscfg\</path>
         <kind>object</kind>
         <file>ti_power_clock_config.o</file>
         <name>ti_power_clock_config.o</name>
      </input_file>
      <input_file id="fl-6">
         <path>C:\Users\there\Documents\Capstone\RadarFirmware\ExampleProjects\sbl_null_awr294x-evm_r5fss0-0_nortos_ti-arm-clang\Debug\.\syscfg\</path>
         <kind>object</kind>
         <file>ti_board_config.o</file>
         <name>ti_board_config.o</name>
      </input_file>
      <input_file id="fl-7">
         <path>C:\Users\there\Documents\Capstone\RadarFirmware\ExampleProjects\sbl_null_awr294x-evm_r5fss0-0_nortos_ti-arm-clang\Debug\.\syscfg\</path>
         <kind>object</kind>
         <file>ti_board_open_close.o</file>
         <name>ti_board_open_close.o</name>
      </input_file>
      <input_file id="fl-8">
         <path>C:\Users\there\Documents\Capstone\RadarFirmware\ExampleProjects\sbl_null_awr294x-evm_r5fss0-0_nortos_ti-arm-clang\Debug\.\syscfg\</path>
         <kind>object</kind>
         <file>ti_enet_config.o</file>
         <name>ti_enet_config.o</name>
      </input_file>
      <input_file id="fl-9">
         <path>C:\Users\there\Documents\Capstone\RadarFirmware\ExampleProjects\sbl_null_awr294x-evm_r5fss0-0_nortos_ti-arm-clang\Debug\.\syscfg\</path>
         <kind>object</kind>
         <file>ti_enet_open_close.o</file>
         <name>ti_enet_open_close.o</name>
      </input_file>
      <input_file id="fl-a">
         <path>C:\Users\there\Documents\Capstone\RadarFirmware\ExampleProjects\sbl_null_awr294x-evm_r5fss0-0_nortos_ti-arm-clang\Debug\.\syscfg\</path>
         <kind>object</kind>
         <file>ti_enet_soc.o</file>
         <name>ti_enet_soc.o</name>
      </input_file>
      <input_file id="fl-b">
         <path>C:\Users\there\Documents\Capstone\RadarFirmware\ExampleProjects\sbl_null_awr294x-evm_r5fss0-0_nortos_ti-arm-clang\Debug\.\syscfg\</path>
         <kind>object</kind>
         <file>ti_enet_lwipif.o</file>
         <name>ti_enet_lwipif.o</name>
      </input_file>
      <input_file id="fl-c">
         <path>C:\Users\there\Documents\Capstone\RadarFirmware\ExampleProjects\sbl_null_awr294x-evm_r5fss0-0_nortos_ti-arm-clang\Debug\.\</path>
         <kind>object</kind>
         <file>main.o</file>
         <name>main.o</name>
      </input_file>
      <input_file id="fl-1b">
         <path>C:\Users\there\Documents\Capstone\RadarFirmware\ExampleProjects\sbl_null_awr294x-evm_r5fss0-0_nortos_ti-arm-clang\Debug\</path>
         <kind>object</kind>
         <file>&lt;internal&gt;</file>
         <name>&lt;internal&gt;</name>
      </input_file>
      <input_file id="fl-1c">
         <path>C:\ti\mmwave_mcuplus_sdk_04_07_01_04\mcu_plus_sdk_awr294x_10_01_00_04\source\kernel\nortos\lib\</path>
         <kind>archive</kind>
         <file>nortos.awr294x.r5f.ti-arm-clang.debug.lib</file>
         <name>CacheP_armv7r.obj</name>
      </input_file>
      <input_file id="fl-1d">
         <path>C:\ti\mmwave_mcuplus_sdk_04_07_01_04\mcu_plus_sdk_awr294x_10_01_00_04\source\kernel\nortos\lib\</path>
         <kind>archive</kind>
         <file>nortos.awr294x.r5f.ti-arm-clang.debug.lib</file>
         <name>ClockP_nortos_r5.obj</name>
      </input_file>
      <input_file id="fl-1e">
         <path>C:\ti\mmwave_mcuplus_sdk_04_07_01_04\mcu_plus_sdk_awr294x_10_01_00_04\source\kernel\nortos\lib\</path>
         <kind>archive</kind>
         <file>nortos.awr294x.r5f.ti-arm-clang.debug.lib</file>
         <name>DebugP_log.obj</name>
      </input_file>
      <input_file id="fl-1f">
         <path>C:\ti\mmwave_mcuplus_sdk_04_07_01_04\mcu_plus_sdk_awr294x_10_01_00_04\source\kernel\nortos\lib\</path>
         <kind>archive</kind>
         <file>nortos.awr294x.r5f.ti-arm-clang.debug.lib</file>
         <name>DebugP_nortos.obj</name>
      </input_file>
      <input_file id="fl-20">
         <path>C:\ti\mmwave_mcuplus_sdk_04_07_01_04\mcu_plus_sdk_awr294x_10_01_00_04\source\kernel\nortos\lib\</path>
         <kind>archive</kind>
         <file>nortos.awr294x.r5f.ti-arm-clang.debug.lib</file>
         <name>DebugP_uartLogWriter.obj</name>
      </input_file>
      <input_file id="fl-21">
         <path>C:\ti\mmwave_mcuplus_sdk_04_07_01_04\mcu_plus_sdk_awr294x_10_01_00_04\source\kernel\nortos\lib\</path>
         <kind>archive</kind>
         <file>nortos.awr294x.r5f.ti-arm-clang.debug.lib</file>
         <name>HwiP_armv7r_vim.obj</name>
      </input_file>
      <input_file id="fl-22">
         <path>C:\ti\mmwave_mcuplus_sdk_04_07_01_04\mcu_plus_sdk_awr294x_10_01_00_04\source\kernel\nortos\lib\</path>
         <kind>archive</kind>
         <file>nortos.awr294x.r5f.ti-arm-clang.debug.lib</file>
         <name>HwiP_armv7r_handlers_nortos.obj</name>
      </input_file>
      <input_file id="fl-23">
         <path>C:\ti\mmwave_mcuplus_sdk_04_07_01_04\mcu_plus_sdk_awr294x_10_01_00_04\source\kernel\nortos\lib\</path>
         <kind>archive</kind>
         <file>nortos.awr294x.r5f.ti-arm-clang.debug.lib</file>
         <name>MpuP_armv7r.obj</name>
      </input_file>
      <input_file id="fl-24">
         <path>C:\ti\mmwave_mcuplus_sdk_04_07_01_04\mcu_plus_sdk_awr294x_10_01_00_04\source\kernel\nortos\lib\</path>
         <kind>archive</kind>
         <file>nortos.awr294x.r5f.ti-arm-clang.debug.lib</file>
         <name>printf.obj</name>
      </input_file>
      <input_file id="fl-25">
         <path>C:\ti\mmwave_mcuplus_sdk_04_07_01_04\mcu_plus_sdk_awr294x_10_01_00_04\source\kernel\nortos\lib\</path>
         <kind>archive</kind>
         <file>nortos.awr294x.r5f.ti-arm-clang.debug.lib</file>
         <name>TimerP_rti.obj</name>
      </input_file>
      <input_file id="fl-26">
         <path>C:\ti\mmwave_mcuplus_sdk_04_07_01_04\mcu_plus_sdk_awr294x_10_01_00_04\source\kernel\nortos\lib\</path>
         <kind>archive</kind>
         <file>nortos.awr294x.r5f.ti-arm-clang.debug.lib</file>
         <name>CacheP_armv7r_asm.obj</name>
      </input_file>
      <input_file id="fl-27">
         <path>C:\ti\mmwave_mcuplus_sdk_04_07_01_04\mcu_plus_sdk_awr294x_10_01_00_04\source\kernel\nortos\lib\</path>
         <kind>archive</kind>
         <file>nortos.awr294x.r5f.ti-arm-clang.debug.lib</file>
         <name>HwiP_armv7r_asm.obj</name>
      </input_file>
      <input_file id="fl-28">
         <path>C:\ti\mmwave_mcuplus_sdk_04_07_01_04\mcu_plus_sdk_awr294x_10_01_00_04\source\kernel\nortos\lib\</path>
         <kind>archive</kind>
         <file>nortos.awr294x.r5f.ti-arm-clang.debug.lib</file>
         <name>HwiP_armv7r_handlers_nortos_asm.obj</name>
      </input_file>
      <input_file id="fl-29">
         <path>C:\ti\mmwave_mcuplus_sdk_04_07_01_04\mcu_plus_sdk_awr294x_10_01_00_04\source\kernel\nortos\lib\</path>
         <kind>archive</kind>
         <file>nortos.awr294x.r5f.ti-arm-clang.debug.lib</file>
         <name>HwiP_armv7r_vectors_nortos_asm.obj</name>
      </input_file>
      <input_file id="fl-2a">
         <path>C:\ti\mmwave_mcuplus_sdk_04_07_01_04\mcu_plus_sdk_awr294x_10_01_00_04\source\kernel\nortos\lib\</path>
         <kind>archive</kind>
         <file>nortos.awr294x.r5f.ti-arm-clang.debug.lib</file>
         <name>MpuP_armv7r_asm.obj</name>
      </input_file>
      <input_file id="fl-2b">
         <path>C:\ti\mmwave_mcuplus_sdk_04_07_01_04\mcu_plus_sdk_awr294x_10_01_00_04\source\kernel\nortos\lib\</path>
         <kind>archive</kind>
         <file>nortos.awr294x.r5f.ti-arm-clang.debug.lib</file>
         <name>ClockP_nortos.obj</name>
      </input_file>
      <input_file id="fl-2c">
         <path>C:\ti\mmwave_mcuplus_sdk_04_07_01_04\mcu_plus_sdk_awr294x_10_01_00_04\source\kernel\nortos\lib\</path>
         <kind>archive</kind>
         <file>nortos.awr294x.r5f.ti-arm-clang.debug.lib</file>
         <name>SemaphoreP_nortos.obj</name>
      </input_file>
      <input_file id="fl-2d">
         <path>C:\ti\mmwave_mcuplus_sdk_04_07_01_04\mcu_plus_sdk_awr294x_10_01_00_04\source\kernel\nortos\lib\</path>
         <kind>archive</kind>
         <file>nortos.awr294x.r5f.ti-arm-clang.debug.lib</file>
         <name>boot_armv7r_asm.obj</name>
      </input_file>
      <input_file id="fl-2e">
         <path>C:\ti\mmwave_mcuplus_sdk_04_07_01_04\mcu_plus_sdk_awr294x_10_01_00_04\source\kernel\nortos\lib\</path>
         <kind>archive</kind>
         <file>nortos.awr294x.r5f.ti-arm-clang.debug.lib</file>
         <name>boot_armv7r.obj</name>
      </input_file>
      <input_file id="fl-2f">
         <path>C:\ti\mmwave_mcuplus_sdk_04_07_01_04\mcu_plus_sdk_awr294x_10_01_00_04\source\drivers\lib\</path>
         <kind>archive</kind>
         <file>drivers.awr294x.r5f.ti-arm-clang.debug.lib</file>
         <name>bootloader.obj</name>
      </input_file>
      <input_file id="fl-30">
         <path>C:\ti\mmwave_mcuplus_sdk_04_07_01_04\mcu_plus_sdk_awr294x_10_01_00_04\source\drivers\lib\</path>
         <kind>archive</kind>
         <file>drivers.awr294x.r5f.ti-arm-clang.debug.lib</file>
         <name>bootloader_mem.obj</name>
      </input_file>
      <input_file id="fl-31">
         <path>C:\ti\mmwave_mcuplus_sdk_04_07_01_04\mcu_plus_sdk_awr294x_10_01_00_04\source\drivers\lib\</path>
         <kind>archive</kind>
         <file>drivers.awr294x.r5f.ti-arm-clang.debug.lib</file>
         <name>bootloader_soc.obj</name>
      </input_file>
      <input_file id="fl-32">
         <path>C:\ti\mmwave_mcuplus_sdk_04_07_01_04\mcu_plus_sdk_awr294x_10_01_00_04\source\drivers\lib\</path>
         <kind>archive</kind>
         <file>drivers.awr294x.r5f.ti-arm-clang.debug.lib</file>
         <name>bootloader_hsmRt_load.obj</name>
      </input_file>
      <input_file id="fl-33">
         <path>C:\ti\mmwave_mcuplus_sdk_04_07_01_04\mcu_plus_sdk_awr294x_10_01_00_04\source\drivers\lib\</path>
         <kind>archive</kind>
         <file>drivers.awr294x.r5f.ti-arm-clang.debug.lib</file>
         <name>bootloader_utils_addrxlate.obj</name>
      </input_file>
      <input_file id="fl-34">
         <path>C:\ti\mmwave_mcuplus_sdk_04_07_01_04\mcu_plus_sdk_awr294x_10_01_00_04\source\drivers\lib\</path>
         <kind>archive</kind>
         <file>drivers.awr294x.r5f.ti-arm-clang.debug.lib</file>
         <name>edma.obj</name>
      </input_file>
      <input_file id="fl-35">
         <path>C:\ti\mmwave_mcuplus_sdk_04_07_01_04\mcu_plus_sdk_awr294x_10_01_00_04\source\drivers\lib\</path>
         <kind>archive</kind>
         <file>drivers.awr294x.r5f.ti-arm-clang.debug.lib</file>
         <name>hsmclient.obj</name>
      </input_file>
      <input_file id="fl-36">
         <path>C:\ti\mmwave_mcuplus_sdk_04_07_01_04\mcu_plus_sdk_awr294x_10_01_00_04\source\drivers\lib\</path>
         <kind>archive</kind>
         <file>drivers.awr294x.r5f.ti-arm-clang.debug.lib</file>
         <name>hsmclient_loadhsmrt.obj</name>
      </input_file>
      <input_file id="fl-37">
         <path>C:\ti\mmwave_mcuplus_sdk_04_07_01_04\mcu_plus_sdk_awr294x_10_01_00_04\source\drivers\lib\</path>
         <kind>archive</kind>
         <file>drivers.awr294x.r5f.ti-arm-clang.debug.lib</file>
         <name>pinmux.obj</name>
      </input_file>
      <input_file id="fl-38">
         <path>C:\ti\mmwave_mcuplus_sdk_04_07_01_04\mcu_plus_sdk_awr294x_10_01_00_04\source\drivers\lib\</path>
         <kind>archive</kind>
         <file>drivers.awr294x.r5f.ti-arm-clang.debug.lib</file>
         <name>sipc_notify_src.obj</name>
      </input_file>
      <input_file id="fl-39">
         <path>C:\ti\mmwave_mcuplus_sdk_04_07_01_04\mcu_plus_sdk_awr294x_10_01_00_04\source\drivers\lib\</path>
         <kind>archive</kind>
         <file>drivers.awr294x.r5f.ti-arm-clang.debug.lib</file>
         <name>sipc_notify_cfg.obj</name>
      </input_file>
      <input_file id="fl-3a">
         <path>C:\ti\mmwave_mcuplus_sdk_04_07_01_04\mcu_plus_sdk_awr294x_10_01_00_04\source\drivers\lib\</path>
         <kind>archive</kind>
         <file>drivers.awr294x.r5f.ti-arm-clang.debug.lib</file>
         <name>soc.obj</name>
      </input_file>
      <input_file id="fl-3b">
         <path>C:\ti\mmwave_mcuplus_sdk_04_07_01_04\mcu_plus_sdk_awr294x_10_01_00_04\source\drivers\lib\</path>
         <kind>archive</kind>
         <file>drivers.awr294x.r5f.ti-arm-clang.debug.lib</file>
         <name>soc_rcm.obj</name>
      </input_file>
      <input_file id="fl-3c">
         <path>C:\ti\mmwave_mcuplus_sdk_04_07_01_04\mcu_plus_sdk_awr294x_10_01_00_04\source\drivers\lib\</path>
         <kind>archive</kind>
         <file>drivers.awr294x.r5f.ti-arm-clang.debug.lib</file>
         <name>uart_sci.obj</name>
      </input_file>
      <input_file id="fl-3d">
         <path>C:\ti\mmwave_mcuplus_sdk_04_07_01_04\mcu_plus_sdk_awr294x_10_01_00_04\source\drivers\lib\</path>
         <kind>archive</kind>
         <file>drivers.awr294x.r5f.ti-arm-clang.debug.lib</file>
         <name>uart_sci_edma.obj</name>
      </input_file>
      <input_file id="fl-54">
         <path>C:\ti\ccs2030\ccs\tools\compiler\ti-cgt-armllvm_4.0.3.LTS\lib\armv7r-ti-none-eabihf\c\</path>
         <kind>archive</kind>
         <file>libc.a</file>
         <name>fputc.c.obj</name>
      </input_file>
      <input_file id="fl-55">
         <path>C:\ti\ccs2030\ccs\tools\compiler\ti-cgt-armllvm_4.0.3.LTS\lib\armv7r-ti-none-eabihf\c\</path>
         <kind>archive</kind>
         <file>libc.a</file>
         <name>_io_perm.c.obj</name>
      </input_file>
      <input_file id="fl-56">
         <path>C:\ti\ccs2030\ccs\tools\compiler\ti-cgt-armllvm_4.0.3.LTS\lib\armv7r-ti-none-eabihf\c\</path>
         <kind>archive</kind>
         <file>libc.a</file>
         <name>setvbuf.c.obj</name>
      </input_file>
      <input_file id="fl-57">
         <path>C:\ti\ccs2030\ccs\tools\compiler\ti-cgt-armllvm_4.0.3.LTS\lib\armv7r-ti-none-eabihf\c\</path>
         <kind>archive</kind>
         <file>libc.a</file>
         <name>exit.c.obj</name>
      </input_file>
      <input_file id="fl-58">
         <path>C:\ti\ccs2030\ccs\tools\compiler\ti-cgt-armllvm_4.0.3.LTS\lib\armv7r-ti-none-eabihf\c\</path>
         <kind>archive</kind>
         <file>libc.a</file>
         <name>_lock.c.obj</name>
      </input_file>
      <input_file id="fl-59">
         <path>C:\ti\ccs2030\ccs\tools\compiler\ti-cgt-armllvm_4.0.3.LTS\lib\armv7r-ti-none-eabihf\c\</path>
         <kind>archive</kind>
         <file>libc.a</file>
         <name>defs.c.obj</name>
      </input_file>
      <input_file id="fl-5a">
         <path>C:\ti\ccs2030\ccs\tools\compiler\ti-cgt-armllvm_4.0.3.LTS\lib\armv7r-ti-none-eabihf\c\</path>
         <kind>archive</kind>
         <file>libc.a</file>
         <name>memcmp.c.obj</name>
      </input_file>
      <input_file id="fl-5b">
         <path>C:\ti\ccs2030\ccs\tools\compiler\ti-cgt-armllvm_4.0.3.LTS\lib\armv7r-ti-none-eabihf\c\</path>
         <kind>archive</kind>
         <file>libc.a</file>
         <name>memory.c.obj</name>
      </input_file>
      <input_file id="fl-5c">
         <path>C:\ti\ccs2030\ccs\tools\compiler\ti-cgt-armllvm_4.0.3.LTS\lib\armv7r-ti-none-eabihf\c\</path>
         <kind>archive</kind>
         <file>libc.a</file>
         <name>autoinit.c.obj</name>
      </input_file>
      <input_file id="fl-5d">
         <path>C:\ti\ccs2030\ccs\tools\compiler\ti-cgt-armllvm_4.0.3.LTS\lib\armv7r-ti-none-eabihf\c\</path>
         <kind>archive</kind>
         <file>libc.a</file>
         <name>cpy_tbl.c.obj</name>
      </input_file>
      <input_file id="fl-5e">
         <path>C:\ti\ccs2030\ccs\tools\compiler\ti-cgt-armllvm_4.0.3.LTS\lib\armv7r-ti-none-eabihf\c\</path>
         <kind>archive</kind>
         <file>libc.a</file>
         <name>fflush.c.obj</name>
      </input_file>
      <input_file id="fl-5f">
         <path>C:\ti\ccs2030\ccs\tools\compiler\ti-cgt-armllvm_4.0.3.LTS\lib\armv7r-ti-none-eabihf\c\</path>
         <kind>archive</kind>
         <file>libc.a</file>
         <name>fopen.c.obj</name>
      </input_file>
      <input_file id="fl-60">
         <path>C:\ti\ccs2030\ccs\tools\compiler\ti-cgt-armllvm_4.0.3.LTS\lib\armv7r-ti-none-eabihf\c\</path>
         <kind>archive</kind>
         <file>libc.a</file>
         <name>fseek.c.obj</name>
      </input_file>
      <input_file id="fl-61">
         <path>C:\ti\ccs2030\ccs\tools\compiler\ti-cgt-armllvm_4.0.3.LTS\lib\armv7r-ti-none-eabihf\c\</path>
         <kind>archive</kind>
         <file>libc.a</file>
         <name>aeabi_portable.c.obj</name>
      </input_file>
      <input_file id="fl-62">
         <path>C:\ti\ccs2030\ccs\tools\compiler\ti-cgt-armllvm_4.0.3.LTS\lib\armv7r-ti-none-eabihf\c\</path>
         <kind>archive</kind>
         <file>libc.a</file>
         <name>assert.c.obj</name>
      </input_file>
      <input_file id="fl-63">
         <path>C:\ti\ccs2030\ccs\tools\compiler\ti-cgt-armllvm_4.0.3.LTS\lib\armv7r-ti-none-eabihf\c\</path>
         <kind>archive</kind>
         <file>libc.a</file>
         <name>sprintf.c.obj</name>
      </input_file>
      <input_file id="fl-64">
         <path>C:\ti\ccs2030\ccs\tools\compiler\ti-cgt-armllvm_4.0.3.LTS\lib\armv7r-ti-none-eabihf\c\</path>
         <kind>archive</kind>
         <file>libc.a</file>
         <name>fclose.c.obj</name>
      </input_file>
      <input_file id="fl-65">
         <path>C:\ti\ccs2030\ccs\tools\compiler\ti-cgt-armllvm_4.0.3.LTS\lib\armv7r-ti-none-eabihf\c\</path>
         <kind>archive</kind>
         <file>libc.a</file>
         <name>fputs.c.obj</name>
      </input_file>
      <input_file id="fl-66">
         <path>C:\ti\ccs2030\ccs\tools\compiler\ti-cgt-armllvm_4.0.3.LTS\lib\armv7r-ti-none-eabihf\c\</path>
         <kind>archive</kind>
         <file>libc.a</file>
         <name>_printfi.c.obj</name>
      </input_file>
      <input_file id="fl-67">
         <path>C:\ti\ccs2030\ccs\tools\compiler\ti-cgt-armllvm_4.0.3.LTS\lib\armv7r-ti-none-eabihf\c\</path>
         <kind>archive</kind>
         <file>libc.a</file>
         <name>s_frexp.c.obj</name>
      </input_file>
      <input_file id="fl-68">
         <path>C:\ti\ccs2030\ccs\tools\compiler\ti-cgt-armllvm_4.0.3.LTS\lib\armv7r-ti-none-eabihf\c\</path>
         <kind>archive</kind>
         <file>libc.a</file>
         <name>s_scalbn.c.obj</name>
      </input_file>
      <input_file id="fl-69">
         <path>C:\ti\ccs2030\ccs\tools\compiler\ti-cgt-armllvm_4.0.3.LTS\lib\armv7r-ti-none-eabihf\c\</path>
         <kind>archive</kind>
         <file>libc.a</file>
         <name>wcslen.c.obj</name>
      </input_file>
      <input_file id="fl-6a">
         <path>C:\ti\ccs2030\ccs\tools\compiler\ti-cgt-armllvm_4.0.3.LTS\lib\armv7r-ti-none-eabihf\c\</path>
         <kind>archive</kind>
         <file>libc.a</file>
         <name>_ltoa.c.obj</name>
      </input_file>
      <input_file id="fl-6b">
         <path>C:\ti\ccs2030\ccs\tools\compiler\ti-cgt-armllvm_4.0.3.LTS\lib\armv7r-ti-none-eabihf\c\</path>
         <kind>archive</kind>
         <file>libc.a</file>
         <name>atoi.c.obj</name>
      </input_file>
      <input_file id="fl-6c">
         <path>C:\ti\ccs2030\ccs\tools\compiler\ti-cgt-armllvm_4.0.3.LTS\lib\armv7r-ti-none-eabihf\c\</path>
         <kind>archive</kind>
         <file>libc.a</file>
         <name>memccpy.c.obj</name>
      </input_file>
      <input_file id="fl-6d">
         <path>C:\ti\ccs2030\ccs\tools\compiler\ti-cgt-armllvm_4.0.3.LTS\lib\armv7r-ti-none-eabihf\c\</path>
         <kind>archive</kind>
         <file>libc.a</file>
         <name>aeabi_ctype.S.obj</name>
      </input_file>
      <input_file id="fl-84">
         <path>C:\ti\ccs2030\ccs\tools\compiler\ti-cgt-armllvm_4.0.3.LTS\lib\armv7r-ti-none-eabihf\c\</path>
         <kind>archive</kind>
         <file>libsysbm.a</file>
         <name>hostexit.c.obj</name>
      </input_file>
      <input_file id="fl-85">
         <path>C:\ti\ccs2030\ccs\tools\compiler\ti-cgt-armllvm_4.0.3.LTS\lib\armv7r-ti-none-eabihf\c\</path>
         <kind>archive</kind>
         <file>libsysbm.a</file>
         <name>write.c.obj</name>
      </input_file>
      <input_file id="fl-86">
         <path>C:\ti\ccs2030\ccs\tools\compiler\ti-cgt-armllvm_4.0.3.LTS\lib\armv7r-ti-none-eabihf\c\</path>
         <kind>archive</kind>
         <file>libsysbm.a</file>
         <name>host_device.c.obj</name>
      </input_file>
      <input_file id="fl-87">
         <path>C:\ti\ccs2030\ccs\tools\compiler\ti-cgt-armllvm_4.0.3.LTS\lib\armv7r-ti-none-eabihf\c\</path>
         <kind>archive</kind>
         <file>libsysbm.a</file>
         <name>remove.c.obj</name>
      </input_file>
      <input_file id="fl-88">
         <path>C:\ti\ccs2030\ccs\tools\compiler\ti-cgt-armllvm_4.0.3.LTS\lib\armv7r-ti-none-eabihf\c\</path>
         <kind>archive</kind>
         <file>libsysbm.a</file>
         <name>open.c.obj</name>
      </input_file>
      <input_file id="fl-89">
         <path>C:\ti\ccs2030\ccs\tools\compiler\ti-cgt-armllvm_4.0.3.LTS\lib\armv7r-ti-none-eabihf\c\</path>
         <kind>archive</kind>
         <file>libsysbm.a</file>
         <name>lseek.c.obj</name>
      </input_file>
      <input_file id="fl-8a">
         <path>C:\ti\ccs2030\ccs\tools\compiler\ti-cgt-armllvm_4.0.3.LTS\lib\armv7r-ti-none-eabihf\c\</path>
         <kind>archive</kind>
         <file>libsysbm.a</file>
         <name>close.c.obj</name>
      </input_file>
      <input_file id="fl-8b">
         <path>C:\ti\ccs2030\ccs\tools\compiler\ti-cgt-armllvm_4.0.3.LTS\lib\armv7r-ti-none-eabihf\c\</path>
         <kind>archive</kind>
         <file>libsysbm.a</file>
         <name>unlink.c.obj</name>
      </input_file>
      <input_file id="fl-8c">
         <path>C:\ti\ccs2030\ccs\tools\compiler\ti-cgt-armllvm_4.0.3.LTS\lib\armv7r-ti-none-eabihf\c\</path>
         <kind>archive</kind>
         <file>libsysbm.a</file>
         <name>hostclose.c.obj</name>
      </input_file>
      <input_file id="fl-8d">
         <path>C:\ti\ccs2030\ccs\tools\compiler\ti-cgt-armllvm_4.0.3.LTS\lib\armv7r-ti-none-eabihf\c\</path>
         <kind>archive</kind>
         <file>libsysbm.a</file>
         <name>hostlseek.c.obj</name>
      </input_file>
      <input_file id="fl-8e">
         <path>C:\ti\ccs2030\ccs\tools\compiler\ti-cgt-armllvm_4.0.3.LTS\lib\armv7r-ti-none-eabihf\c\</path>
         <kind>archive</kind>
         <file>libsysbm.a</file>
         <name>hostopen.c.obj</name>
      </input_file>
      <input_file id="fl-8f">
         <path>C:\ti\ccs2030\ccs\tools\compiler\ti-cgt-armllvm_4.0.3.LTS\lib\armv7r-ti-none-eabihf\c\</path>
         <kind>archive</kind>
         <file>libsysbm.a</file>
         <name>hostread.c.obj</name>
      </input_file>
      <input_file id="fl-90">
         <path>C:\ti\ccs2030\ccs\tools\compiler\ti-cgt-armllvm_4.0.3.LTS\lib\armv7r-ti-none-eabihf\c\</path>
         <kind>archive</kind>
         <file>libsysbm.a</file>
         <name>hostrename.c.obj</name>
      </input_file>
      <input_file id="fl-91">
         <path>C:\ti\ccs2030\ccs\tools\compiler\ti-cgt-armllvm_4.0.3.LTS\lib\armv7r-ti-none-eabihf\c\</path>
         <kind>archive</kind>
         <file>libsysbm.a</file>
         <name>hostunlink.c.obj</name>
      </input_file>
      <input_file id="fl-92">
         <path>C:\ti\ccs2030\ccs\tools\compiler\ti-cgt-armllvm_4.0.3.LTS\lib\armv7r-ti-none-eabihf\c\</path>
         <kind>archive</kind>
         <file>libsysbm.a</file>
         <name>hostwrite.c.obj</name>
      </input_file>
      <input_file id="fl-93">
         <path>C:\ti\ccs2030\ccs\tools\compiler\ti-cgt-armllvm_4.0.3.LTS\lib\armv7r-ti-none-eabihf\c\</path>
         <kind>archive</kind>
         <file>libsysbm.a</file>
         <name>trgmsg.c.obj</name>
      </input_file>
      <input_file id="fl-11d">
         <path>C:\ti\ccs2030\ccs\tools\compiler\ti-cgt-armllvm_4.0.3.LTS\lib\armv7r-ti-none-eabihf\c\</path>
         <kind>archive</kind>
         <file>libc.a</file>
         <name>getdevice.c.obj</name>
      </input_file>
      <input_file id="fl-11e">
         <path>C:\ti\ccs2030\ccs\tools\compiler\ti-cgt-armllvm_4.0.3.LTS\lib\armv7r-ti-none-eabihf\c\</path>
         <kind>archive</kind>
         <file>libc.a</file>
         <name>strcmp32.S.obj</name>
      </input_file>
      <input_file id="fl-11f">
         <path>C:\ti\ccs2030\ccs\tools\compiler\ti-cgt-armllvm_4.0.3.LTS\lib\armv7r-ti-none-eabihf\</path>
         <kind>archive</kind>
         <file>libclang_rt.builtins.a</file>
         <name>divsi3.S.obj</name>
      </input_file>
      <input_file id="fl-120">
         <path>C:\ti\ccs2030\ccs\tools\compiler\ti-cgt-armllvm_4.0.3.LTS\lib\armv7r-ti-none-eabihf\</path>
         <kind>archive</kind>
         <file>libclang_rt.builtins.a</file>
         <name>udivsi3.S.obj</name>
      </input_file>
      <input_file id="fl-121">
         <path>C:\ti\ccs2030\ccs\tools\compiler\ti-cgt-armllvm_4.0.3.LTS\lib\armv7r-ti-none-eabihf\</path>
         <kind>archive</kind>
         <file>libclang_rt.builtins.a</file>
         <name>aeabi_div0.c.obj</name>
      </input_file>
      <input_file id="fl-122">
         <path>C:\ti\ccs2030\ccs\tools\compiler\ti-cgt-armllvm_4.0.3.LTS\lib\armv7r-ti-none-eabihf\</path>
         <kind>archive</kind>
         <file>libclang_rt.builtins.a</file>
         <name>aeabi_memcpy.S.obj</name>
      </input_file>
      <input_file id="fl-123">
         <path>C:\ti\ccs2030\ccs\tools\compiler\ti-cgt-armllvm_4.0.3.LTS\lib\armv7r-ti-none-eabihf\</path>
         <kind>archive</kind>
         <file>libclang_rt.builtins.a</file>
         <name>aeabi_memset.S.obj</name>
      </input_file>
      <input_file id="fl-124">
         <path>C:\ti\ccs2030\ccs\tools\compiler\ti-cgt-armllvm_4.0.3.LTS\lib\armv7r-ti-none-eabihf\</path>
         <kind>archive</kind>
         <file>libclang_rt.builtins.a</file>
         <name>aeabi_uldivmod.S.obj</name>
      </input_file>
      <input_file id="fl-125">
         <path>C:\ti\ccs2030\ccs\tools\compiler\ti-cgt-armllvm_4.0.3.LTS\lib\armv7r-ti-none-eabihf\</path>
         <kind>archive</kind>
         <file>libclang_rt.builtins.a</file>
         <name>udivmoddi4.S.obj</name>
      </input_file>
      <input_file id="fl-126">
         <path>C:\ti\ccs2030\ccs\tools\compiler\ti-cgt-armllvm_4.0.3.LTS\lib\armv7r-ti-none-eabihf\c\</path>
         <kind>archive</kind>
         <file>libc.a</file>
         <name>memcpy32.S.obj</name>
      </input_file>
      <input_file id="fl-127">
         <path>C:\ti\ccs2030\ccs\tools\compiler\ti-cgt-armllvm_4.0.3.LTS\lib\armv7r-ti-none-eabihf\c\</path>
         <kind>archive</kind>
         <file>libc.a</file>
         <name>memset32.S.obj</name>
      </input_file>
      <input_file id="fl-128">
         <path>C:\ti\mmwave_mcuplus_sdk_04_07_01_04\mcu_plus_sdk_awr294x_10_01_00_04\source\kernel\nortos\lib\</path>
         <kind>archive</kind>
         <file>nortos.awr294x.r5f.ti-arm-clang.debug.lib</file>
         <name>AddrTranslateP_null.obj</name>
      </input_file>
      <input_file id="fl-129">
         <path>C:\ti\mmwave_mcuplus_sdk_04_07_01_04\mcu_plus_sdk_awr294x_10_01_00_04\source\kernel\nortos\lib\</path>
         <kind>archive</kind>
         <file>nortos.awr294x.r5f.ti-arm-clang.debug.lib</file>
         <name>CpuId_armv7r.obj</name>
      </input_file>
      <input_file id="fl-12a">
         <path>C:\ti\mmwave_mcuplus_sdk_04_07_01_04\mcu_plus_sdk_awr294x_10_01_00_04\source\kernel\nortos\lib\</path>
         <kind>archive</kind>
         <file>nortos.awr294x.r5f.ti-arm-clang.debug.lib</file>
         <name>TaskP_nortos.obj</name>
      </input_file>
      <input_file id="fl-12b">
         <path>C:\ti\mmwave_mcuplus_sdk_04_07_01_04\mcu_plus_sdk_awr294x_10_01_00_04\source\kernel\nortos\lib\</path>
         <kind>archive</kind>
         <file>nortos.awr294x.r5f.ti-arm-clang.debug.lib</file>
         <name>CpuId_armv7r_asm.obj</name>
      </input_file>
   </input_file_list>
   <object_component_list>
      <object_component id="oc-2d">
         <name>.vectors</name>
         <load_address>0x10200000</load_address>
         <readonly>true</readonly>
         <executable>true</executable>
         <run_address>0x0</run_address>
         <size>0x40</size>
         <alignment>0x4</alignment>
         <input_file_ref idref="fl-29"/>
      </object_component>
      <object_component id="oc-4">
         <name>&lt;space&gt;</name>
         <load_address>0x10200040</load_address>
         <readonly>true</readonly>
         <run_address>0x40</run_address>
         <size>0x0</size>
         <alignment>0x0</alignment>
      </object_component>
      <object_component id="oc-4e">
         <name>.text.boot</name>
         <load_address>0x10200040</load_address>
         <readonly>true</readonly>
         <executable>true</executable>
         <run_address>0x40</run_address>
         <size>0xfc</size>
         <alignment>0x4</alignment>
         <input_file_ref idref="fl-2d"/>
      </object_component>
      <object_component id="oc-4e0">
         <name>.tramp.__TI_auto_init_nobinit_nopinit.1</name>
         <load_address>0x1020013c</load_address>
         <readonly>true</readonly>
         <executable>true</executable>
         <run_address>0x13c</run_address>
         <size>0x8</size>
         <alignment>0x4</alignment>
         <input_file_ref idref="fl-5c"/>
      </object_component>
      <object_component id="oc-4e1">
         <name>.tramp.main.1</name>
         <load_address>0x10200144</load_address>
         <readonly>true</readonly>
         <executable>true</executable>
         <run_address>0x144</run_address>
         <size>0xc</size>
         <alignment>0x4</alignment>
         <input_file_ref idref="fl-c"/>
      </object_component>
      <object_component id="oc-4e2">
         <name>.tramp.exit.1</name>
         <load_address>0x10200150</load_address>
         <readonly>true</readonly>
         <executable>true</executable>
         <run_address>0x150</run_address>
         <size>0x8</size>
         <alignment>0x4</alignment>
         <input_file_ref idref="fl-57"/>
      </object_component>
      <object_component id="oc-4e3">
         <name>.tramp.HwiP_disable.1</name>
         <load_address>0x10200158</load_address>
         <readonly>true</readonly>
         <executable>true</executable>
         <run_address>0x158</run_address>
         <size>0x8</size>
         <alignment>0x4</alignment>
         <input_file_ref idref="fl-27"/>
      </object_component>
      <object_component id="oc-df">
         <name>.text.boot</name>
         <load_address>0x10200160</load_address>
         <readonly>true</readonly>
         <executable>true</executable>
         <run_address>0x160</run_address>
         <size>0x2a</size>
         <alignment>0x10</alignment>
         <input_file_ref idref="fl-1e"/>
      </object_component>
      <object_component id="oc-4e4">
         <name>.tramp.__aeabi_memclr4.1</name>
         <load_address>0x1020018c</load_address>
         <readonly>true</readonly>
         <executable>true</executable>
         <run_address>0x18c</run_address>
         <size>0x8</size>
         <alignment>0x4</alignment>
         <input_file_ref idref="fl-123"/>
      </object_component>
      <object_component id="oc-4e5">
         <name>.tramp.MpuP_init.1</name>
         <load_address>0x10200194</load_address>
         <readonly>true</readonly>
         <executable>true</executable>
         <run_address>0x194</run_address>
         <size>0x8</size>
         <alignment>0x4</alignment>
         <input_file_ref idref="fl-23"/>
      </object_component>
      <object_component id="oc-65">
         <name>.text.boot</name>
         <load_address>0x102001a0</load_address>
         <readonly>true</readonly>
         <executable>true</executable>
         <run_address>0x1a0</run_address>
         <size>0x24</size>
         <alignment>0x10</alignment>
         <input_file_ref idref="fl-2e"/>
      </object_component>
      <object_component id="oc-4e6">
         <name>.tramp.CacheP_init.1</name>
         <load_address>0x102001c4</load_address>
         <readonly>true</readonly>
         <executable>true</executable>
         <run_address>0x1c4</run_address>
         <size>0x8</size>
         <alignment>0x4</alignment>
         <input_file_ref idref="fl-1c"/>
      </object_component>
      <object_component id="oc-60">
         <name>.text.boot</name>
         <load_address>0x102001d0</load_address>
         <readonly>true</readonly>
         <executable>true</executable>
         <run_address>0x1d0</run_address>
         <size>0xc</size>
         <alignment>0x10</alignment>
         <input_file_ref idref="fl-1"/>
      </object_component>
      <object_component id="oc-56">
         <name>.text.hwi</name>
         <load_address>0x102151e0</load_address>
         <readonly>true</readonly>
         <executable>true</executable>
         <run_address>0x102151e0</run_address>
         <size>0x61e</size>
         <alignment>0x10</alignment>
         <input_file_ref idref="fl-22"/>
      </object_component>
      <object_component id="oc-72">
         <name>.text.hwi</name>
         <load_address>0x10215800</load_address>
         <readonly>true</readonly>
         <executable>true</executable>
         <run_address>0x10215800</run_address>
         <size>0x5c6</size>
         <alignment>0x10</alignment>
         <input_file_ref idref="fl-21"/>
      </object_component>
      <object_component id="oc-52">
         <name>.text.hwi</name>
         <load_address>0x10215dc8</load_address>
         <readonly>true</readonly>
         <executable>true</executable>
         <run_address>0x10215dc8</run_address>
         <size>0x178</size>
         <alignment>0x4</alignment>
         <input_file_ref idref="fl-28"/>
      </object_component>
      <object_component id="oc-78">
         <name>.text.hwi</name>
         <load_address>0x10215f40</load_address>
         <readonly>true</readonly>
         <executable>true</executable>
         <run_address>0x10215f40</run_address>
         <size>0x70</size>
         <alignment>0x4</alignment>
         <input_file_ref idref="fl-27"/>
      </object_component>
      <object_component id="oc-4e8">
         <name>.tramp._DebugP_assertNoLog.2</name>
         <load_address>0x10215fb0</load_address>
         <readonly>true</readonly>
         <executable>true</executable>
         <run_address>0x10215fb0</run_address>
         <size>0x8</size>
         <alignment>0x4</alignment>
         <input_file_ref idref="fl-1e"/>
      </object_component>
      <object_component id="oc-e8">
         <name>.text.cache</name>
         <load_address>0x10215fc0</load_address>
         <readonly>true</readonly>
         <executable>true</executable>
         <run_address>0x10215fc0</run_address>
         <size>0x340</size>
         <alignment>0x4</alignment>
         <input_file_ref idref="fl-26"/>
      </object_component>
      <object_component id="oc-83">
         <name>.text.cache</name>
         <load_address>0x10216300</load_address>
         <readonly>true</readonly>
         <executable>true</executable>
         <run_address>0x10216300</run_address>
         <size>0x158</size>
         <alignment>0x10</alignment>
         <input_file_ref idref="fl-1c"/>
      </object_component>
      <object_component id="oc-4e9">
         <name>.tramp._DebugP_assertNoLog.3</name>
         <load_address>0x10216458</load_address>
         <readonly>true</readonly>
         <executable>true</executable>
         <run_address>0x10216458</run_address>
         <size>0x8</size>
         <alignment>0x4</alignment>
         <input_file_ref idref="fl-1e"/>
      </object_component>
      <object_component id="oc-7f">
         <name>.text.mpu</name>
         <load_address>0x10216460</load_address>
         <readonly>true</readonly>
         <executable>true</executable>
         <run_address>0x10216460</run_address>
         <size>0x246</size>
         <alignment>0x10</alignment>
         <input_file_ref idref="fl-23"/>
      </object_component>
      <object_component id="oc-e4">
         <name>.text.mpu</name>
         <load_address>0x102166a8</load_address>
         <readonly>true</readonly>
         <executable>true</executable>
         <run_address>0x102166a8</run_address>
         <size>0x78</size>
         <alignment>0x4</alignment>
         <input_file_ref idref="fl-2a"/>
      </object_component>
      <object_component id="oc-4ea">
         <name>.tramp._DebugP_assertNoLog.4</name>
         <load_address>0x10216720</load_address>
         <readonly>true</readonly>
         <executable>true</executable>
         <run_address>0x10216720</run_address>
         <size>0x8</size>
         <alignment>0x4</alignment>
         <input_file_ref idref="fl-1e"/>
      </object_component>
      <object_component id="oc-d7">
         <name>.text:abort</name>
         <load_address>0x10216730</load_address>
         <readonly>true</readonly>
         <executable>true</executable>
         <run_address>0x10216730</run_address>
         <size>0x8</size>
         <alignment>0x4</alignment>
         <input_file_ref idref="fl-57"/>
      </object_component>
      <object_component id="oc-1ee">
         <name>.text._vsnprintf</name>
         <load_address>0x10200280</load_address>
         <readonly>true</readonly>
         <executable>true</executable>
         <run_address>0x10200280</run_address>
         <size>0xa34</size>
         <alignment>0x10</alignment>
         <input_file_ref idref="fl-24"/>
      </object_component>
      <object_component id="oc-89">
         <name>.text.__aeabi_memclr</name>
         <load_address>0x10200cb4</load_address>
         <readonly>true</readonly>
         <executable>true</executable>
         <run_address>0x10200cb4</run_address>
         <size>0xc</size>
         <alignment>0x4</alignment>
         <input_file_ref idref="fl-123"/>
      </object_component>
      <object_component id="oc-28b">
         <name>.text.SOC_rcmGetClkSrcAndDivValue</name>
         <load_address>0x10200cc0</load_address>
         <readonly>true</readonly>
         <executable>true</executable>
         <run_address>0x10200cc0</run_address>
         <size>0x740</size>
         <alignment>0x10</alignment>
         <input_file_ref idref="fl-3b"/>
      </object_component>
      <object_component id="oc-2bf">
         <name>.text._ftoa</name>
         <load_address>0x10201400</load_address>
         <readonly>true</readonly>
         <executable>true</executable>
         <run_address>0x10201400</run_address>
         <size>0x51e</size>
         <alignment>0x10</alignment>
         <input_file_ref idref="fl-24"/>
      </object_component>
      <object_component id="oc-2c0">
         <name>.text._etoa</name>
         <load_address>0x10201920</load_address>
         <readonly>true</readonly>
         <executable>true</executable>
         <run_address>0x10201920</run_address>
         <size>0x478</size>
         <alignment>0x10</alignment>
         <input_file_ref idref="fl-24"/>
      </object_component>
      <object_component id="oc-162">
         <name>.text.HOSTexit</name>
         <load_address>0x10201d98</load_address>
         <readonly>true</readonly>
         <executable>true</executable>
         <run_address>0x10201d98</run_address>
         <size>0x8</size>
         <alignment>0x4</alignment>
         <input_file_ref idref="fl-84"/>
      </object_component>
      <object_component id="oc-101">
         <name>.text.SOC_rcmDspPllConfig</name>
         <load_address>0x10201da0</load_address>
         <readonly>true</readonly>
         <executable>true</executable>
         <run_address>0x10201da0</run_address>
         <size>0x3b6</size>
         <alignment>0x10</alignment>
         <input_file_ref idref="fl-3b"/>
      </object_component>
      <object_component id="oc-2c3">
         <name>.text.__aeabi_ldiv0</name>
         <load_address>0x10202158</load_address>
         <readonly>true</readonly>
         <executable>true</executable>
         <run_address>0x10202158</run_address>
         <size>0x4</size>
         <alignment>0x4</alignment>
         <input_file_ref idref="fl-121"/>
      </object_component>
      <object_component id="oc-176">
         <name>.text.__aeabi_memcpy</name>
         <load_address>0x1020215c</load_address>
         <readonly>true</readonly>
         <executable>true</executable>
         <run_address>0x1020215c</run_address>
         <size>0x4</size>
         <alignment>0x4</alignment>
         <input_file_ref idref="fl-122"/>
      </object_component>
      <object_component id="oc-102">
         <name>.text.SOC_rcmPerPllConfig</name>
         <load_address>0x10202160</load_address>
         <readonly>true</readonly>
         <executable>true</executable>
         <run_address>0x10202160</run_address>
         <size>0x3b6</size>
         <alignment>0x10</alignment>
         <input_file_ref idref="fl-3b"/>
      </object_component>
      <object_component id="oc-226">
         <name>.text._nop</name>
         <load_address>0x10202518</load_address>
         <readonly>true</readonly>
         <executable>true</executable>
         <run_address>0x10202518</run_address>
         <size>0x4</size>
         <alignment>0x4</alignment>
         <input_file_ref idref="fl-58"/>
      </object_component>
      <object_component id="oc-3f7">
         <name>.text.fseek</name>
         <load_address>0x1020251c</load_address>
         <readonly>true</readonly>
         <executable>true</executable>
         <run_address>0x1020251c</run_address>
         <size>0x4</size>
         <alignment>0x4</alignment>
         <input_file_ref idref="fl-60"/>
      </object_component>
      <object_component id="oc-4a3">
         <name>.text:strcmp</name>
         <load_address>0x10202520</load_address>
         <readonly>true</readonly>
         <executable>true</executable>
         <run_address>0x10202520</run_address>
         <size>0x390</size>
         <alignment>0x20</alignment>
         <input_file_ref idref="fl-11e"/>
      </object_component>
      <object_component id="oc-1a2">
         <name>.text.SOC_rcmGetClkSrcAndDivReg</name>
         <load_address>0x102028b0</load_address>
         <readonly>true</readonly>
         <executable>true</executable>
         <run_address>0x102028b0</run_address>
         <size>0x370</size>
         <alignment>0x10</alignment>
         <input_file_ref idref="fl-3b"/>
      </object_component>
      <object_component id="oc-2fd">
         <name>.text.SOC_rcmWaitMemInitDSSL2</name>
         <load_address>0x10202c20</load_address>
         <readonly>true</readonly>
         <executable>true</executable>
         <run_address>0x10202c20</run_address>
         <size>0x370</size>
         <alignment>0x10</alignment>
         <input_file_ref idref="fl-3b"/>
      </object_component>
      <object_component id="oc-1e1">
         <name>.text.EDMA_initialize</name>
         <load_address>0x10202f90</load_address>
         <readonly>true</readonly>
         <executable>true</executable>
         <run_address>0x10202f90</run_address>
         <size>0x336</size>
         <alignment>0x10</alignment>
         <input_file_ref idref="fl-34"/>
      </object_component>
      <object_component id="oc-466">
         <name>.text.remove</name>
         <load_address>0x102032c8</load_address>
         <readonly>true</readonly>
         <executable>true</executable>
         <run_address>0x102032c8</run_address>
         <size>0x4</size>
         <alignment>0x4</alignment>
         <input_file_ref idref="fl-87"/>
      </object_component>
      <object_component id="oc-2b2">
         <name>.text.UART_edmaChannelConfig</name>
         <load_address>0x102032d0</load_address>
         <readonly>true</readonly>
         <executable>true</executable>
         <run_address>0x102032d0</run_address>
         <size>0x2ce</size>
         <alignment>0x10</alignment>
         <input_file_ref idref="fl-3d"/>
      </object_component>
      <object_component id="oc-1a9">
         <name>.text.SOC_rcmCoreApllHSDivConfig</name>
         <load_address>0x102035a0</load_address>
         <readonly>true</readonly>
         <executable>true</executable>
         <run_address>0x102035a0</run_address>
         <size>0x2b6</size>
         <alignment>0x10</alignment>
         <input_file_ref idref="fl-3b"/>
      </object_component>
      <object_component id="oc-4e7">
         <name>.tramp._DebugP_assertNoLog.1</name>
         <load_address>0x10203858</load_address>
         <readonly>true</readonly>
         <executable>true</executable>
         <run_address>0x10203858</run_address>
         <size>0x8</size>
         <alignment>0x4</alignment>
         <input_file_ref idref="fl-1e"/>
      </object_component>
      <object_component id="oc-1ea">
         <name>.text.UART_open</name>
         <load_address>0x10203860</load_address>
         <readonly>true</readonly>
         <executable>true</executable>
         <run_address>0x10203860</run_address>
         <size>0x29e</size>
         <alignment>0x10</alignment>
         <input_file_ref idref="fl-3c"/>
      </object_component>
      <object_component id="oc-1e6">
         <name>.text.EDMA_open</name>
         <load_address>0x10203b00</load_address>
         <readonly>true</readonly>
         <executable>true</executable>
         <run_address>0x10203b00</run_address>
         <size>0x282</size>
         <alignment>0x10</alignment>
         <input_file_ref idref="fl-34"/>
      </object_component>
      <object_component id="oc-419">
         <name>.text.malloc</name>
         <load_address>0x10203d84</load_address>
         <readonly>true</readonly>
         <executable>true</executable>
         <run_address>0x10203d84</run_address>
         <size>0xc</size>
         <alignment>0x4</alignment>
         <input_file_ref idref="fl-5b"/>
      </object_component>
      <object_component id="oc-3aa">
         <name>.text.Alloc_resource</name>
         <load_address>0x10203d90</load_address>
         <readonly>true</readonly>
         <executable>true</executable>
         <run_address>0x10203d90</run_address>
         <size>0x250</size>
         <alignment>0x10</alignment>
         <input_file_ref idref="fl-34"/>
      </object_component>
      <object_component id="oc-2b1">
         <name>.text.UART_controllerIsr</name>
         <load_address>0x10203fe0</load_address>
         <readonly>true</readonly>
         <executable>true</executable>
         <run_address>0x10203fe0</run_address>
         <size>0x23e</size>
         <alignment>0x10</alignment>
         <input_file_ref idref="fl-3c"/>
      </object_component>
      <object_component id="oc-36a">
         <name>.text._ntoa_format</name>
         <load_address>0x10204220</load_address>
         <readonly>true</readonly>
         <executable>true</executable>
         <run_address>0x10204220</run_address>
         <size>0x23e</size>
         <alignment>0x10</alignment>
         <input_file_ref idref="fl-24"/>
      </object_component>
      <object_component id="oc-281">
         <name>.text.SIPC_init</name>
         <load_address>0x10204460</load_address>
         <readonly>true</readonly>
         <executable>true</executable>
         <run_address>0x10204460</run_address>
         <size>0x228</size>
         <alignment>0x10</alignment>
         <input_file_ref idref="fl-38"/>
      </object_component>
      <object_component id="oc-1b0">
         <name>.text.SOC_controlModuleUnlockMMR</name>
         <load_address>0x10204690</load_address>
         <readonly>true</readonly>
         <executable>true</executable>
         <run_address>0x10204690</run_address>
         <size>0x20c</size>
         <alignment>0x10</alignment>
         <input_file_ref idref="fl-3a"/>
      </object_component>
      <object_component id="oc-272">
         <name>.text.TimerP_setup</name>
         <load_address>0x102048a0</load_address>
         <readonly>true</readonly>
         <executable>true</executable>
         <run_address>0x102048a0</run_address>
         <size>0x1d6</size>
         <alignment>0x10</alignment>
         <input_file_ref idref="fl-25"/>
      </object_component>
      <object_component id="oc-222">
         <name>.text.EDMA_deinitialize</name>
         <load_address>0x10204a80</load_address>
         <readonly>true</readonly>
         <executable>true</executable>
         <run_address>0x10204a80</run_address>
         <size>0x1ca</size>
         <alignment>0x10</alignment>
         <input_file_ref idref="fl-34"/>
      </object_component>
      <object_component id="oc-40f">
         <name>.text.SOC_virtToPhy</name>
         <load_address>0x10204c50</load_address>
         <readonly>true</readonly>
         <executable>true</executable>
         <run_address>0x10204c50</run_address>
         <size>0x1c8</size>
         <alignment>0x10</alignment>
         <input_file_ref idref="fl-3a"/>
      </object_component>
      <object_component id="oc-2f4">
         <name>.text.SOC_rcmWaitMemInitDSSL3</name>
         <load_address>0x10204e20</load_address>
         <readonly>true</readonly>
         <executable>true</executable>
         <run_address>0x10204e20</run_address>
         <size>0x1c6</size>
         <alignment>0x10</alignment>
         <input_file_ref idref="fl-3b"/>
      </object_component>
      <object_component id="oc-1b5">
         <name>.text.SOC_controlModuleLockMMR</name>
         <load_address>0x10204ff0</load_address>
         <readonly>true</readonly>
         <executable>true</executable>
         <run_address>0x10204ff0</run_address>
         <size>0x1bc</size>
         <alignment>0x10</alignment>
         <input_file_ref idref="fl-3a"/>
      </object_component>
      <object_component id="oc-2a3">
         <name>.text.EDMA_transferCompletionMasterIsrFxn</name>
         <load_address>0x102051b0</load_address>
         <readonly>true</readonly>
         <executable>true</executable>
         <run_address>0x102051b0</run_address>
         <size>0x1ac</size>
         <alignment>0x10</alignment>
         <input_file_ref idref="fl-34"/>
      </object_component>
      <object_component id="oc-219">
         <name>.text.UART_close</name>
         <load_address>0x10205360</load_address>
         <readonly>true</readonly>
         <executable>true</executable>
         <run_address>0x10205360</run_address>
         <size>0x1aa</size>
         <alignment>0x10</alignment>
         <input_file_ref idref="fl-3c"/>
      </object_component>
      <object_component id="oc-417">
         <name>.text.free</name>
         <load_address>0x1020550c</load_address>
         <readonly>true</readonly>
         <executable>true</executable>
         <run_address>0x1020550c</run_address>
         <size>0x1a8</size>
         <alignment>0x4</alignment>
         <input_file_ref idref="fl-5b"/>
      </object_component>
      <object_component id="oc-434">
         <name>.text.aligned_alloc</name>
         <load_address>0x102056b4</load_address>
         <readonly>true</readonly>
         <executable>true</executable>
         <run_address>0x102056b4</run_address>
         <size>0x1a4</size>
         <alignment>0x4</alignment>
         <input_file_ref idref="fl-5b"/>
      </object_component>
      <object_component id="oc-330">
         <name>.text.SIPC_setMboxConfig</name>
         <load_address>0x10205860</load_address>
         <readonly>true</readonly>
         <executable>true</executable>
         <run_address>0x10205860</run_address>
         <size>0x19a</size>
         <alignment>0x10</alignment>
         <input_file_ref idref="fl-38"/>
      </object_component>
      <object_component id="oc-2af">
         <name>.text.UART_configInstance</name>
         <load_address>0x10205a00</load_address>
         <readonly>true</readonly>
         <executable>true</executable>
         <run_address>0x10205a00</run_address>
         <size>0x198</size>
         <alignment>0x10</alignment>
         <input_file_ref idref="fl-3c"/>
      </object_component>
      <object_component id="oc-316">
         <name>.text.SOC_rcmGetHSDIVClkOutMuxClkSrc</name>
         <load_address>0x10205ba0</load_address>
         <readonly>true</readonly>
         <executable>true</executable>
         <run_address>0x10205ba0</run_address>
         <size>0x194</size>
         <alignment>0x10</alignment>
         <input_file_ref idref="fl-3b"/>
      </object_component>
      <object_component id="oc-3d4">
         <name>.text</name>
         <load_address>0x10205d34</load_address>
         <readonly>true</readonly>
         <executable>true</executable>
         <run_address>0x10205d34</run_address>
         <size>0xc</size>
         <alignment>0x4</alignment>
         <input_file_ref idref="fl-12b"/>
      </object_component>
      <object_component id="oc-9d">
         <name>.text.Bootloader_socConfigurePll</name>
         <load_address>0x10205d40</load_address>
         <readonly>true</readonly>
         <executable>true</executable>
         <run_address>0x10205d40</run_address>
         <size>0x17c</size>
         <alignment>0x10</alignment>
         <input_file_ref idref="fl-31"/>
      </object_component>
      <object_component id="oc-2a6">
         <name>.text.EDMA_errorIsrFxn</name>
         <load_address>0x10205ec0</load_address>
         <readonly>true</readonly>
         <executable>true</executable>
         <run_address>0x10205ec0</run_address>
         <size>0x178</size>
         <alignment>0x10</alignment>
         <input_file_ref idref="fl-34"/>
      </object_component>
      <object_component id="oc-3c4">
         <name>.text.UART_write</name>
         <load_address>0x10206040</load_address>
         <readonly>true</readonly>
         <executable>true</executable>
         <run_address>0x10206040</run_address>
         <size>0x172</size>
         <alignment>0x10</alignment>
         <input_file_ref idref="fl-3c"/>
      </object_component>
      <object_component id="oc-31b">
         <name>.text.SOC_rcmGetDpllHSDivOutFreq</name>
         <load_address>0x102061c0</load_address>
         <readonly>true</readonly>
         <executable>true</executable>
         <run_address>0x102061c0</run_address>
         <size>0x146</size>
         <alignment>0x10</alignment>
         <input_file_ref idref="fl-3b"/>
      </object_component>
      <object_component id="oc-3fc">
         <name>.text.setvbuf</name>
         <load_address>0x10206308</load_address>
         <readonly>true</readonly>
         <executable>true</executable>
         <run_address>0x10206308</run_address>
         <size>0x144</size>
         <alignment>0x4</alignment>
         <input_file_ref idref="fl-56"/>
      </object_component>
      <object_component id="oc-1b6">
         <name>.text.ClockP_init</name>
         <load_address>0x10206450</load_address>
         <readonly>true</readonly>
         <executable>true</executable>
         <run_address>0x10206450</run_address>
         <size>0x13c</size>
         <alignment>0x10</alignment>
         <input_file_ref idref="fl-1d"/>
      </object_component>
      <object_component id="oc-3f4">
         <name>.text.UART_writeDma</name>
         <load_address>0x10206590</load_address>
         <readonly>true</readonly>
         <executable>true</executable>
         <run_address>0x10206590</run_address>
         <size>0x13a</size>
         <alignment>0x10</alignment>
         <input_file_ref idref="fl-3d"/>
      </object_component>
      <object_component id="oc-2bd">
         <name>.text._ntoa_long_long</name>
         <load_address>0x102066d0</load_address>
         <readonly>true</readonly>
         <executable>true</executable>
         <run_address>0x102066d0</run_address>
         <size>0x138</size>
         <alignment>0x10</alignment>
         <input_file_ref idref="fl-24"/>
      </object_component>
      <object_component id="oc-12e">
         <name>.text.Hsmclient_loadHSMRtFirmware</name>
         <load_address>0x10206810</load_address>
         <readonly>true</readonly>
         <executable>true</executable>
         <run_address>0x10206810</run_address>
         <size>0x12c</size>
         <alignment>0x10</alignment>
         <input_file_ref idref="fl-36"/>
      </object_component>
      <object_component id="oc-208">
         <name>.text.Bootloader_rprcImageLoad</name>
         <load_address>0x10206940</load_address>
         <readonly>true</readonly>
         <executable>true</executable>
         <run_address>0x10206940</run_address>
         <size>0x122</size>
         <alignment>0x10</alignment>
         <input_file_ref idref="fl-2f"/>
      </object_component>
      <object_component id="oc-1a8">
         <name>.text.SOC_rcmConfigurePllCore</name>
         <load_address>0x10206a70</load_address>
         <readonly>true</readonly>
         <executable>true</executable>
         <run_address>0x10206a70</run_address>
         <size>0x120</size>
         <alignment>0x10</alignment>
         <input_file_ref idref="fl-3b"/>
      </object_component>
      <object_component id="oc-18b">
         <name>.text.SOC_rcmConfigurePllDsp</name>
         <load_address>0x10206b90</load_address>
         <readonly>true</readonly>
         <executable>true</executable>
         <run_address>0x10206b90</run_address>
         <size>0x120</size>
         <alignment>0x10</alignment>
         <input_file_ref idref="fl-3b"/>
      </object_component>
      <object_component id="oc-195">
         <name>.text.SOC_rcmConfigurePllPer</name>
         <load_address>0x10206cb0</load_address>
         <readonly>true</readonly>
         <executable>true</executable>
         <run_address>0x10206cb0</run_address>
         <size>0x120</size>
         <alignment>0x10</alignment>
         <input_file_ref idref="fl-3b"/>
      </object_component>
      <object_component id="oc-109">
         <name>.text.SOC_rcmCoreDpllConfig</name>
         <load_address>0x10206dd0</load_address>
         <readonly>true</readonly>
         <executable>true</executable>
         <run_address>0x10206dd0</run_address>
         <size>0x120</size>
         <alignment>0x10</alignment>
         <input_file_ref idref="fl-3b"/>
      </object_component>
      <object_component id="oc-31a">
         <name>.text.SOC_rcmGetApllHSDivOutFreq</name>
         <load_address>0x10206ef0</load_address>
         <readonly>true</readonly>
         <executable>true</executable>
         <run_address>0x10206ef0</run_address>
         <size>0x11e</size>
         <alignment>0x10</alignment>
         <input_file_ref idref="fl-3b"/>
      </object_component>
      <object_component id="oc-1fc">
         <name>.text</name>
         <load_address>0x10207010</load_address>
         <readonly>true</readonly>
         <executable>true</executable>
         <run_address>0x10207010</run_address>
         <size>0x118</size>
         <alignment>0x4</alignment>
         <input_file_ref idref="fl-125"/>
      </object_component>
      <object_component id="oc-2be">
         <name>.text._ntoa_long</name>
         <load_address>0x10207130</load_address>
         <readonly>true</readonly>
         <executable>true</executable>
         <run_address>0x10207130</run_address>
         <size>0x114</size>
         <alignment>0x10</alignment>
         <input_file_ref idref="fl-24"/>
      </object_component>
      <object_component id="oc-159">
         <name>.text.Bootloader_loadSelfCpu</name>
         <load_address>0x10207250</load_address>
         <readonly>true</readonly>
         <executable>true</executable>
         <run_address>0x10207250</run_address>
         <size>0x10c</size>
         <alignment>0x10</alignment>
         <input_file_ref idref="fl-2f"/>
      </object_component>
      <object_component id="oc-6a">
         <name>.text.main</name>
         <load_address>0x10207360</load_address>
         <readonly>true</readonly>
         <executable>true</executable>
         <run_address>0x10207360</run_address>
         <size>0x10a</size>
         <alignment>0x10</alignment>
         <input_file_ref idref="fl-c"/>
      </object_component>
      <object_component id="oc-31d">
         <name>.text.SOC_rcmADPLLJGetFOut</name>
         <load_address>0x10207470</load_address>
         <readonly>true</readonly>
         <executable>true</executable>
         <run_address>0x10207470</run_address>
         <size>0x102</size>
         <alignment>0x10</alignment>
         <input_file_ref idref="fl-3b"/>
      </object_component>
      <object_component id="oc-343">
         <name>.text.EDMA_clearCcErrors</name>
         <load_address>0x10207580</load_address>
         <readonly>true</readonly>
         <executable>true</executable>
         <run_address>0x10207580</run_address>
         <size>0xfa</size>
         <alignment>0x10</alignment>
         <input_file_ref idref="fl-34"/>
      </object_component>
      <object_component id="oc-35c">
         <name>.text.EDMA_registerIntr</name>
         <load_address>0x10207680</load_address>
         <readonly>true</readonly>
         <executable>true</executable>
         <run_address>0x10207680</run_address>
         <size>0xf6</size>
         <alignment>0x10</alignment>
         <input_file_ref idref="fl-34"/>
      </object_component>
      <object_component id="oc-2aa">
         <name>.text.SemaphoreP_pend</name>
         <load_address>0x10207780</load_address>
         <readonly>true</readonly>
         <executable>true</executable>
         <run_address>0x10207780</run_address>
         <size>0xf6</size>
         <alignment>0x10</alignment>
         <input_file_ref idref="fl-2c"/>
      </object_component>
      <object_component id="oc-3bd">
         <name>.text.fputc</name>
         <load_address>0x10207878</load_address>
         <readonly>true</readonly>
         <executable>true</executable>
         <run_address>0x10207878</run_address>
         <size>0xf0</size>
         <alignment>0x4</alignment>
         <input_file_ref idref="fl-54"/>
      </object_component>
      <object_component id="oc-333">
         <name>.text.SIPC_isr</name>
         <load_address>0x10207970</load_address>
         <readonly>true</readonly>
         <executable>true</executable>
         <run_address>0x10207970</run_address>
         <size>0xee</size>
         <alignment>0x10</alignment>
         <input_file_ref idref="fl-38"/>
      </object_component>
      <object_component id="oc-35f">
         <name>.text.EDMA_freeParam</name>
         <load_address>0x10207a60</load_address>
         <readonly>true</readonly>
         <executable>true</executable>
         <run_address>0x10207a60</run_address>
         <size>0xe2</size>
         <alignment>0x10</alignment>
         <input_file_ref idref="fl-34"/>
      </object_component>
      <object_component id="oc-b4">
         <name>.text.Bootloader_socLoadHsmRtFw</name>
         <load_address>0x10207b50</load_address>
         <readonly>true</readonly>
         <executable>true</executable>
         <run_address>0x10207b50</run_address>
         <size>0xe0</size>
         <alignment>0x10</alignment>
         <input_file_ref idref="fl-32"/>
      </object_component>
      <object_component id="oc-35d">
         <name>.text.EDMA_freeDmaChannel</name>
         <load_address>0x10207c30</load_address>
         <readonly>true</readonly>
         <executable>true</executable>
         <run_address>0x10207c30</run_address>
         <size>0xe0</size>
         <alignment>0x10</alignment>
         <input_file_ref idref="fl-34"/>
      </object_component>
      <object_component id="oc-35e">
         <name>.text.EDMA_freeTcc</name>
         <load_address>0x10207d10</load_address>
         <readonly>true</readonly>
         <executable>true</executable>
         <run_address>0x10207d10</run_address>
         <size>0xe0</size>
         <alignment>0x10</alignment>
         <input_file_ref idref="fl-34"/>
      </object_component>
      <object_component id="oc-2fc">
         <name>.text.SOC_rcmStartMemInitDSSL2</name>
         <load_address>0x10207df0</load_address>
         <readonly>true</readonly>
         <executable>true</executable>
         <run_address>0x10207df0</run_address>
         <size>0xe0</size>
         <alignment>0x10</alignment>
         <input_file_ref idref="fl-3b"/>
      </object_component>
      <object_component id="oc-3f2">
         <name>.text.UART_writeInterrupt</name>
         <load_address>0x10207ed0</load_address>
         <readonly>true</readonly>
         <executable>true</executable>
         <run_address>0x10207ed0</run_address>
         <size>0xe0</size>
         <alignment>0x10</alignment>
         <input_file_ref idref="fl-3c"/>
      </object_component>
      <object_component id="oc-214">
         <name>.text.Bootloader_socMemInitCpu</name>
         <load_address>0x10207fb0</load_address>
         <readonly>true</readonly>
         <executable>true</executable>
         <run_address>0x10207fb0</run_address>
         <size>0xde</size>
         <alignment>0x10</alignment>
         <input_file_ref idref="fl-31"/>
      </object_component>
      <object_component id="oc-cc">
         <name>.text.UART_flushTxFifo</name>
         <load_address>0x10208090</load_address>
         <readonly>true</readonly>
         <executable>true</executable>
         <run_address>0x10208090</run_address>
         <size>0xde</size>
         <alignment>0x10</alignment>
         <input_file_ref idref="fl-3c"/>
      </object_component>
      <object_component id="oc-25e">
         <name>.text.SOC_rcmGetCoreFout</name>
         <load_address>0x10208170</load_address>
         <readonly>true</readonly>
         <executable>true</executable>
         <run_address>0x10208170</run_address>
         <size>0xdc</size>
         <alignment>0x10</alignment>
         <input_file_ref idref="fl-3b"/>
      </object_component>
      <object_component id="oc-38d">
         <name>.text.SOC_rcmGetDSSFout</name>
         <load_address>0x10208250</load_address>
         <readonly>true</readonly>
         <executable>true</executable>
         <run_address>0x10208250</run_address>
         <size>0xdc</size>
         <alignment>0x10</alignment>
         <input_file_ref idref="fl-3b"/>
      </object_component>
      <object_component id="oc-38b">
         <name>.text.SOC_rcmGetPerFout</name>
         <load_address>0x10208330</load_address>
         <readonly>true</readonly>
         <executable>true</executable>
         <run_address>0x10208330</run_address>
         <size>0xdc</size>
         <alignment>0x10</alignment>
         <input_file_ref idref="fl-3b"/>
      </object_component>
      <object_component id="oc-17d">
         <name>.text.SOC_rcmGetHSDIVClkOutMuxClkSrcAndDivReg</name>
         <load_address>0x10208410</load_address>
         <readonly>true</readonly>
         <executable>true</executable>
         <run_address>0x10208410</run_address>
         <size>0xd8</size>
         <alignment>0x10</alignment>
         <input_file_ref idref="fl-3b"/>
      </object_component>
      <object_component id="oc-3f3">
         <name>.text.UART_writePolling</name>
         <load_address>0x102084f0</load_address>
         <readonly>true</readonly>
         <executable>true</executable>
         <run_address>0x102084f0</run_address>
         <size>0xd8</size>
         <alignment>0x10</alignment>
         <input_file_ref idref="fl-3c"/>
      </object_component>
      <object_component id="oc-3ad">
         <name>.text.EDMA_enableChInShadowRegRegion</name>
         <load_address>0x102085d0</load_address>
         <readonly>true</readonly>
         <executable>true</executable>
         <run_address>0x102085d0</run_address>
         <size>0xcc</size>
         <alignment>0x10</alignment>
         <input_file_ref idref="fl-34"/>
      </object_component>
      <object_component id="oc-497">
         <name>.text.getdevice</name>
         <load_address>0x1020869c</load_address>
         <readonly>true</readonly>
         <executable>true</executable>
         <run_address>0x1020869c</run_address>
         <size>0xc8</size>
         <alignment>0x4</alignment>
         <input_file_ref idref="fl-11d"/>
      </object_component>
      <object_component id="oc-3af">
         <name>.text.EDMA_mapChToEvtQ</name>
         <load_address>0x10208770</load_address>
         <readonly>true</readonly>
         <executable>true</executable>
         <run_address>0x10208770</run_address>
         <size>0xc4</size>
         <alignment>0x10</alignment>
         <input_file_ref idref="fl-34"/>
      </object_component>
      <object_component id="oc-21a">
         <name>.text.EDMA_close</name>
         <load_address>0x10208840</load_address>
         <readonly>true</readonly>
         <executable>true</executable>
         <run_address>0x10208840</run_address>
         <size>0xc2</size>
         <alignment>0x10</alignment>
         <input_file_ref idref="fl-34"/>
      </object_component>
      <object_component id="oc-359">
         <name>.text.EDMA_configureChannelRegion</name>
         <load_address>0x10208910</load_address>
         <readonly>true</readonly>
         <executable>true</executable>
         <run_address>0x10208910</run_address>
         <size>0xc0</size>
         <alignment>0x10</alignment>
         <input_file_ref idref="fl-34"/>
      </object_component>
      <object_component id="oc-36c">
         <name>.text._out_rev</name>
         <load_address>0x102089d0</load_address>
         <readonly>true</readonly>
         <executable>true</executable>
         <run_address>0x102089d0</run_address>
         <size>0xc0</size>
         <alignment>0x10</alignment>
         <input_file_ref idref="fl-24"/>
      </object_component>
      <object_component id="oc-274">
         <name>.text.ClockP_timerTickIsr</name>
         <load_address>0x10208a90</load_address>
         <readonly>true</readonly>
         <executable>true</executable>
         <run_address>0x10208a90</run_address>
         <size>0xbe</size>
         <alignment>0x10</alignment>
         <input_file_ref idref="fl-2b"/>
      </object_component>
      <object_component id="oc-3a7">
         <name>.text.ClockP_stop</name>
         <load_address>0x10208b50</load_address>
         <readonly>true</readonly>
         <executable>true</executable>
         <run_address>0x10208b50</run_address>
         <size>0xba</size>
         <alignment>0x10</alignment>
         <input_file_ref idref="fl-2b"/>
      </object_component>
      <object_component id="oc-105">
         <name>.text.SOC_rcmSetRssClkFreq</name>
         <load_address>0x10208c10</load_address>
         <readonly>true</readonly>
         <executable>true</executable>
         <run_address>0x10208c10</run_address>
         <size>0xba</size>
         <alignment>0x10</alignment>
         <input_file_ref idref="fl-3b"/>
      </object_component>
      <object_component id="oc-1a7">
         <name>.text.SOC_rcmProgPllCoreDivider</name>
         <load_address>0x10208cd0</load_address>
         <readonly>true</readonly>
         <executable>true</executable>
         <run_address>0x10208cd0</run_address>
         <size>0xb6</size>
         <alignment>0x10</alignment>
         <input_file_ref idref="fl-3b"/>
      </object_component>
      <object_component id="oc-189">
         <name>.text.SOC_rcmProgPllDspDivider</name>
         <load_address>0x10208d90</load_address>
         <readonly>true</readonly>
         <executable>true</executable>
         <run_address>0x10208d90</run_address>
         <size>0xb6</size>
         <alignment>0x10</alignment>
         <input_file_ref idref="fl-3b"/>
      </object_component>
      <object_component id="oc-194">
         <name>.text.SOC_rcmProgPllPerDivider</name>
         <load_address>0x10208e50</load_address>
         <readonly>true</readonly>
         <executable>true</executable>
         <run_address>0x10208e50</run_address>
         <size>0xb6</size>
         <alignment>0x10</alignment>
         <input_file_ref idref="fl-3b"/>
      </object_component>
      <object_component id="oc-413">
         <name>.text.fseeko</name>
         <load_address>0x10208f08</load_address>
         <readonly>true</readonly>
         <executable>true</executable>
         <run_address>0x10208f08</run_address>
         <size>0xb4</size>
         <alignment>0x4</alignment>
         <input_file_ref idref="fl-60"/>
      </object_component>
      <object_component id="oc-183">
         <name>.text.SOC_rcmGetXTALFrequency</name>
         <load_address>0x10208fc0</load_address>
         <readonly>true</readonly>
         <executable>true</executable>
         <run_address>0x10208fc0</run_address>
         <size>0xb2</size>
         <alignment>0x10</alignment>
         <input_file_ref idref="fl-3b"/>
      </object_component>
      <object_component id="oc-106">
         <name>.text.SOC_rcmSetPeripheralClock</name>
         <load_address>0x10209080</load_address>
         <readonly>true</readonly>
         <executable>true</executable>
         <run_address>0x10209080</run_address>
         <size>0xb0</size>
         <alignment>0x10</alignment>
         <input_file_ref idref="fl-3b"/>
      </object_component>
      <object_component id="oc-1db">
         <name>.text.UART_init</name>
         <load_address>0x10209130</load_address>
         <readonly>true</readonly>
         <executable>true</executable>
         <run_address>0x10209130</run_address>
         <size>0xb0</size>
         <alignment>0x10</alignment>
         <input_file_ref idref="fl-3c"/>
      </object_component>
      <object_component id="oc-435">
         <name>.text.__TI_closefile</name>
         <load_address>0x102091e0</load_address>
         <readonly>true</readonly>
         <executable>true</executable>
         <run_address>0x102091e0</run_address>
         <size>0xb0</size>
         <alignment>0x4</alignment>
         <input_file_ref idref="fl-64"/>
      </object_component>
      <object_component id="oc-117">
         <name>.text.Drivers_uartInit</name>
         <load_address>0x10209290</load_address>
         <readonly>true</readonly>
         <executable>true</executable>
         <run_address>0x10209290</run_address>
         <size>0xae</size>
         <alignment>0x10</alignment>
         <input_file_ref idref="fl-2"/>
      </object_component>
      <object_component id="oc-209">
         <name>.text.Bootloader_socCpuResetRelease</name>
         <load_address>0x10209340</load_address>
         <readonly>true</readonly>
         <executable>true</executable>
         <run_address>0x10209340</run_address>
         <size>0xaa</size>
         <alignment>0x10</alignment>
         <input_file_ref idref="fl-31"/>
      </object_component>
      <object_component id="oc-120">
         <name>.text.Drivers_uartOpen</name>
         <load_address>0x102093f0</load_address>
         <readonly>true</readonly>
         <executable>true</executable>
         <run_address>0x102093f0</run_address>
         <size>0xaa</size>
         <alignment>0x10</alignment>
         <input_file_ref idref="fl-3"/>
      </object_component>
      <object_component id="oc-24c">
         <name>.text.SOC_rcmGetFreqLeafNode</name>
         <load_address>0x102094a0</load_address>
         <readonly>true</readonly>
         <executable>true</executable>
         <run_address>0x102094a0</run_address>
         <size>0xaa</size>
         <alignment>0x10</alignment>
         <input_file_ref idref="fl-3b"/>
      </object_component>
      <object_component id="oc-32b">
         <name>.text.ClockP_addToList</name>
         <load_address>0x10209550</load_address>
         <readonly>true</readonly>
         <executable>true</executable>
         <run_address>0x10209550</run_address>
         <size>0xa8</size>
         <alignment>0x10</alignment>
         <input_file_ref idref="fl-2b"/>
      </object_component>
      <object_component id="oc-34a">
         <name>.text.ClockP_destruct</name>
         <load_address>0x10209600</load_address>
         <readonly>true</readonly>
         <executable>true</executable>
         <run_address>0x10209600</run_address>
         <size>0xa8</size>
         <alignment>0x10</alignment>
         <input_file_ref idref="fl-2b"/>
      </object_component>
      <object_component id="oc-389">
         <name>.text.SOC_rcmGetCoreHSDivOut</name>
         <load_address>0x102096b0</load_address>
         <readonly>true</readonly>
         <executable>true</executable>
         <run_address>0x102096b0</run_address>
         <size>0xa8</size>
         <alignment>0x10</alignment>
         <input_file_ref idref="fl-3b"/>
      </object_component>
      <object_component id="oc-38c">
         <name>.text.SOC_rcmGetDSSHSDivOut</name>
[...]
      <symbol id="sm-6f0">
         <name>SOC_rcmCoreApllHSDivConfig</name>
         <value>0x102035a1</value>
         <object_component_ref idref="oc-1a9"/>
      </symbol>
      <symbol id="sm-6f1">
         <name>SOC_rcmCoreDpllConfig</name>
         <value>0x10206dd1</value>
         <object_component_ref idref="oc-109"/>
      </symbol>
      <symbol id="sm-6f2">
         <name>SOC_rcmSetR5Clock</name>
         <value>0x1020a141</value>
         <object_component_ref idref="oc-104"/>
      </symbol>
      <symbol id="sm-6f3">
         <name>SOC_rcmGetR5Clock</name>
         <value>0x1020d861</value>
         <object_component_ref idref="oc-2ed"/>
      </symbol>
      <symbol id="sm-6f4">
         <name>SOC_rcmSetPeripheralClock</name>
         <value>0x10209081</value>
         <object_component_ref idref="oc-106"/>
      </symbol>
      <symbol id="sm-6f5">
         <name>SOC_rcmGetPeripheralClock</name>
         <value>0x1020c901</value>
         <object_component_ref idref="oc-1da"/>
      </symbol>
      <symbol id="sm-6f6">
         <name>SOC_rcmStartMemInitTCMA</name>
         <value>0x1020cd61</value>
         <object_component_ref idref="oc-2f6"/>
      </symbol>
      <symbol id="sm-6f7">
         <name>SOC_rcmStartMeminitTCMBSS</name>
         <value>0x1020c501</value>
         <object_component_ref idref="oc-2ff"/>
      </symbol>
      <symbol id="sm-6f8">
         <name>SOC_rcmStartMeminitStaticBSS</name>
         <value>0x1020ce01</value>
         <object_component_ref idref="oc-301"/>
      </symbol>
      <symbol id="sm-6f9">
         <name>SOC_rcmStartMeminitSharedBSS</name>
         <value>0x1020c4b1</value>
         <object_component_ref idref="oc-303"/>
      </symbol>
      <symbol id="sm-6fa">
         <name>SOC_rcmBSSControl</name>
         <value>0x1020a721</value>
         <object_component_ref idref="oc-2d9"/>
      </symbol>
      <symbol id="sm-6fb">
         <name>SOC_rcmPopulateBSSControl</name>
         <value>0x102098c1</value>
         <object_component_ref idref="oc-2e4"/>
      </symbol>
      <symbol id="sm-6fc">
         <name>SOC_rcmWaitMemInitTCMA</name>
         <value>0x1020cb31</value>
         <object_component_ref idref="oc-2f7"/>
      </symbol>
      <symbol id="sm-6fd">
         <name>SOC_rcmWaitMeminitTCMBSS</name>
         <value>0x1020c551</value>
         <object_component_ref idref="oc-300"/>
      </symbol>
      <symbol id="sm-6fe">
         <name>SOC_rcmWaitMeminitStaticBSS</name>
         <value>0x1020c1e1</value>
         <object_component_ref idref="oc-302"/>
      </symbol>
      <symbol id="sm-6ff">
         <name>SOC_rcmWaitMeminitSharedBSS</name>
         <value>0x1020b9b1</value>
         <object_component_ref idref="oc-304"/>
      </symbol>
      <symbol id="sm-700">
         <name>SOC_rcmDspPllConfig</name>
         <value>0x10201da1</value>
         <object_component_ref idref="oc-101"/>
      </symbol>
      <symbol id="sm-701">
         <name>SOC_rcmPerPllConfig</name>
         <value>0x10202161</value>
         <object_component_ref idref="oc-102"/>
      </symbol>
      <symbol id="sm-702">
         <name>SOC_rcmSetDspClock</name>
         <value>0x10209a21</value>
         <object_component_ref idref="oc-2d4"/>
      </symbol>
      <symbol id="sm-703">
         <name>SOC_rcmSetHSDivMux</name>
         <value>0x1020b951</value>
         <object_component_ref idref="oc-f9"/>
      </symbol>
      <symbol id="sm-704">
         <name>SOC_rcmSetRssClkFreq</name>
         <value>0x10208c11</value>
         <object_component_ref idref="oc-105"/>
      </symbol>
      <symbol id="sm-705">
         <name>SOC_rcmGetDspClock</name>
         <value>0x1020cd11</value>
         <object_component_ref idref="oc-2ee"/>
      </symbol>
      <symbol id="sm-706">
         <name>SOC_rcmWaitMemInitDSSL2</name>
         <value>0x10202c21</value>
         <object_component_ref idref="oc-2fd"/>
      </symbol>
      <symbol id="sm-707">
         <name>SOC_rcmStartMemInitDSSL2</name>
         <value>0x10207df1</value>
         <object_component_ref idref="oc-2fc"/>
      </symbol>
      <symbol id="sm-708">
         <name>SOC_rcmWaitMemInitDSSL3</name>
         <value>0x10204e21</value>
         <object_component_ref idref="oc-2f4"/>
      </symbol>
      <symbol id="sm-709">
         <name>SOC_rcmStartMemInitDSSL3</name>
         <value>0x1020a7b1</value>
         <object_component_ref idref="oc-2f3"/>
      </symbol>
      <symbol id="sm-70a">
         <name>SOC_rcmStartMemInitTCMB</name>
         <value>0x1020cdb1</value>
         <object_component_ref idref="oc-2f8"/>
      </symbol>
      <symbol id="sm-70b">
         <name>SOC_rcmWaitMemInitTCMB</name>
         <value>0x1020cb81</value>
         <object_component_ref idref="oc-2f9"/>
      </symbol>
      <symbol id="sm-70c">
         <name>SOC_rcmMemInitMssMailboxMemory</name>
         <value>0x1020d981</value>
         <object_component_ref idref="oc-2fa"/>
      </symbol>
      <symbol id="sm-70d">
         <name>SOC_rcmMemInitDssMailboxMemory</name>
         <value>0x1020d6e1</value>
         <object_component_ref idref="oc-2fe"/>
      </symbol>
      <symbol id="sm-70e">
         <name>SOC_rcmBSSR4Unhalt</name>
         <value>0x1020d561</value>
         <object_component_ref idref="oc-2ec"/>
      </symbol>
      <symbol id="sm-70f">
         <name>SOC_rcmGetEfusePGVer</name>
         <value>0x1020e1e1</value>
         <object_component_ref idref="oc-2e5"/>
      </symbol>
      <symbol id="sm-710">
         <name>SOC_rcmGetEfuseBootFrequency</name>
         <value>0x10209b81</value>
         <object_component_ref idref="oc-103"/>
      </symbol>
      <symbol id="sm-711">
         <name>SOC_rcmIsDualCoreSwitchSupported</name>
         <value>0x1020cf91</value>
         <object_component_ref idref="oc-376"/>
      </symbol>
      <symbol id="sm-712">
         <name>SOC_rcmIsPadDisableRequired</name>
         <value>0x1020cfd1</value>
         <object_component_ref idref="oc-1c5"/>
      </symbol>
      <symbol id="sm-713">
         <name>SOC_rcmDspPowerOnReset</name>
         <value>0x1020af31</value>
         <object_component_ref idref="oc-2d8"/>
      </symbol>
      <symbol id="sm-714">
         <name>SOC_rcmR5PowerOnReset</name>
         <value>0x1020b6e1</value>
         <object_component_ref idref="oc-305"/>
      </symbol>
      <symbol id="sm-715">
         <name>SOC_rcmR5TriggerReset</name>
         <value>0x1020d9b1</value>
         <object_component_ref idref="oc-306"/>
      </symbol>
      <symbol id="sm-716">
         <name>SOC_rcmCr5bUnhalt</name>
         <value>0x1020dd41</value>
         <object_component_ref idref="oc-2e2"/>
      </symbol>
      <symbol id="sm-717">
         <name>SOC_rcmC66xStart</name>
         <value>0x1020d5a1</value>
         <object_component_ref idref="oc-2e3"/>
      </symbol>
      <symbol id="sm-718">
         <name>SOC_rcmR5ConfigLockStep</name>
         <value>0x1020d711</value>
         <object_component_ref idref="oc-2d6"/>
      </symbol>
      <symbol id="sm-719">
         <name>SOC_rcmR5ConfigDualCore</name>
         <value>0x1020c821</value>
         <object_component_ref idref="oc-2d7"/>
      </symbol>
      <symbol id="sm-71a">
         <name>SOC_rcmDisableTopPbist</name>
         <value>0x1020dd61</value>
         <object_component_ref idref="oc-2eb"/>
      </symbol>
      <symbol id="sm-71b">
         <name>SOC_rcmSwitchR5Clock</name>
         <value>0x1020b211</value>
         <object_component_ref idref="oc-107"/>
      </symbol>
      <symbol id="sm-786">
         <name>UART_init</name>
         <value>0x10209131</value>
         <object_component_ref idref="oc-1db"/>
      </symbol>
      <symbol id="sm-787">
         <name>UART_deinit</name>
         <value>0x1020d741</value>
         <object_component_ref idref="oc-15e"/>
      </symbol>
      <symbol id="sm-788">
         <name>UART_open</name>
         <value>0x10203861</value>
         <object_component_ref idref="oc-1ea"/>
      </symbol>
      <symbol id="sm-789">
         <name>UART_close</name>
         <value>0x10205361</value>
         <object_component_ref idref="oc-219"/>
      </symbol>
      <symbol id="sm-78a">
         <name>UART_flushTxFifo</name>
         <value>0x10208091</value>
         <object_component_ref idref="oc-cc"/>
      </symbol>
      <symbol id="sm-78b">
         <name>UART_getHandle</name>
         <value>0x1020c781</value>
         <object_component_ref idref="oc-3c2"/>
      </symbol>
      <symbol id="sm-78c">
         <name>UART_write</name>
         <value>0x10206041</value>
         <object_component_ref idref="oc-3c4"/>
      </symbol>
      <symbol id="sm-7ad">
         <name>UART_edmaChannelConfig</name>
         <value>0x102032d1</value>
         <object_component_ref idref="oc-2b2"/>
      </symbol>
      <symbol id="sm-7ae">
         <name>UART_writeDma</name>
         <value>0x10206591</value>
         <object_component_ref idref="oc-3f4"/>
      </symbol>
      <symbol id="sm-7bc">
         <name>fputc</name>
         <value>0x10207878</value>
         <object_component_ref idref="oc-3bd"/>
      </symbol>
      <symbol id="sm-7bd">
         <name>putchar</name>
         <value>0x1020e3a0</value>
         <object_component_ref idref="oc-363"/>
      </symbol>
      <symbol id="sm-7c7">
         <name>__TI_wrt_ok</name>
         <value>0x10209ec4</value>
         <object_component_ref idref="oc-3dd"/>
      </symbol>
      <symbol id="sm-7d1">
         <name>setvbuf</name>
         <value>0x10206308</value>
         <object_component_ref idref="oc-3fc"/>
      </symbol>
      <symbol id="sm-7df">
         <name>abort</name>
         <value>0x10216730</value>
         <object_component_ref idref="oc-d7"/>
      </symbol>
      <symbol id="sm-7e0">
         <name>__TI_cleanup_ptr</name>
         <value>0x10216cf8</value>
         <object_component_ref idref="oc-16a"/>
      </symbol>
      <symbol id="sm-7e1">
         <name>__TI_dtors_ptr</name>
         <value>0x10216cfc</value>
         <object_component_ref idref="oc-16a"/>
      </symbol>
      <symbol id="sm-7e2">
         <name>exit</name>
         <value>0x1020be14</value>
         <object_component_ref idref="oc-dc"/>
      </symbol>
      <symbol id="sm-7ee">
         <name>_nop</name>
         <value>0x10202518</value>
         <object_component_ref idref="oc-226"/>
      </symbol>
      <symbol id="sm-7ef">
         <name>_lock</name>
         <value>0x10216d44</value>
         <object_component_ref idref="oc-168"/>
      </symbol>
      <symbol id="sm-7f0">
         <name>_unlock</name>
         <value>0x10216d48</value>
         <object_component_ref idref="oc-16b"/>
      </symbol>
      <symbol id="sm-7f5">
         <name>_ftable</name>
         <value>0x10216738</value>
         <object_component_ref idref="oc-3be"/>
      </symbol>
      <symbol id="sm-7f6">
         <name>__TI_ft_end</name>
         <value>0x10216d40</value>
         <object_component_ref idref="oc-43b"/>
      </symbol>
      <symbol id="sm-7f7">
         <name>__TI_tmpnams</name>
         <value>0x10211094</value>
         <object_component_ref idref="oc-46a"/>
      </symbol>
      <symbol id="sm-818">
         <name>malloc</name>
         <value>0x10203d84</value>
         <object_component_ref idref="oc-419"/>
      </symbol>
      <symbol id="sm-819">
         <name>aligned_alloc</name>
         <value>0x102056b4</value>
         <object_component_ref idref="oc-434"/>
      </symbol>
      <symbol id="sm-81a">
         <name>free</name>
         <value>0x1020550c</value>
         <object_component_ref idref="oc-417"/>
      </symbol>
      <symbol id="sm-81b">
         <name>_sys_memory</name>
         <value>0x102111d8</value>
         <object_component_ref idref="oc-4c"/>
      </symbol>
      <symbol id="sm-81c">
         <name>memalign</name>
         <value>0x102056b4</value>
         <object_component_ref idref="oc-434"/>
      </symbol>
      <symbol id="sm-827">
         <name>__TI_auto_init_nobinit_nopinit</name>
         <value>0x1020bebc</value>
         <object_component_ref idref="oc-90"/>
      </symbol>
      <symbol id="sm-835">
         <name>__TI_doflush</name>
         <value>0x1020a838</value>
         <object_component_ref idref="oc-3e7"/>
      </symbol>
      <symbol id="sm-840">
         <name>__TI_cleanup</name>
         <value>0x1020bacc</value>
         <object_component_ref idref="oc-41a"/>
      </symbol>
      <symbol id="sm-84d">
         <name>fseek</name>
         <value>0x1020251c</value>
         <object_component_ref idref="oc-3f7"/>
      </symbol>
      <symbol id="sm-84e">
         <name>fseeko</name>
         <value>0x10208f08</value>
         <object_component_ref idref="oc-413"/>
      </symbol>
      <symbol id="sm-85c">
         <name>__TI_closefile</name>
         <value>0x102091e0</value>
         <object_component_ref idref="oc-435"/>
      </symbol>
      <symbol id="sm-86c">
         <name>HOSTexit</name>
         <value>0x10201d98</value>
         <object_component_ref idref="oc-162"/>
      </symbol>
      <symbol id="sm-86d">
         <name>C$$EXIT</name>
         <value>0x10201d98</value>
         <object_component_ref idref="oc-162"/>
      </symbol>
      <symbol id="sm-877">
         <name>write</name>
         <value>0x1020d4ec</value>
         <object_component_ref idref="oc-3e3"/>
      </symbol>
      <symbol id="sm-87c">
         <name>_device</name>
         <value>0x10216a94</value>
         <object_component_ref idref="oc-423"/>
      </symbol>
      <symbol id="sm-87d">
         <name>_stream</name>
         <value>0x10216b0c</value>
         <object_component_ref idref="oc-402"/>
      </symbol>
      <symbol id="sm-885">
         <name>remove</name>
         <value>0x102032c8</value>
         <object_component_ref idref="oc-466"/>
      </symbol>
      <symbol id="sm-890">
         <name>lseek</name>
         <value>0x1020d4b8</value>
         <object_component_ref idref="oc-42e"/>
      </symbol>
      <symbol id="sm-89a">
         <name>close</name>
         <value>0x1020a5fc</value>
         <object_component_ref idref="oc-462"/>
      </symbol>
      <symbol id="sm-8a4">
         <name>unlink</name>
         <value>0x1020c868</value>
         <object_component_ref idref="oc-48e"/>
      </symbol>
      <symbol id="sm-8ae">
         <name>HOSTclose</name>
         <value>0x1020b824</value>
         <object_component_ref idref="oc-442"/>
      </symbol>
      <symbol id="sm-8b8">
         <name>HOSTlseek</name>
         <value>0x10209f60</value>
         <object_component_ref idref="oc-44e"/>
      </symbol>
      <symbol id="sm-8c2">
         <name>HOSTopen</name>
         <value>0x1020a1d8</value>
         <object_component_ref idref="oc-43e"/>
      </symbol>
      <symbol id="sm-8c3">
         <name>parmbuf</name>
         <value>0x102111c0</value>
         <object_component_ref idref="oc-474"/>
      </symbol>
      <symbol id="sm-8cd">
         <name>HOSTread</name>
         <value>0x1020a948</value>
         <object_component_ref idref="oc-446"/>
      </symbol>
      <symbol id="sm-8de">
         <name>HOSTrename</name>
         <value>0x10209e24</value>
         <object_component_ref idref="oc-456"/>
      </symbol>
      <symbol id="sm-8e8">
         <name>HOSTunlink</name>
         <value>0x1020b43c</value>
         <object_component_ref idref="oc-452"/>
      </symbol>
      <symbol id="sm-8f2">
         <name>HOSTwrite</name>
         <value>0x1020a9cc</value>
         <object_component_ref idref="oc-44a"/>
      </symbol>
      <symbol id="sm-900">
         <name>C$$IO$$</name>
         <value>0x1020bbc8</value>
         <object_component_ref idref="oc-46d"/>
      </symbol>
      <symbol id="sm-901">
         <name>__TI_writemsg</name>
         <value>0x1020bb7c</value>
         <object_component_ref idref="oc-46d"/>
      </symbol>
      <symbol id="sm-902">
         <name>__CIOBUF_</name>
         <value>0x10210ec0</value>
         <object_component_ref idref="oc-494"/>
      </symbol>
      <symbol id="sm-903">
         <name>__TI_readmsg</name>
         <value>0x1020bb24</value>
         <object_component_ref idref="oc-473"/>
      </symbol>
      <symbol id="sm-904">
         <name>_CIOBUF_</name>
         <value>0x10210ec0</value>
         <object_component_ref idref="oc-494"/>
      </symbol>
      <symbol id="sm-912">
         <name>finddevice</name>
         <value>0x1020be68</value>
         <object_component_ref idref="oc-4a0"/>
      </symbol>
      <symbol id="sm-913">
         <name>getdevice</name>
         <value>0x1020869c</value>
         <object_component_ref idref="oc-497"/>
      </symbol>
      <symbol id="sm-91e">
         <name>strcmp</name>
         <value>0x10202520</value>
         <object_component_ref idref="oc-4a3"/>
      </symbol>
      <symbol id="sm-928">
         <name>__aeabi_ldiv0</name>
         <value>0x10202158</value>
         <object_component_ref idref="oc-2c3"/>
      </symbol>
      <symbol id="sm-92e">
         <name>__aeabi_memcpy</name>
         <value>0x1020215c</value>
         <object_component_ref idref="oc-176"/>
      </symbol>
      <symbol id="sm-92f">
         <name>__aeabi_memcpy4</name>
         <value>0x1020215c</value>
         <object_component_ref idref="oc-176"/>
      </symbol>
      <symbol id="sm-930">
         <name>__aeabi_memcpy8</name>
         <value>0x1020215c</value>
         <object_component_ref idref="oc-176"/>
      </symbol>
      <symbol id="sm-937">
         <name>__aeabi_memclr</name>
         <value>0x10200cb4</value>
         <object_component_ref idref="oc-89"/>
      </symbol>
      <symbol id="sm-938">
         <name>__aeabi_memclr4</name>
         <value>0x10200cb4</value>
         <object_component_ref idref="oc-89"/>
      </symbol>
      <symbol id="sm-939">
         <name>__aeabi_memclr8</name>
         <value>0x10200cb4</value>
         <object_component_ref idref="oc-89"/>
      </symbol>
      <symbol id="sm-942">
         <name>__aeabi_uldivmod</name>
         <value>0x1020dbe4</value>
         <object_component_ref idref="oc-13e"/>
      </symbol>
      <symbol id="sm-948">
         <name>__udivmoddi4</name>
         <value>0x10207010</value>
         <object_component_ref idref="oc-1fc"/>
      </symbol>
      <symbol id="sm-950">
         <name>TI_memcpy_small</name>
         <value>0x1020de74</value>
         <object_component_ref idref="oc-30f"/>
      </symbol>
      <symbol id="sm-958">
         <name>TI_memset_small</name>
         <value>0x1020e0e8</value>
         <object_component_ref idref="oc-170"/>
      </symbol>
      <symbol id="sm-961">
         <name>AddrTranslateP_getLocalAddr</name>
         <value>0x1020e281</value>
         <object_component_ref idref="oc-290"/>
      </symbol>
      <symbol id="sm-96a">
         <name>CSL_armR5GetCpuID</name>
         <value>0x1020d951</value>
         <object_component_ref idref="oc-38e"/>
      </symbol>
      <symbol id="sm-972">
         <name>TaskP_yield</name>
         <value>0x1020e561</value>
         <object_component_ref idref="oc-151"/>
      </symbol>
      <symbol id="sm-978">
         <name>CSL_armR5ReadMpidrReg</name>
         <value>0x10205d34</value>
         <object_component_ref idref="oc-3d4"/>
      </symbol>
      <symbol id="sm-979">
         <name>_system_post_cinit</name>
         <value>0x0</value>
      </symbol>
      <symbol id="sm-97a">
         <name>__TI_Handler_Table_Limit</name>
         <value>0x0</value>
      </symbol>
      <symbol id="sm-97b">
         <name>__TI_Handler_Table_Base</name>
         <value>0x0</value>
      </symbol>
      <symbol id="sm-97c">
         <name>__TI_CINIT_Base</name>
         <value>0x0</value>
      </symbol>
      <symbol id="sm-97d">
         <name>__TI_CINIT_Limit</name>
         <value>0x0</value>
      </symbol>
   </symbol_table>
   <title>Link successful</title>
</link_info>
