******************************************************************************
               TMS320C6x Linker PC v8.5.0                      
******************************************************************************
>> Linked Mon Oct 20 17:17:05 2025

OUTPUT FILE NAME:   <empty_awr294x-evm_c66ss0_freertos_ti-c6000.out>
ENTRY POINT SYMBOL: "_c_int00"  address: 00833200


MEMORY CONFIGURATION

         name            origin    length      used     unused   attr    fill
----------------------  --------  ---------  --------  --------  ----  --------
  DSS_L2                00800000   00080000  00073c58  0000c3a8  RWIX
  MAILBOX_HSM           44000000   000003ce  00000000  000003ce  RWIX
  MAILBOX_R5F           44000400   000003ce  00000000  000003ce  RWIX
  HWA_RAM               82000000   00020000  00000000  00020000  RWIX
  DSS_L3                88000000   00280000  00280000  00000000  RWIX
  USER_SHM_MEM          c02e8000   00004000  00000000  00004000  RWIX
  LOG_SHM_MEM           c02ec000   00004000  00000000  00004000  RWIX
  RTOS_NORTOS_IPC_SHM_M c5000200   00001d40  000012c0  00000a80  RWIX


SEGMENT ALLOCATION MAP

run origin  load origin   length   init length attrs members
----------  ----------- ---------- ----------- ----- -------
00800000    00800000    00037f80   00037f80    r-x
  00800000    00800000    00000200   00000200    r-x .text:vectors
  00800200    00800200    00037d80   00037d80    r-x .text
00838000    00838000    00036ac0   00000000    rw-
  00838000    00838000    00019000   00000000    rw- .dpc_l2Heap
  00851000    00851000    00011ac0   00000000    rw- .far
  00862ac0    00862ac0    00008000   00000000    rw- .sysmem
  0086aac0    0086aac0    00004000   00000000    rw- .stack
0086eac0    0086eac0    00003b58   00003b58    r--
  0086eac0    0086eac0    00003b58   00003b58    r-- .const
00872618    00872618    000011f8   00000d78    rw-
  00872618    00872618    00000d78   00000d78    rw- .fardata
  00873390    00873390    00000480   00000000    rw- .preProcBuf
00873810    00873810    000002d8   000002d8    r--
  00873810    00873810    000002d8   000002d8    r-- .switch
00873ae8    00873ae8    00000120   00000000    rw-
  00873ae8    00873ae8    00000120   00000000    rw- .cio
00873c08    00873c08    00000008   00000008    r--
  00873c08    00873c08    00000008   00000008    r-- .rodata
00873c10    00873c10    00000018   00000018    rw-
  00873c10    00873c10    00000018   00000018    rw- .bss
00873c28    00873c28    000000b0   000000b0    rw-
  00873c28    00873c28    000000b0   000000b0    rw- .neardata
88000000    88000000    00280000   00000000    rw-
  88000000    88000000    00278000   00000000    rw- .l3ram
  88278000    88278000    00008000   00000000    rw- .demoSharedMem


SECTION ALLOCATION MAP

 output                                  attributes/
section   page    origin      length       input sections
--------  ----  ----------  ----------   ----------------
.text:vectors 
*          0    00800000    00000200     
                  00800000    00000200     freertos.awr294x.c66.ti-c6000.debug.lib : port_hwi_vectors_freertos_asm.obj (.text:vectors)

.text      0    00800200    00037d80     
                  00800200    00002160     rts6600_elf.lib : _scanfi.c.obj (.text:__TI_scanfi)
                  00802360    00002000                     : _printfi.c.obj (.text:__TI_printfi:__TI_printfi)
                  00804360    00001360     drivers.awr294x.c66.ti-c6000.debug.lib : hwa.obj (.text:HWA_configCommon)
                  008056c0    000012c0                                            : hwa.obj (.text:HWA_configParamSet)
                  00806980    00000f20     libdopplerproc_hwa_awr2944.ae66 : dopplerprochwa.oe66 (.text:DPU_DopplerProcHWA_config)
                  008078a0    00000dc0     drivers.awr294x.c66.ti-c6000.debug.lib : hwa.obj (.text:HWA_validateParamSetConfig)
                  00808660    00000d00     librangeproc_hwa_ddma_awr2944.ae66 : rangeprochwaDDMA.oe66 (.text:rangeProcHWA_ConfigHWA)
                  00809360    00000be0     freertos.awr294x.c66.ti-c6000.debug.lib : printf.obj (.text:_vsnprintf)
                  00809f40    00000ac0     objectdetection.obj (.text:DPC_ObjDet_RxChPhaseMeasure)
                  0080aa00    00000a80     drivers.awr294x.c66.ti-c6000.debug.lib : hwa.obj (.text:HWA_validateCommonConfig)
                  0080b480    00000a80                                            : soc_rcm.obj (.text:SOC_rcmGetClkSrcAndDivValue)
                  0080bf00    00000a00     objectdetection.obj (.text:DPC_ObjDet_dopplerConfig)
                  0080c900    000008e0     drivers.awr294x.c66.ti-c6000.debug.lib : hwa.obj (.text:HWA_open)
                  0080d1e0    000008e0     rts6600_elf.lib : strtod.c.obj (.text:strtod)
                  0080dac0    00000860                     : pow.c.obj (.text:pow)
                  0080e320    00000820     librangecfarproc_hwa_ddma_awr2944.ae66 : rangecfarprochwa.oe66 (.text:DPU_RangeCFARProcHWA_config)
                  0080eb40    00000820     librangeproc_hwa_ddma_awr2944.ae66 : rangeprochwaDDMA.oe66 (.text:DPU_RangeProcHWA_config)
                  0080f360    00000820     drivers.awr294x.c66.ti-c6000.debug.lib : ipc_notify_v1.obj (.text:IpcNotify_init)
                  0080fb80    000007c0     objectdetection.obj (.text:DPC_ObjDet_rangeConfig)
                  00810340    00000660     objectdetection.obj (.text:DPC_ObjectDetection_execute)
                  008109a0    00000600     rts6600_elf.lib : _printfi.c.obj (.text:_pconv_a)
                  00810fa0    000005a0     freertos.awr294x.c66.ti-c6000.debug.lib : printf.obj (.text:_ftoa)
                  00811540    00000580     rts6600_elf.lib : divd.c.obj (.text:__c6xabi_divd)
                  00811ac0    00000560     freertos.awr294x.c66.ti-c6000.debug.lib : printf.obj (.text:_etoa)
                  00812020    00000500     drivers.awr294x.c66.ti-c6000.debug.lib : soc_rcm.obj (.text:SOC_rcmGetClkSrcAndDivReg)
                  00812520    000004e0     librangeproc_hwa_ddma_awr2944.ae66 : rangeprochwaDDMA.oe66 (.text:DPU_RangeProcHWA_process)
                  00812a00    000004e0     drivers.awr294x.c66.ti-c6000.debug.lib : edma.obj (.text:EDMA_initialize)
                  00812ee0    000004c0     rts6600_elf.lib : _printfi.c.obj (.text:_pconv_g)
                  008133a0    000004c0                     : strtoll.c.obj (.text:strtoll)
                  00813860    000004a0     objectdetection.obj (.text:DPC_ObjectDetection_ioctl)
                  00813d00    00000480     objectdetection.obj (.text:DPC_ObjDet_preStartConfig)
                  00814180    00000440     drivers.awr294x.c66.ti-c6000.debug.lib : ipc_notify_v1.obj (.text:IpcNotify_isr)
                  008145c0    00000420                                            : edma.obj (.text:EDMA_open)
                  008149e0    00000420                                            : hwa.obj (.text:HWA_waitRAMInit)
                  00814e00    00000420     rts6600_elf.lib : strtoull.c.obj (.text:strtoull)
                  00815220    00000400     objectdetection.obj (.text:DPC_ObjDet_intersectDopAndRangeCFAR)
                  00815620    00000400     librangecfarproc_hwa_ddma_awr2944.ae66 : rangecfarprochwa.oe66 (.text:DPU_RangeCFARProcHWA_process)
                  00815a20    000003c0     objectdetection.obj (.text:DPC_ObjDet_rangeCfarConfig)
                  00815de0    000003c0     libdpm_awr2944.ae66 : dpm_msg.oe66 (.text:DPM_msgRecv)
                  008161a0    000003c0     drivers.awr294x.c66.ti-c6000.debug.lib : uart_sci.obj (.text:UART_open)
                  00816560    000003c0     rts6600_elf.lib : _printfi.c.obj (.text:_pconv_e)
                  00816920    000003a0     drivers.awr294x.c66.ti-c6000.debug.lib : uart_sci.obj (.text:UART_controllerIsr)
                  00816cc0    000003a0                                            : uart_sci_edma.obj (.text:UART_edmaChannelConfig)
                  00817060    000003a0     rts6600_elf.lib : strtol.c.obj (.text:strtol)
                  00817400    00000340     drivers.awr294x.c66.ti-c6000.debug.lib : edma.obj (.text:Alloc_resource)
                  00817740    00000340     libdpedma_hwa_awr2944.ae66 : dpedma.oe66 (.text:DPEDMA_configSyncAB)
                  00817a80    00000340     drivers.awr294x.c66.ti-c6000.debug.lib : hwa.obj (.text:HWA_enableParamSetInterrupt)
                  00817dc0    00000340     freertos.awr294x.c66.ti-c6000.debug.lib : HwiP_c66.obj (.text:HwiP_construct)
                  00818100    00000340     rts6600_elf.lib : cos.c.obj (.text:cos)
                  00818440    00000320     objectdetection.obj (.text:DPC_ObjectDetection_init)
                  00818760    00000320     drivers.awr294x.c66.ti-c6000.debug.lib : hwa.obj (.text:HWA_readClipStatus)
                  00818a80    00000320     rts6600_elf.lib : strtoul.c.obj (.text:strtoul)
                  00818da0    00000300     libdpm_awr2944.ae66 : dpm_core.oe66 (.text:DPM_init)
                  008190a0    00000300     freertos.awr294x.c66.ti-c6000.debug.lib : printf.obj (.text:_ntoa_format)
                  008193a0    00000300                                             : queue.obj (.text:xQueueSemaphoreTake)
                  008196a0    000002e0     rts6600_elf.lib : fputs.c.obj (.text:fputs)
                  00819980    000002c0     libdpedma_hwa_awr2944.ae66 : dpedma.oe66 (.text:DPEDMA_configSyncA_singleFrame)
                  00819c40    000002c0     drivers.awr294x.c66.ti-c6000.debug.lib : edma.obj (.text:EDMA_transferCompletionMasterIsrFxn)
                  00819f00    000002c0     freertos.awr294x.c66.ti-c6000.debug.lib : TimerP_rti.obj (.text:TimerP_setup)
                  0081a1c0    000002c0     drivers.awr294x.c66.ti-c6000.debug.lib : uart_sci.obj (.text:UART_close)
                  0081a480    000002c0     rts6600_elf.lib : memory.c.obj (.text:aligned_alloc)
                  0081a740    000002c0     DSP.obj (.text:mmWave_dssInitTask)
                  0081aa00    000002c0     freertos.awr294x.c66.ti-c6000.debug.lib : queue.obj (.text:xQueueGenericSend)
                  0081acc0    000002a0                                             : ClockP_freertos_c66.obj (.text:ClockP_init)
                  0081af60    000002a0     drivers.awr294x.c66.ti-c6000.debug.lib : ipc_rpmsg.obj (.text:RPMessage_send)
                  0081b200    000002a0                                            : ipc_rpmsg_vring.obj (.text:RPMessage_vringResetInternal)
                  0081b4a0    000002a0     freertos.awr294x.c66.ti-c6000.debug.lib : timers.obj (.text:prvProcessReceivedCommands)
                  0081b740    00000280     libdopplerproc_hwa_awr2944.ae66 : dopplerprochwa.oe66 (.text:DPU_DopplerProcHWA_process)
                  0081b9c0    00000280     librangeproc_hwa_ddma_awr2944.ae66 : rangeprochwaDDMA.oe66 (.text:DPU_RangeProcHWA_control)
                  0081bc40    00000280     drivers.awr294x.c66.ti-c6000.debug.lib : soc.obj (.text:SOC_controlModuleUnlockMMR)
                  0081bec0    00000280                                            : uart_sci.obj (.text:UART_configInstance)
                  0081c140    00000280                                            : uart_sci_edma.obj (.text:UART_writeDma)
                  0081c3c0    00000280     freertos.awr294x.c66.ti-c6000.debug.lib : queue.obj (.text:xQueueReceive)
                  0081c640    00000260     drivers.awr294x.c66.ti-c6000.debug.lib : edma.obj (.text:EDMA_errorIsrFxn)
                  0081c8a0    00000260                                            : ipc_rpmsg.obj (.text:RPMessage_init)
                  0081cb00    00000260     DSP.obj (.text:dsp_main)
                  0081cd60    00000260     rts6600_elf.lib : _printfi.c.obj (.text:fcvt)
                  0081cfc0    00000260                     : memory.c.obj (.text:free)
                  0081d220    00000260     freertos.awr294x.c66.ti-c6000.debug.lib : HeapP_internal.obj (.text:pvHeapMalloc)
                  0081d480    00000240     drivers.awr294x.c66.ti-c6000.debug.lib : ipc_rpmsg.obj (.text:RPMessage_recv)
                  0081d6c0    00000240                                            : soc_rcm.obj (.text:SOC_rcmGetHSDIVClkOutMuxClkSrc)
                  0081d900    00000240     rts6600_elf.lib : imath64.c.obj (.text:__c6xabi_divull)
                  0081db40    00000220     libdpm_awr2944.ae66 : dpm_msg.oe66 (.text:DPM_msgResultHandler)
                  0081dd60    00000220     drivers.awr294x.c66.ti-c6000.debug.lib : uart_sci.obj (.text:UART_write)
                  0081df80    00000220     rts6600_elf.lib : divf.c.obj (.text:__c6xabi_divf)
                  0081e1a0    00000220                     : _printfi.c.obj (.text:_pconv_f)
                  0081e3c0    00000220     freertos.awr294x.c66.ti-c6000.debug.lib : tasks.obj (.text:prvInitialiseNewTask)
                  0081e5e0    00000220                                             : queue.obj (.text:xQueueGenericSendFromISR)
                  0081e800    00000200     drivers.awr294x.c66.ti-c6000.debug.lib : edma.obj (.text:EDMA_isDmaChannelAllocated)
                  0081ea00    00000200                                            : hwa.obj (.text:HWA_configEGECompressKParams)
                  0081ec00    00000200     DSP.obj (.text:MmwDemo_DPC_ObjectDetection_dpmTask)
                  0081ee00    00000200     drivers.awr294x.c66.ti-c6000.debug.lib : ipc_rpmsg.obj (.text:RPMessage_recvHandler)
                  0081f000    00000200                                            : soc.obj (.text:SOC_controlModuleLockMMR)
                  0081f200    00000200     freertos.awr294x.c66.ti-c6000.debug.lib : port_hwi_disp_always.obj (.text:_Hwi_dispatchAlways)
                  0081f400    00000200     libmathutils.ae66 : mathutils.oe66 (.text:mathUtils_genWindow)
                  0081f600    000001e0     freertos.awr294x.c66.ti-c6000.debug.lib : Context_c66.obj (.text:Context_save)
                  0081f7e0    000001e0     objectdetection.obj (.text:DPC_ObjectDetection_start)
                  0081f9c0    000001e0     libdpedma_hwa_awr2944.ae66 : dpedmahwa.oe66 (.text:DPEDMAHWA_configTwoHotSignature)
                  0081fba0    000001e0     librangecfarproc_hwa_ddma_awr2944.ae66 : rangecfarprochwa.oe66 (.text:DPU_RangeCfarProcHWA_configEdmaDetMatIn)
                  0081fd80    000001e0     freertos.awr294x.c66.ti-c6000.debug.lib : tasks.obj (.text:vTaskPriorityDisinheritAfterTimeout)
                  0081ff60    000001e0                                             : queue.obj (.text:xQueueGiveFromISR)
                  00820140    000001c0     libdopplerproc_hwa_awr2944.ae66 : dopplerprochwa.oe66 (.text:DPU_DopplerProcHWA_init)
                  00820300    000001c0     drivers.awr294x.c66.ti-c6000.debug.lib : edma.obj (.text:EDMA_isTccAllocated)
                  008204c0    000001c0                                            : hwa.obj (.text:HWA_disableParamSetInterrupt)
                  00820680    000001c0                                            : hwa.obj (.text:HWA_paramDoneIntr1ISR)
                  00820840    000001c0                                            : hwa.obj (.text:HWA_paramDoneIntr2ISR)
                  00820a00    000001c0     freertos.awr294x.c66.ti-c6000.debug.lib : HwiP_c66.obj (.text:HwiP_destruct)
                  00820bc0    000001c0     drivers.awr294x.c66.ti-c6000.debug.lib : ipc_notify_v1_cfg.obj (.text:IpcNotify_trigInterrupt_ack)
                  00820d80    000001c0     rts6600_elf.lib : _printfi.c.obj (.text:__TI_printfi:_ltostr___TI_printfi)
                  00820f40    000001c0                     : imath40.c.obj (.text:__c6xabi_divul)
                  00821100    000001c0                     : fputc.c.obj (.text:fputc)
                  008212c0    000001c0                     : frexp.c.obj (.text:frexp)
                  00821480    000001c0     freertos.awr294x.c66.ti-c6000.debug.lib : queue.obj (.text:xQueueReceiveFromISR)
                  00821640    000001c0                                             : tasks.obj (.text:xTaskIncrementTick)
                  00821800    000001c0                                             : tasks.obj (.text:xTaskResumeAll)
                  008219c0    000001a0                                             : CacheP_c66.obj (.text:CacheP_block)
                  00821b60    000001a0     libdpedma_hwa_awr2944.ae66 : dpedmahwa.oe66 (.text:DPEDMAHWA_configOneHotSignature)
                  00821d00    000001a0     librangecfarproc_hwa_ddma_awr2944.ae66 : rangecfarprochwa.oe66 (.text:DPU_RangeCFARProcHWA_init)
                  00821ea0    000001a0     librangeproc_hwa_ddma_awr2944.ae66 : rangeprochwaDDMA.oe66 (.text:DPU_RangeProcHWA_init)
                  00822040    000001a0     rts6600_elf.lib : hostrename.c.obj (.text:HOSTrename)
                  008221e0    000001a0     freertos.awr294x.c66.ti-c6000.debug.lib : HwiP_c66.obj (.text:HwiP_disableInt)
                  00822380    000001a0                                             : HwiP_c66.obj (.text:HwiP_init)
                  00822520    000001a0     drivers.awr294x.c66.ti-c6000.debug.lib : ipc_notify_v1.obj (.text:IpcNotify_sendMsg)
                  008226c0    000001a0                                            : ipc_notify_v1_cfg.obj (.text:IpcNotify_trigInterrupt)
                  00822860    000001a0                                            : ipc_rpmsg_vring.obj (.text:RPMessage_vringReset)
                  00822a00    000001a0                                            : soc_rcm.obj (.text:SOC_rcmGetDpllHSDivOutFreq)
                  00822ba0    000001a0     ti_drivers_config.obj (.text:System_init)
                  00822d40    000001a0     librangeproc_hwa_ddma_awr2944.ae66 : rangeprochwaDDMA.oe66 (.text:rangeProcHWA_ConfigEDMA_DataIn)
                  00822ee0    000001a0     rts6600_elf.lib : setvbuf.c.obj (.text:setvbuf)
                  00823080    000001a0     freertos.awr294x.c66.ti-c6000.debug.lib : tasks.obj (.text:vTaskSwitchContext)
                  00823220    000001a0                                             : queue.obj (.text:xQueueGenericCreateStatic)
                  008233c0    00000180     libdpm_awr2944.ae66 : dpm_core.oe66 (.text:DPM_ioctl)
                  00823540    00000180     drivers.awr294x.c66.ti-c6000.debug.lib : edma.obj (.text:EDMA_clearCcErrors)
                  008236c0    00000180     freertos.awr294x.c66.ti-c6000.debug.lib : HwiP_c66_handlers_freertos.obj (.text:HwiP_assignIntrHandlers)
                  00823840    00000180                                             : HwiP_c66.obj (.text:HwiP_intcEcmDispatcher)
                  008239c0    00000180     DSP.obj (.text:MmwDemo_DPC_ObjectDetection_reportFxn)
                  00823b40    00000180     drivers.awr294x.c66.ti-c6000.debug.lib : soc_rcm.obj (.text:SOC_rcmGetApllHSDivOutFreq)
                  00823cc0    00000180     freertos.awr294x.c66.ti-c6000.debug.lib : TaskP_freertos.obj (.text:TaskP_loadUpdateAll)
                  00823e40    00000180     drivers.awr294x.c66.ti-c6000.debug.lib : uart_sci.obj (.text:UART_writeInterrupt)
                  00823fc0    00000180     freertos.awr294x.c66.ti-c6000.debug.lib : HwiP_c66_asm.obj (.text)
                  00824140    00000180     rts6600_elf.lib : ldexp.c.obj (.text:ldexp)
                  008242c0    00000180     librangeproc_hwa_ddma_awr2944.ae66 : rangeprochwaDDMA.oe66 (.text:rangeProcHWA_loadPreProcStats)
                  00824440    00000180     rts6600_elf.lib : memory.c.obj (.text:split)
                  008245c0    00000180     freertos.awr294x.c66.ti-c6000.debug.lib : tasks.obj (.text:xTaskPriorityDisinherit)
                  00824740    00000180                                             : tasks.obj (.text:xTaskPriorityInherit)
                  008248c0    00000160                                             : Context_c66.obj (.text:Context_restore)
                  00824a20    00000160                                             : Context_c66.obj (.text:Context_triggerSleep)
                  00824b80    00000160     libdpedma_hwa_awr2944.ae66 : dpedma.oe66 (.text:DPEDMA_allocateEDMAChannel)
                  00824ce0    00000160                                : dpedma.oe66 (.text:DPEDMA_freeEDMAChannel)
                  00824e40    00000160     libdpm_awr2944.ae66 : dpm_msg.oe66 (.text:DPM_msgResponseHandler)
                  00824fa0    00000160     librangeproc_hwa_ddma_awr2944.ae66 : rangeprochwaDDMA.oe66 (.text:DPU_RangeProcHWA_findIntfStatsStaticParams)
                  00825100    00000160     drivers.awr294x.c66.ti-c6000.debug.lib : edma.obj (.text:EDMA_freeDmaChannel)
                  00825260    00000160                                            : edma.obj (.text:EDMA_freeParam)
                  008253c0    00000160                                            : edma.obj (.text:EDMA_freeTcc)
                  00825520    00000160                                            : edma.obj (.text:EDMA_registerIntr)
                  00825680    00000160     freertos.awr294x.c66.ti-c6000.debug.lib : HwiP_c66.obj (.text:HwiP_intcDispatcherCore)
                  008257e0    00000160                                             : HwiP_c66_handlers_freertos.obj (.text:HwiP_intcNmiDispatcher)
                  00825940    00000160     drivers.awr294x.c66.ti-c6000.debug.lib : ipc_rpmsg_vring.obj (.text:RPMessage_vringGetFullRxBuf)
                  00825aa0    00000160                                            : ipc_rpmsg_vring.obj (.text:RPMessage_vringPutEmptyRxBuf)
                  00825c00    00000160                                            : ipc_rpmsg_vring.obj (.text:RPMessage_vringPutFullTxBuf)
                  00825d60    00000160                                            : soc_rcm.obj (.text:SOC_rcmADPLLJGetFOut)
                  00825ec0    00000160                                            : uart_sci.obj (.text:UART_writePolling)
                  00826020    00000160     rts6600_elf.lib : sscanf.c.obj (.text:_chkmbc)
                  00826180    00000160     freertos.awr294x.c66.ti-c6000.debug.lib : printf.obj (.text:_ntoa_long_long)
                  008262e0    00000160                                             : tasks.obj (.text:vTaskDelete)
                  00826440    00000160                                             : tasks.obj (.text:xTaskCreateStatic)
                  008265a0    00000140     drivers.awr294x.c66.ti-c6000.debug.lib : edma.obj (.text:EDMA_close)
                  008266e0    00000140                                            : edma.obj (.text:EDMA_disableChInShadowRegRegion)
                  00826820    00000140                                            : edma.obj (.text:EDMA_enableChInShadowRegRegion)
                  00826960    00000140                                            : edma.obj (.text:EDMA_freeChannelRegion)
                  00826aa0    00000140     freertos.awr294x.c66.ti-c6000.debug.lib : HwiP_c66.obj (.text:HwiP_enableInt)
                  00826be0    00000140     DSP.obj (.text:MmwDemo_copyResultToHSRAM)
                  00826d20    00000140     drivers.awr294x.c66.ti-c6000.debug.lib : ipc_rpmsg.obj (.text:RPMessage_coreInit)
                  00826e60    00000140                                            : ipc_rpmsg_vring.obj (.text:RPMessage_vringGetEmptyTxBuf)
                  00826fa0    00000140                                            : soc_rcm.obj (.text:SOC_rcmGetCoreFout)
                  008270e0    00000140                                            : soc_rcm.obj (.text:SOC_rcmGetDSSFout)
                  00827220    00000140                                            : soc_rcm.obj (.text:SOC_rcmGetPerFout)
                  00827360    00000140                                            : uart_sci.obj (.text:UART_flushTxFifo)
                  008274a0    00000140                                            : uart_sci.obj (.text:UART_init)
                  008275e0    00000140     freertos.awr294x.c66.ti-c6000.debug.lib : printf.obj (.text:_ntoa_long)
                  00827720    00000140     rts6600_elf.lib : _scanfi.c.obj (.text:_sproc_str)
                  00827860    00000140                     : _scanfi.c.obj (.text:_sproc_wstr)
                  008279a0    00000140     librangecfarproc_hwa_ddma_awr2944.ae66 : rangecfarprochwa.oe66 (.text:dpuRangeCfarProcDDMA_createRangeCfarList)
                  00827ae0    00000140     freertos.awr294x.c66.ti-c6000.debug.lib : tasks.obj (.text:eTaskGetState)
                  00827c20    00000140                                             : queue.obj (.text:prvCopyDataToQueue)
                  00827d60    00000140                                             : timers.obj (.text:prvSwitchTimerLists)
                  00827ea0    00000140     rts6600_elf.lib : sqrtf.c.obj (.text:sqrtf)
                  00827fe0    00000140     freertos.awr294x.c66.ti-c6000.debug.lib : tasks.obj (.text:vTaskGetInfo)
                  00828120    00000140                                             : queue.obj (.text:xQueueGenericReset)
                  00828260    00000140                                             : tasks.obj (.text:xTaskCheckForTimeOut)
                  008283a0    00000120     libdpm_awr2944.ae66 : dpm_core.oe66 (.text:DPM_deinit)
                  008284c0    00000120                         : dpm_msg.oe66 (.text:DPM_msgDPCCfgHandler)
                  008285e0    00000120     drivers.awr294x.c66.ti-c6000.debug.lib : edma.obj (.text:EDMA_ccPaRAMEntry_init)
                  00828700    00000120                                            : edma.obj (.text:EDMA_configureChannelRegion)
                  00828820    00000120                                            : edma.obj (.text:EDMA_mapChToEvtQ)
                  00828940    00000120                                            : hwa.obj (.text:HWA_configRam)
                  00828a60    00000120                                            : hwa.obj (.text:HWA_getDriverAccess)
                  00828b80    00000120     freertos.awr294x.c66.ti-c6000.debug.lib : HwiP_c66.obj (.text:HwiP_clearInt)
                  00828ca0    00000120     drivers.awr294x.c66.ti-c6000.debug.lib : ipc_notify_v1.obj (.text:IpcNotify_readAckCallback)
                  00828dc0    00000120                                            : mailbox.obj (.text:Mailbox_init)
                  00828ee0    00000120                                            : ipc_rpmsg.obj (.text:RPMessage_construct)
                  00829000    00000120                                            : soc_rcm.obj (.text:SOC_rcmGetCoreHSDivOut)
                  00829120    00000120                                            : soc_rcm.obj (.text:SOC_rcmGetPerHSDivOut)
                  00829240    00000120                                            : soc.obj (.text:SOC_virtToPhy)
                  00829360    00000120                                            : uart_sci_edma.obj (.text:UART_rxEdmaIsrFxn)
                  00829480    00000120                                            : uart_sci_edma.obj (.text:UART_txEdmaIsrFxn)
                  008295a0    00000120     freertos.awr294x.c66.ti-c6000.debug.lib : printf.obj (.text:_out_rev)
                  008296c0    00000120     objectdetection.obj (.text:channelOffsetConfig)
                  008297e0    00000120     rts6600_elf.lib : getdevice.c.obj (.text:getdevice)
                  00829900    00000120     freertos.awr294x.c66.ti-c6000.debug.lib : tasks.obj (.text:prvAddNewTaskToReadyList)
                  00829a20    00000120                                             : HeapP_internal.obj (.text:prvInsertBlockIntoFreeList)
                  00829b40    00000120                                             : queue.obj (.text:prvUnlockQueue)
                  00829c60    00000120     librangeproc_hwa_ddma_awr2944.ae66 : rangeprochwaDDMA.oe66 (.text:rangeProcHWA_ConfigEDMATransposeCompressed)
                  00829d80    00000120     freertos.awr294x.c66.ti-c6000.debug.lib : HeapP_internal.obj (.text:vHeapFree)
                  00829ea0    00000120                                             : tasks.obj (.text:vTaskStartScheduler)
                  00829fc0    00000120                                             : tasks.obj (.text:xTaskRemoveFromEventList)
                  0082a0e0    00000100                                             : ClockP_freertos.obj (.text:ClockP_getTimeUsec)
                  0082a1e0    00000100     objectdetection.obj (.text:DPC_ObjDet_reconfigSubFrame)
                  0082a2e0    00000100     objectdetection.obj (.text:DPC_ObjectDetection_frameStart)
                  0082a3e0    00000100     ti_drivers_open_close.obj (.text:Drivers_uartOpen)
                  0082a4e0    00000100     drivers.awr294x.c66.ti-c6000.debug.lib : hwa.obj (.text:HWA_enableDoneInterrupt)
                  0082a5e0    00000100                                            : hwa.obj (.text:HWA_getDMAChanIndex)
                  0082a6e0    00000100     freertos.awr294x.c66.ti-c6000.debug.lib : HwiP_c66.obj (.text:HwiP_intcMapEventVector)
                  0082a7e0    00000100     drivers.awr294x.c66.ti-c6000.debug.lib : ipc_notify_v1.obj (.text:IpcNotify_Params_init)
                  0082a8e0    00000100     ti_power_clock_config.obj (.text:Module_clockSetFrequency)
                  0082a9e0    00000100     drivers.awr294x.c66.ti-c6000.debug.lib : ipc_rpmsg.obj (.text:RPMessage_Params_init)
                  0082aae0    00000100                                            : soc_rcm.obj (.text:SOC_rcmGetFreqLeafNode)
                  0082abe0    00000100     freertos.awr294x.c66.ti-c6000.debug.lib : SemaphoreP_freertos.obj (.text:SemaphoreP_constructBinary)
                  0082ace0    00000100     drivers.awr294x.c66.ti-c6000.debug.lib : uart_sci.obj (.text:UART_writeCancelNoCB)
                  0082ade0    00000100     rts6600_elf.lib : fclose.c.obj (.text:__TI_closefile)
                  0082aee0    00000100                     : atoi.c.obj (.text:atoi)
                  0082afe0    00000100                     : fseek.c.obj (.text:fseeko)
                  0082b0e0    00000100     freertos.awr294x.c66.ti-c6000.debug.lib : tasks.obj (.text:prvAddCurrentTaskToDelayedList)
                  0082b1e0    00000100                                             : HeapP_internal.obj (.text:prvHeapInit)
                  0082b2e0    000000e0     objectdetection.obj (.text:DPC_ObjectDetection_deinit)
                  0082b3c0    000000e0     objectdetection.obj (.text:DPC_ObjectDetection_stop)
                  0082b4a0    000000e0     libdpedma_hwa_awr2944.ae66 : dpedma.oe66 (.text:DPEDMA_setup_shadow_link)
                  0082b580    000000e0     libdpm_awr2944.ae66 : dpm_core.oe66 (.text:DPM_execute)
                  0082b660    000000e0                         : dpm_awr294x.oe66 (.text:DPM_initDeviceHook)
                  0082b740    000000e0                         : dpm_pipe.oe66 (.text:DPM_pipeSend)
                  0082b820    000000e0                         : dpm_core.oe66 (.text:DPM_sendResult)
                  0082b900    000000e0     ti_drivers_open_close.obj (.text:Drivers_edmaOpen)
                  0082b9e0    000000e0     ti_drivers_config.obj (.text:Drivers_uartInit)
                  0082bac0    000000e0     drivers.awr294x.c66.ti-c6000.debug.lib : edma.obj (.text:EDMA_disableTccInShadowRegRegion)
                  0082bba0    000000e0                                            : edma.obj (.text:EDMA_enableTccInShadowRegRegion)
                  0082bc80    000000e0                                            : edma.obj (.text:EDMA_init)
                  0082bd60    000000e0                                            : edma.obj (.text:EDMA_unmapChToEvtQ)
                  0082be40    000000e0     rts6600_elf.lib : hostlseek.c.obj (.text:HOSTlseek)
                  0082bf20    000000e0                     : hostopen.c.obj (.text:HOSTopen)
                  0082c000    000000e0     drivers.awr294x.c66.ti-c6000.debug.lib : hwa.obj (.text:HWA_clearClipStatus)
                  0082c0e0    000000e0                                            : hwa.obj (.text:HWA_configDCSubtractionSWValues)
                  0082c1c0    000000e0                                            : hwa.obj (.text:HWA_getDMAconfig)
                  0082c2a0    000000e0                                            : ipc_notify_v1.obj (.text:IpcNotify_registerClient)
                  0082c380    000000e0     objectdetection.obj (.text:ObjectDetection_freeDmaChannels)
                  0082c460    000000e0     drivers.awr294x.c66.ti-c6000.debug.lib : soc_rcm.obj (.text:SOC_rcmGetDSSHSDivOut)
                  0082c540    000000e0                                            : soc_rcm.obj (.text:SOC_rcmGetXTALFrequency)
                  0082c620    000000e0                                            : soc_rcm.obj (.text:SOC_rcmSetPeripheralClock)
                  0082c700    000000e0     rts6600_elf.lib : _ltoa.c.obj (.text:__TI_ltoa)
                  0082c7e0    000000e0                     : _io_perm.c.obj (.text:__TI_wrt_ok)
                  0082c8c0    000000e0                     : divi.asm.obj (.text:__divi)
                  0082c9a0    000000e0     objectdetection.obj (.text:allocateEDMAShadowChannel)
                  0082ca80    000000e0     rts6600_elf.lib : close.c.obj (.text:close)
                  0082cb60    000000e0                     : exit.c.obj (.text:exit)
                  0082cc40    000000e0                     : memset.c.obj (.text:memset)
                  0082cd20    000000e0                     : printf.c.obj (.text:printf)
                  0082ce00    000000e0     freertos.awr294x.c66.ti-c6000.debug.lib : tasks.obj (.text:prvInitialiseTaskLists)
                  0082cee0    000000e0                                             : timers.obj (.text:prvProcessExpiredTimer)
                  0082cfc0    000000e0     librangeproc_hwa_ddma_awr2944.ae66 : rangeprochwaDDMA.oe66 (.text:rangeProcHWA_storePreProcStats)
                  0082d0a0    000000e0     freertos.awr294x.c66.ti-c6000.debug.lib : timers.obj (.text:xTimerCreateTimerTask)
                  0082d180    000000e0                                             : timers.obj (.text:xTimerGenericCommand)
                  0082d260    000000c0                                             : ClockP_freertos.obj (.text:ClockP_usleep)
                  0082d320    000000c0     objectdetection.obj (.text:DPC_ObjDet_EDMAChannelConfigAssist)
                  0082d3e0    000000c0     objectdetection.obj (.text:DPC_ObjDet_GenRangeWindow)
                  0082d4a0    000000c0     objectdetection.obj (.text:DPC_ObjectDetection_configEdmaDetObjsOut)
                  0082d560    000000c0     drivers.awr294x.c66.ti-c6000.debug.lib : edma.obj (.text:EDMA_clrMissEvtRegion)
                  0082d620    000000c0                                            : edma.obj (.text:EDMA_getTcErrorInfo)
                  0082d6e0    000000c0                                            : edma.obj (.text:EDMA_linkChannel)
                  0082d7a0    000000c0     rts6600_elf.lib : hostread.c.obj (.text:HOSTread)
                  0082d860    000000c0                     : hostunlink.c.obj (.text:HOSTunlink)
                  0082d920    000000c0                     : hostwrite.c.obj (.text:HOSTwrite)
                  0082d9e0    000000c0     drivers.awr294x.c66.ti-c6000.debug.lib : hwa.obj (.text:HWA_configCmpLFSRSeed0)
                  0082daa0    000000c0                                            : hwa.obj (.text:HWA_configStateMachine)
                  0082db60    000000c0                                            : hwa.obj (.text:HWA_disableDoneInterrupt)
                  0082dc20    000000c0                                            : hwa.obj (.text:HWA_setDMA2ACCManualTrig)
                  0082dce0    000000c0                                            : hwa.obj (.text:HWA_startRAMInit)
                  0082dda0    000000c0                                            : hwa.obj (.text:HWA_waitDmem0Init)
                  0082de60    000000c0                                            : hwa.obj (.text:HWA_waitDmem4Init)
                  0082df20    000000c0                                            : hwa.obj (.text:HWA_waitDmem5Init)
                  0082dfe0    000000c0                                            : hwa.obj (.text:HWA_waitDmem6Init)
                  0082e0a0    000000c0                                            : hwa.obj (.text:HWA_waitDmem7Init)
                  0082e160    000000c0                                            : ipc_notify_v1.obj (.text:IpcNotify_mailboxWrite)
                  0082e220    000000c0     ti_power_clock_config.obj (.text:Module_clockEnable)
                  0082e2e0    000000c0     drivers.awr294x.c66.ti-c6000.debug.lib : ipc_rpmsg.obj (.text:RPMessage_getEndPtMsg)
                  0082e3a0    000000c0                                            : ipc_rpmsg.obj (.text:RPMessage_notifyCallback)
                  0082e460    000000c0     freertos.awr294x.c66.ti-c6000.debug.lib : SemaphoreP_freertos.obj (.text:SemaphoreP_pend)
                  0082e520    000000c0                                             : DebugP_log.obj (.text:_DebugP_assert)
                  0082e5e0    000000c0                                             : DebugP_freertos.obj (.text:_DebugP_logZone)
                  0082e6a0    000000c0     rts6600_elf.lib : autoinit.c.obj (.text:__TI_auto_init_nobinit_nopinit:__TI_auto_init_nobinit_nopinit)
                  0082e760    000000c0                     : round.c.obj (.text:__c6xabi_nround)
                  0082e820    000000c0                     : divu.asm.obj (.text:__divu)
                  0082e8e0    000000c0                     : remi.asm.obj (.text:__remi)
                  0082e9a0    000000c0                     : _printfi.c.obj (.text:_ecpy)
                  0082ea60    000000c0     freertos.awr294x.c66.ti-c6000.debug.lib : power.obj (.text)
                  0082eb20    000000c0     main.obj (.text:main)
                  0082ebe0    000000c0     freertos.awr294x.c66.ti-c6000.debug.lib : timers.obj (.text:prvProcessTimerOrBlockTask)
                  0082eca0    000000c0     rts6600_elf.lib : tls.c.obj (.text:tls:init:__TI_tls_init)
                  0082ed60    000000c0     freertos.awr294x.c66.ti-c6000.debug.lib : list.obj (.text:vListInsert)
                  0082ee20    000000c0                                             : queue.obj (.text:xQueueCreateCountingSemaphoreStatic)
                  0082eee0    000000a0                                             : CacheP_c66.obj (.text:CacheP_init)
                  0082ef80    000000a0     objectdetection.obj (.text:DPC_ObjDet_MemPoolAlloc)
                  0082f020    000000a0     objectdetection.obj (.text:DPC_ObjectDetection_ConfigureADCBuf)
                  0082f0c0    000000a0     libdpm_awr2944.ae66 : dpm_msg.oe66 (.text:DPM_msgStartHandler)
                  0082f160    000000a0                         : dpm_msg.oe66 (.text:DPM_msgStopHandler)
                  0082f200    000000a0                         : dpm_pipe.oe66 (.text:DPM_pipeRecv)
                  0082f2a0    000000a0                         : dpm_core.oe66 (.text:DPM_synch)
                  0082f340    000000a0     drivers.awr294x.c66.ti-c6000.debug.lib : edma.obj (.text:EDMA_allocDmaChannel)
                  0082f3e0    000000a0                                            : edma.obj (.text:EDMA_allocParam)
                  0082f480    000000a0                                            : edma.obj (.text:EDMA_allocTcc)
                  0082f520    000000a0                                            : edma.obj (.text:EDMA_clearTcErrors)
                  0082f5c0    000000a0                                            : edma.obj (.text:EDMA_disableTransferRegion)
                  0082f660    000000a0                                            : edma.obj (.text:EDMA_enableTransferRegion)
                  0082f700    000000a0                                            : edma.obj (.text:EDMA_readIntrStatusRegion)
                  0082f7a0    000000a0     rts6600_elf.lib : hostclose.c.obj (.text:HOSTclose)
                  0082f840    000000a0     drivers.awr294x.c66.ti-c6000.debug.lib : hwa.obj (.text:HWA_allALTParamDoneISR)
                  0082f8e0    000000a0                                            : hwa.obj (.text:HWA_allParamDoneISR)
                  0082f980    000000a0                                            : hwa.obj (.text:HWA_configDCEstimationProfile1)
                  0082fa20    000000a0                                            : hwa.obj (.text:HWA_configFFTLFSRSeed)
                  0082fac0    000000a0                                            : hwa.obj (.text:HWA_configInterfMitigationWindowParams)
                  0082fb60    000000a0                                            : hwa.obj (.text:HWA_configInterfSumMagDiffScaler)
                  0082fc00    000000a0                                            : hwa.obj (.text:HWA_configInterfSumMagScaler)
                  0082fca0    000000a0                                            : hwa.obj (.text:HWA_deleteInstance)
                  0082fd40    000000a0                                            : hwa.obj (.text:HWA_dmemInit)
                  0082fde0    000000a0                                            : hwa.obj (.text:HWA_enable)
                  0082fe80    000000a0                                            : hwa.obj (.text:HWA_getHWAMemInfo)
                  0082ff20    000000a0                                            : hwa.obj (.text:HWA_readCFARPeakCountReg)
                  0082ffc0    000000a0                                            : hwa.obj (.text:HWA_startDmem0Init)
                  00830060    000000a0                                            : hwa.obj (.text:HWA_startDmem1Init)
                  00830100    000000a0                                            : hwa.obj (.text:HWA_startDmem2Init)
                  008301a0    000000a0                                            : hwa.obj (.text:HWA_startDmem3Init)
                  00830240    000000a0                                            : hwa.obj (.text:HWA_startDmem4Init)
                  008302e0    000000a0                                            : hwa.obj (.text:HWA_startDmem5Init)
                  00830380    000000a0                                            : hwa.obj (.text:HWA_startDmem6Init)
                  00830420    000000a0                                            : hwa.obj (.text:HWA_startDmem7Init)
                  008304c0    000000a0                                            : hwa.obj (.text:HWA_waitDmem1Init)
                  00830560    000000a0                                            : hwa.obj (.text:HWA_waitDmem2Init)
                  00830600    000000a0                                            : hwa.obj (.text:HWA_waitDmem3Init)
                  008306a0    000000a0                                            : ipc_notify_v1.obj (.text:IpcNotify_mailboxReadSwQ)
                  00830740    000000a0                                            : ipc_notify_v1.obj (.text:IpcNotify_makeMsg)
                  008307e0    000000a0     DSP.obj (.text:MmwDemo_updateObjectDetStats)
                  00830880    000000a0     drivers.awr294x.c66.ti-c6000.debug.lib : pinmux.obj (.text:Pinmux_config)
                  00830920    000000a0                                            : ipc_rpmsg.obj (.text:RPMessage_destruct)
                  008309c0    000000a0                                            : ipc_rpmsg_vring.obj (.text:RPMessage_vringIsFullRxBuf)
                  00830a60    000000a0                                            : soc_rcm.obj (.text:SOC_rcmGetFreq)
                  00830b00    000000a0                                            : soc_rcm.obj (.text:SOC_rcmInsert16)
                  00830ba0    000000a0     freertos.awr294x.c66.ti-c6000.debug.lib : SemaphoreP_freertos.obj (.text:SemaphoreP_constructCounting)
                  00830c40    000000a0                                             : SemaphoreP_freertos.obj (.text:SemaphoreP_constructMutex)
                  00830ce0    000000a0                                             : SemaphoreP_freertos.obj (.text:SemaphoreP_post)
                  00830d80    000000a0                                             : TaskP_freertos.obj (.text:TaskP_loadResetAll)
                  00830e20    000000a0     drivers.awr294x.c66.ti-c6000.debug.lib : uart_sci.obj (.text:UART_Params_init)
                  00830ec0    000000a0                                            : uart_sci.obj (.text:UART_checkOpenParams)
                  00830f60    000000a0                                            : uart_sci.obj (.text:UART_rxChar)
                  00831000    000000a0                                            : uart_sci.obj (.text:UART_txChar)
                  008310a0    000000a0     rts6600_elf.lib : fopen.c.obj (.text:__TI_cleanup)
                  00831140    000000a0                     : fflush.c.obj (.text:__TI_doflush)
                  008311e0    000000a0                     : fixfu.c.obj (.text:__c6xabi_fixfu)
                  00831280    000000a0                     : remu.asm.obj (.text:__remu)
                  00831320    000000a0                     : getdevice.c.obj (.text:finddevice)
                  008313c0    000000a0     objectdetection.obj (.text:isObjInRangeAndDopplerList)
                  00831460    000000a0     rts6600_elf.lib : memcpy64.asm.obj (.text:memcpy)
                  00831500    000000a0                     : modf.c.obj (.text:modf)
                  008315a0    000000a0     freertos.awr294x.c66.ti-c6000.debug.lib : timers.obj (.text:prvCheckForValidListAndQueue)
                  00831640    000000a0                                             : tasks.obj (.text:prvIdleTask)
                  008316e0    000000a0                                             : timers.obj (.text:prvInsertTimerInActiveList)
                  00831780    000000a0                                             : queue.obj (.text:vQueueUnregisterQueue)
                  00831820    000000a0                                             : queue.obj (.text:vQueueWaitForMessageRestricted)
                  008318c0    000000a0                                             : queue.obj (.text:xQueueGiveMutexRecursive)
                  00831960    000000a0                                             : queue.obj (.text:xQueueTakeMutexRecursive)
                  00831a00    00000080                                             : CacheP_c66.obj (.text:CacheP_all)
                  00831a80    00000080                                             : CacheP_c66.obj (.text:CacheP_setMar)
                  00831b00    00000080                                             : CacheP_c66.obj (.text:CacheP_setSize)
                  00831b80    00000080                                             : Context_c66.obj (.text:Context_sleepHook)
                  00831c00    00000080     libdpm_awr2944.ae66 : dpm_mailbox.oe66 (.text:DPM_mboxInit)
                  00831c80    00000080                         : dpm_mailbox.oe66 (.text:DPM_mboxMsgSend)
                  00831d00    00000080                         : dpm_mailbox.oe66 (.text:DPM_mboxSendResult)
                  00831d80    00000080                         : dpm_core.oe66 (.text:DPM_notifyExecute)
                  00831e00    00000080                         : dpm_pipe.oe66 (.text:DPM_pipeDeinit)
                  00831e80    00000080                         : dpm_pipe.oe66 (.text:DPM_pipeInit)
                  00831f00    00000080     librangeproc_hwa_ddma_awr2944.ae66 : rangeprochwaDDMA.oe66 (.text:DPU_RangeProcHWA_findDCEstStaticParams)
                  00831f80    00000080     drivers.awr294x.c66.ti-c6000.debug.lib : edma.obj (.text:EDMA_clrEvtRegion)
                  00832000    00000080                                            : edma.obj (.text:EDMA_clrIntrRegion)
                  00832080    00000080                                            : edma.obj (.text:EDMA_disableDmaEvtRegion)
                  00832100    00000080                                            : edma.obj (.text:EDMA_disableEvtIntrRegion)
                  00832180    00000080                                            : edma.obj (.text:EDMA_enableDmaEvtRegion)
                  00832200    00000080                                            : edma.obj (.text:EDMA_enableEvtIntrRegion)
                  00832280    00000080                                            : edma.obj (.text:EDMA_getBaseAddr)
                  00832300    00000080                                            : edma.obj (.text:EDMA_getCcErrorInfo)
                  00832380    00000080                                            : edma.obj (.text:EDMA_getHandle)
                  00832400    00000080                                            : edma.obj (.text:EDMA_mapQdmaChToPaRAM)
                  00832480    00000080                                            : edma.obj (.text:EDMA_setEvtRegion)
                  00832500    00000080                                            : edma.obj (.text:EDMA_setPaRAM)
                  00832580    00000080                                            : hwa.obj (.text:HWA_localRamErrorISR)
                  00832600    00000080                                            : hwa.obj (.text:HWA_releaseDriverAccess)
                  00832680    00000080                                            : ipc_notify_v1.obj (.text:IpcNotify_getMemoryToRead)
                  00832700    00000080                                            : ipc_notify_v1.obj (.text:IpcNotify_getMemoryToWrite)
                  00832780    00000080                                            : ipc_notify_v1.obj (.text:IpcNotify_getReadDoneAckMailbox)
                  00832800    00000080                                            : ipc_notify_v1.obj (.text:IpcNotify_getWriteMailbox)
                  00832880    00000080                                            : ipc_notify_v1.obj (.text:IpcNotify_mailboxWriteCustomIpcConfig)
                  00832900    00000080                                            : ipc_notify_v1.obj (.text:IpcNotify_unregisterClient)
                  00832980    00000080                                            : mailbox.obj (.text:Mailbox_readCallback)
                  00832a00    00000080                                            : ipc_rpmsg.obj (.text:RPMessage_allocEndPtMsg)
                  00832a80    00000080                                            : ipc_rpmsg.obj (.text:RPMessage_controlEndPtHandler)
                  00832b00    00000080                                            : ipc_rpmsg.obj (.text:RPMessage_freeEndPtMsg)
                  00832b80    00000080                                            : ipc_rpmsg.obj (.text:RPMessage_queueGet)
                  00832c00    00000080                                            : ipc_rpmsg_vring.obj (.text:RPMessage_vringCheckEmptyTxBuf)
                  00832c80    00000080                                            : ipc_rpmsg_vring.obj (.text:RPMessage_vringGetSize)
                  00832d00    00000080                                            : soc_rcm.obj (.text:SOC_rcmExtract32)
                  00832d80    00000080                                            : soc_rcm.obj (.text:SOC_rcmExtract8)
                  00832e00    00000080                                            : soc_rcm.obj (.text:SOC_rcmGetClkSrcFromClkSelVal)
                  00832e80    00000080                                            : soc_rcm.obj (.text:SOC_rcmMake16)
                  00832f00    00000080     freertos.awr294x.c66.ti-c6000.debug.lib : TaskP_freertos.obj (.text:TaskP_calcCpuLoad)
                  00832f80    00000080                                             : port_tasksupport.obj (.text:_TaskSupport_swap__E)
                  00833000    00000080     rts6600_elf.lib : trgmsg.c.obj (.text:__TI_readmsg)
                  00833080    00000080                     : fixdu.c.obj (.text:__c6xabi_fixdu)
                  00833100    00000080                     : llshift.c.obj (.text:__c6xabi_llshl)
                  00833180    00000080     freertos.awr294x.c66.ti-c6000.debug.lib : printf.obj (.text:_atoi)
                  00833200    00000080     rts6600_elf.lib : boot.c.obj (.text:_c_int00)
                  00833280    00000080                     : snprintf.c.obj (.text:_outs)
                  00833300    00000080                     : memory.c.obj (.text:free_list_insert)
                  00833380    00000080                     : memory.c.obj (.text:free_list_remove)
                  00833400    00000080     freertos.awr294x.c66.ti-c6000.debug.lib : tasks.obj (.text:prvCheckTasksWaitingTermination)
                  00833480    00000080                                             : queue.obj (.text:prvCopyDataFromQueue)
                  00833500    00000080                                             : tasks.obj (.text:prvDeleteTCB)
                  00833580    00000080                                             : tasks.obj (.text:prvGetExpectedIdleTime)
                  00833600    00000080                                             : queue.obj (.text:prvInitialiseNewQueue)
                  00833680    00000080     rts6600_elf.lib : snprintf.c.obj (.text:snprintf)
                  00833700    00000080                     : strncpy.c.obj (.text:strncpy)
                  00833780    00000080                     : unlink.c.obj (.text:unlink)
                  00833800    00000080     freertos.awr294x.c66.ti-c6000.debug.lib : list.obj (.text:uxListRemove)
                  00833880    00000080                                             : list.obj (.text:vListInsertEnd)
                  00833900    00000080                                             : port.obj (.text:vPortAssertIfInISR)
                  00833980    00000080                                             : port.obj (.text:vPortYield)
                  00833a00    00000080                                             : queue.obj (.text:vQueueAddToRegistry)
                  00833a80    00000080                                             : queue.obj (.text:vQueueDelete)
                  00833b00    00000080                                             : tasks.obj (.text:vTaskDelay)
                  00833b80    00000080                                             : tasks.obj (.text:vTaskPlaceOnEventList)
                  00833c00    00000080                                             : tasks.obj (.text:vTaskPlaceOnEventListRestricted)
                  00833c80    00000060     objectdetection.obj (.text:CSL_REG32_FINS_RAW)
                  00833ce0    00000060     freertos.awr294x.c66.ti-c6000.debug.lib : CacheP_c66.obj (.text:CacheP_wbAll)
                  00833d40    00000060                                             : CacheP_c66.obj (.text:CacheP_wbInvAll)
                  00833da0    00000060                                             : ClockP_freertos.obj (.text:ClockP_timerTickIsr)
                  00833e00    00000060     objectdetection.obj (.text:DPC_ObjDet_GenDopplerWindow)
                  00833e60    00000060     libdpedma_hwa_awr2944.ae66 : dpedma.oe66 (.text:DPEDMA_edmaStartTransferManualTrigger)
                  00833ec0    00000060     libdpm_awr2944.ae66 : dpm_awr294x.oe66 (.text:DPM_deinitDeviceHook)
                  00833f20    00000060                         : dpm_listlib.oe66 (.text:DPM_listCat)
                  00833f80    00000060                         : dpm_msg.oe66 (.text:DPM_msgInitHeader)
                  00833fe0    00000060     librangeproc_hwa_ddma_awr2944.ae66 : rangeprochwaDDMA.oe66 (.text:DPU_RangeProcHWA_deinit)
                  00834040    00000060     freertos.awr294x.c66.ti-c6000.debug.lib : DebugP_uartLogWriter.obj (.text:DebugP_uartLogWriterPutChar)
                  008340a0    00000060     ti_dpl_config.obj (.text:Dpl_init)
                  00834100    00000060     ti_drivers_open_close.obj (.text:Drivers_edmaClose)
                  00834160    00000060     ti_drivers_open_close.obj (.text:Drivers_uartClose)
                  008341c0    00000060     drivers.awr294x.c66.ti-c6000.debug.lib : edma.obj (.text:EDMA_qdmaClrMissEvtRegion)
                  00834220    00000060                                            : hwa.obj (.text:HWA_configCFARThresholdScale)
                  00834280    00000060                                            : hwa.obj (.text:HWA_configTwidDitherEnable)
                  008342e0    00000060                                            : hwa.obj (.text:HWA_configTwiddleIncrDeltaFrac)
                  00834340    00000060                                            : hwa.obj (.text:HWA_doReset)
                  008343a0    00000060                                            : edma.obj (.text:HW_WR_FIELD32_RAW)
                  00834400    00000060     freertos.awr294x.c66.ti-c6000.debug.lib : HeapP_freertos.obj (.text:HeapP_construct)
                  00834460    00000060                                             : HwiP_c66.obj (.text:HwiP_Params_init)
                  008344c0    00000060                                             : port_hwi.obj (.text:HwiP_inISR)
                  00834520    00000060                                             : port_hwi.obj (.text:Hwi_dispatchC__I)
                  00834580    00000060     ti_drivers_config.obj (.text:IpcNotify_allocSwQueue)
                  008345e0    00000060     drivers.awr294x.c66.ti-c6000.debug.lib : ipc_notify_v1.obj (.text:IpcNotify_getReadDoneMailbox)
                  00834640    00000060                                            : ipc_notify_v1.obj (.text:IpcNotify_getReadMailbox)
                  008346a0    00000060                                            : ipc_notify_v1.obj (.text:IpcNotify_getReadSwQ)
                  00834700    00000060                                            : ipc_notify_v1.obj (.text:IpcNotify_mailboxIsPendingIntr)
                  00834760    00000060                                            : ipc_notify_v1.obj (.text:IpcNotify_mailboxReadCustomIpcConfig)
                  008347c0    00000060                                            : ipc_notify_v1.obj (.text:IpcNotify_syncCallback)
                  00834820    00000060                                            : ipc_notify_v1.obj (.text:IpcNotify_syncCustomIpcConfig)
                  00834880    00000060                                            : mailbox_cfg.obj (.text:Mailbox_getRemoteCoreObj)
                  008348e0    00000060     data_path.obj (.text:MmwDemo_dataPathOpen)
                  00834940    00000060     data_path.obj (.text:MmwDemo_hwaOpen)
                  008349a0    00000060     drivers.awr294x.c66.ti-c6000.debug.lib : ipc_rpmsg.obj (.text:RPMessage_controlEndPtInit)
                  00834a00    00000060                                            : ipc_rpmsg.obj (.text:RPMessage_getLocalEndPt)
                  00834a60    00000060                                            : ipc_rpmsg.obj (.text:RPMessage_isLinuxCore)
                  00834ac0    00000060                                            : ipc_rpmsg.obj (.text:RPMessage_putEndPtMsg)
                  00834b20    00000060                                            : ipc_rpmsg.obj (.text:RPMessage_queuePut)
                  00834b80    00000060                                            : ipc_rpmsg_vring.obj (.text:RPMessage_vringGetRxBufAddr)
                  00834be0    00000060                                            : ipc_rpmsg_vring.obj (.text:RPMessage_vringGetTxBufAddr)
                  00834c40    00000060                                            : ipc_rpmsg_vring.obj (.text:RPMessage_vringGetTxBufLen)
                  00834ca0    00000060                                            : soc_rcm.obj (.text:SOC_rcmGetModuleClkDivVal)
                  00834d00    00000060                                            : soc_rcm.obj (.text:SOC_rcmGetPeripheralClock)
                  00834d60    00000060                                            : soc_rcm.obj (.text:SOC_rcmIsPadDisableRequired)
                  00834dc0    00000060     freertos.awr294x.c66.ti-c6000.debug.lib : TaskP_freertos.obj (.text:TaskP_loadGetTotalCpuLoad)
                  00834e20    00000060                                             : TimerP_rti.obj (.text:TimerP_Params_init)
                  00834e80    00000060                                             : TimerP_rti.obj (.text:TimerP_getCount)
                  00834ee0    00000060                                             : DebugP_uartLogWriter.obj (.text:UART_Transaction_init)
                  00834f40    00000060     drivers.awr294x.c66.ti-c6000.debug.lib : uart_sci.obj (.text:UART_checkTransaction)
                  00834fa0    00000060                                            : uart_sci.obj (.text:UART_getHandle)
                  00835000    00000060     objectdetection.obj (.text:_DPC_Objdet_Assert)
                  00835060    00000060     freertos.awr294x.c66.ti-c6000.debug.lib : port_hwi_switch.obj (.text:_Hwi_switchAndDispatch__I)
                  008350c0    00000060     rts6600_elf.lib : frcmpyd_div.c.obj (.text:__TI_frcmpyd_div)
                  00835120    00000060                     : trgmsg.c.obj (.text:__TI_writemsg)
                  00835180    00000060                     : llshift.c.obj (.text:__c6xabi_llshru)
                  008351e0    00000060                     : imath64.c.obj (.text:__c6xabi_remull)
                  00835240    00000060     freertos.awr294x.c66.ti-c6000.debug.lib : printf.obj (.text:_is_digit)
                  008352a0    00000060                                             : printf.obj (.text:_strnlen_s)
                  00835300    00000060     rts6600_elf.lib : imath64.c.obj (.text:_subcull)
                  00835360    00000060     objectdetection.obj (.text:checkFFTClipStatus)
                  008353c0    00000060     rts6600_elf.lib : lseek.c.obj (.text:lseek)
                  00835420    00000060     freertos.awr294x.c66.ti-c6000.debug.lib : timers.obj (.text:prvGetNextExpireTime)
                  00835480    00000060                                             : queue.obj (.text:prvIsQueueFull)
                  008354e0    00000060                                             : timers.obj (.text:prvSampleTimeNow)
                  00835540    00000060                                             : tasks.obj (.text:prvTaskCheckFreeStackSpace)
                  008355a0    00000060                                             : port.obj (.text:pxPortInitialiseStack)
                  00835600    00000060     DSP.obj (.text:send_to_core)
                  00835660    00000060     rts6600_elf.lib : sscanf.c.obj (.text:sscanf)
                  008356c0    00000060                     : _scanfi.c.obj (.text:strrchr)
                  00835720    00000060     freertos.awr294x.c66.ti-c6000.debug.lib : port.obj (.text:vApplicationGetIdleTaskMemory)
                  00835780    00000060                                             : port.obj (.text:vApplicationGetTimerTaskMemory)
                  008357e0    00000060                                             : port.obj (.text:vApplicationStackOverflowHook)
                  00835840    00000060                                             : tasks.obj (.text:vTaskEnterCritical)
                  008358a0    00000060                                             : tasks.obj (.text:vTaskExitCritical)
                  00835900    00000060     rts6600_elf.lib : write.c.obj (.text:write)
                  00835960    00000060     freertos.awr294x.c66.ti-c6000.debug.lib : tasks.obj (.text:xTaskGetIdleTaskHandle)
                  008359c0    00000040                                             : CacheP_c66.obj (.text:CacheP_inv)
                  00835a00    00000040                                             : CacheP_c66.obj (.text:CacheP_invPrefetchBuffer)
                  00835a40    00000040                                             : CacheP_c66.obj (.text:CacheP_wbInv)
                  00835a80    00000040                                             : ClockP_freertos.obj (.text:ClockP_usecToTicks)
                  00835ac0    00000040     objectdetection.obj (.text:DPC_ObjDet_GetDopplerWinGenLen)
                  00835b00    00000040     objectdetection.obj (.text:DPC_ObjDet_GetRangeWinGenLen)
                  00835b40    00000040     objectdetection.obj (.text:DPC_ObjDet_MemPoolReset)
                  00835b80    00000040     objectdetection.obj (.text:DPC_ObjDet_MemPoolSet)
                  00835bc0    00000040     libdpm_awr2944.ae66 : dpm_awr294x.oe66 (.text:DPM_chirpISR)
                  00835c00    00000040                         : dpm_awr294x.oe66 (.text:DPM_frameStartISR)
                  00835c40    00000040                         : dpm_listlib.oe66 (.text:DPM_listAdd)
                  00835c80    00000040                         : dpm_listlib.oe66 (.text:DPM_listRemove)
                  00835cc0    00000040                         : dpm_mailbox.oe66 (.text:DPM_mboxRemoteMailboxCallbackFxn)
                  00835d00    00000040                         : dpm_msg.oe66 (.text:DPM_msgAssertHandler)
                  00835d40    00000040                         : dpm_msg.oe66 (.text:DPM_msgBSSFaultHandler)
                  00835d80    00000040                         : dpm_msg.oe66 (.text:DPM_msgDPCInfoHandler)
                  00835dc0    00000040                         : dpm_pipe.oe66 (.text:DPM_pipeDequeue)
                  00835e00    00000040                         : dpm_mailbox.oe66 (.text:DPM_setDSSLinkState)
                  00835e40    00000040     freertos.awr294x.c66.ti-c6000.debug.lib : DebugP_log.obj (.text:DebugP_logZoneEnable)
                  00835e80    00000040     drivers.awr294x.c66.ti-c6000.debug.lib : edma.obj (.text:EDMA_channelToParamMap)
                  00835ec0    00000040                                            : edma.obj (.text:EDMA_clrCCErr)
                  00835f00    00000040                                            : edma.obj (.text:EDMA_disableQdmaEvtRegion)
                  00835f40    00000040                                            : edma.obj (.text:EDMA_dmaSetPaRAMEntry)
                  00835f80    00000040                                            : edma.obj (.text:EDMA_enableQdmaEvtRegion)
                  00835fc0    00000040                                            : edma.obj (.text:EDMA_errIntrHighStatusGet)
                  00836000    00000040                                            : edma.obj (.text:EDMA_getCCErrStatus)
                  00836040    00000040                                            : edma.obj (.text:EDMA_getEnabledIntrHighRegion)
                  00836080    00000040                                            : edma.obj (.text:EDMA_getEnabledIntrRegion)
                  008360c0    00000040                                            : edma.obj (.text:EDMA_getErrIntrStatus)
                  00836100    00000040                                            : edma.obj (.text:EDMA_getIntrStatusRegion)
                  00836140    00000040                                            : edma.obj (.text:EDMA_getRegionId)
                  00836180    00000040                                            : edma.obj (.text:EDMA_intrStatusHighGetRegion)
                  008361c0    00000040                                            : edma.obj (.text:EDMA_qdmaGetErrIntrStatus)
                  00836200    00000040                                            : edma.obj (.text:EDMA_validateIntrObject)
                  00836240    00000040                                            : hwa.obj (.text:HWA_initConfig)
                  00836280    00000040                                            : edma.obj (.text:HW_WR_REG16_RAW)
                  008362c0    00000040     freertos.awr294x.c66.ti-c6000.debug.lib : HeapP_freertos.obj (.text:HeapP_alloc)
                  00836300    00000040                                             : HeapP_freertos.obj (.text:HeapP_free)
                  00836340    00000040                                             : HwiP_c66_handlers_freertos.obj (.text:HwiP_intcReservedDispatcher)
                  00836380    00000040                                             : port_hwi.obj (.text:Hwi_Module_startup)
                  008363c0    00000040                                             : port_hwi.obj (.text:Hwi_getIsrStackAddress)
                  00836400    00000040     ti_drivers_config.obj (.text:IpcNotify_getConfig)
                  00836440    00000040     drivers.awr294x.c66.ti-c6000.debug.lib : ipc_notify_v1.obj (.text:IpcNotify_isCoreEnabled)
                  00836480    00000040                                            : ipc_notify_v1.obj (.text:IpcNotify_mailboxClearAllInt)
                  008364c0    00000040                                            : ipc_notify_v1.obj (.text:IpcNotify_mailboxClearPendingIntr)
                  00836500    00000040                                            : ipc_notify_v1_cfg.obj (.text:IpcNotify_wait)
                  00836540    00000040                                            : mailbox.obj (.text:Mailbox_isCoreEnabled)
                  00836580    00000040     DSP.obj (.text:MmwDemo_DPC_ObjectDetection_processFrameBeginCallBackFxn)
                  008365c0    00000040     DSP.obj (.text:MmwDemo_DPC_ObjectDetection_processInterFrameBeginCallBackFxn)
                  00836600    00000040     ti_pinmux_config.obj (.text:Pinmux_init)
                  00836640    00000040     drivers.awr294x.c66.ti-c6000.debug.lib : ipc_rpmsg.obj (.text:RPMessage_CreateParams_init)
                  00836680    00000040                                            : soc_rcm.obj (.text:SOC_rcmGetFixedRootClkFout)
                  008366c0    00000040                                            : soc_rcm.obj (.text:SOC_rcmGetHSDivClkSrc)
                  00836700    00000040                                            : soc_rcm.obj (.text:SOC_rcmGetHwaIPVer)
                  00836740    00000040                                            : soc_rcm.obj (.text:SOC_rcmGetModuleClkDivFromRegVal)
                  00836780    00000040                                            : soc_rcm.obj (.text:SOC_rcmGetPeripheralClockFrequency)
                  008367c0    00000040     freertos.awr294x.c66.ti-c6000.debug.lib : SemaphoreP_freertos.obj (.text:SemaphoreP_destruct)
                  00836800    00000040                                             : TaskP_freertos.obj (.text:TaskP_calcCounterDiff)
                  00836840    00000040                                             : port.obj (.text:Task_Func)
                  00836880    00000040                                             : TimerP_rti.obj (.text:TimerP_clearOverflowInt)
                  008368c0    00000040                                             : TimerP_rti.obj (.text:TimerP_getReloadCount)
                  00836900    00000040                                             : TimerP_rti.obj (.text:TimerP_start)
                  00836940    00000040                                             : TimerP_rti.obj (.text:TimerP_stop)
                  00836980    00000040     drivers.awr294x.c66.ti-c6000.debug.lib : uart_sci.obj (.text:UART_txIntrEnable)
                  008369c0    00000040     freertos.awr294x.c66.ti-c6000.debug.lib : DebugP_log.obj (.text:_DebugP_assertNoLog)
                  00836a00    00000040                                             : port_tasksupport.obj (.text:_TaskSupport_buildTaskStack)
                  00836a40    00000040     rts6600_elf.lib : isinf.c.obj (.text:__c6xabi_isinf)
                  00836a80    00000040                     : strasg.asm.obj (.text:__strasgi_64plus)
                  00836ac0    00000040                     : args_main.c.obj (.text:_args_main)
                  00836b00    00000040     freertos.awr294x.c66.ti-c6000.debug.lib : printf.obj (.text:_out_char)
                  00836b40    00000040     rts6600_elf.lib : snprintf.c.obj (.text:_outc)
                  00836b80    00000040     libmathutils.ae66 : mathutils.oe66 (.text:mathUtils_ceilLog2)
                  00836bc0    00000040                       : mathutils.oe66 (.text:mathUtils_floorLog2)
                  00836c00    00000040     rts6600_elf.lib : memccpy.c.obj (.text:memccpy)
                  00836c40    00000040     freertos.awr294x.c66.ti-c6000.debug.lib : queue.obj (.text:prvGetDisinheritPriorityAfterTimeout)
                  00836c80    00000040                                             : queue.obj (.text:prvInitialiseMutex)
                  00836cc0    00000040                                             : queue.obj (.text:prvIsQueueEmpty)
                  00836d00    00000040                                             : tasks.obj (.text:prvResetNextTaskUnblockTime)
                  00836d40    00000040                                             : timers.obj (.text:prvTimerTask)
                  00836d80    00000040     ti_dpl_config.obj (.text:putchar_)
                  00836dc0    00000040     freertos.awr294x.c66.ti-c6000.debug.lib : tasks.obj (.text:pvTaskIncrementMutexHeldCount)
                  00836e00    00000040     librangeproc_hwa_ddma_awr2944.ae66 : rangeprochwaDDMA.oe66 (.text:rangeProcHWADoneIsrCallback)
                  00836e40    00000040                                        : rangeprochwaDDMA.oe66 (.text:rangeProcHWA_EDMA_transferCompletionCallbackFxn)
                  00836e80    00000040     rts6600_elf.lib : strlen.c.obj (.text:strlen)
                  00836ec0    00000040     freertos.awr294x.c66.ti-c6000.debug.lib : HeapP_internal.obj (.text:vHeapCreateStatic)
                  00836f00    00000040                                             : list.obj (.text:vListInitialise)
                  00836f40    00000040                                             : heap_3.obj (.text:vPortFree)
                  00836f80    00000040                                             : port.obj (.text:vPortTimerTickHandler)
                  00836fc0    00000040                                             : port.obj (.text:vPortYeildFromISR)
                  00837000    00000040                                             : port.obj (.text:vPortYieldAsyncFromISR)
                  00837040    00000040                                             : tasks.obj (.text:vTaskInternalSetTimeOutState)
                  00837080    00000040                                             : printf.obj (.text:vprintf_)
                  008370c0    00000040     rts6600_elf.lib : wcslen.c.obj (.text:wcslen)
                  00837100    00000040     freertos.awr294x.c66.ti-c6000.debug.lib : port.obj (.text:xPortInIsrContext)
                  00837140    00000040                                             : port.obj (.text:xPortStartScheduler)
                  00837180    00000040                                             : queue.obj (.text:xQueueCreateMutexStatic)
                  008371c0    00000040                                             : tasks.obj (.text:xTaskGetSchedulerState)
                  00837200    00000020                                             : AddrTranslateP_null.obj (.text:AddrTranslateP_getLocalAddr)
                  00837220    00000020     ti_board_open_close.obj (.text:Board_driversClose)
                  00837240    00000020     ti_board_open_close.obj (.text:Board_driversOpen)
                  00837260    00000020     ti_board_config.obj (.text:Board_init)
                  00837280    00000020     drivers.awr294x.c66.ti-c6000.debug.lib : soc_rcm.obj (.text:CSL_DSSRCM_getBaseAddress)
                  008372a0    00000020                                            : soc_rcm.obj (.text:CSL_RCM_getBaseAddress)
                  008372c0    00000020                                            : soc_rcm.obj (.text:CSL_REG32_RD_RAW)
                  008372e0    00000020     objectdetection.obj (.text:CSL_REG32_RD_RAW)
                  00837300    00000020     drivers.awr294x.c66.ti-c6000.debug.lib : pinmux.obj (.text:CSL_REG32_WR_RAW)
                  00837320    00000020                                            : soc.obj (.text:CSL_REG32_WR_RAW)
                  00837340    00000020     objectdetection.obj (.text:CSL_REG32_WR_RAW)
                  00837360    00000020     drivers.awr294x.c66.ti-c6000.debug.lib : soc_rcm.obj (.text:CSL_TopCtrl_getBaseAddress)
                  00837380    00000020                                            : soc_rcm.obj (.text:CSL_TopCtrl_readXtalFreqScale)
                  008373a0    00000020                                            : soc_rcm.obj (.text:CSL_TopRCM_getBaseAddress)
                  008373c0    00000020     freertos.awr294x.c66.ti-c6000.debug.lib : CacheP_c66.obj (.text:CacheP_wait)
                  008373e0    00000020                                             : ClockP_freertos.obj (.text:ClockP_getTicks)
                  00837400    00000020                                             : ClockP_freertos_c66.obj (.text:ClockP_getTimerCount)
                  00837420    00000020                                             : ClockP_freertos.obj (.text:ClockP_sleepTicks)
                  00837440    00000020                                             : ClockP_freertos_c66.obj (.text:ClockP_timerClearOverflowInt)
                  00837460    00000020                                             : CycleCounterP_c66.obj (.text:CycleCounterP_getCount32)
                  00837480    00000020                                             : CycleCounterP_c66.obj (.text:CycleCounterP_reset)
                  008374a0    00000020     objectdetection.obj (.text:DPC_ObjDet_MemPoolGet)
                  008374c0    00000020     objectdetection.obj (.text:DPC_ObjDet_MemPoolGetMaxUsage)
                  008374e0    00000020     libdpm_awr2944.ae66 : dpm_mailbox.oe66 (.text:DPM_isMSSOperational)
                  00837500    00000020                         : dpm_mailbox.oe66 (.text:DPM_mboxDeinit)
                  00837520    00000020                         : dpm_mailbox.oe66 (.text:DPM_mboxSynch)
                  00837540    00000020     libdopplerproc_hwa_awr2944.ae66 : dopplerprochwa.oe66 (.text:DPU_DopplerProcHWA_deinit)
                  00837560    00000020                                     : dopplerprochwa.oe66 (.text:DPU_DopplerProcHWA_edmaDoneIsrCallback)
                  00837580    00000020                                     : dopplerprochwa.oe66 (.text:DPU_DopplerProcHWA_hwaDoneIsrCallback)
                  008375a0    00000020     librangecfarproc_hwa_ddma_awr2944.ae66 : rangecfarprochwa.oe66 (.text:DPU_RangeCFARProcHWA_deinit)
                  008375c0    00000020                                            : rangecfarprochwa.oe66 (.text:DPU_RangeCfarProcHWA_edmaDoneIsrCallback)
                  008375e0    00000020     freertos.awr294x.c66.ti-c6000.debug.lib : DebugP_uartLogWriter.obj (.text:DebugP_uartSetDrvIndex)
[...]
00831500  modfl                                          
00831780  vQueueUnregisterQueue                          
00831820  vQueueWaitForMessageRestricted                 
008318c0  xQueueGiveMutexRecursive                       
00831960  xQueueTakeMutexRecursive                       
00831a80  CacheP_setMar                                  
00831b00  CacheP_setSize                                 
00831b80  Context_sleepHook                              
00831d80  DPM_notifyExecute                              
00831e00  DPM_pipeDeinit                                 
00831e80  DPM_pipeInit                                   
00831f00  DPU_RangeProcHWA_findDCEstStaticParams         
00831f80  EDMA_clrEvtRegion                              
00832000  EDMA_clrIntrRegion                             
00832080  EDMA_disableDmaEvtRegion                       
00832100  EDMA_disableEvtIntrRegion                      
00832180  EDMA_enableDmaEvtRegion                        
00832200  EDMA_enableEvtIntrRegion                       
00832280  EDMA_getBaseAddr                               
00832380  EDMA_getHandle                                 
00832400  EDMA_mapQdmaChToPaRAM                          
00832480  EDMA_setEvtRegion                              
00832500  EDMA_setPaRAM                                  
00832680  IpcNotify_getMemoryToRead                      
00832700  IpcNotify_getMemoryToWrite                     
00832900  IpcNotify_unregisterClient                     
00832980  Mailbox_readCallback                           
00832a00  RPMessage_allocEndPtMsg                        
00832a80  RPMessage_controlEndPtHandler                  
00832b00  RPMessage_freeEndPtMsg                         
00832c00  RPMessage_vringCheckEmptyTxBuf                 
00832c80  RPMessage_vringGetSize                         
00832f80  TaskSupport_swap__E                            
00833000  __TI_readmsg                                   
00833080  __c6xabi_fixdu                                 
00833100  __c6xabi_llshl                                 
00833200  _c_int00                                       
00833680  snprintf                                       
00833700  strncpy                                        
00833780  remove                                         
00833780  unlink                                         
00833800  uxListRemove                                   
00833880  vListInsertEnd                                 
00833900  vPortAssertIfInISR                             
00833980  vPortYield                                     
00833a00  vQueueAddToRegistry                            
00833a80  vQueueDelete                                   
00833b00  vTaskDelay                                     
00833b80  vTaskPlaceOnEventList                          
00833c00  vTaskPlaceOnEventListRestricted                
00833ce0  CacheP_wbAll                                   
00833d40  CacheP_wbInvAll                                
00833da0  ClockP_timerTickIsr                            
00833e60  DPEDMA_edmaStartTransferManualTrigger          
00833ec0  DPM_deinitDeviceHook                           
00833f20  DPM_listCat                                    
00833f80  DPM_msgInitHeader                              
00833fe0  DPU_RangeProcHWA_deinit                        
00834040  DebugP_uartLogWriterPutChar                    
008340a0  Dpl_init                                       
00834100  Drivers_edmaClose                              
00834160  Drivers_uartClose                              
008341c0  EDMA_qdmaClrMissEvtRegion                      
00834220  HWA_configCFARThresholdScale                   
00834280  HWA_configTwidDitherEnable                     
008342e0  HWA_configTwiddleIncrDeltaFrac                 
00834400  HeapP_construct                                
00834460  HwiP_Params_init                               
008344c0  HwiP_inISR                                     
00834520  Hwi_dispatchC__I                               
00834580  IpcNotify_allocSwQueue                         
008347c0  IpcNotify_syncCallback                         
00834820  IpcNotify_syncCustomIpcConfig                  
00834880  Mailbox_getRemoteCoreObj                       
008348e0  MmwDemo_dataPathOpen                           
008349a0  RPMessage_controlEndPtInit                     
00834a00  RPMessage_getLocalEndPt                        
00834a60  RPMessage_isLinuxCore                          
00834ac0  RPMessage_putEndPtMsg                          
00834b80  RPMessage_vringGetRxBufAddr                    
00834be0  RPMessage_vringGetTxBufAddr                    
00834c40  RPMessage_vringGetTxBufLen                     
00834d00  SOC_rcmGetPeripheralClock                      
00834d60  SOC_rcmIsPadDisableRequired                    
00834dc0  TaskP_loadGetTotalCpuLoad                      
00834e20  TimerP_Params_init                             
00834e80  TimerP_getCount                                
00834fa0  UART_getHandle                                 
00835000  _DPC_Objdet_Assert                             
00835060  Hwi_switchAndDispatch__I                       
008350c0  __TI_frcmpyd_div                               
00835120  __TI_writemsg                                  
00835178  C$$IO$$                                        
00835180  __c6xabi_llshru                                
008351e0  __c6xabi_remull                                
00835300  _subcull                                       
008353c0  lseek                                          
008355a0  pxPortInitialiseStack                          
00835660  sscanf                                         
00835720  vApplicationGetIdleTaskMemory                  
00835780  vApplicationGetTimerTaskMemory                 
008357e0  vApplicationStackOverflowHook                  
00835840  vTaskEnterCritical                             
008358a0  vTaskExitCritical                              
00835900  write                                          
00835960  xTaskGetIdleTaskHandle                         
008359c0  CacheP_inv                                     
00835a40  CacheP_wbInv                                   
00835a80  ClockP_usecToTicks                             
00835c40  DPM_listAdd                                    
00835c80  DPM_listRemove                                 
00835e00  DPM_setDSSLinkState                            
00835e40  DebugP_logZoneEnable                           
00835e80  EDMA_channelToParamMap                         
00835ec0  EDMA_clrCCErr                                  
00835f00  EDMA_disableQdmaEvtRegion                      
00835f40  EDMA_dmaSetPaRAMEntry                          
00835f80  EDMA_enableQdmaEvtRegion                       
00835fc0  EDMA_errIntrHighStatusGet                      
00836000  EDMA_getCCErrStatus                            
00836040  EDMA_getEnabledIntrHighRegion                  
00836080  EDMA_getEnabledIntrRegion                      
008360c0  EDMA_getErrIntrStatus                          
00836100  EDMA_getIntrStatusRegion                       
00836140  EDMA_getRegionId                               
00836180  EDMA_intrStatusHighGetRegion                   
008361c0  EDMA_qdmaGetErrIntrStatus                      
00836240  HWA_initConfig                                 
008362c0  HeapP_alloc                                    
00836300  HeapP_free                                     
00836380  Hwi_Module_startup                             
008363c0  Hwi_getIsrStackAddress                         
00836400  IpcNotify_getConfig                            
00836440  IpcNotify_isCoreEnabled                        
00836500  IpcNotify_wait                                 
00836540  Mailbox_isCoreEnabled                          
00836600  Pinmux_init                                    
00836640  RPMessage_CreateParams_init                    
00836700  SOC_rcmGetHwaIPVer                             
008367c0  SemaphoreP_destruct                            
00836840  Task_Func                                      
00836880  TimerP_clearOverflowInt                        
008368c0  TimerP_getReloadCount                          
00836900  TimerP_start                                   
00836940  TimerP_stop                                    
008369c0  _DebugP_assertNoLog                            
00836a00  TaskSupport_buildTaskStack                     
00836a40  __c6xabi_isinf                                 
00836a80  __c6xabi_strasgi_64plus                        
00836a80  __strasgi_64plus                               
00836ac0  _args_main                                     
00836b80  mathUtils_ceilLog2                             
00836bc0  mathUtils_floorLog2                            
00836c00  memccpy                                        
00836d80  putchar_                                       
00836dc0  pvTaskIncrementMutexHeldCount                  
00836e40  rangeProcHWA_EDMA_transferCompletionCallbackFxn
00836e80  strlen                                         
00836ec0  vHeapCreateStatic                              
00836f00  vListInitialise                                
00836f40  vPortFree                                      
00836f80  vPortTimerTickHandler                          
00836fc0  vPortYeildFromISR                              
00837000  vPortYieldAsyncFromISR                         
00837040  vTaskInternalSetTimeOutState                   
00837080  vprintf_                                       
008370c0  wcslen                                         
00837100  xPortInIsrContext                              
00837140  xPortStartScheduler                            
00837180  xQueueCreateMutexStatic                        
008371c0  xTaskGetSchedulerState                         
00837200  AddrTranslateP_getLocalAddr                    
00837220  Board_driversClose                             
00837240  Board_driversOpen                              
00837260  Board_init                                     
008373e0  ClockP_getTicks                                
00837400  ClockP_getTimerCount                           
00837440  ClockP_timerClearOverflowInt                   
00837460  CycleCounterP_getCount32                       
00837480  CycleCounterP_reset                            
008374e0  DPM_isMSSOperational                           
00837540  DPU_DopplerProcHWA_deinit                      
008375a0  DPU_RangeCFARProcHWA_deinit                    
008375e0  DebugP_uartSetDrvIndex                         
00837600  Drivers_close                                  
00837620  Drivers_open                                   
00837640  EDMA_isInterruptEnabled                        
00837660  HWA_init                                       
008376c0  HwiP_disable                                   
008376e0  HwiP_enable                                    
00837880  HwiP_restore                                   
008378a0  Hwi_dispatchCore__I                            
008378c0  Hwi_switchFromBootStack                        
008378e0  IpcNotify_getSelfCoreId                        
00837900  IpcNotify_isCustomIpcConfigEnabled             
00837940  IpcNotify_registerNonNotifyCallback            
00837960  Mailbox_Params_init                            
008379a0  PowerClock_init                                
00837a00  SOC_moduleClockEnable                          
00837a20  SOC_moduleSetClockFrequency                    
00837a40  TaskP_yield                                    
00837a60  Task_enter                                     
00837a80  Task_exit                                      
00837b80  TaskSupport_glue                               
00837ba0  __c6xabi_errno_addr                            
00837bc0  __c6xabi_trunc                                 
00837bc0  __c6xabi_truncl                                
00837be0  __c6xabi_pop_rts                               
00837be0  __pop_rts                                      
00837c00  __c6xabi_push_rts                              
00837c00  __push_rts                                     
00837c40  _nop                                           
00837cc0  _signbit                                       
00837ce0  _system_post_cinit                             
00837d00  _system_pre_init                               
00837d40  C$$EXIT                                        
00837d40  abort                                          
00837d60  HwiP_intcIvpSet                                
00837d80  freertos_main                                  
00837da0  malloc                                         
00837de0  putchar                                        
00837e00  uiPortGetRunTimeCounterValue                   
00837e20  vListInitialiseItem                            
00837e40  vPortConfigTimerForRunTimeStats                
00837e60  vPortEnterCritical                             
00837e80  vPortExitCritical                              
00837ea0  vPortRestoreTaskContext                        
00837ec0  vPortSuppressTicksAndSleep                     
00837ee0  vPortValidateInterruptPriority                 
00837f00  vTaskMissedYield                               
00837f20  vTaskSuspendAll                                
00837f40  xTaskGetCurrentTaskHandle                      
00837f60  xTaskGetTickCount                              
00838000  gDPC_ObjDetL2Heap                              
00850000  gWinBuf                                        
00851000  gMainTaskStack                                 
00855000  uxHwiStack                                     
0085b000  gObjDetObj                                     
0085ca30  parmbuf                                        
0085ca38  gEdmaHandle                                    
0085ca40  gMmwDemo_dpmTaskStack                          
0085da40  gMmwDemo_dssInitTaskStack                      
0085fa40  gIpcRpmsgCtrl                                  
00860170  gUartHandle                                    
00860180  dopplerProcObjPool                             
00860800  gHwiCtrl                                       
00861548  gMmwDssMCB                                     
00861780  RangeObj                                       
00861988  HwaParamsetIntr                                
00861d80  cfarProcObjPool                                
00861f10  __TI_tmpnams                                   
00862050  dopMaxSubBandScratchBuf                        
00862150  xQueueRegistry                                 
00862350  gHwaObject                                     
008625b8  gTaskP_ctrl                                    
008626f0  gMainTaskObj                                   
00862964  gHwiIntcIntrTable                              
008629a8  gClockCtrl                                     
008629e0  gMailbox_ctrl                                  
008629f8  resultBuffer                                   
00862ac0  _sys_memory                                    
0086aac0  _stack                                         
0086eac0  __TI_STACK_END                                 
00870ae0  _ctypes_                                       
00871768  gDPMMessageFxnTable                            
00872618  _ftable                                        
008727f8  gIpcNotifyMailboxConfig                        
008729b8  gIpcNotifyCtrl                                 
00872ab4  gMailboxRemoteCoreObj_c66ss0_to_rss_r4         
00872b74  gMailboxRemoteCoreObj_r5ss0_0_to_rss_r4        
00872c34  _lock                                          
00872c38  _stream                                        
00872d74  _unlock                                        
00872e90  contextSave                                    
00872f14  __TI_ft_end                                    
00872f98  _device                                        
00873010  gIpcNotifyInterruptConfig_c66ss0               
00873080  gHwaRamCfg                                     
008730d0  gHwaAttrs                                      
00873114  __errno                                        
00873114  errno                                          
00873208  gUartParams                                    
00873240  gDPC_ObjectDetectionCfg                        
00873288  gHwaEDMAChanMapping                            
008732a8  Hwi_Module__state__V                           
008732c8  gCacheMarRegion                                
008732e0  gClockConfig                                   
008732f8  gSocModulesClockFrequency                      
00873310  gDPMRemoteTable                                
00873328  gIpcNotifyCoreIntrBitPos                       
00873338  gCacheSize                                     
00873344  __TI_cleanup_ptr                               
00873348  __TI_dtors_ptr                                 
0087334c  __TI_enable_exit_profile_output                
00873350  gDPMHwAttrib                                   
00873358  gDirectMap                                     
00873360  gEdmaConfig                                    
00873368  gEdmaParams                                    
00873370  gSocModules                                    
00873380  gUartConfig                                    
00873388  gHwaObjectPtr                                  
00873390  preProcBuffer                                  
00873ae8  __CIOBUF_                                      
00873c08  __TI_STATIC_BASE                               
00873c08  uxTopUsedPriority                              
00873c20  gMainTask                                      
00873c28  pxCurrentTCB                                   
00873c30  FreeRTOS_errno                                 
00873c68  ulCriticalNesting                              
00873c6c  ulPortTaskHasFPUContext                        
00873c70  ulPortYieldRequired                            
00873c74  ulPortInterruptNesting                         
00873c78  ulPortSchedularRunning                         
00873c7c  uxPortIncorrectYieldCount                      
00873c80  gIpcNotifyInterruptConfigNum_r5fss0_0          
00873c84  gIpcNotifyInterruptConfigNum_r5fss0_1          
00873c88  gIpcNotifyInterruptConfigNum_c66ss0            
00873c98  gEdmaConfigNum                                 
00873c9c  gHwaConfigNum                                  
00873ca0  gUartConfigNum                                 
00873ca4  g_ptrHWADriver                                 
00873ca8  g_ctrlBaseAddress                              
00873cac  gDebugP_uartDrvIndex                           
00873cb4  gHwiRaisePrivilegeHook                         
00873cb8  gHwiRestorePrivilegeHook                       
00873cc4  gDebugLogZone                                  
00873cc8  gDPM                                           
00873ccc  hwadoneisr                                     
00873cd0  gCacheMarRegionNum                             
88000000  gMmwL3                                         
88278000  gHSRAM                                         
c5000200  gIpcSharedMem                                  
ffffffff  __TI_pprof_out_hndl                            
ffffffff  __TI_prof_data_size                            
ffffffff  __TI_prof_data_start                           
ffffffff  __binit__                                      
ffffffff  __c_args__                                     
ffffffff  binit                                          
UNDEFED   __TI_CINIT_Base                                
UNDEFED   __TI_CINIT_Limit                               
UNDEFED   __TI_Handler_Table_Base                        
UNDEFED   __TI_Handler_Table_Limit                       
UNDEFED   __TI_TLS_INIT_Base                             
UNDEFED   __TI_TLS_INIT_Limit                            

[610 symbols]
